ARM GAS  /var/folders/g3/s0qwt8r95936n9ghz4hhpdwm0000gn/T//ccWD1Nfm.s 			page 1


   1              		.cpu cortex-m3
   2              		.arch armv7-m
   3              		.fpu softvfp
   4              		.eabi_attribute 20, 1
   5              		.eabi_attribute 21, 1
   6              		.eabi_attribute 23, 3
   7              		.eabi_attribute 24, 1
   8              		.eabi_attribute 25, 1
   9              		.eabi_attribute 26, 1
  10              		.eabi_attribute 30, 6
  11              		.eabi_attribute 34, 1
  12              		.eabi_attribute 18, 4
  13              		.file	"can.c"
  14              		.text
  15              	.Ltext0:
  16              		.cfi_sections	.debug_frame
  17              		.global	hcan
  18              		.section	.bss.hcan,"aw",%nobits
  19              		.align	2
  22              	hcan:
  23 0000 00000000 		.space	40
  23      00000000 
  23      00000000 
  23      00000000 
  23      00000000 
  24              		.section	.text.MX_CAN_Init,"ax",%progbits
  25              		.align	1
  26              		.global	MX_CAN_Init
  27              		.syntax unified
  28              		.thumb
  29              		.thumb_func
  31              	MX_CAN_Init:
  32              	.LFB65:
  33              		.file 1 "Core/Src/can.c"
   1:Core/Src/can.c **** /* USER CODE BEGIN Header */
   2:Core/Src/can.c **** /**
   3:Core/Src/can.c ****   ******************************************************************************
   4:Core/Src/can.c ****   * @file    can.c
   5:Core/Src/can.c ****   * @brief   This file provides code for the configuration
   6:Core/Src/can.c ****   *          of the CAN instances.
   7:Core/Src/can.c ****   ******************************************************************************
   8:Core/Src/can.c ****   * @attention
   9:Core/Src/can.c ****   *
  10:Core/Src/can.c ****   * Copyright (c) 2025 STMicroelectronics.
  11:Core/Src/can.c ****   * All rights reserved.
  12:Core/Src/can.c ****   *
  13:Core/Src/can.c ****   * This software is licensed under terms that can be found in the LICENSE file
  14:Core/Src/can.c ****   * in the root directory of this software component.
  15:Core/Src/can.c ****   * If no LICENSE file comes with this software, it is provided AS-IS.
  16:Core/Src/can.c ****   *
  17:Core/Src/can.c ****   ******************************************************************************
  18:Core/Src/can.c ****   */
  19:Core/Src/can.c **** /* USER CODE END Header */
  20:Core/Src/can.c **** /* Includes ------------------------------------------------------------------*/
  21:Core/Src/can.c **** #include "can.h"
  22:Core/Src/can.c **** 
  23:Core/Src/can.c **** /* USER CODE BEGIN 0 */
ARM GAS  /var/folders/g3/s0qwt8r95936n9ghz4hhpdwm0000gn/T//ccWD1Nfm.s 			page 2


  24:Core/Src/can.c **** 
  25:Core/Src/can.c **** /* USER CODE END 0 */
  26:Core/Src/can.c **** 
  27:Core/Src/can.c **** CAN_HandleTypeDef hcan;
  28:Core/Src/can.c **** 
  29:Core/Src/can.c **** /* CAN init function */
  30:Core/Src/can.c **** void MX_CAN_Init(void)
  31:Core/Src/can.c **** {
  34              		.loc 1 31 1
  35              		.cfi_startproc
  36              		@ args = 0, pretend = 0, frame = 0
  37              		@ frame_needed = 1, uses_anonymous_args = 0
  38 0000 80B5     		push	{r7, lr}
  39              	.LCFI0:
  40              		.cfi_def_cfa_offset 8
  41              		.cfi_offset 7, -8
  42              		.cfi_offset 14, -4
  43 0002 00AF     		add	r7, sp, #0
  44              	.LCFI1:
  45              		.cfi_def_cfa_register 7
  32:Core/Src/can.c **** 
  33:Core/Src/can.c ****   /* USER CODE BEGIN CAN_Init 0 */
  34:Core/Src/can.c **** 
  35:Core/Src/can.c ****   /* USER CODE END CAN_Init 0 */
  36:Core/Src/can.c **** 
  37:Core/Src/can.c ****   /* USER CODE BEGIN CAN_Init 1 */
  38:Core/Src/can.c **** 
  39:Core/Src/can.c ****   /* USER CODE END CAN_Init 1 */
  40:Core/Src/can.c ****   hcan.Instance = CAN1;
  46              		.loc 1 40 17
  47 0004 174B     		ldr	r3, .L4
  48 0006 184A     		ldr	r2, .L4+4
  49 0008 1A60     		str	r2, [r3]
  41:Core/Src/can.c ****   hcan.Init.Prescaler = 4;
  50              		.loc 1 41 23
  51 000a 164B     		ldr	r3, .L4
  52 000c 0422     		movs	r2, #4
  53 000e 5A60     		str	r2, [r3, #4]
  42:Core/Src/can.c ****   hcan.Init.Mode = CAN_MODE_NORMAL;
  54              		.loc 1 42 18
  55 0010 144B     		ldr	r3, .L4
  56 0012 0022     		movs	r2, #0
  57 0014 9A60     		str	r2, [r3, #8]
  43:Core/Src/can.c ****   hcan.Init.SyncJumpWidth = CAN_SJW_1TQ;
  58              		.loc 1 43 27
  59 0016 134B     		ldr	r3, .L4
  60 0018 0022     		movs	r2, #0
  61 001a DA60     		str	r2, [r3, #12]
  44:Core/Src/can.c ****   hcan.Init.TimeSeg1 = CAN_BS1_4TQ;
  62              		.loc 1 44 22
  63 001c 114B     		ldr	r3, .L4
  64 001e 4FF44032 		mov	r2, #196608
  65 0022 1A61     		str	r2, [r3, #16]
  45:Core/Src/can.c ****   hcan.Init.TimeSeg2 = CAN_BS2_4TQ;
  66              		.loc 1 45 22
  67 0024 0F4B     		ldr	r3, .L4
  68 0026 4FF44012 		mov	r2, #3145728
ARM GAS  /var/folders/g3/s0qwt8r95936n9ghz4hhpdwm0000gn/T//ccWD1Nfm.s 			page 3


  69 002a 5A61     		str	r2, [r3, #20]
  46:Core/Src/can.c ****   hcan.Init.TimeTriggeredMode = DISABLE;
  70              		.loc 1 46 31
  71 002c 0D4B     		ldr	r3, .L4
  72 002e 0022     		movs	r2, #0
  73 0030 1A76     		strb	r2, [r3, #24]
  47:Core/Src/can.c ****   hcan.Init.AutoBusOff = ENABLE;
  74              		.loc 1 47 24
  75 0032 0C4B     		ldr	r3, .L4
  76 0034 0122     		movs	r2, #1
  77 0036 5A76     		strb	r2, [r3, #25]
  48:Core/Src/can.c ****   hcan.Init.AutoWakeUp = ENABLE;
  78              		.loc 1 48 24
  79 0038 0A4B     		ldr	r3, .L4
  80 003a 0122     		movs	r2, #1
  81 003c 9A76     		strb	r2, [r3, #26]
  49:Core/Src/can.c ****   hcan.Init.AutoRetransmission = ENABLE;
  82              		.loc 1 49 32
  83 003e 094B     		ldr	r3, .L4
  84 0040 0122     		movs	r2, #1
  85 0042 DA76     		strb	r2, [r3, #27]
  50:Core/Src/can.c ****   hcan.Init.ReceiveFifoLocked = DISABLE;
  86              		.loc 1 50 31
  87 0044 074B     		ldr	r3, .L4
  88 0046 0022     		movs	r2, #0
  89 0048 1A77     		strb	r2, [r3, #28]
  51:Core/Src/can.c ****   hcan.Init.TransmitFifoPriority = DISABLE;
  90              		.loc 1 51 34
  91 004a 064B     		ldr	r3, .L4
  92 004c 0022     		movs	r2, #0
  93 004e 5A77     		strb	r2, [r3, #29]
  52:Core/Src/can.c ****   if (HAL_CAN_Init(&hcan) != HAL_OK)
  94              		.loc 1 52 7
  95 0050 0448     		ldr	r0, .L4
  96 0052 FFF7FEFF 		bl	HAL_CAN_Init
  97 0056 0346     		mov	r3, r0
  98              		.loc 1 52 6
  99 0058 002B     		cmp	r3, #0
 100 005a 01D0     		beq	.L3
  53:Core/Src/can.c ****   {
  54:Core/Src/can.c ****     Error_Handler();
 101              		.loc 1 54 5
 102 005c FFF7FEFF 		bl	Error_Handler
 103              	.L3:
  55:Core/Src/can.c ****   }
  56:Core/Src/can.c ****   /* USER CODE BEGIN CAN_Init 2 */
  57:Core/Src/can.c **** 
  58:Core/Src/can.c ****   /* USER CODE END CAN_Init 2 */
  59:Core/Src/can.c **** 
  60:Core/Src/can.c **** }
 104              		.loc 1 60 1
 105 0060 00BF     		nop
 106 0062 80BD     		pop	{r7, pc}
 107              	.L5:
 108              		.align	2
 109              	.L4:
 110 0064 00000000 		.word	hcan
ARM GAS  /var/folders/g3/s0qwt8r95936n9ghz4hhpdwm0000gn/T//ccWD1Nfm.s 			page 4


 111 0068 00640040 		.word	1073767424
 112              		.cfi_endproc
 113              	.LFE65:
 115              		.section	.text.HAL_CAN_MspInit,"ax",%progbits
 116              		.align	1
 117              		.global	HAL_CAN_MspInit
 118              		.syntax unified
 119              		.thumb
 120              		.thumb_func
 122              	HAL_CAN_MspInit:
 123              	.LFB66:
  61:Core/Src/can.c **** 
  62:Core/Src/can.c **** void HAL_CAN_MspInit(CAN_HandleTypeDef* canHandle)
  63:Core/Src/can.c **** {
 124              		.loc 1 63 1
 125              		.cfi_startproc
 126              		@ args = 0, pretend = 0, frame = 40
 127              		@ frame_needed = 1, uses_anonymous_args = 0
 128 0000 80B5     		push	{r7, lr}
 129              	.LCFI2:
 130              		.cfi_def_cfa_offset 8
 131              		.cfi_offset 7, -8
 132              		.cfi_offset 14, -4
 133 0002 8AB0     		sub	sp, sp, #40
 134              	.LCFI3:
 135              		.cfi_def_cfa_offset 48
 136 0004 00AF     		add	r7, sp, #0
 137              	.LCFI4:
 138              		.cfi_def_cfa_register 7
 139 0006 7860     		str	r0, [r7, #4]
  64:Core/Src/can.c **** 
  65:Core/Src/can.c ****   GPIO_InitTypeDef GPIO_InitStruct = {0};
 140              		.loc 1 65 20
 141 0008 07F11403 		add	r3, r7, #20
 142 000c 0022     		movs	r2, #0
 143 000e 1A60     		str	r2, [r3]
 144 0010 5A60     		str	r2, [r3, #4]
 145 0012 9A60     		str	r2, [r3, #8]
 146 0014 DA60     		str	r2, [r3, #12]
  66:Core/Src/can.c ****   if(canHandle->Instance==CAN1)
 147              		.loc 1 66 15
 148 0016 7B68     		ldr	r3, [r7, #4]
 149 0018 1B68     		ldr	r3, [r3]
 150              		.loc 1 66 5
 151 001a 2D4A     		ldr	r2, .L9
 152 001c 9342     		cmp	r3, r2
 153 001e 53D1     		bne	.L8
 154              	.LBB2:
  67:Core/Src/can.c ****   {
  68:Core/Src/can.c ****   /* USER CODE BEGIN CAN1_MspInit 0 */
  69:Core/Src/can.c **** 
  70:Core/Src/can.c ****   /* USER CODE END CAN1_MspInit 0 */
  71:Core/Src/can.c ****     /* CAN1 clock enable */
  72:Core/Src/can.c ****     __HAL_RCC_CAN1_CLK_ENABLE();
 155              		.loc 1 72 5
 156 0020 2C4B     		ldr	r3, .L9+4
 157 0022 DB69     		ldr	r3, [r3, #28]
ARM GAS  /var/folders/g3/s0qwt8r95936n9ghz4hhpdwm0000gn/T//ccWD1Nfm.s 			page 5


 158 0024 2B4A     		ldr	r2, .L9+4
 159 0026 43F00073 		orr	r3, r3, #33554432
 160 002a D361     		str	r3, [r2, #28]
 161 002c 294B     		ldr	r3, .L9+4
 162 002e DB69     		ldr	r3, [r3, #28]
 163 0030 03F00073 		and	r3, r3, #33554432
 164 0034 3B61     		str	r3, [r7, #16]
 165 0036 3B69     		ldr	r3, [r7, #16]
 166              	.LBE2:
 167              	.LBB3:
  73:Core/Src/can.c **** 
  74:Core/Src/can.c ****     __HAL_RCC_GPIOB_CLK_ENABLE();
 168              		.loc 1 74 5
 169 0038 264B     		ldr	r3, .L9+4
 170 003a 9B69     		ldr	r3, [r3, #24]
 171 003c 254A     		ldr	r2, .L9+4
 172 003e 43F00803 		orr	r3, r3, #8
 173 0042 9361     		str	r3, [r2, #24]
 174 0044 234B     		ldr	r3, .L9+4
 175 0046 9B69     		ldr	r3, [r3, #24]
 176 0048 03F00803 		and	r3, r3, #8
 177 004c FB60     		str	r3, [r7, #12]
 178 004e FB68     		ldr	r3, [r7, #12]
 179              	.LBE3:
  75:Core/Src/can.c ****     /**CAN GPIO Configuration
  76:Core/Src/can.c ****     PB8     ------> CAN_RX
  77:Core/Src/can.c ****     PB9     ------> CAN_TX
  78:Core/Src/can.c ****     */
  79:Core/Src/can.c ****     GPIO_InitStruct.Pin = GPIO_PIN_8;
 180              		.loc 1 79 25
 181 0050 4FF48073 		mov	r3, #256
 182 0054 7B61     		str	r3, [r7, #20]
  80:Core/Src/can.c ****     GPIO_InitStruct.Mode = GPIO_MODE_INPUT;
 183              		.loc 1 80 26
 184 0056 0023     		movs	r3, #0
 185 0058 BB61     		str	r3, [r7, #24]
  81:Core/Src/can.c ****     GPIO_InitStruct.Pull = GPIO_NOPULL;
 186              		.loc 1 81 26
 187 005a 0023     		movs	r3, #0
 188 005c FB61     		str	r3, [r7, #28]
  82:Core/Src/can.c ****     HAL_GPIO_Init(GPIOB, &GPIO_InitStruct);
 189              		.loc 1 82 5
 190 005e 07F11403 		add	r3, r7, #20
 191 0062 1946     		mov	r1, r3
 192 0064 1C48     		ldr	r0, .L9+8
 193 0066 FFF7FEFF 		bl	HAL_GPIO_Init
  83:Core/Src/can.c **** 
  84:Core/Src/can.c ****     GPIO_InitStruct.Pin = GPIO_PIN_9;
 194              		.loc 1 84 25
 195 006a 4FF40073 		mov	r3, #512
 196 006e 7B61     		str	r3, [r7, #20]
  85:Core/Src/can.c ****     GPIO_InitStruct.Mode = GPIO_MODE_AF_PP;
 197              		.loc 1 85 26
 198 0070 0223     		movs	r3, #2
 199 0072 BB61     		str	r3, [r7, #24]
  86:Core/Src/can.c ****     GPIO_InitStruct.Speed = GPIO_SPEED_FREQ_HIGH;
 200              		.loc 1 86 27
ARM GAS  /var/folders/g3/s0qwt8r95936n9ghz4hhpdwm0000gn/T//ccWD1Nfm.s 			page 6


 201 0074 0323     		movs	r3, #3
 202 0076 3B62     		str	r3, [r7, #32]
  87:Core/Src/can.c ****     HAL_GPIO_Init(GPIOB, &GPIO_InitStruct);
 203              		.loc 1 87 5
 204 0078 07F11403 		add	r3, r7, #20
 205 007c 1946     		mov	r1, r3
 206 007e 1648     		ldr	r0, .L9+8
 207 0080 FFF7FEFF 		bl	HAL_GPIO_Init
 208              	.LBB4:
  88:Core/Src/can.c **** 
  89:Core/Src/can.c ****     __HAL_AFIO_REMAP_CAN1_2();
 209              		.loc 1 89 5
 210 0084 154B     		ldr	r3, .L9+12
 211 0086 5B68     		ldr	r3, [r3, #4]
 212 0088 7B62     		str	r3, [r7, #36]
 213 008a 7B6A     		ldr	r3, [r7, #36]
 214 008c 23F4C043 		bic	r3, r3, #24576
 215 0090 7B62     		str	r3, [r7, #36]
 216 0092 7B6A     		ldr	r3, [r7, #36]
 217 0094 43F0E063 		orr	r3, r3, #117440512
 218 0098 7B62     		str	r3, [r7, #36]
 219 009a 7B6A     		ldr	r3, [r7, #36]
 220 009c 43F48043 		orr	r3, r3, #16384
 221 00a0 7B62     		str	r3, [r7, #36]
 222 00a2 0E4A     		ldr	r2, .L9+12
 223 00a4 7B6A     		ldr	r3, [r7, #36]
 224 00a6 5360     		str	r3, [r2, #4]
 225              	.LBE4:
  90:Core/Src/can.c **** 
  91:Core/Src/can.c ****     /* CAN1 interrupt Init */
  92:Core/Src/can.c ****     HAL_NVIC_SetPriority(USB_LP_CAN1_RX0_IRQn, 0, 0);
 226              		.loc 1 92 5
 227 00a8 0022     		movs	r2, #0
 228 00aa 0021     		movs	r1, #0
 229 00ac 1420     		movs	r0, #20
 230 00ae FFF7FEFF 		bl	HAL_NVIC_SetPriority
  93:Core/Src/can.c ****     HAL_NVIC_EnableIRQ(USB_LP_CAN1_RX0_IRQn);
 231              		.loc 1 93 5
 232 00b2 1420     		movs	r0, #20
 233 00b4 FFF7FEFF 		bl	HAL_NVIC_EnableIRQ
  94:Core/Src/can.c ****     HAL_NVIC_SetPriority(CAN1_RX1_IRQn, 0, 0);
 234              		.loc 1 94 5
 235 00b8 0022     		movs	r2, #0
 236 00ba 0021     		movs	r1, #0
 237 00bc 1520     		movs	r0, #21
 238 00be FFF7FEFF 		bl	HAL_NVIC_SetPriority
  95:Core/Src/can.c ****     HAL_NVIC_EnableIRQ(CAN1_RX1_IRQn);
 239              		.loc 1 95 5
 240 00c2 1520     		movs	r0, #21
 241 00c4 FFF7FEFF 		bl	HAL_NVIC_EnableIRQ
 242              	.L8:
  96:Core/Src/can.c ****   /* USER CODE BEGIN CAN1_MspInit 1 */
  97:Core/Src/can.c **** 
  98:Core/Src/can.c ****   /* USER CODE END CAN1_MspInit 1 */
  99:Core/Src/can.c ****   }
 100:Core/Src/can.c **** }
 243              		.loc 1 100 1
ARM GAS  /var/folders/g3/s0qwt8r95936n9ghz4hhpdwm0000gn/T//ccWD1Nfm.s 			page 7


 244 00c8 00BF     		nop
 245 00ca 2837     		adds	r7, r7, #40
 246              	.LCFI5:
 247              		.cfi_def_cfa_offset 8
 248 00cc BD46     		mov	sp, r7
 249              	.LCFI6:
 250              		.cfi_def_cfa_register 13
 251              		@ sp needed
 252 00ce 80BD     		pop	{r7, pc}
 253              	.L10:
 254              		.align	2
 255              	.L9:
 256 00d0 00640040 		.word	1073767424
 257 00d4 00100240 		.word	1073876992
 258 00d8 000C0140 		.word	1073810432
 259 00dc 00000140 		.word	1073807360
 260              		.cfi_endproc
 261              	.LFE66:
 263              		.section	.text.HAL_CAN_MspDeInit,"ax",%progbits
 264              		.align	1
 265              		.global	HAL_CAN_MspDeInit
 266              		.syntax unified
 267              		.thumb
 268              		.thumb_func
 270              	HAL_CAN_MspDeInit:
 271              	.LFB67:
 101:Core/Src/can.c **** 
 102:Core/Src/can.c **** void HAL_CAN_MspDeInit(CAN_HandleTypeDef* canHandle)
 103:Core/Src/can.c **** {
 272              		.loc 1 103 1
 273              		.cfi_startproc
 274              		@ args = 0, pretend = 0, frame = 8
 275              		@ frame_needed = 1, uses_anonymous_args = 0
 276 0000 80B5     		push	{r7, lr}
 277              	.LCFI7:
 278              		.cfi_def_cfa_offset 8
 279              		.cfi_offset 7, -8
 280              		.cfi_offset 14, -4
 281 0002 82B0     		sub	sp, sp, #8
 282              	.LCFI8:
 283              		.cfi_def_cfa_offset 16
 284 0004 00AF     		add	r7, sp, #0
 285              	.LCFI9:
 286              		.cfi_def_cfa_register 7
 287 0006 7860     		str	r0, [r7, #4]
 104:Core/Src/can.c **** 
 105:Core/Src/can.c ****   if(canHandle->Instance==CAN1)
 288              		.loc 1 105 15
 289 0008 7B68     		ldr	r3, [r7, #4]
 290 000a 1B68     		ldr	r3, [r3]
 291              		.loc 1 105 5
 292 000c 0B4A     		ldr	r2, .L14
 293 000e 9342     		cmp	r3, r2
 294 0010 10D1     		bne	.L13
 106:Core/Src/can.c ****   {
 107:Core/Src/can.c ****   /* USER CODE BEGIN CAN1_MspDeInit 0 */
 108:Core/Src/can.c **** 
ARM GAS  /var/folders/g3/s0qwt8r95936n9ghz4hhpdwm0000gn/T//ccWD1Nfm.s 			page 8


 109:Core/Src/can.c ****   /* USER CODE END CAN1_MspDeInit 0 */
 110:Core/Src/can.c ****     /* Peripheral clock disable */
 111:Core/Src/can.c ****     __HAL_RCC_CAN1_CLK_DISABLE();
 295              		.loc 1 111 5
 296 0012 0B4B     		ldr	r3, .L14+4
 297 0014 DB69     		ldr	r3, [r3, #28]
 298 0016 0A4A     		ldr	r2, .L14+4
 299 0018 23F00073 		bic	r3, r3, #33554432
 300 001c D361     		str	r3, [r2, #28]
 112:Core/Src/can.c **** 
 113:Core/Src/can.c ****     /**CAN GPIO Configuration
 114:Core/Src/can.c ****     PB8     ------> CAN_RX
 115:Core/Src/can.c ****     PB9     ------> CAN_TX
 116:Core/Src/can.c ****     */
 117:Core/Src/can.c ****     HAL_GPIO_DeInit(GPIOB, GPIO_PIN_8|GPIO_PIN_9);
 301              		.loc 1 117 5
 302 001e 4FF44071 		mov	r1, #768
 303 0022 0848     		ldr	r0, .L14+8
 304 0024 FFF7FEFF 		bl	HAL_GPIO_DeInit
 118:Core/Src/can.c **** 
 119:Core/Src/can.c ****     /* CAN1 interrupt Deinit */
 120:Core/Src/can.c ****     HAL_NVIC_DisableIRQ(USB_LP_CAN1_RX0_IRQn);
 305              		.loc 1 120 5
 306 0028 1420     		movs	r0, #20
 307 002a FFF7FEFF 		bl	HAL_NVIC_DisableIRQ
 121:Core/Src/can.c ****     HAL_NVIC_DisableIRQ(CAN1_RX1_IRQn);
 308              		.loc 1 121 5
 309 002e 1520     		movs	r0, #21
 310 0030 FFF7FEFF 		bl	HAL_NVIC_DisableIRQ
 311              	.L13:
 122:Core/Src/can.c ****   /* USER CODE BEGIN CAN1_MspDeInit 1 */
 123:Core/Src/can.c **** 
 124:Core/Src/can.c ****   /* USER CODE END CAN1_MspDeInit 1 */
 125:Core/Src/can.c ****   }
 126:Core/Src/can.c **** }
 312              		.loc 1 126 1
 313 0034 00BF     		nop
 314 0036 0837     		adds	r7, r7, #8
 315              	.LCFI10:
 316              		.cfi_def_cfa_offset 8
 317 0038 BD46     		mov	sp, r7
 318              	.LCFI11:
 319              		.cfi_def_cfa_register 13
 320              		@ sp needed
 321 003a 80BD     		pop	{r7, pc}
 322              	.L15:
 323              		.align	2
 324              	.L14:
 325 003c 00640040 		.word	1073767424
 326 0040 00100240 		.word	1073876992
 327 0044 000C0140 		.word	1073810432
 328              		.cfi_endproc
 329              	.LFE67:
 331              		.text
 332              	.Letext0:
 333              		.file 2 "/Users/lr-2002/Applications/gcc-arm-none-eabi-10.3-2021.10/arm-none-eabi/include/machine/
 334              		.file 3 "/Users/lr-2002/Applications/gcc-arm-none-eabi-10.3-2021.10/arm-none-eabi/include/sys/_std
ARM GAS  /var/folders/g3/s0qwt8r95936n9ghz4hhpdwm0000gn/T//ccWD1Nfm.s 			page 9


 335              		.file 4 "Drivers/CMSIS/Device/ST/STM32F1xx/Include/stm32f103xb.h"
 336              		.file 5 "Drivers/CMSIS/Device/ST/STM32F1xx/Include/stm32f1xx.h"
 337              		.file 6 "Drivers/STM32F1xx_HAL_Driver/Inc/stm32f1xx_hal_def.h"
 338              		.file 7 "Drivers/STM32F1xx_HAL_Driver/Inc/stm32f1xx_hal_gpio.h"
 339              		.file 8 "Drivers/STM32F1xx_HAL_Driver/Inc/stm32f1xx_hal_can.h"
 340              		.file 9 "Core/Inc/can.h"
ARM GAS  /var/folders/g3/s0qwt8r95936n9ghz4hhpdwm0000gn/T//ccWD1Nfm.s 			page 10


DEFINED SYMBOLS
                            *ABS*:0000000000000000 can.c
/var/folders/g3/s0qwt8r95936n9ghz4hhpdwm0000gn/T//ccWD1Nfm.s:22     .bss.hcan:0000000000000000 hcan
/var/folders/g3/s0qwt8r95936n9ghz4hhpdwm0000gn/T//ccWD1Nfm.s:19     .bss.hcan:0000000000000000 $d
/var/folders/g3/s0qwt8r95936n9ghz4hhpdwm0000gn/T//ccWD1Nfm.s:25     .text.MX_CAN_Init:0000000000000000 $t
/var/folders/g3/s0qwt8r95936n9ghz4hhpdwm0000gn/T//ccWD1Nfm.s:31     .text.MX_CAN_Init:0000000000000000 MX_CAN_Init
/var/folders/g3/s0qwt8r95936n9ghz4hhpdwm0000gn/T//ccWD1Nfm.s:110    .text.MX_CAN_Init:0000000000000064 $d
/var/folders/g3/s0qwt8r95936n9ghz4hhpdwm0000gn/T//ccWD1Nfm.s:116    .text.HAL_CAN_MspInit:0000000000000000 $t
/var/folders/g3/s0qwt8r95936n9ghz4hhpdwm0000gn/T//ccWD1Nfm.s:122    .text.HAL_CAN_MspInit:0000000000000000 HAL_CAN_MspInit
/var/folders/g3/s0qwt8r95936n9ghz4hhpdwm0000gn/T//ccWD1Nfm.s:256    .text.HAL_CAN_MspInit:00000000000000d0 $d
/var/folders/g3/s0qwt8r95936n9ghz4hhpdwm0000gn/T//ccWD1Nfm.s:264    .text.HAL_CAN_MspDeInit:0000000000000000 $t
/var/folders/g3/s0qwt8r95936n9ghz4hhpdwm0000gn/T//ccWD1Nfm.s:270    .text.HAL_CAN_MspDeInit:0000000000000000 HAL_CAN_MspDeInit
/var/folders/g3/s0qwt8r95936n9ghz4hhpdwm0000gn/T//ccWD1Nfm.s:325    .text.HAL_CAN_MspDeInit:000000000000003c $d

UNDEFINED SYMBOLS
HAL_CAN_Init
Error_Handler
HAL_GPIO_Init
HAL_NVIC_SetPriority
HAL_NVIC_EnableIRQ
HAL_GPIO_DeInit
HAL_NVIC_DisableIRQ
