Archive member included to satisfy reference by file (symbol)

/Applications/ARM/bin/../lib/gcc/arm-none-eabi/10.3.1/../../../../arm-none-eabi/lib/thumb/v7-m/nofp/libstdc++_nano.a(new_op.o)
                              build/sms.o (operator new(unsigned int))
/Applications/ARM/bin/../lib/gcc/arm-none-eabi/10.3.1/../../../../arm-none-eabi/lib/thumb/v7-m/nofp/libstdc++_nano.a(new_handler.o)
                              /Applications/ARM/bin/../lib/gcc/arm-none-eabi/10.3.1/../../../../arm-none-eabi/lib/thumb/v7-m/nofp/libstdc++_nano.a(new_op.o) (std::get_new_handler())
/Applications/ARM/bin/../lib/gcc/arm-none-eabi/10.3.1/../../../../arm-none-eabi/lib/thumb/v7-m/nofp/libc_nano.a(lib_a-abort.o)
                              /Applications/ARM/bin/../lib/gcc/arm-none-eabi/10.3.1/../../../../arm-none-eabi/lib/thumb/v7-m/nofp/libstdc++_nano.a(new_op.o) (abort)
/Applications/ARM/bin/../lib/gcc/arm-none-eabi/10.3.1/../../../../arm-none-eabi/lib/thumb/v7-m/nofp/libc_nano.a(lib_a-errno.o)
                              build/syscalls.o (__errno)
/Applications/ARM/bin/../lib/gcc/arm-none-eabi/10.3.1/../../../../arm-none-eabi/lib/thumb/v7-m/nofp/libc_nano.a(lib_a-exit.o)
                              /Applications/ARM/bin/../lib/gcc/arm-none-eabi/10.3.1/../../../../arm-none-eabi/lib/thumb/v7-m/nofp/crt0.o (exit)
/Applications/ARM/bin/../lib/gcc/arm-none-eabi/10.3.1/../../../../arm-none-eabi/lib/thumb/v7-m/nofp/libc_nano.a(lib_a-impure.o)
                              /Applications/ARM/bin/../lib/gcc/arm-none-eabi/10.3.1/../../../../arm-none-eabi/lib/thumb/v7-m/nofp/libc_nano.a(lib_a-exit.o) (_global_impure_ptr)
/Applications/ARM/bin/../lib/gcc/arm-none-eabi/10.3.1/../../../../arm-none-eabi/lib/thumb/v7-m/nofp/libc_nano.a(lib_a-init.o)
                              /Applications/ARM/bin/../lib/gcc/arm-none-eabi/10.3.1/../../../../arm-none-eabi/lib/thumb/v7-m/nofp/crt0.o (__libc_init_array)
/Applications/ARM/bin/../lib/gcc/arm-none-eabi/10.3.1/../../../../arm-none-eabi/lib/thumb/v7-m/nofp/libc_nano.a(lib_a-malloc.o)
                              build/SCS.o (malloc)
/Applications/ARM/bin/../lib/gcc/arm-none-eabi/10.3.1/../../../../arm-none-eabi/lib/thumb/v7-m/nofp/libc_nano.a(lib_a-memset.o)
                              /Applications/ARM/bin/../lib/gcc/arm-none-eabi/10.3.1/../../../../arm-none-eabi/lib/thumb/v7-m/nofp/crt0.o (memset)
/Applications/ARM/bin/../lib/gcc/arm-none-eabi/10.3.1/../../../../arm-none-eabi/lib/thumb/v7-m/nofp/libc_nano.a(lib_a-nano-freer.o)
                              /Applications/ARM/bin/../lib/gcc/arm-none-eabi/10.3.1/../../../../arm-none-eabi/lib/thumb/v7-m/nofp/libc_nano.a(lib_a-malloc.o) (_free_r)
/Applications/ARM/bin/../lib/gcc/arm-none-eabi/10.3.1/../../../../arm-none-eabi/lib/thumb/v7-m/nofp/libc_nano.a(lib_a-nano-mallocr.o)
                              /Applications/ARM/bin/../lib/gcc/arm-none-eabi/10.3.1/../../../../arm-none-eabi/lib/thumb/v7-m/nofp/libc_nano.a(lib_a-malloc.o) (_malloc_r)
/Applications/ARM/bin/../lib/gcc/arm-none-eabi/10.3.1/../../../../arm-none-eabi/lib/thumb/v7-m/nofp/libc_nano.a(lib_a-printf.o)
                              build/STS_control.o (printf)
/Applications/ARM/bin/../lib/gcc/arm-none-eabi/10.3.1/../../../../arm-none-eabi/lib/thumb/v7-m/nofp/libc_nano.a(lib_a-sbrkr.o)
                              /Applications/ARM/bin/../lib/gcc/arm-none-eabi/10.3.1/../../../../arm-none-eabi/lib/thumb/v7-m/nofp/libc_nano.a(lib_a-nano-mallocr.o) (_sbrk_r)
/Applications/ARM/bin/../lib/gcc/arm-none-eabi/10.3.1/../../../../arm-none-eabi/lib/thumb/v7-m/nofp/libc_nano.a(lib_a-signal.o)
                              /Applications/ARM/bin/../lib/gcc/arm-none-eabi/10.3.1/../../../../arm-none-eabi/lib/thumb/v7-m/nofp/libc_nano.a(lib_a-abort.o) (raise)
/Applications/ARM/bin/../lib/gcc/arm-none-eabi/10.3.1/../../../../arm-none-eabi/lib/thumb/v7-m/nofp/libc_nano.a(lib_a-signalr.o)
                              /Applications/ARM/bin/../lib/gcc/arm-none-eabi/10.3.1/../../../../arm-none-eabi/lib/thumb/v7-m/nofp/libc_nano.a(lib_a-signal.o) (_kill_r)
/Applications/ARM/bin/../lib/gcc/arm-none-eabi/10.3.1/../../../../arm-none-eabi/lib/thumb/v7-m/nofp/libc_nano.a(lib_a-sprintf.o)
                              build/STS_control.o (sprintf)
/Applications/ARM/bin/../lib/gcc/arm-none-eabi/10.3.1/../../../../arm-none-eabi/lib/thumb/v7-m/nofp/libc_nano.a(lib_a-strlen.o)
                              build/main.o (strlen)
/Applications/ARM/bin/../lib/gcc/arm-none-eabi/10.3.1/../../../../arm-none-eabi/lib/thumb/v7-m/nofp/libc_nano.a(lib_a-findfp.o)
                              /Applications/ARM/bin/../lib/gcc/arm-none-eabi/10.3.1/../../../../arm-none-eabi/lib/thumb/v7-m/nofp/libc_nano.a(lib_a-printf.o) (__sinit)
/Applications/ARM/bin/../lib/gcc/arm-none-eabi/10.3.1/../../../../arm-none-eabi/lib/thumb/v7-m/nofp/libc_nano.a(lib_a-fwalk.o)
[...]
Memory Configuration

Name             Origin             Length             Attributes
RAM              0x0000000020000000 0x0000000000005000 xrw
FLASH            0x0000000008000000 0x0000000000010000 xr
*default*        0x0000000000000000 0xffffffffffffffff

Linker script and memory map

LOAD /Applications/ARM/bin/../lib/gcc/arm-none-eabi/10.3.1/thumb/v7-m/nofp/crti.o
LOAD /Applications/ARM/bin/../lib/gcc/arm-none-eabi/10.3.1/thumb/v7-m/nofp/crtbegin.o
LOAD /Applications/ARM/bin/../lib/gcc/arm-none-eabi/10.3.1/../../../../arm-none-eabi/lib/thumb/v7-m/nofp/crt0.o
LOAD build/main.o
LOAD build/gpio.o
LOAD build/dma.o
LOAD build/usart.o
LOAD build/stm32f1xx_it.o
LOAD build/stm32f1xx_hal_msp.o
LOAD build/system_stm32f1xx.o
LOAD build/SCS.o
LOAD build/SCSCL.o
LOAD build/SCSerial.o
LOAD build/SMS_STS.o
LOAD build/STS_control.o
LOAD build/syscalls.o
LOAD build/usb_device.o
LOAD build/usbd_desc.o
LOAD build/usbd_cdc_if.o
LOAD build/usbd_conf.o
LOAD build/usbd_core.o
LOAD build/usbd_ctlreq.o
LOAD build/usbd_ioreq.o
LOAD build/usbd_cdc.o
LOAD build/sysmem.o
LOAD build/stm32f1xx_hal_gpio_ex.o
LOAD build/stm32f1xx_hal_pcd.o
LOAD build/stm32f1xx_hal_pcd_ex.o
LOAD build/stm32f1xx_ll_usb.o
LOAD build/stm32f1xx_hal.o
LOAD build/stm32f1xx_hal_rcc.o
LOAD build/stm32f1xx_hal_rcc_ex.o
LOAD build/stm32f1xx_hal_gpio.o
LOAD build/stm32f1xx_hal_dma.o
LOAD build/stm32f1xx_hal_cortex.o
LOAD build/stm32f1xx_hal_pwr.o
LOAD build/stm32f1xx_hal_flash.o
LOAD build/stm32f1xx_hal_flash_ex.o
LOAD build/stm32f1xx_hal_exti.o
LOAD build/stm32f1xx_hal_uart.o
LOAD build/can.o
LOAD build/stm32f1xx_hal_can.o
LOAD build/startup_stm32f103xb.o
LOAD build/sms.o
LOAD /Applications/ARM/bin/../lib/gcc/arm-none-eabi/10.3.1/../../../../arm-none-eabi/lib/thumb/v7-m/nofp/libnosys.a
LOAD /Applications/ARM/bin/../lib/gcc/arm-none-eabi/10.3.1/../../../../arm-none-eabi/lib/thumb/v7-m/nofp/libstdc++_nano.a
LOAD /Applications/ARM/bin/../lib/gcc/arm-none-eabi/10.3.1/../../../../arm-none-eabi/lib/thumb/v7-m/nofp/libm.a
START GROUP
LOAD /Applications/ARM/bin/../lib/gcc/arm-none-eabi/10.3.1/thumb/v7-m/nofp/libgcc.a
LOAD /Applications/ARM/bin/../lib/gcc/arm-none-eabi/10.3.1/../../../../arm-none-eabi/lib/thumb/v7-m/nofp/libc_nano.a
END GROUP
START GROUP
LOAD /Applications/ARM/bin/../lib/gcc/arm-none-eabi/10.3.1/thumb/v7-m/nofp/libgcc.a
LOAD /Applications/ARM/bin/../lib/gcc/arm-none-eabi/10.3.1/../../../../arm-none-eabi/lib/thumb/v7-m/nofp/libc_nano.a
END GROUP
LOAD /Applications/ARM/bin/../lib/gcc/arm-none-eabi/10.3.1/thumb/v7-m/nofp/crtend.o
LOAD /Applications/ARM/bin/../lib/gcc/arm-none-eabi/10.3.1/thumb/v7-m/nofp/crtn.o
                0x0000000020005000                _estack = (ORIGIN (RAM) + LENGTH (RAM))
                0x0000000000000200                _Min_Heap_Size = 0x200
                0x0000000000000400                _Min_Stack_Size = 0x400

.isr_vector     0x0000000008000000      0x10c
                0x0000000008000000                . = ALIGN (0x4)
 *(.isr_vector)
 .isr_vector    0x0000000008000000      0x10c build/startup_stm32f103xb.o
                0x0000000008000000                g_pfnVectors
                0x000000000800010c                . = ALIGN (0x4)

.text           0x000000000800010c     0xae68
                0x000000000800010c                . = ALIGN (0x4)
 *(.text)
 .text          0x000000000800010c       0x40 /Applications/ARM/bin/../lib/gcc/arm-none-eabi/10.3.1/thumb/v7-m/nofp/crtbegin.o
 .text          0x000000000800014c       0x10 /Applications/ARM/bin/../lib/gcc/arm-none-eabi/10.3.1/../../../../arm-none-eabi/lib/thumb/v7-m/nofp/libc_nano.a(lib_a-strlen.o)
                0x000000000800014c                strlen
 *(.text*)
 .text.main     0x000000000800015c       0xc4 build/main.o
                0x000000000800015c                main
 .text.SystemClock_Config
                0x0000000008000220       0xb4 build/main.o
                0x0000000008000220                SystemClock_Config
 .text.Error_Handler
                0x00000000080002d4        0xa build/main.o
                0x00000000080002d4                Error_Handler
 *fill*         0x00000000080002de        0x2 
 .text.MX_GPIO_Init
                0x00000000080002e0       0x5c build/gpio.o
                0x00000000080002e0                MX_GPIO_Init
 .text.MX_DMA_Init
                0x000000000800033c       0x4c build/dma.o
                0x000000000800033c                MX_DMA_Init
 .text.MX_USART2_UART_Init
                0x0000000008000388       0x54 build/usart.o
                0x0000000008000388                MX_USART2_UART_Init
 .text.HAL_UART_MspInit
                0x00000000080003dc      0x150 build/usart.o
                0x00000000080003dc                HAL_UART_MspInit
 .text.NMI_Handler
                0x000000000800052c        0x6 build/stm32f1xx_it.o
                0x000000000800052c                NMI_Handler
 .text.HardFault_Handler
                0x0000000008000532        0x6 build/stm32f1xx_it.o
                0x0000000008000532                HardFault_Handler
 .text.MemManage_Handler
                0x0000000008000538        0x6 build/stm32f1xx_it.o
                0x0000000008000538                MemManage_Handler
 .text.BusFault_Handler
                0x000000000800053e        0x6 build/stm32f1xx_it.o
                0x000000000800053e                BusFault_Handler
 .text.UsageFault_Handler
                0x0000000008000544        0x6 build/stm32f1xx_it.o
                0x0000000008000544                UsageFault_Handler
 .text.SVC_Handler
                0x000000000800054a        0xc build/stm32f1xx_it.o
                0x000000000800054a                SVC_Handler
 .text.DebugMon_Handler
                0x0000000008000556        0xc build/stm32f1xx_it.o
                0x0000000008000556                DebugMon_Handler
 .text.PendSV_Handler
                0x0000000008000562        0xc build/stm32f1xx_it.o
                0x0000000008000562                PendSV_Handler
 .text.SysTick_Handler
                0x000000000800056e        0xc build/stm32f1xx_it.o
                0x000000000800056e                SysTick_Handler
 *fill*         0x000000000800057a        0x2 
 .text.DMA1_Channel6_IRQHandler
                0x000000000800057c       0x14 build/stm32f1xx_it.o
                0x000000000800057c                DMA1_Channel6_IRQHandler
 .text.DMA1_Channel7_IRQHandler
                0x0000000008000590       0x14 build/stm32f1xx_it.o
                0x0000000008000590                DMA1_Channel7_IRQHandler
 .text.USB_HP_CAN1_TX_IRQHandler
                0x00000000080005a4       0x1c build/stm32f1xx_it.o
                0x00000000080005a4                USB_HP_CAN1_TX_IRQHandler
 .text.USB_LP_CAN1_RX0_IRQHandler
                0x00000000080005c0       0x1c build/stm32f1xx_it.o
                0x00000000080005c0                USB_LP_CAN1_RX0_IRQHandler
 .text.CAN1_RX1_IRQHandler
                0x00000000080005dc       0x14 build/stm32f1xx_it.o
                0x00000000080005dc                CAN1_RX1_IRQHandler
 .text.USART2_IRQHandler
                0x00000000080005f0       0x14 build/stm32f1xx_it.o
                0x00000000080005f0                USART2_IRQHandler
 .text.HAL_MspInit
                0x0000000008000604       0x64 build/stm32f1xx_hal_msp.o
                0x0000000008000604                HAL_MspInit
 .text.SystemInit
                0x0000000008000668        0xc build/system_stm32f1xx.o
                0x0000000008000668                SystemInit
 .text.Host2SCS
                0x0000000008000674       0x48 build/SCS.o
                0x0000000008000674                Host2SCS
 .text.SCS2Host
                0x00000000080006bc       0x50 build/SCS.o
                0x00000000080006bc                SCS2Host
 .text.syncWrite
                0x000000000800070c      0x110 build/SCS.o
                0x000000000800070c                syncWrite
 .text.syncReadPacketTx
                0x000000000800081c       0xe8 build/SCS.o
                0x000000000800081c                syncReadPacketTx
 .text.syncReadBegin
                0x0000000008000904       0x48 build/SCS.o
                0x0000000008000904                syncReadBegin
 .text.syncReadPacketRx
                0x000000000800094c      0x178 build/SCS.o
                0x000000000800094c                syncReadPacketRx
 .text.syncReadRxPacketToWrod
                0x0000000008000ac4       0x8c build/SCS.o
                0x0000000008000ac4                syncReadRxPacketToWrod
 .text.readSCS  0x0000000008000b50       0x1c build/SCSerial.o
                0x0000000008000b50                readSCS
 .text.writeSCS
                0x0000000008000b6c       0x58 build/SCSerial.o
                0x0000000008000b6c                writeSCS
 .text.writeByteSCS
                0x0000000008000bc4       0x44 build/SCSerial.o
                0x0000000008000bc4                writeByteSCS
 .text.rFlushSCS
                0x0000000008000c08        0xc build/SCSerial.o
                0x0000000008000c08                rFlushSCS
 .text.wFlushSCS
                0x0000000008000c14       0x2c build/SCSerial.o
                0x0000000008000c14                wFlushSCS
 .text.SyncWritePosEx
                0x0000000008000c40      0x18c build/SMS_STS.o
                0x0000000008000c40                SyncWritePosEx
 .text.STS_control_init
                0x0000000008000dcc       0x54 build/STS_control.o
                0x0000000008000dcc                STS_control_init
 .text.STS_syn_read
                0x0000000008000e20       0xcc build/STS_control.o
                0x0000000008000e20                STS_syn_read
 .text.STS_syn_write
                0x0000000008000eec       0x2c build/STS_control.o
                0x0000000008000eec                STS_syn_write
 .text.ftUart_Send
                0x0000000008000f18       0x24 build/STS_control.o
                0x0000000008000f18                ftUart_Send
 .text.ftUart_Read
                0x0000000008000f3c       0x30 build/STS_control.o
                0x0000000008000f3c                ftUart_Read
 .text.ftBus_Delay
                0x0000000008000f6c        0xe build/STS_control.o
                0x0000000008000f6c                ftBus_Delay
 .text._read    0x0000000008000f7a       0x3a build/syscalls.o
                0x0000000008000f7a                _read
 .text._write   0x0000000008000fb4       0x38 build/syscalls.o
                0x0000000008000fb4                _write
 .text._close   0x0000000008000fec       0x16 build/syscalls.o
                0x0000000008000fec                _close
 .text._fstat   0x0000000008001002       0x1e build/syscalls.o
                0x0000000008001002                _fstat
 .text._isatty  0x0000000008001020       0x14 build/syscalls.o
                0x0000000008001020                _isatty
 .text._lseek   0x0000000008001034       0x18 build/syscalls.o
                0x0000000008001034                _lseek
 .text.MX_USB_DEVICE_Init
                0x000000000800104c       0x60 build/usb_device.o
                0x000000000800104c                MX_USB_DEVICE_Init
 .text.USBD_FS_DeviceDescriptor
                0x00000000080010ac       0x24 build/usbd_desc.o
                0x00000000080010ac                USBD_FS_DeviceDescriptor
 .text.USBD_FS_LangIDStrDescriptor
                0x00000000080010d0       0x24 build/usbd_desc.o
                0x00000000080010d0                USBD_FS_LangIDStrDescriptor
 .text.USBD_FS_ProductStrDescriptor
                0x00000000080010f4       0x3c build/usbd_desc.o
                0x00000000080010f4                USBD_FS_ProductStrDescriptor
 .text.USBD_FS_ManufacturerStrDescriptor
                0x0000000008001130       0x28 build/usbd_desc.o
                0x0000000008001130                USBD_FS_ManufacturerStrDescriptor
 .text.USBD_FS_SerialStrDescriptor
                0x0000000008001158       0x24 build/usbd_desc.o
                0x0000000008001158                USBD_FS_SerialStrDescriptor
 .text.USBD_FS_ConfigStrDescriptor
                0x000000000800117c       0x3c build/usbd_desc.o
                0x000000000800117c                USBD_FS_ConfigStrDescriptor
 .text.USBD_FS_InterfaceStrDescriptor
                0x00000000080011b8       0x3c build/usbd_desc.o
                0x00000000080011b8                USBD_FS_InterfaceStrDescriptor
 .text.Get_SerialNum
                0x00000000080011f4       0x58 build/usbd_desc.o
 .text.IntToUnicode
                0x000000000800124c       0x7c build/usbd_desc.o
 .text.CDC_Init_FS
                0x00000000080012c8       0x28 build/usbd_cdc_if.o
 .text.CDC_DeInit_FS
                0x00000000080012f0        0xe build/usbd_cdc_if.o
 *fill*         0x00000000080012fe        0x2 
 .text.CDC_Control_FS
                0x0000000008001300       0xbc build/usbd_cdc_if.o
 .text.CDC_Receive_FS
                0x00000000080013bc       0x28 build/usbd_cdc_if.o
 .text.CDC_Transmit_FS
                0x00000000080013e4       0x4c build/usbd_cdc_if.o
                0x00000000080013e4                CDC_Transmit_FS
 .text.HAL_PCD_MspInit
                0x0000000008001430       0x5c build/usbd_conf.o
                0x0000000008001430                HAL_PCD_MspInit
 .text.HAL_PCD_SetupStageCallback
                0x000000000800148c       0x24 build/usbd_conf.o
                0x000000000800148c                HAL_PCD_SetupStageCallback
 .text.HAL_PCD_DataOutStageCallback
                0x00000000080014b0       0x36 build/usbd_conf.o
                0x00000000080014b0                HAL_PCD_DataOutStageCallback
 .text.HAL_PCD_DataInStageCallback
                0x00000000080014e6       0x34 build/usbd_conf.o
                0x00000000080014e6                HAL_PCD_DataInStageCallback
 .text.HAL_PCD_SOFCallback
                0x000000000800151a       0x1c build/usbd_conf.o
                0x000000000800151a                HAL_PCD_SOFCallback
 .text.HAL_PCD_ResetCallback
                0x0000000008001536       0x3c build/usbd_conf.o
                0x0000000008001536                HAL_PCD_ResetCallback
 *fill*         0x0000000008001572        0x2 
 .text.HAL_PCD_SuspendCallback
                0x0000000008001574       0x34 build/usbd_conf.o
                0x0000000008001574                HAL_PCD_SuspendCallback
 .text.HAL_PCD_ResumeCallback
                0x00000000080015a8       0x1c build/usbd_conf.o
                0x00000000080015a8                HAL_PCD_ResumeCallback
 .text.USBD_LL_Init
                0x00000000080015c4       0xb4 build/usbd_conf.o
                0x00000000080015c4                USBD_LL_Init
 .text.USBD_LL_Start
                0x0000000008001678       0x36 build/usbd_conf.o
                0x0000000008001678                USBD_LL_Start
 .text.USBD_LL_OpenEP
                0x00000000080016ae       0x4c build/usbd_conf.o
                0x00000000080016ae                USBD_LL_OpenEP
 .text.USBD_LL_CloseEP
                0x00000000080016fa       0x3e build/usbd_conf.o
                0x00000000080016fa                USBD_LL_CloseEP
 .text.USBD_LL_StallEP
                0x0000000008001738       0x3e build/usbd_conf.o
                0x0000000008001738                USBD_LL_StallEP
 .text.USBD_LL_ClearStallEP
                0x0000000008001776       0x3e build/usbd_conf.o
                0x0000000008001776                USBD_LL_ClearStallEP
 .text.USBD_LL_IsStallEP
                0x00000000080017b4       0x56 build/usbd_conf.o
                0x00000000080017b4                USBD_LL_IsStallEP
 .text.USBD_LL_SetUSBAddress
                0x000000000800180a       0x3e build/usbd_conf.o
                0x000000000800180a                USBD_LL_SetUSBAddress
 .text.USBD_LL_Transmit
                0x0000000008001848       0x46 build/usbd_conf.o
                0x0000000008001848                USBD_LL_Transmit
 .text.USBD_LL_PrepareReceive
                0x000000000800188e       0x46 build/usbd_conf.o
                0x000000000800188e                USBD_LL_PrepareReceive
 .text.USBD_LL_GetRxDataSize
                0x00000000080018d4       0x26 build/usbd_conf.o
                0x00000000080018d4                USBD_LL_GetRxDataSize
 *fill*         0x00000000080018fa        0x2 
 .text.USBD_static_malloc
                0x00000000080018fc       0x18 build/usbd_conf.o
                0x00000000080018fc                USBD_static_malloc
 .text.USBD_static_free
                0x0000000008001914       0x12 build/usbd_conf.o
                0x0000000008001914                USBD_static_free
 .text.HAL_PCDEx_SetConnectionState
                0x0000000008001926       0x16 build/usbd_conf.o
                0x0000000008001926                HAL_PCDEx_SetConnectionState
 .text.USBD_Get_USB_Status
                0x000000000800193c       0x58 build/usbd_conf.o
 .text.USBD_Init
                0x0000000008001994       0x56 build/usbd_core.o
                0x0000000008001994                USBD_Init
 .text.USBD_RegisterClass
                0x00000000080019ea       0x32 build/usbd_core.o
                0x00000000080019ea                USBD_RegisterClass
 .text.USBD_Start
                0x0000000008001a1c       0x18 build/usbd_core.o
                0x0000000008001a1c                USBD_Start
 .text.USBD_RunTestMode
                0x0000000008001a34       0x14 build/usbd_core.o
                0x0000000008001a34                USBD_RunTestMode
 .text.USBD_SetClassConfig
                0x0000000008001a48       0x3e build/usbd_core.o
                0x0000000008001a48                USBD_SetClassConfig
 .text.USBD_ClrClassConfig
                0x0000000008001a86       0x26 build/usbd_core.o
                0x0000000008001a86                USBD_ClrClassConfig
 .text.USBD_LL_SetupStage
                0x0000000008001aac       0x9a build/usbd_core.o
                0x0000000008001aac                USBD_LL_SetupStage
 .text.USBD_LL_DataOutStage
                0x0000000008001b46       0xe2 build/usbd_core.o
                0x0000000008001b46                USBD_LL_DataOutStage
 .text.USBD_LL_DataInStage
                0x0000000008001c28      0x14a build/usbd_core.o
                0x0000000008001c28                USBD_LL_DataInStage
 .text.USBD_LL_Reset
                0x0000000008001d72       0x82 build/usbd_core.o
                0x0000000008001d72                USBD_LL_Reset
 .text.USBD_LL_SetSpeed
                0x0000000008001df4       0x1e build/usbd_core.o
                0x0000000008001df4                USBD_LL_SetSpeed
 .text.USBD_LL_Suspend
                0x0000000008001e12       0x28 build/usbd_core.o
                0x0000000008001e12                USBD_LL_Suspend
 .text.USBD_LL_Resume
                0x0000000008001e3a       0x2a build/usbd_core.o
                0x0000000008001e3a                USBD_LL_Resume
 .text.USBD_LL_SOF
                0x0000000008001e64       0x34 build/usbd_core.o
                0x0000000008001e64                USBD_LL_SOF
 .text.USBD_StdDevReq
                0x0000000008001e98       0xd4 build/usbd_ctlreq.o
                0x0000000008001e98                USBD_StdDevReq
 .text.USBD_StdItfReq
                0x0000000008001f6c       0x90 build/usbd_ctlreq.o
                0x0000000008001f6c                USBD_StdItfReq
 .text.USBD_StdEPReq
                0x0000000008001ffc      0x2c6 build/usbd_ctlreq.o
                0x0000000008001ffc                USBD_StdEPReq
 *fill*         0x00000000080022c2        0x2 
 .text.USBD_GetDescriptor
                0x00000000080022c4      0x2d0 build/usbd_ctlreq.o
 .text.USBD_SetAddress
                0x0000000008002594       0x86 build/usbd_ctlreq.o
 *fill*         0x000000000800261a        0x2 
 .text.USBD_SetConfig
                0x000000000800261c      0x11c build/usbd_ctlreq.o
 .text.USBD_GetConfig
                0x0000000008002738       0x6a build/usbd_ctlreq.o
 .text.USBD_GetStatus
                0x00000000080027a2       0x66 build/usbd_ctlreq.o
 .text.USBD_SetFeature
                0x0000000008002808       0x28 build/usbd_ctlreq.o
 .text.USBD_ClrFeature
                0x0000000008002830       0x42 build/usbd_ctlreq.o
 .text.USBD_ParseSetupRequest
                0x0000000008002872       0x78 build/usbd_ctlreq.o
                0x0000000008002872                USBD_ParseSetupRequest
 .text.USBD_CtlError
                0x00000000080028ea       0x22 build/usbd_ctlreq.o
                0x00000000080028ea                USBD_CtlError
 .text.USBD_GetString
                0x000000000800290c       0x84 build/usbd_ctlreq.o
                0x000000000800290c                USBD_GetString
 .text.USBD_GetLen
                0x0000000008002990       0x2e build/usbd_ctlreq.o
 .text.USBD_CtlSendData
                0x00000000080029be       0x38 build/usbd_ioreq.o
                0x00000000080029be                USBD_CtlSendData
 .text.USBD_CtlContinueSendData
                0x00000000080029f6       0x24 build/usbd_ioreq.o
                0x00000000080029f6                USBD_CtlContinueSendData
 .text.USBD_CtlPrepareRx
                0x0000000008002a1a       0x3c build/usbd_ioreq.o
                0x0000000008002a1a                USBD_CtlPrepareRx
 .text.USBD_CtlContinueRx
                0x0000000008002a56       0x24 build/usbd_ioreq.o
                0x0000000008002a56                USBD_CtlContinueRx
 .text.USBD_CtlSendStatus
                0x0000000008002a7a       0x26 build/usbd_ioreq.o
                0x0000000008002a7a                USBD_CtlSendStatus
 .text.USBD_CtlReceiveStatus
                0x0000000008002aa0       0x26 build/usbd_ioreq.o
                0x0000000008002aa0                USBD_CtlReceiveStatus
 .text.USBD_CDC_Init
                0x0000000008002ac6       0xf4 build/usbd_cdc.o
 .text.USBD_CDC_DeInit
                0x0000000008002bba       0x6e build/usbd_cdc.o
 .text.USBD_CDC_Setup
                0x0000000008002c28      0x146 build/usbd_cdc.o
 .text.USBD_CDC_DataIn
                0x0000000008002d6e       0xa6 build/usbd_cdc.o
 .text.USBD_CDC_DataOut
                0x0000000008002e14       0x56 build/usbd_cdc.o
 .text.USBD_CDC_EP0_RxReady
                0x0000000008002e6a       0x50 build/usbd_cdc.o
 *fill*         0x0000000008002eba        0x2 
 .text.USBD_CDC_GetFSCfgDesc
                0x0000000008002ebc       0x20 build/usbd_cdc.o
 .text.USBD_CDC_GetHSCfgDesc
                0x0000000008002edc       0x20 build/usbd_cdc.o
 .text.USBD_CDC_GetOtherSpeedCfgDesc
                0x0000000008002efc       0x20 build/usbd_cdc.o
 .text.USBD_CDC_GetDeviceQualifierDescriptor
                0x0000000008002f1c       0x20 build/usbd_cdc.o
                0x0000000008002f1c                USBD_CDC_GetDeviceQualifierDescriptor
 .text.USBD_CDC_RegisterInterface
                0x0000000008002f3c       0x2c build/usbd_cdc.o
                0x0000000008002f3c                USBD_CDC_RegisterInterface
 .text.USBD_CDC_SetTxBuffer
                0x0000000008002f68       0x32 build/usbd_cdc.o
                0x0000000008002f68                USBD_CDC_SetTxBuffer
 .text.USBD_CDC_SetRxBuffer
                0x0000000008002f9a       0x26 build/usbd_cdc.o
                0x0000000008002f9a                USBD_CDC_SetRxBuffer
 .text.USBD_CDC_TransmitPacket
                0x0000000008002fc0       0x5e build/usbd_cdc.o
                0x0000000008002fc0                USBD_CDC_TransmitPacket
 .text.USBD_CDC_ReceivePacket
                0x000000000800301e       0x54 build/usbd_cdc.o
                0x000000000800301e                USBD_CDC_ReceivePacket
 *fill*         0x0000000008003072        0x2 
 .text._sbrk    0x0000000008003074       0x6c build/sysmem.o
                0x0000000008003074                _sbrk
 .text.HAL_PCD_Init
                0x00000000080030e0      0x1ec build/stm32f1xx_hal_pcd.o
                0x00000000080030e0                HAL_PCD_Init
 .text.HAL_PCD_Start
                0x00000000080032cc       0x4c build/stm32f1xx_hal_pcd.o
                0x00000000080032cc                HAL_PCD_Start
 .text.HAL_PCD_IRQHandler
                0x0000000008003318      0x260 build/stm32f1xx_hal_pcd.o
                0x0000000008003318                HAL_PCD_IRQHandler
 .text.HAL_PCD_SetAddress
                0x0000000008003578       0x48 build/stm32f1xx_hal_pcd.o
                0x0000000008003578                HAL_PCD_SetAddress
 .text.HAL_PCD_EP_Open
                0x00000000080035c0       0xba build/stm32f1xx_hal_pcd.o
                0x00000000080035c0                HAL_PCD_EP_Open
 .text.HAL_PCD_EP_Close
                0x000000000800367a       0x90 build/stm32f1xx_hal_pcd.o
                0x000000000800367a                HAL_PCD_EP_Close
 .text.HAL_PCD_EP_Receive
                0x000000000800370a       0x62 build/stm32f1xx_hal_pcd.o
                0x000000000800370a                HAL_PCD_EP_Receive
 .text.HAL_PCD_EP_GetRxCount
                0x000000000800376c       0x2e build/stm32f1xx_hal_pcd.o
                0x000000000800376c                HAL_PCD_EP_GetRxCount
 .text.HAL_PCD_EP_Transmit
                0x000000000800379a       0x6e build/stm32f1xx_hal_pcd.o
                0x000000000800379a                HAL_PCD_EP_Transmit
 .text.HAL_PCD_EP_SetStall
                0x0000000008003808       0xc0 build/stm32f1xx_hal_pcd.o
                0x0000000008003808                HAL_PCD_EP_SetStall
 .text.HAL_PCD_EP_ClrStall
                0x00000000080038c8       0xa8 build/stm32f1xx_hal_pcd.o
                0x00000000080038c8                HAL_PCD_EP_ClrStall
 .text.PCD_EP_ISR_Handler
                0x0000000008003970      0x7a0 build/stm32f1xx_hal_pcd.o
 .text.HAL_PCD_EP_DB_Receive
                0x0000000008004110      0x21a build/stm32f1xx_hal_pcd.o
 .text.HAL_PCD_EP_DB_Transmit
                0x000000000800432a      0x7f4 build/stm32f1xx_hal_pcd.o
 .text.HAL_PCDEx_PMAConfig
                0x0000000008004b1e       0x84 build/stm32f1xx_hal_pcd_ex.o
                0x0000000008004b1e                HAL_PCDEx_PMAConfig
 .text.USB_CoreInit
                0x0000000008004ba2       0x1a build/stm32f1xx_ll_usb.o
                0x0000000008004ba2                USB_CoreInit
 .text.USB_EnableGlobalInt
                0x0000000008004bbc       0x2c build/stm32f1xx_ll_usb.o
                0x0000000008004bbc                USB_EnableGlobalInt
 .text.USB_DisableGlobalInt
                0x0000000008004be8       0x34 build/stm32f1xx_ll_usb.o
                0x0000000008004be8                USB_DisableGlobalInt
 .text.USB_SetCurrentMode
                0x0000000008004c1c       0x18 build/stm32f1xx_ll_usb.o
                0x0000000008004c1c                USB_SetCurrentMode
 .text.USB_DevInit
                0x0000000008004c34       0x3a build/stm32f1xx_ll_usb.o
                0x0000000008004c34                USB_DevInit
 *fill*         0x0000000008004c6e        0x2 
 .text.USB_ActivateEndpoint
                0x0000000008004c70      0x780 build/stm32f1xx_ll_usb.o
                0x0000000008004c70                USB_ActivateEndpoint
 .text.USB_DeactivateEndpoint
                0x00000000080053f0      0x3d8 build/stm32f1xx_ll_usb.o
                0x00000000080053f0                USB_DeactivateEndpoint
 .text.USB_EPStartXfer
                0x00000000080057c8     0x1762 build/stm32f1xx_ll_usb.o
                0x00000000080057c8                USB_EPStartXfer
 .text.USB_EPSetStall
                0x0000000008006f2a       0xa0 build/stm32f1xx_ll_usb.o
                0x0000000008006f2a                USB_EPSetStall
 .text.USB_EPClearStall
                0x0000000008006fca      0x15a build/stm32f1xx_ll_usb.o
                0x0000000008006fca                USB_EPClearStall
 .text.USB_SetDevAddress
                0x0000000008007124       0x26 build/stm32f1xx_ll_usb.o
                0x0000000008007124                USB_SetDevAddress
 .text.USB_DevConnect
                0x000000000800714a       0x14 build/stm32f1xx_ll_usb.o
                0x000000000800714a                USB_DevConnect
 .text.USB_DevDisconnect
                0x000000000800715e       0x14 build/stm32f1xx_ll_usb.o
                0x000000000800715e                USB_DevDisconnect
 .text.USB_ReadInterrupts
                0x0000000008007172       0x1e build/stm32f1xx_ll_usb.o
                0x0000000008007172                USB_ReadInterrupts
 .text.USB_EP0_OutStart
                0x0000000008007190       0x16 build/stm32f1xx_ll_usb.o
                0x0000000008007190                USB_EP0_OutStart
 .text.USB_WritePMA
                0x00000000080071a6       0x8a build/stm32f1xx_ll_usb.o
                0x00000000080071a6                USB_WritePMA
 .text.USB_ReadPMA
                0x0000000008007230       0x9e build/stm32f1xx_ll_usb.o
                0x0000000008007230                USB_ReadPMA
 *fill*         0x00000000080072ce        0x2 
 .text.HAL_Init
                0x00000000080072d0       0x2c build/stm32f1xx_hal.o
                0x00000000080072d0                HAL_Init
 .text.HAL_InitTick
                0x00000000080072fc       0x60 build/stm32f1xx_hal.o
                0x00000000080072fc                HAL_InitTick
 .text.HAL_IncTick
                0x000000000800735c       0x24 build/stm32f1xx_hal.o
                0x000000000800735c                HAL_IncTick
 .text.HAL_GetTick
                0x0000000008007380       0x14 build/stm32f1xx_hal.o
                0x0000000008007380                HAL_GetTick
 .text.HAL_Delay
                0x0000000008007394       0x48 build/stm32f1xx_hal.o
                0x0000000008007394                HAL_Delay
 .text.HAL_RCC_OscConfig
                0x00000000080073dc      0x504 build/stm32f1xx_hal_rcc.o
                0x00000000080073dc                HAL_RCC_OscConfig
 .text.HAL_RCC_ClockConfig
                0x00000000080078e0      0x1d4 build/stm32f1xx_hal_rcc.o
                0x00000000080078e0                HAL_RCC_ClockConfig
 .text.HAL_RCC_GetSysClockFreq
                0x0000000008007ab4       0xa8 build/stm32f1xx_hal_rcc.o
                0x0000000008007ab4                HAL_RCC_GetSysClockFreq
 .text.HAL_RCC_GetHCLKFreq
                0x0000000008007b5c       0x14 build/stm32f1xx_hal_rcc.o
                0x0000000008007b5c                HAL_RCC_GetHCLKFreq
 .text.HAL_RCC_GetPCLK1Freq
                0x0000000008007b70       0x28 build/stm32f1xx_hal_rcc.o
                0x0000000008007b70                HAL_RCC_GetPCLK1Freq
 .text.HAL_RCC_GetPCLK2Freq
                0x0000000008007b98       0x28 build/stm32f1xx_hal_rcc.o
                0x0000000008007b98                HAL_RCC_GetPCLK2Freq
 .text.RCC_Delay
                0x0000000008007bc0       0x3c build/stm32f1xx_hal_rcc.o
 .text.HAL_RCCEx_PeriphCLKConfig
                0x0000000008007bfc      0x16c build/stm32f1xx_hal_rcc_ex.o
                0x0000000008007bfc                HAL_RCCEx_PeriphCLKConfig
 .text.HAL_GPIO_Init
                0x0000000008007d68      0x308 build/stm32f1xx_hal_gpio.o
                0x0000000008007d68                HAL_GPIO_Init
 .text.HAL_DMA_Init
                0x0000000008008070       0xb4 build/stm32f1xx_hal_dma.o
                0x0000000008008070                HAL_DMA_Init
 .text.HAL_DMA_Abort
                0x0000000008008124       0x76 build/stm32f1xx_hal_dma.o
                0x0000000008008124                HAL_DMA_Abort
 *fill*         0x000000000800819a        0x2 
 .text.HAL_DMA_Abort_IT
                0x000000000800819c       0xf0 build/stm32f1xx_hal_dma.o
                0x000000000800819c                HAL_DMA_Abort_IT
 .text.HAL_DMA_IRQHandler
                0x000000000800828c      0x20c build/stm32f1xx_hal_dma.o
                0x000000000800828c                HAL_DMA_IRQHandler
 .text.__NVIC_SetPriorityGrouping
                0x0000000008008498       0x48 build/stm32f1xx_hal_cortex.o
 .text.__NVIC_GetPriorityGrouping
                0x00000000080084e0       0x1c build/stm32f1xx_hal_cortex.o
 .text.__NVIC_EnableIRQ
                0x00000000080084fc       0x38 build/stm32f1xx_hal_cortex.o
 .text.__NVIC_SetPriority
                0x0000000008008534       0x54 build/stm32f1xx_hal_cortex.o
 .text.NVIC_EncodePriority
                0x0000000008008588       0x64 build/stm32f1xx_hal_cortex.o
 .text.SysTick_Config
                0x00000000080085ec       0x44 build/stm32f1xx_hal_cortex.o
 .text.HAL_NVIC_SetPriorityGrouping
                0x0000000008008630       0x16 build/stm32f1xx_hal_cortex.o
                0x0000000008008630                HAL_NVIC_SetPriorityGrouping
 .text.HAL_NVIC_SetPriority
                0x0000000008008646       0x38 build/stm32f1xx_hal_cortex.o
                0x0000000008008646                HAL_NVIC_SetPriority
 .text.HAL_NVIC_EnableIRQ
                0x000000000800867e       0x1c build/stm32f1xx_hal_cortex.o
                0x000000000800867e                HAL_NVIC_EnableIRQ
 .text.HAL_SYSTICK_Config
                0x000000000800869a       0x18 build/stm32f1xx_hal_cortex.o
                0x000000000800869a                HAL_SYSTICK_Config
 .text.HAL_UART_Init
                0x00000000080086b2       0xa0 build/stm32f1xx_hal_uart.o
                0x00000000080086b2                HAL_UART_Init
 .text.HAL_UART_Transmit
                0x0000000008008752      0x116 build/stm32f1xx_hal_uart.o
                0x0000000008008752                HAL_UART_Transmit
 .text.HAL_UART_Receive
                0x0000000008008868      0x12e build/stm32f1xx_hal_uart.o
                0x0000000008008868                HAL_UART_Receive
 *fill*         0x0000000008008996        0x2 
 .text.HAL_UART_IRQHandler
                0x0000000008008998      0x524 build/stm32f1xx_hal_uart.o
                0x0000000008008998                HAL_UART_IRQHandler
 .text.HAL_UART_TxCpltCallback
                0x0000000008008ebc       0x12 build/stm32f1xx_hal_uart.o
                0x0000000008008ebc                HAL_UART_TxCpltCallback
 .text.HAL_UART_RxCpltCallback
                0x0000000008008ece       0x12 build/stm32f1xx_hal_uart.o
                0x0000000008008ece                HAL_UART_RxCpltCallback
 .text.HAL_UART_ErrorCallback
                0x0000000008008ee0       0x12 build/stm32f1xx_hal_uart.o
                0x0000000008008ee0                HAL_UART_ErrorCallback
 .text.HAL_UARTEx_RxEventCallback
                0x0000000008008ef2       0x16 build/stm32f1xx_hal_uart.o
                0x0000000008008ef2                HAL_UARTEx_RxEventCallback
 .text.UART_WaitOnFlagUntilTimeout
                0x0000000008008f08       0xb2 build/stm32f1xx_hal_uart.o
 .text.UART_EndRxTransfer
                0x0000000008008fba       0xc4 build/stm32f1xx_hal_uart.o
 .text.UART_DMAAbortOnError
                0x000000000800907e       0x28 build/stm32f1xx_hal_uart.o
 .text.UART_Transmit_IT
                0x00000000080090a6       0x9e build/stm32f1xx_hal_uart.o
 .text.UART_EndTransmit_IT
                0x0000000008009144       0x30 build/stm32f1xx_hal_uart.o
 .text.UART_Receive_IT
                0x0000000008009174      0x17c build/stm32f1xx_hal_uart.o
 .text.UART_SetConfig
                0x00000000080092f0      0x11c build/stm32f1xx_hal_uart.o
 .text.MX_CAN_Init
                0x000000000800940c       0x70 build/can.o
                0x000000000800940c                MX_CAN_Init
 .text.HAL_CAN_MspInit
                0x000000000800947c       0xf0 build/can.o
                0x000000000800947c                HAL_CAN_MspInit
 .text.HAL_CAN_Init
                0x000000000800956c      0x1f6 build/stm32f1xx_hal_can.o
                0x000000000800956c                HAL_CAN_Init
 .text.HAL_CAN_IRQHandler
                0x0000000008009762      0x36e build/stm32f1xx_hal_can.o
                0x0000000008009762                HAL_CAN_IRQHandler
 .text.HAL_CAN_TxMailbox0CompleteCallback
                0x0000000008009ad0       0x12 build/stm32f1xx_hal_can.o
                0x0000000008009ad0                HAL_CAN_TxMailbox0CompleteCallback
 .text.HAL_CAN_TxMailbox1CompleteCallback
                0x0000000008009ae2       0x12 build/stm32f1xx_hal_can.o
                0x0000000008009ae2                HAL_CAN_TxMailbox1CompleteCallback
 .text.HAL_CAN_TxMailbox2CompleteCallback
                0x0000000008009af4       0x12 build/stm32f1xx_hal_can.o
                0x0000000008009af4                HAL_CAN_TxMailbox2CompleteCallback
 .text.HAL_CAN_TxMailbox0AbortCallback
                0x0000000008009b06       0x12 build/stm32f1xx_hal_can.o
                0x0000000008009b06                HAL_CAN_TxMailbox0AbortCallback
 .text.HAL_CAN_TxMailbox1AbortCallback
                0x0000000008009b18       0x12 build/stm32f1xx_hal_can.o
                0x0000000008009b18                HAL_CAN_TxMailbox1AbortCallback
 .text.HAL_CAN_TxMailbox2AbortCallback
                0x0000000008009b2a       0x12 build/stm32f1xx_hal_can.o
                0x0000000008009b2a                HAL_CAN_TxMailbox2AbortCallback
 .text.HAL_CAN_RxFifo0MsgPendingCallback
                0x0000000008009b3c       0x12 build/stm32f1xx_hal_can.o
                0x0000000008009b3c                HAL_CAN_RxFifo0MsgPendingCallback
 .text.HAL_CAN_RxFifo0FullCallback
                0x0000000008009b4e       0x12 build/stm32f1xx_hal_can.o
                0x0000000008009b4e                HAL_CAN_RxFifo0FullCallback
 .text.HAL_CAN_RxFifo1MsgPendingCallback
                0x0000000008009b60       0x12 build/stm32f1xx_hal_can.o
                0x0000000008009b60                HAL_CAN_RxFifo1MsgPendingCallback
 .text.HAL_CAN_RxFifo1FullCallback
                0x0000000008009b72       0x12 build/stm32f1xx_hal_can.o
                0x0000000008009b72                HAL_CAN_RxFifo1FullCallback
 .text.HAL_CAN_SleepCallback
                0x0000000008009b84       0x12 build/stm32f1xx_hal_can.o
                0x0000000008009b84                HAL_CAN_SleepCallback
 .text.HAL_CAN_WakeUpFromRxMsgCallback
                0x0000000008009b96       0x12 build/stm32f1xx_hal_can.o
                0x0000000008009b96                HAL_CAN_WakeUpFromRxMsgCallback
 .text.HAL_CAN_ErrorCallback
                0x0000000008009ba8       0x12 build/stm32f1xx_hal_can.o
                0x0000000008009ba8                HAL_CAN_ErrorCallback
 *fill*         0x0000000008009bba        0x2 
 .text.Reset_Handler
                0x0000000008009bbc       0x48 build/startup_stm32f103xb.o
                0x0000000008009bbc                Reset_Handler
 .text.Default_Handler
                0x0000000008009c04        0x2 build/startup_stm32f103xb.o
                0x0000000008009c04                USBWakeUp_IRQHandler
                0x0000000008009c04                EXTI2_IRQHandler
                0x0000000008009c04                TIM1_CC_IRQHandler
                0x0000000008009c04                PVD_IRQHandler
                0x0000000008009c04                EXTI3_IRQHandler
                0x0000000008009c04                EXTI0_IRQHandler
                0x0000000008009c04                I2C2_EV_IRQHandler
                0x0000000008009c04                ADC1_2_IRQHandler
                0x0000000008009c04                SPI1_IRQHandler
                0x0000000008009c04                TAMPER_IRQHandler
                0x0000000008009c04                DMA1_Channel4_IRQHandler
                0x0000000008009c04                USART3_IRQHandler
                0x0000000008009c04                RTC_IRQHandler
                0x0000000008009c04                TIM4_IRQHandler
                0x0000000008009c04                I2C1_EV_IRQHandler
                0x0000000008009c04                TIM3_IRQHandler
                0x0000000008009c04                RCC_IRQHandler
                0x0000000008009c04                TIM1_TRG_COM_IRQHandler
                0x0000000008009c04                DMA1_Channel1_IRQHandler
                0x0000000008009c04                Default_Handler
                0x0000000008009c04                EXTI15_10_IRQHandler
                0x0000000008009c04                EXTI9_5_IRQHandler
                0x0000000008009c04                SPI2_IRQHandler
                0x0000000008009c04                DMA1_Channel5_IRQHandler
                0x0000000008009c04                EXTI4_IRQHandler
                0x0000000008009c04                DMA1_Channel3_IRQHandler
                0x0000000008009c04                TIM1_UP_IRQHandler
                0x0000000008009c04                WWDG_IRQHandler
                0x0000000008009c04                TIM2_IRQHandler
                0x0000000008009c04                TIM1_BRK_IRQHandler
                0x0000000008009c04                EXTI1_IRQHandler
                0x0000000008009c04                I2C2_ER_IRQHandler
                0x0000000008009c04                DMA1_Channel2_IRQHandler
                0x0000000008009c04                CAN1_SCE_IRQHandler
                0x0000000008009c04                FLASH_IRQHandler
                0x0000000008009c04                USART1_IRQHandler
                0x0000000008009c04                I2C1_ER_IRQHandler
                0x0000000008009c04                RTC_Alarm_IRQHandler
 *fill*         0x0000000008009c06        0x2 
 .text.__errno  0x0000000008009c08        0xc /Applications/ARM/bin/../lib/gcc/arm-none-eabi/10.3.1/../../../../arm-none-eabi/lib/thumb/v7-m/nofp/libc_nano.a(lib_a-errno.o)
                0x0000000008009c08                __errno
 .text.__libc_init_array
                0x0000000008009c14       0x48 /Applications/ARM/bin/../lib/gcc/arm-none-eabi/10.3.1/../../../../arm-none-eabi/lib/thumb/v7-m/nofp/libc_nano.a(lib_a-init.o)
                0x0000000008009c14                __libc_init_array
 .text.malloc   0x0000000008009c5c       0x10 /Applications/ARM/bin/../lib/gcc/arm-none-eabi/10.3.1/../../../../arm-none-eabi/lib/thumb/v7-m/nofp/libc_nano.a(lib_a-malloc.o)
                0x0000000008009c5c                malloc
 .text.memset   0x0000000008009c6c       0x10 /Applications/ARM/bin/../lib/gcc/arm-none-eabi/10.3.1/../../../../arm-none-eabi/lib/thumb/v7-m/nofp/libc_nano.a(lib_a-memset.o)
                0x0000000008009c6c                memset
 .text._free_r  0x0000000008009c7c       0x90 /Applications/ARM/bin/../lib/gcc/arm-none-eabi/10.3.1/../../../../arm-none-eabi/lib/thumb/v7-m/nofp/libc_nano.a(lib_a-nano-freer.o)
                0x0000000008009c7c                _free_r
 .text.sbrk_aligned
                0x0000000008009d0c       0x40 /Applications/ARM/bin/../lib/gcc/arm-none-eabi/10.3.1/../../../../arm-none-eabi/lib/thumb/v7-m/nofp/libc_nano.a(lib_a-nano-mallocr.o)
 .text._malloc_r
                0x0000000008009d4c       0xe8 /Applications/ARM/bin/../lib/gcc/arm-none-eabi/10.3.1/../../../../arm-none-eabi/lib/thumb/v7-m/nofp/libc_nano.a(lib_a-nano-mallocr.o)
                0x0000000008009d4c                _malloc_r
 .text.printf   0x0000000008009e34       0x30 /Applications/ARM/bin/../lib/gcc/arm-none-eabi/10.3.1/../../../../arm-none-eabi/lib/thumb/v7-m/nofp/libc_nano.a(lib_a-printf.o)
                0x0000000008009e34                printf
                0x0000000008009e34                iprintf
 .text._sbrk_r  0x0000000008009e64       0x20 /Applications/ARM/bin/../lib/gcc/arm-none-eabi/10.3.1/../../../../arm-none-eabi/lib/thumb/v7-m/nofp/libc_nano.a(lib_a-sbrkr.o)
                0x0000000008009e64                _sbrk_r
 .text.sprintf  0x0000000008009e84       0x40 /Applications/ARM/bin/../lib/gcc/arm-none-eabi/10.3.1/../../../../arm-none-eabi/lib/thumb/v7-m/nofp/libc_nano.a(lib_a-sprintf.o)
                0x0000000008009e84                sprintf
                0x0000000008009e84                siprintf
 .text.std      0x0000000008009ec4       0x48 /Applications/ARM/bin/../lib/gcc/arm-none-eabi/10.3.1/../../../../arm-none-eabi/lib/thumb/v7-m/nofp/libc_nano.a(lib_a-findfp.o)
 .text._cleanup_r
                0x0000000008009f0c        0xc /Applications/ARM/bin/../lib/gcc/arm-none-eabi/10.3.1/../../../../arm-none-eabi/lib/thumb/v7-m/nofp/libc_nano.a(lib_a-findfp.o)
                0x0000000008009f0c                _cleanup_r
 .text.__sfmoreglue
                0x0000000008009f18       0x2c /Applications/ARM/bin/../lib/gcc/arm-none-eabi/10.3.1/../../../../arm-none-eabi/lib/thumb/v7-m/nofp/libc_nano.a(lib_a-findfp.o)
                0x0000000008009f18                __sfmoreglue
 .text.__sfp_lock_acquire
                0x0000000008009f44        0xc /Applications/ARM/bin/../lib/gcc/arm-none-eabi/10.3.1/../../../../arm-none-eabi/lib/thumb/v7-m/nofp/libc_nano.a(lib_a-findfp.o)
                0x0000000008009f44                __sfp_lock_acquire
 .text.__sfp_lock_release
                0x0000000008009f50        0xc /Applications/ARM/bin/../lib/gcc/arm-none-eabi/10.3.1/../../../../arm-none-eabi/lib/thumb/v7-m/nofp/libc_nano.a(lib_a-findfp.o)
                0x0000000008009f50                __sfp_lock_release
 .text.__sinit_lock_acquire
                0x0000000008009f5c        0xc /Applications/ARM/bin/../lib/gcc/arm-none-eabi/10.3.1/../../../../arm-none-eabi/lib/thumb/v7-m/nofp/libc_nano.a(lib_a-findfp.o)
                0x0000000008009f5c                __sinit_lock_acquire
 .text.__sinit_lock_release
                0x0000000008009f68        0xc /Applications/ARM/bin/../lib/gcc/arm-none-eabi/10.3.1/../../../../arm-none-eabi/lib/thumb/v7-m/nofp/libc_nano.a(lib_a-findfp.o)
                0x0000000008009f68                __sinit_lock_release
 .text.__sinit  0x0000000008009f74       0x70 /Applications/ARM/bin/../lib/gcc/arm-none-eabi/10.3.1/../../../../arm-none-eabi/lib/thumb/v7-m/nofp/libc_nano.a(lib_a-findfp.o)
                0x0000000008009f74                __sinit
 .text.__sfp    0x0000000008009fe4       0x8c /Applications/ARM/bin/../lib/gcc/arm-none-eabi/10.3.1/../../../../arm-none-eabi/lib/thumb/v7-m/nofp/libc_nano.a(lib_a-findfp.o)
                0x0000000008009fe4                __sfp
 .text._fwalk_reent
                0x000000000800a070       0x3e /Applications/ARM/bin/../lib/gcc/arm-none-eabi/10.3.1/../../../../arm-none-eabi/lib/thumb/v7-m/nofp/libc_nano.a(lib_a-fwalk.o)
                0x000000000800a070                _fwalk_reent
 .text.__retarget_lock_init_recursive
                0x000000000800a0ae        0x2 /Applications/ARM/bin/../lib/gcc/arm-none-eabi/10.3.1/../../../../arm-none-eabi/lib/thumb/v7-m/nofp/libc_nano.a(lib_a-lock.o)
                0x000000000800a0ae                __retarget_lock_init_recursive
 .text.__retarget_lock_acquire_recursive
                0x000000000800a0b0        0x2 /Applications/ARM/bin/../lib/gcc/arm-none-eabi/10.3.1/../../../../arm-none-eabi/lib/thumb/v7-m/nofp/libc_nano.a(lib_a-lock.o)
                0x000000000800a0b0                __retarget_lock_acquire_recursive
 .text.__retarget_lock_release_recursive
                0x000000000800a0b2        0x2 /Applications/ARM/bin/../lib/gcc/arm-none-eabi/10.3.1/../../../../arm-none-eabi/lib/thumb/v7-m/nofp/libc_nano.a(lib_a-lock.o)
                0x000000000800a0b2                __retarget_lock_release_recursive
 .text.__malloc_lock
                0x000000000800a0b4        0xc /Applications/ARM/bin/../lib/gcc/arm-none-eabi/10.3.1/../../../../arm-none-eabi/lib/thumb/v7-m/nofp/libc_nano.a(lib_a-mlock.o)
                0x000000000800a0b4                __malloc_lock
 .text.__malloc_unlock
                0x000000000800a0c0        0xc /Applications/ARM/bin/../lib/gcc/arm-none-eabi/10.3.1/../../../../arm-none-eabi/lib/thumb/v7-m/nofp/libc_nano.a(lib_a-mlock.o)
                0x000000000800a0c0                __malloc_unlock
 .text.__ssputs_r
                0x000000000800a0cc       0xb6 /Applications/ARM/bin/../lib/gcc/arm-none-eabi/10.3.1/../../../../arm-none-eabi/lib/thumb/v7-m/nofp/libc_nano.a(lib_a-nano-svfprintf.o)
                0x000000000800a0cc                __ssputs_r
 *fill*         0x000000000800a182        0x2 
 .text._svfprintf_r
                0x000000000800a184      0x200 /Applications/ARM/bin/../lib/gcc/arm-none-eabi/10.3.1/../../../../arm-none-eabi/lib/thumb/v7-m/nofp/libc_nano.a(lib_a-nano-svfprintf.o)
                0x000000000800a184                _svfprintf_r
                0x000000000800a184                _svfiprintf_r
 .text.__sfputc_r
                0x000000000800a384       0x2a /Applications/ARM/bin/../lib/gcc/arm-none-eabi/10.3.1/../../../../arm-none-eabi/lib/thumb/v7-m/nofp/libc_nano.a(lib_a-nano-vfprintf.o)
 .text.__sfputs_r
                0x000000000800a3ae       0x24 /Applications/ARM/bin/../lib/gcc/arm-none-eabi/10.3.1/../../../../arm-none-eabi/lib/thumb/v7-m/nofp/libc_nano.a(lib_a-nano-vfprintf.o)
                0x000000000800a3ae                __sfputs_r
 *fill*         0x000000000800a3d2        0x2 
 .text._vfprintf_r
                0x000000000800a3d4      0x260 /Applications/ARM/bin/../lib/gcc/arm-none-eabi/10.3.1/../../../../arm-none-eabi/lib/thumb/v7-m/nofp/libc_nano.a(lib_a-nano-vfprintf.o)
                0x000000000800a3d4                _vfiprintf_r
                0x000000000800a3d4                _vfprintf_r
 .text._printf_common
                0x000000000800a634       0xde /Applications/ARM/bin/../lib/gcc/arm-none-eabi/10.3.1/../../../../arm-none-eabi/lib/thumb/v7-m/nofp/libc_nano.a(lib_a-nano-vfprintf_i.o)
                0x000000000800a634                _printf_common
 *fill*         0x000000000800a712        0x2 
 .text._printf_i
                0x000000000800a714      0x24c /Applications/ARM/bin/../lib/gcc/arm-none-eabi/10.3.1/../../../../arm-none-eabi/lib/thumb/v7-m/nofp/libc_nano.a(lib_a-nano-vfprintf_i.o)
                0x000000000800a714                _printf_i
 .text.__sread  0x000000000800a960       0x22 /Applications/ARM/bin/../lib/gcc/arm-none-eabi/10.3.1/../../../../arm-none-eabi/lib/thumb/v7-m/nofp/libc_nano.a(lib_a-stdio.o)
                0x000000000800a960                __sread
 .text.__swrite
                0x000000000800a982       0x38 /Applications/ARM/bin/../lib/gcc/arm-none-eabi/10.3.1/../../../../arm-none-eabi/lib/thumb/v7-m/nofp/libc_nano.a(lib_a-stdio.o)
                0x000000000800a982                __swrite
 .text.__sseek  0x000000000800a9ba       0x24 /Applications/ARM/bin/../lib/gcc/arm-none-eabi/10.3.1/../../../../arm-none-eabi/lib/thumb/v7-m/nofp/libc_nano.a(lib_a-stdio.o)
                0x000000000800a9ba                __sseek
 .text.__sclose
                0x000000000800a9de        0x8 /Applications/ARM/bin/../lib/gcc/arm-none-eabi/10.3.1/../../../../arm-none-eabi/lib/thumb/v7-m/nofp/libc_nano.a(lib_a-stdio.o)
                0x000000000800a9de                __sclose
 *fill*         0x000000000800a9e6        0x2 
 .text.__swbuf_r
                0x000000000800a9e8       0xa4 /Applications/ARM/bin/../lib/gcc/arm-none-eabi/10.3.1/../../../../arm-none-eabi/lib/thumb/v7-m/nofp/libc_nano.a(lib_a-wbuf.o)
                0x000000000800a9e8                __swbuf_r
 .text._write_r
                0x000000000800aa8c       0x24 /Applications/ARM/bin/../lib/gcc/arm-none-eabi/10.3.1/../../../../arm-none-eabi/lib/thumb/v7-m/nofp/libc_nano.a(lib_a-writer.o)
                0x000000000800aa8c                _write_r
 .text.__swsetup_r
                0x000000000800aab0       0xdc /Applications/ARM/bin/../lib/gcc/arm-none-eabi/10.3.1/../../../../arm-none-eabi/lib/thumb/v7-m/nofp/libc_nano.a(lib_a-wsetup.o)
                0x000000000800aab0                __swsetup_r
 .text._close_r
                0x000000000800ab8c       0x20 /Applications/ARM/bin/../lib/gcc/arm-none-eabi/10.3.1/../../../../arm-none-eabi/lib/thumb/v7-m/nofp/libc_nano.a(lib_a-closer.o)
                0x000000000800ab8c                _close_r
 .text.__sflush_r
                0x000000000800abac      0x104 /Applications/ARM/bin/../lib/gcc/arm-none-eabi/10.3.1/../../../../arm-none-eabi/lib/thumb/v7-m/nofp/libc_nano.a(lib_a-fflush.o)
                0x000000000800abac                __sflush_r
 .text._fflush_r
                0x000000000800acb0       0x78 /Applications/ARM/bin/../lib/gcc/arm-none-eabi/10.3.1/../../../../arm-none-eabi/lib/thumb/v7-m/nofp/libc_nano.a(lib_a-fflush.o)
                0x000000000800acb0                _fflush_r
 .text._lseek_r
                0x000000000800ad28       0x24 /Applications/ARM/bin/../lib/gcc/arm-none-eabi/10.3.1/../../../../arm-none-eabi/lib/thumb/v7-m/nofp/libc_nano.a(lib_a-lseekr.o)
                0x000000000800ad28                _lseek_r
 .text.__swhatbuf_r
                0x000000000800ad4c       0x4a /Applications/ARM/bin/../lib/gcc/arm-none-eabi/10.3.1/../../../../arm-none-eabi/lib/thumb/v7-m/nofp/libc_nano.a(lib_a-makebuf.o)
                0x000000000800ad4c                __swhatbuf_r
 *fill*         0x000000000800ad96        0x2 
 .text.__smakebuf_r
                0x000000000800ad98       0x80 /Applications/ARM/bin/../lib/gcc/arm-none-eabi/10.3.1/../../../../arm-none-eabi/lib/thumb/v7-m/nofp/libc_nano.a(lib_a-makebuf.o)
                0x000000000800ad98                __smakebuf_r
 .text.memchr   0x000000000800ae18       0x1c /Applications/ARM/bin/../lib/gcc/arm-none-eabi/10.3.1/../../../../arm-none-eabi/lib/thumb/v7-m/nofp/libc_nano.a(lib_a-memchr-stub.o)
                0x000000000800ae18                memchr
 .text.memcpy   0x000000000800ae34       0x1c /Applications/ARM/bin/../lib/gcc/arm-none-eabi/10.3.1/../../../../arm-none-eabi/lib/thumb/v7-m/nofp/libc_nano.a(lib_a-memcpy-stub.o)
                0x000000000800ae34                memcpy
 .text.memmove  0x000000000800ae50       0x34 /Applications/ARM/bin/../lib/gcc/arm-none-eabi/10.3.1/../../../../arm-none-eabi/lib/thumb/v7-m/nofp/libc_nano.a(lib_a-memmove.o)
                0x000000000800ae50                memmove
 .text._realloc_r
                0x000000000800ae84       0x5e /Applications/ARM/bin/../lib/gcc/arm-none-eabi/10.3.1/../../../../arm-none-eabi/lib/thumb/v7-m/nofp/libc_nano.a(lib_a-nano-reallocr.o)
                0x000000000800ae84                _realloc_r
 *fill*         0x000000000800aee2        0x2 
 .text._read_r  0x000000000800aee4       0x24 /Applications/ARM/bin/../lib/gcc/arm-none-eabi/10.3.1/../../../../arm-none-eabi/lib/thumb/v7-m/nofp/libc_nano.a(lib_a-readr.o)
                0x000000000800aee4                _read_r
 .text._fstat_r
                0x000000000800af08       0x24 /Applications/ARM/bin/../lib/gcc/arm-none-eabi/10.3.1/../../../../arm-none-eabi/lib/thumb/v7-m/nofp/libc_nano.a(lib_a-fstatr.o)
                0x000000000800af08                _fstat_r
 .text._isatty_r
                0x000000000800af2c       0x20 /Applications/ARM/bin/../lib/gcc/arm-none-eabi/10.3.1/../../../../arm-none-eabi/lib/thumb/v7-m/nofp/libc_nano.a(lib_a-isattyr.o)
                0x000000000800af2c                _isatty_r
 .text._malloc_usable_size_r
                0x000000000800af4c       0x10 /Applications/ARM/bin/../lib/gcc/arm-none-eabi/10.3.1/../../../../arm-none-eabi/lib/thumb/v7-m/nofp/libc_nano.a(lib_a-nano-msizer.o)
                0x000000000800af4c                _malloc_usable_size_r
 *(.glue_7)
 .glue_7        0x000000000800af5c        0x0 linker stubs
 *(.glue_7t)
 .glue_7t       0x000000000800af5c        0x0 linker stubs
 *(.eh_frame)
 .eh_frame      0x000000000800af5c        0x0 /Applications/ARM/bin/../lib/gcc/arm-none-eabi/10.3.1/thumb/v7-m/nofp/crtbegin.o
 *(.init)
 .init          0x000000000800af5c        0x4 /Applications/ARM/bin/../lib/gcc/arm-none-eabi/10.3.1/thumb/v7-m/nofp/crti.o
                0x000000000800af5c                _init
 .init          0x000000000800af60        0x8 /Applications/ARM/bin/../lib/gcc/arm-none-eabi/10.3.1/thumb/v7-m/nofp/crtn.o
 *(.fini)
 .fini          0x000000000800af68        0x4 /Applications/ARM/bin/../lib/gcc/arm-none-eabi/10.3.1/thumb/v7-m/nofp/crti.o
                0x000000000800af68                _fini
 .fini          0x000000000800af6c        0x8 /Applications/ARM/bin/../lib/gcc/arm-none-eabi/10.3.1/thumb/v7-m/nofp/crtn.o
                0x000000000800af74                . = ALIGN (0x4)
                0x000000000800af74                _etext = .

.vfp11_veneer   0x000000000800af74        0x0
 .vfp11_veneer  0x000000000800af74        0x0 linker stubs

.v4_bx          0x000000000800af74        0x0
 .v4_bx         0x000000000800af74        0x0 linker stubs

.iplt           0x000000000800af74        0x0
 .iplt          0x000000000800af74        0x0 /Applications/ARM/bin/../lib/gcc/arm-none-eabi/10.3.1/thumb/v7-m/nofp/crtbegin.o

.rodata         0x000000000800af74      0x168
                0x000000000800af74                . = ALIGN (0x4)
 *(.rodata)
 .rodata        0x000000000800af74       0x23 build/main.o
 *fill*         0x000000000800af97        0x1 
 .rodata        0x000000000800af98        0x3 build/SCS.o
 *fill*         0x000000000800af9b        0x1 
 .rodata        0x000000000800af9c       0x33 build/STS_control.o
 *fill*         0x000000000800afcf        0x1 
 .rodata        0x000000000800afd0       0x46 build/usbd_desc.o
 *(.rodata*)
 *fill*         0x000000000800b016        0x2 
 .rodata.AHBPrescTable
                0x000000000800b018       0x10 build/system_stm32f1xx.o
                0x000000000800b018                AHBPrescTable
 .rodata.APBPrescTable
                0x000000000800b028        0x8 build/system_stm32f1xx.o
                0x000000000800b028                APBPrescTable
 .rodata.aPLLMULFactorTable.1
                0x000000000800b030       0x10 build/stm32f1xx_hal_rcc.o
 .rodata.aPredivFactorTable.0
                0x000000000800b040        0x2 build/stm32f1xx_hal_rcc.o
 *fill*         0x000000000800b042        0x2 
 .rodata._global_impure_ptr
                0x000000000800b044        0x4 /Applications/ARM/bin/../lib/gcc/arm-none-eabi/10.3.1/../../../../arm-none-eabi/lib/thumb/v7-m/nofp/libc_nano.a(lib_a-impure.o)
                0x000000000800b044                _global_impure_ptr
 .rodata.__sf_fake_stderr
                0x000000000800b048       0x20 /Applications/ARM/bin/../lib/gcc/arm-none-eabi/10.3.1/../../../../arm-none-eabi/lib/thumb/v7-m/nofp/libc_nano.a(lib_a-findfp.o)
                0x000000000800b048                __sf_fake_stderr
 .rodata.__sf_fake_stdin
                0x000000000800b068       0x20 /Applications/ARM/bin/../lib/gcc/arm-none-eabi/10.3.1/../../../../arm-none-eabi/lib/thumb/v7-m/nofp/libc_nano.a(lib_a-findfp.o)
                0x000000000800b068                __sf_fake_stdin
 .rodata.__sf_fake_stdout
                0x000000000800b088       0x20 /Applications/ARM/bin/../lib/gcc/arm-none-eabi/10.3.1/../../../../arm-none-eabi/lib/thumb/v7-m/nofp/libc_nano.a(lib_a-findfp.o)
                0x000000000800b088                __sf_fake_stdout
 .rodata._svfprintf_r.str1.1
                0x000000000800b0a8       0x11 /Applications/ARM/bin/../lib/gcc/arm-none-eabi/10.3.1/../../../../arm-none-eabi/lib/thumb/v7-m/nofp/libc_nano.a(lib_a-nano-svfprintf.o)
 .rodata._vfprintf_r.str1.1
                0x000000000800b0b9       0x11 /Applications/ARM/bin/../lib/gcc/arm-none-eabi/10.3.1/../../../../arm-none-eabi/lib/thumb/v7-m/nofp/libc_nano.a(lib_a-nano-vfprintf.o)
 .rodata._printf_i.str1.1
                0x000000000800b0b9       0x22 /Applications/ARM/bin/../lib/gcc/arm-none-eabi/10.3.1/../../../../arm-none-eabi/lib/thumb/v7-m/nofp/libc_nano.a(lib_a-nano-vfprintf_i.o)
                0x000000000800b0dc                . = ALIGN (0x4)
 *fill*         0x000000000800b0db        0x1 

.rel.dyn        0x000000000800b0dc        0x0
 .rel.iplt      0x000000000800b0dc        0x0 /Applications/ARM/bin/../lib/gcc/arm-none-eabi/10.3.1/thumb/v7-m/nofp/crtbegin.o

.ARM.extab      0x000000000800b0dc        0x0
                0x000000000800b0dc                . = ALIGN (0x4)
 *(.ARM.extab* .gnu.linkonce.armextab.*)
                0x000000000800b0dc                . = ALIGN (0x4)

.ARM            0x000000000800b0dc        0x0
                0x000000000800b0dc                . = ALIGN (0x4)
                0x000000000800b0dc                __exidx_start = .
 *(.ARM.exidx*)
                0x000000000800b0dc                __exidx_end = .
                0x000000000800b0dc                . = ALIGN (0x4)

.preinit_array  0x000000000800b0dc        0x0
                0x000000000800b0dc                . = ALIGN (0x4)
                0x000000000800b0dc                PROVIDE (__preinit_array_start = .)
 *(.preinit_array*)
                0x000000000800b0dc                PROVIDE (__preinit_array_end = .)
                0x000000000800b0dc                . = ALIGN (0x4)

.init_array     0x000000000800b0dc        0x4
                0x000000000800b0dc                . = ALIGN (0x4)
                0x000000000800b0dc                PROVIDE (__init_array_start = .)
 *(SORT_BY_NAME(.init_array.*))
 *(.init_array*)
 .init_array    0x000000000800b0dc        0x4 /Applications/ARM/bin/../lib/gcc/arm-none-eabi/10.3.1/thumb/v7-m/nofp/crtbegin.o
                0x000000000800b0e0                PROVIDE (__init_array_end = .)
                0x000000000800b0e0                . = ALIGN (0x4)

.fini_array     0x000000000800b0e0        0x4
                0x000000000800b0e0                . = ALIGN (0x4)
                [!provide]                        PROVIDE (__fini_array_start = .)
 *(SORT_BY_NAME(.fini_array.*))
 *(.fini_array*)
 .fini_array    0x000000000800b0e0        0x4 /Applications/ARM/bin/../lib/gcc/arm-none-eabi/10.3.1/thumb/v7-m/nofp/crtbegin.o
                [!provide]                        PROVIDE (__fini_array_end = .)
                0x000000000800b0e4                . = ALIGN (0x4)
                0x000000000800b0e4                _sidata = LOADADDR (.data)

.data           0x0000000020000000      0x1e8 load address 0x000000000800b0e4
                0x0000000020000000                . = ALIGN (0x4)
                0x0000000020000000                _sdata = .
 *(.data)
 *(.data*)
 .data.SystemCoreClock
                0x0000000020000000        0x4 build/system_stm32f1xx.o
                0x0000000020000000                SystemCoreClock
 .data.servo_ID
                0x0000000020000004        0x1 build/STS_control.o
                0x0000000020000004                servo_ID
 *fill*         0x0000000020000005        0x1 
 .data.default_speed
                0x0000000020000006        0x2 build/STS_control.o
                0x0000000020000006                default_speed
 .data.default_acc
                0x0000000020000008        0x2 build/STS_control.o
                0x0000000020000008                default_acc
 *fill*         0x000000002000000a        0x2 
 .data.FS_Desc  0x000000002000000c       0x1c build/usbd_desc.o
                0x000000002000000c                FS_Desc
 .data.USBD_FS_DeviceDesc
                0x0000000020000028       0x12 build/usbd_desc.o
                0x0000000020000028                USBD_FS_DeviceDesc
 *fill*         0x000000002000003a        0x2 
 .data.USBD_LangIDDesc
                0x000000002000003c        0x4 build/usbd_desc.o
                0x000000002000003c                USBD_LangIDDesc
 .data.USBD_StringSerial
                0x0000000020000040       0x1a build/usbd_desc.o
                0x0000000020000040                USBD_StringSerial
 *fill*         0x000000002000005a        0x2 
 .data.USBD_Interface_fops_FS
                0x000000002000005c       0x10 build/usbd_cdc_if.o
                0x000000002000005c                USBD_Interface_fops_FS
 .data.USBD_CDC_DeviceQualifierDesc
                0x000000002000006c        0xa build/usbd_cdc.o
 *fill*         0x0000000020000076        0x2 
 .data.USBD_CDC
                0x0000000020000078       0x38 build/usbd_cdc.o
                0x0000000020000078                USBD_CDC
 .data.USBD_CDC_CfgHSDesc
                0x00000000200000b0       0x43 build/usbd_cdc.o
                0x00000000200000b0                USBD_CDC_CfgHSDesc
 *fill*         0x00000000200000f3        0x1 
 .data.USBD_CDC_CfgFSDesc
                0x00000000200000f4       0x43 build/usbd_cdc.o
                0x00000000200000f4                USBD_CDC_CfgFSDesc
 *fill*         0x0000000020000137        0x1 
 .data.USBD_CDC_OtherSpeedCfgDesc
                0x0000000020000138       0x43 build/usbd_cdc.o
                0x0000000020000138                USBD_CDC_OtherSpeedCfgDesc
 *fill*         0x000000002000017b        0x1 
 .data.uwTickPrio
                0x000000002000017c        0x4 build/stm32f1xx_hal.o
                0x000000002000017c                uwTickPrio
 .data.uwTickFreq
                0x0000000020000180        0x1 build/stm32f1xx_hal.o
                0x0000000020000180                uwTickFreq
 *fill*         0x0000000020000181        0x3 
 .data._impure_ptr
                0x0000000020000184        0x4 /Applications/ARM/bin/../lib/gcc/arm-none-eabi/10.3.1/../../../../arm-none-eabi/lib/thumb/v7-m/nofp/libc_nano.a(lib_a-impure.o)
                0x0000000020000184                _impure_ptr
 .data.impure_data
                0x0000000020000188       0x60 /Applications/ARM/bin/../lib/gcc/arm-none-eabi/10.3.1/../../../../arm-none-eabi/lib/thumb/v7-m/nofp/libc_nano.a(lib_a-impure.o)
 *(.RamFunc)
 *(.RamFunc*)
                0x00000000200001e8                . = ALIGN (0x4)
                0x00000000200001e8                _edata = .

.igot.plt       0x00000000200001e8        0x0 load address 0x000000000800b2cc
 .igot.plt      0x00000000200001e8        0x0 /Applications/ARM/bin/../lib/gcc/arm-none-eabi/10.3.1/thumb/v7-m/nofp/crtbegin.o
                0x00000000200001e8                . = ALIGN (0x4)

.bss            0x00000000200001e8     0x13bc load address 0x000000000800b2cc
                0x00000000200001e8                _sbss = .
                0x00000000200001e8                __bss_start__ = _sbss
 *(.bss)
 .bss           0x00000000200001e8       0x1c /Applications/ARM/bin/../lib/gcc/arm-none-eabi/10.3.1/thumb/v7-m/nofp/crtbegin.o
 *(.bss*)
 .bss.huart2    0x0000000020000204       0x48 build/usart.o
                0x0000000020000204                huart2
 .bss.hdma_usart2_rx
                0x000000002000024c       0x44 build/usart.o
                0x000000002000024c                hdma_usart2_rx
 .bss.hdma_usart2_tx
                0x0000000020000290       0x44 build/usart.o
                0x0000000020000290                hdma_usart2_tx
 .bss.End       0x00000000200002d4        0x1 build/SCS.o
 .bss.u8Status  0x00000000200002d5        0x1 build/SCS.o
 .bss.u8Error   0x00000000200002d6        0x1 build/SCS.o
 .bss.syncReadRxPacketIndex
                0x00000000200002d7        0x1 build/SCS.o
                0x00000000200002d7                syncReadRxPacketIndex
 .bss.syncReadRxPacketLen
                0x00000000200002d8        0x1 build/SCS.o
                0x00000000200002d8                syncReadRxPacketLen
 *fill*         0x00000000200002d9        0x3 
 .bss.syncReadRxPacket
                0x00000000200002dc        0x4 build/SCS.o
                0x00000000200002dc                syncReadRxPacket
 .bss.syncReadRxBuff
                0x00000000200002e0        0x4 build/SCS.o
                0x00000000200002e0                syncReadRxBuff
 .bss.syncReadRxBuffLen
                0x00000000200002e4        0x2 build/SCS.o
                0x00000000200002e4                syncReadRxBuffLen
 .bss.syncReadRxBuffMax
                0x00000000200002e6        0x2 build/SCS.o
                0x00000000200002e6                syncReadRxBuffMax
 .bss.wBuf      0x00000000200002e8       0x80 build/SCSerial.o
                0x00000000200002e8                wBuf
 .bss.wLen      0x0000000020000368        0x1 build/SCSerial.o
                0x0000000020000368                wLen
 *fill*         0x0000000020000369        0x3 
 .bss.servo_position
                0x000000002000036c        0x2 build/STS_control.o
                0x000000002000036c                servo_position
 *fill*         0x000000002000036e        0x2 
 .bss.servo_speed
                0x0000000020000370        0x2 build/STS_control.o
                0x0000000020000370                servo_speed
 *fill*         0x0000000020000372        0x2 
 .bss.servo_rxPacket
                0x0000000020000374        0x4 build/STS_control.o
                0x0000000020000374                servo_rxPacket
 .bss.servo_set_position
                0x0000000020000378        0x2 build/STS_control.o
                0x0000000020000378                servo_set_position
 *fill*         0x000000002000037a        0x2 
 .bss.servo_set_speed
                0x000000002000037c        0x2 build/STS_control.o
                0x000000002000037c                servo_set_speed
 *fill*         0x000000002000037e        0x2 
 .bss.servo_set_acc
                0x0000000020000380        0x2 build/STS_control.o
                0x0000000020000380                servo_set_acc
 *fill*         0x0000000020000382        0x2 
 .bss.debug_message
                0x0000000020000384       0x20 build/STS_control.o
                0x0000000020000384                debug_message
 .bss.hUsbDeviceFS
                0x00000000200003a4      0x2c4 build/usb_device.o
                0x00000000200003a4                hUsbDeviceFS
 .bss.USBD_StrDesc
                0x0000000020000668      0x200 build/usbd_desc.o
                0x0000000020000668                USBD_StrDesc
 .bss.UserRxBufferFS
                0x0000000020000868      0x400 build/usbd_cdc_if.o
                0x0000000020000868                UserRxBufferFS
 .bss.UserTxBufferFS
                0x0000000020000c68      0x400 build/usbd_cdc_if.o
                0x0000000020000c68                UserTxBufferFS
 .bss.hpcd_USB_FS
                0x0000000020001068      0x2d8 build/usbd_conf.o
                0x0000000020001068                hpcd_USB_FS
 .bss.mem.0     0x0000000020001340      0x220 build/usbd_conf.o
 .bss.cfgidx.0  0x0000000020001560        0x1 build/usbd_ctlreq.o
 *fill*         0x0000000020001561        0x3 
 .bss.__sbrk_heap_end
                0x0000000020001564        0x4 build/sysmem.o
 .bss.uwTick    0x0000000020001568        0x4 build/stm32f1xx_hal.o
                0x0000000020001568                uwTick
 .bss.hcan      0x000000002000156c       0x28 build/can.o
                0x000000002000156c                hcan
 .bss.__malloc_free_list
                0x0000000020001594        0x4 /Applications/ARM/bin/../lib/gcc/arm-none-eabi/10.3.1/../../../../arm-none-eabi/lib/thumb/v7-m/nofp/libc_nano.a(lib_a-nano-mallocr.o)
                0x0000000020001594                __malloc_free_list
 .bss.__malloc_sbrk_start
                0x0000000020001598        0x4 /Applications/ARM/bin/../lib/gcc/arm-none-eabi/10.3.1/../../../../arm-none-eabi/lib/thumb/v7-m/nofp/libc_nano.a(lib_a-nano-mallocr.o)
                0x0000000020001598                __malloc_sbrk_start
 .bss.__lock___malloc_recursive_mutex
                0x000000002000159c        0x1 /Applications/ARM/bin/../lib/gcc/arm-none-eabi/10.3.1/../../../../arm-none-eabi/lib/thumb/v7-m/nofp/libc_nano.a(lib_a-lock.o)
                0x000000002000159c                __lock___malloc_recursive_mutex
 .bss.__lock___sfp_recursive_mutex
                0x000000002000159d        0x1 /Applications/ARM/bin/../lib/gcc/arm-none-eabi/10.3.1/../../../../arm-none-eabi/lib/thumb/v7-m/nofp/libc_nano.a(lib_a-lock.o)
                0x000000002000159d                __lock___sfp_recursive_mutex
 .bss.__lock___sinit_recursive_mutex
                0x000000002000159e        0x1 /Applications/ARM/bin/../lib/gcc/arm-none-eabi/10.3.1/../../../../arm-none-eabi/lib/thumb/v7-m/nofp/libc_nano.a(lib_a-lock.o)
                0x000000002000159e                __lock___sinit_recursive_mutex
 *fill*         0x000000002000159f        0x1 
 .bss.errno     0x00000000200015a0        0x4 /Applications/ARM/bin/../lib/gcc/arm-none-eabi/10.3.1/../../../../arm-none-eabi/lib/thumb/v7-m/nofp/libc_nano.a(lib_a-reent.o)
                0x00000000200015a0                errno
 *(COMMON)
                0x00000000200015a4                . = ALIGN (0x4)
                0x00000000200015a4                _ebss = .
                0x00000000200015a4                __bss_end__ = _ebss

._user_heap_stack
                0x00000000200015a4      0x604 load address 0x000000000800b2cc
                0x00000000200015a8                . = ALIGN (0x8)
 *fill*         0x00000000200015a4        0x4 
                [!provide]                        PROVIDE (end = .)
                0x00000000200015a8                PROVIDE (_end = .)
                0x00000000200017a8                . = (. + _Min_Heap_Size)
 *fill*         0x00000000200015a8      0x200 
                0x0000000020001ba8                . = (. + _Min_Stack_Size)
 *fill*         0x00000000200017a8      0x400 
                0x0000000020001ba8                . = ALIGN (0x8)

/DISCARD/
 libc.a(*)
 libm.a(*)
 libgcc.a(*)
OUTPUT(build/FTServo_stm32f103c8t6.elf elf32-littlearm)
LOAD linker stubs
LOAD /Applications/ARM/bin/../lib/gcc/arm-none-eabi/10.3.1/../../../../arm-none-eabi/lib/thumb/v7-m/nofp/libc.a
LOAD /Applications/ARM/bin/../lib/gcc/arm-none-eabi/10.3.1/../../../../arm-none-eabi/lib/thumb/v7-m/nofp/libm.a
LOAD /Applications/ARM/bin/../lib/gcc/arm-none-eabi/10.3.1/thumb/v7-m/nofp/libgcc.a

.ARM.attributes
                0x0000000000000000       0x29
 .ARM.attributes
                0x0000000000000000       0x1d /Applications/ARM/bin/../lib/gcc/arm-none-eabi/10.3.1/thumb/v7-m/nofp/crti.o
 .ARM.attributes
                0x000000000000001d       0x2d /Applications/ARM/bin/../lib/gcc/arm-none-eabi/10.3.1/thumb/v7-m/nofp/crtbegin.o
 .ARM.attributes
                0x000000000000004a       0x2d build/main.o
 .ARM.attributes
                0x0000000000000077       0x2d build/gpio.o
 .ARM.attributes
                0x00000000000000a4       0x2d build/dma.o
 .ARM.attributes
                0x00000000000000d1       0x2d build/usart.o
 .ARM.attributes
                0x00000000000000fe       0x2d build/stm32f1xx_it.o
 .ARM.attributes
                0x000000000000012b       0x2d build/stm32f1xx_hal_msp.o
 .ARM.attributes
                0x0000000000000158       0x2d build/system_stm32f1xx.o
 .ARM.attributes
                0x0000000000000185       0x2d build/SCS.o
 .ARM.attributes
                0x00000000000001b2       0x2d build/SCSerial.o
 .ARM.attributes
                0x00000000000001df       0x2d build/SMS_STS.o
 .ARM.attributes
                0x000000000000020c       0x2d build/STS_control.o
 .ARM.attributes
                0x0000000000000239       0x2d build/syscalls.o
 .ARM.attributes
                0x0000000000000266       0x2d build/usb_device.o
 .ARM.attributes
                0x0000000000000293       0x2d build/usbd_desc.o
 .ARM.attributes
                0x00000000000002c0       0x2d build/usbd_cdc_if.o
 .ARM.attributes
                0x00000000000002ed       0x2d build/usbd_conf.o
 .ARM.attributes
                0x000000000000031a       0x2d build/usbd_core.o
 .ARM.attributes
                0x0000000000000347       0x2d build/usbd_ctlreq.o
 .ARM.attributes
                0x0000000000000374       0x2d build/usbd_ioreq.o
 .ARM.attributes
                0x00000000000003a1       0x2d build/usbd_cdc.o
 .ARM.attributes
                0x00000000000003ce       0x2d build/sysmem.o
 .ARM.attributes
                0x00000000000003fb       0x2d build/stm32f1xx_hal_pcd.o
 .ARM.attributes
                0x0000000000000428       0x2d build/stm32f1xx_hal_pcd_ex.o
 .ARM.attributes
                0x0000000000000455       0x2d build/stm32f1xx_ll_usb.o
 .ARM.attributes
                0x0000000000000482       0x2d build/stm32f1xx_hal.o
 .ARM.attributes
                0x00000000000004af       0x2d build/stm32f1xx_hal_rcc.o
 .ARM.attributes
                0x00000000000004dc       0x2d build/stm32f1xx_hal_rcc_ex.o
 .ARM.attributes
                0x0000000000000509       0x2d build/stm32f1xx_hal_gpio.o
 .ARM.attributes
                0x0000000000000536       0x2d build/stm32f1xx_hal_dma.o
 .ARM.attributes
                0x0000000000000563       0x2d build/stm32f1xx_hal_cortex.o
 .ARM.attributes
                0x0000000000000590       0x2d build/stm32f1xx_hal_uart.o
 .ARM.attributes
                0x00000000000005bd       0x2d build/can.o
 .ARM.attributes
                0x00000000000005ea       0x2d build/stm32f1xx_hal_can.o
 .ARM.attributes
                0x0000000000000617       0x21 build/startup_stm32f103xb.o
 .ARM.attributes
                0x0000000000000638       0x2d /Applications/ARM/bin/../lib/gcc/arm-none-eabi/10.3.1/../../../../arm-none-eabi/lib/thumb/v7-m/nofp/libc_nano.a(lib_a-errno.o)
 .ARM.attributes
                0x0000000000000665       0x2d /Applications/ARM/bin/../lib/gcc/arm-none-eabi/10.3.1/../../../../arm-none-eabi/lib/thumb/v7-m/nofp/libc_nano.a(lib_a-impure.o)
 .ARM.attributes
                0x0000000000000692       0x2d /Applications/ARM/bin/../lib/gcc/arm-none-eabi/10.3.1/../../../../arm-none-eabi/lib/thumb/v7-m/nofp/libc_nano.a(lib_a-init.o)
 .ARM.attributes
                0x00000000000006bf       0x2d /Applications/ARM/bin/../lib/gcc/arm-none-eabi/10.3.1/../../../../arm-none-eabi/lib/thumb/v7-m/nofp/libc_nano.a(lib_a-malloc.o)
 .ARM.attributes
                0x00000000000006ec       0x2d /Applications/ARM/bin/../lib/gcc/arm-none-eabi/10.3.1/../../../../arm-none-eabi/lib/thumb/v7-m/nofp/libc_nano.a(lib_a-memset.o)
 .ARM.attributes
                0x0000000000000719       0x2d /Applications/ARM/bin/../lib/gcc/arm-none-eabi/10.3.1/../../../../arm-none-eabi/lib/thumb/v7-m/nofp/libc_nano.a(lib_a-nano-freer.o)
 .ARM.attributes
                0x0000000000000746       0x2d /Applications/ARM/bin/../lib/gcc/arm-none-eabi/10.3.1/../../../../arm-none-eabi/lib/thumb/v7-m/nofp/libc_nano.a(lib_a-nano-mallocr.o)
 .ARM.attributes
                0x0000000000000773       0x2d /Applications/ARM/bin/../lib/gcc/arm-none-eabi/10.3.1/../../../../arm-none-eabi/lib/thumb/v7-m/nofp/libc_nano.a(lib_a-printf.o)
 .ARM.attributes
                0x00000000000007a0       0x2d /Applications/ARM/bin/../lib/gcc/arm-none-eabi/10.3.1/../../../../arm-none-eabi/lib/thumb/v7-m/nofp/libc_nano.a(lib_a-sbrkr.o)
 .ARM.attributes
                0x00000000000007cd       0x2d /Applications/ARM/bin/../lib/gcc/arm-none-eabi/10.3.1/../../../../arm-none-eabi/lib/thumb/v7-m/nofp/libc_nano.a(lib_a-sprintf.o)
 .ARM.attributes
                0x00000000000007fa       0x17 /Applications/ARM/bin/../lib/gcc/arm-none-eabi/10.3.1/../../../../arm-none-eabi/lib/thumb/v7-m/nofp/libc_nano.a(lib_a-strlen.o)
 .ARM.attributes
                0x0000000000000811       0x2d /Applications/ARM/bin/../lib/gcc/arm-none-eabi/10.3.1/../../../../arm-none-eabi/lib/thumb/v7-m/nofp/libc_nano.a(lib_a-findfp.o)
 .ARM.attributes
                0x000000000000083e       0x2d /Applications/ARM/bin/../lib/gcc/arm-none-eabi/10.3.1/../../../../arm-none-eabi/lib/thumb/v7-m/nofp/libc_nano.a(lib_a-fwalk.o)
 .ARM.attributes
                0x000000000000086b       0x2d /Applications/ARM/bin/../lib/gcc/arm-none-eabi/10.3.1/../../../../arm-none-eabi/lib/thumb/v7-m/nofp/libc_nano.a(lib_a-lock.o)
 .ARM.attributes
                0x0000000000000898       0x2d /Applications/ARM/bin/../lib/gcc/arm-none-eabi/10.3.1/../../../../arm-none-eabi/lib/thumb/v7-m/nofp/libc_nano.a(lib_a-mlock.o)
 .ARM.attributes
                0x00000000000008c5       0x2d /Applications/ARM/bin/../lib/gcc/arm-none-eabi/10.3.1/../../../../arm-none-eabi/lib/thumb/v7-m/nofp/libc_nano.a(lib_a-nano-svfprintf.o)
 .ARM.attributes
                0x00000000000008f2       0x2d /Applications/ARM/bin/../lib/gcc/arm-none-eabi/10.3.1/../../../../arm-none-eabi/lib/thumb/v7-m/nofp/libc_nano.a(lib_a-nano-vfprintf.o)
 .ARM.attributes
                0x000000000000091f       0x2d /Applications/ARM/bin/../lib/gcc/arm-none-eabi/10.3.1/../../../../arm-none-eabi/lib/thumb/v7-m/nofp/libc_nano.a(lib_a-nano-vfprintf_i.o)
 .ARM.attributes
                0x000000000000094c       0x2d /Applications/ARM/bin/../lib/gcc/arm-none-eabi/10.3.1/../../../../arm-none-eabi/lib/thumb/v7-m/nofp/libc_nano.a(lib_a-reent.o)
 .ARM.attributes
                0x0000000000000979       0x2d /Applications/ARM/bin/../lib/gcc/arm-none-eabi/10.3.1/../../../../arm-none-eabi/lib/thumb/v7-m/nofp/libc_nano.a(lib_a-stdio.o)
 .ARM.attributes
                0x00000000000009a6       0x2d /Applications/ARM/bin/../lib/gcc/arm-none-eabi/10.3.1/../../../../arm-none-eabi/lib/thumb/v7-m/nofp/libc_nano.a(lib_a-wbuf.o)
 .ARM.attributes
                0x00000000000009d3       0x2d /Applications/ARM/bin/../lib/gcc/arm-none-eabi/10.3.1/../../../../arm-none-eabi/lib/thumb/v7-m/nofp/libc_nano.a(lib_a-writer.o)
 .ARM.attributes
                0x0000000000000a00       0x2d /Applications/ARM/bin/../lib/gcc/arm-none-eabi/10.3.1/../../../../arm-none-eabi/lib/thumb/v7-m/nofp/libc_nano.a(lib_a-wsetup.o)
 .ARM.attributes
                0x0000000000000a2d       0x2d /Applications/ARM/bin/../lib/gcc/arm-none-eabi/10.3.1/../../../../arm-none-eabi/lib/thumb/v7-m/nofp/libc_nano.a(lib_a-closer.o)
 .ARM.attributes
                0x0000000000000a5a       0x2d /Applications/ARM/bin/../lib/gcc/arm-none-eabi/10.3.1/../../../../arm-none-eabi/lib/thumb/v7-m/nofp/libc_nano.a(lib_a-fflush.o)
 .ARM.attributes
                0x0000000000000a87       0x2d /Applications/ARM/bin/../lib/gcc/arm-none-eabi/10.3.1/../../../../arm-none-eabi/lib/thumb/v7-m/nofp/libc_nano.a(lib_a-lseekr.o)
 .ARM.attributes
                0x0000000000000ab4       0x2d /Applications/ARM/bin/../lib/gcc/arm-none-eabi/10.3.1/../../../../arm-none-eabi/lib/thumb/v7-m/nofp/libc_nano.a(lib_a-makebuf.o)
 .ARM.attributes
                0x0000000000000ae1       0x2d /Applications/ARM/bin/../lib/gcc/arm-none-eabi/10.3.1/../../../../arm-none-eabi/lib/thumb/v7-m/nofp/libc_nano.a(lib_a-memchr-stub.o)
 .ARM.attributes
                0x0000000000000b0e       0x2d /Applications/ARM/bin/../lib/gcc/arm-none-eabi/10.3.1/../../../../arm-none-eabi/lib/thumb/v7-m/nofp/libc_nano.a(lib_a-memcpy-stub.o)
 .ARM.attributes
                0x0000000000000b3b       0x2d /Applications/ARM/bin/../lib/gcc/arm-none-eabi/10.3.1/../../../../arm-none-eabi/lib/thumb/v7-m/nofp/libc_nano.a(lib_a-memmove.o)
 .ARM.attributes
                0x0000000000000b68       0x2d /Applications/ARM/bin/../lib/gcc/arm-none-eabi/10.3.1/../../../../arm-none-eabi/lib/thumb/v7-m/nofp/libc_nano.a(lib_a-nano-reallocr.o)
 .ARM.attributes
                0x0000000000000b95       0x2d /Applications/ARM/bin/../lib/gcc/arm-none-eabi/10.3.1/../../../../arm-none-eabi/lib/thumb/v7-m/nofp/libc_nano.a(lib_a-readr.o)
 .ARM.attributes
                0x0000000000000bc2       0x2d /Applications/ARM/bin/../lib/gcc/arm-none-eabi/10.3.1/../../../../arm-none-eabi/lib/thumb/v7-m/nofp/libc_nano.a(lib_a-fstatr.o)
 .ARM.attributes
                0x0000000000000bef       0x2d /Applications/ARM/bin/../lib/gcc/arm-none-eabi/10.3.1/../../../../arm-none-eabi/lib/thumb/v7-m/nofp/libc_nano.a(lib_a-isattyr.o)
 .ARM.attributes
                0x0000000000000c1c       0x2d /Applications/ARM/bin/../lib/gcc/arm-none-eabi/10.3.1/../../../../arm-none-eabi/lib/thumb/v7-m/nofp/libc_nano.a(lib_a-nano-msizer.o)
 .ARM.attributes
                0x0000000000000c49       0x1d /Applications/ARM/bin/../lib/gcc/arm-none-eabi/10.3.1/thumb/v7-m/nofp/crtn.o

.comment        0x0000000000000000       0x49
 .comment       0x0000000000000000       0x49 build/main.o
                                         0x4a (size before relaxing)
 .comment       0x0000000000000049       0x4a build/gpio.o
 .comment       0x0000000000000049       0x4a build/dma.o
 .comment       0x0000000000000049       0x4a build/usart.o
 .comment       0x0000000000000049       0x4a build/stm32f1xx_it.o
 .comment       0x0000000000000049       0x4a build/stm32f1xx_hal_msp.o
 .comment       0x0000000000000049       0x4a build/system_stm32f1xx.o
 .comment       0x0000000000000049       0x4a build/SCS.o
 .comment       0x0000000000000049       0x4a build/SCSerial.o
 .comment       0x0000000000000049       0x4a build/SMS_STS.o
 .comment       0x0000000000000049       0x4a build/STS_control.o
 .comment       0x0000000000000049       0x4a build/syscalls.o
 .comment       0x0000000000000049       0x4a build/usb_device.o
 .comment       0x0000000000000049       0x4a build/usbd_desc.o
 .comment       0x0000000000000049       0x4a build/usbd_cdc_if.o
 .comment       0x0000000000000049       0x4a build/usbd_conf.o
 .comment       0x0000000000000049       0x4a build/usbd_core.o
 .comment       0x0000000000000049       0x4a build/usbd_ctlreq.o
 .comment       0x0000000000000049       0x4a build/usbd_ioreq.o
 .comment       0x0000000000000049       0x4a build/usbd_cdc.o
 .comment       0x0000000000000049       0x4a build/sysmem.o
 .comment       0x0000000000000049       0x4a build/stm32f1xx_hal_pcd.o
 .comment       0x0000000000000049       0x4a build/stm32f1xx_hal_pcd_ex.o
 .comment       0x0000000000000049       0x4a build/stm32f1xx_ll_usb.o
 .comment       0x0000000000000049       0x4a build/stm32f1xx_hal.o
 .comment       0x0000000000000049       0x4a build/stm32f1xx_hal_rcc.o
 .comment       0x0000000000000049       0x4a build/stm32f1xx_hal_rcc_ex.o
 .comment       0x0000000000000049       0x4a build/stm32f1xx_hal_gpio.o
 .comment       0x0000000000000049       0x4a build/stm32f1xx_hal_dma.o
 .comment       0x0000000000000049       0x4a build/stm32f1xx_hal_cortex.o
 .comment       0x0000000000000049       0x4a build/stm32f1xx_hal_uart.o
 .comment       0x0000000000000049       0x4a build/can.o
 .comment       0x0000000000000049       0x4a build/stm32f1xx_hal_can.o

.debug_info     0x0000000000000000    0x15c31
 .debug_info    0x0000000000000000      0x388 build/main.o
 .debug_info    0x0000000000000388      0x1b6 build/gpio.o
 .debug_info    0x000000000000053e      0x2c3 build/dma.o
 .debug_info    0x0000000000000801      0x9c2 build/usart.o
 .debug_info    0x00000000000011c3     0x109b build/stm32f1xx_it.o
 .debug_info    0x000000000000225e      0x233 build/stm32f1xx_hal_msp.o
 .debug_info    0x0000000000002491      0x261 build/system_stm32f1xx.o
 .debug_info    0x00000000000026f2      0xa89 build/SCS.o
 .debug_info    0x000000000000317b      0x197 build/SCSerial.o
 .debug_info    0x0000000000003312      0x37f build/SMS_STS.o
 .debug_info    0x0000000000003691     0x1261 build/STS_control.o
 .debug_info    0x00000000000048f2      0x736 build/syscalls.o
 .debug_info    0x0000000000005028      0x671 build/usb_device.o
 .debug_info    0x0000000000005699      0x4a8 build/usbd_desc.o
 .debug_info    0x0000000000005b41      0x860 build/usbd_cdc_if.o
 .debug_info    0x00000000000063a1     0x17cf build/usbd_conf.o
 .debug_info    0x0000000000007b70      0xa42 build/usbd_core.o
 .debug_info    0x00000000000085b2      0x989 build/usbd_ctlreq.o
 .debug_info    0x0000000000008f3b      0x740 build/usbd_ioreq.o
 .debug_info    0x000000000000967b     0x110f build/usbd_cdc.o
 .debug_info    0x000000000000a78a      0x16a build/sysmem.o
 .debug_info    0x000000000000a8f4     0x16de build/stm32f1xx_hal_pcd.o
 .debug_info    0x000000000000bfd2      0x7b9 build/stm32f1xx_hal_pcd_ex.o
 .debug_info    0x000000000000c78b     0x19d5 build/stm32f1xx_ll_usb.o
 .debug_info    0x000000000000e160      0x798 build/stm32f1xx_hal.o
 .debug_info    0x000000000000e8f8      0x8d0 build/stm32f1xx_hal_rcc.o
 .debug_info    0x000000000000f1c8      0x3fb build/stm32f1xx_hal_rcc_ex.o
 .debug_info    0x000000000000f5c3      0x67d build/stm32f1xx_hal_gpio.o
 .debug_info    0x000000000000fc40      0x7ab build/stm32f1xx_hal_dma.o
 .debug_info    0x00000000000103eb      0xbf5 build/stm32f1xx_hal_cortex.o
 .debug_info    0x0000000000010fe0     0x31f6 build/stm32f1xx_hal_uart.o
 .debug_info    0x00000000000141d6      0x942 build/can.o
 .debug_info    0x0000000000014b18     0x10f7 build/stm32f1xx_hal_can.o
 .debug_info    0x0000000000015c0f       0x22 build/startup_stm32f103xb.o

.debug_abbrev   0x0000000000000000     0x399f
 .debug_abbrev  0x0000000000000000      0x195 build/main.o
 .debug_abbrev  0x0000000000000195       0xc1 build/gpio.o
 .debug_abbrev  0x0000000000000256       0xdb build/dma.o
 .debug_abbrev  0x0000000000000331      0x1b1 build/usart.o
 .debug_abbrev  0x00000000000004e2      0x1b8 build/stm32f1xx_it.o
 .debug_abbrev  0x000000000000069a       0xd3 build/stm32f1xx_hal_msp.o
 .debug_abbrev  0x000000000000076d      0x13a build/system_stm32f1xx.o
 .debug_abbrev  0x00000000000008a7      0x279 build/SCS.o
 .debug_abbrev  0x0000000000000b20       0xcc build/SCSerial.o
 .debug_abbrev  0x0000000000000bec       0xf0 build/SMS_STS.o
 .debug_abbrev  0x0000000000000cdc      0x2df build/STS_control.o
 .debug_abbrev  0x0000000000000fbb      0x17f build/syscalls.o
 .debug_abbrev  0x000000000000113a      0x147 build/usb_device.o
 .debug_abbrev  0x0000000000001281      0x1e4 build/usbd_desc.o
 .debug_abbrev  0x0000000000001465      0x229 build/usbd_cdc_if.o
 .debug_abbrev  0x000000000000168e      0x2a8 build/usbd_conf.o
 .debug_abbrev  0x0000000000001936      0x1f8 build/usbd_core.o
 .debug_abbrev  0x0000000000001b2e      0x22e build/usbd_ctlreq.o
 .debug_abbrev  0x0000000000001d5c      0x15a build/usbd_ioreq.o
 .debug_abbrev  0x0000000000001eb6      0x271 build/usbd_cdc.o
 .debug_abbrev  0x0000000000002127       0xa5 build/sysmem.o
 .debug_abbrev  0x00000000000021cc      0x266 build/stm32f1xx_hal_pcd.o
 .debug_abbrev  0x0000000000002432      0x16d build/stm32f1xx_hal_pcd_ex.o
 .debug_abbrev  0x000000000000259f      0x1d3 build/stm32f1xx_ll_usb.o
 .debug_abbrev  0x0000000000002772      0x1c7 build/stm32f1xx_hal.o
 .debug_abbrev  0x0000000000002939      0x25f build/stm32f1xx_hal_rcc.o
 .debug_abbrev  0x0000000000002b98      0x16c build/stm32f1xx_hal_rcc_ex.o
 .debug_abbrev  0x0000000000002d04      0x1ba build/stm32f1xx_hal_gpio.o
 .debug_abbrev  0x0000000000002ebe      0x1e8 build/stm32f1xx_hal_dma.o
 .debug_abbrev  0x00000000000030a6      0x2ca build/stm32f1xx_hal_cortex.o
 .debug_abbrev  0x0000000000003370      0x2b2 build/stm32f1xx_hal_uart.o
 .debug_abbrev  0x0000000000003622      0x190 build/can.o
 .debug_abbrev  0x00000000000037b2      0x1db build/stm32f1xx_hal_can.o
 .debug_abbrev  0x000000000000398d       0x12 build/startup_stm32f103xb.o

.debug_loc      0x0000000000000000     0x91d8
 .debug_loc     0x0000000000000000       0xb6 build/main.o
 .debug_loc     0x00000000000000b6       0x5c build/gpio.o
 .debug_loc     0x0000000000000112       0x50 build/dma.o
 .debug_loc     0x0000000000000162       0xcc build/usart.o
 .debug_loc     0x000000000000022e      0x2dc build/stm32f1xx_it.o
 .debug_loc     0x000000000000050a       0x5c build/stm32f1xx_hal_msp.o
 .debug_loc     0x0000000000000566       0xa0 build/system_stm32f1xx.o
 .debug_loc     0x0000000000000606      0x858 build/SCS.o
 .debug_loc     0x0000000000000e5e      0x160 build/SCSerial.o
 .debug_loc     0x0000000000000fbe      0x282 build/SMS_STS.o
 .debug_loc     0x0000000000001240      0x25c build/STS_control.o
 .debug_loc     0x000000000000149c      0x5b8 build/syscalls.o
 .debug_loc     0x0000000000001a54       0x2c build/usb_device.o
 .debug_loc     0x0000000000001a80      0x2f4 build/usbd_desc.o
 .debug_loc     0x0000000000001d74      0x16c build/usbd_cdc_if.o
 .debug_loc     0x0000000000001ee0      0xa48 build/usbd_conf.o
 .debug_loc     0x0000000000002928      0x6a0 build/usbd_core.o
 .debug_loc     0x0000000000002fc8      0x478 build/usbd_ctlreq.o
 .debug_loc     0x0000000000003440      0x230 build/usbd_ioreq.o
 .debug_loc     0x0000000000003670      0x504 build/usbd_cdc.o
 .debug_loc     0x0000000000003b74       0x50 build/sysmem.o
 .debug_loc     0x0000000000003bc4      0xc54 build/stm32f1xx_hal_pcd.o
 .debug_loc     0x0000000000004818      0x170 build/stm32f1xx_hal_pcd_ex.o
 .debug_loc     0x0000000000004988      0xa08 build/stm32f1xx_ll_usb.o
 .debug_loc     0x0000000000005390      0x698 build/stm32f1xx_hal.o
 .debug_loc     0x0000000000005a28      0x444 build/stm32f1xx_hal_rcc.o
 .debug_loc     0x0000000000005e6c       0xfc build/stm32f1xx_hal_rcc_ex.o
 .debug_loc     0x0000000000005f68      0x2d4 build/stm32f1xx_hal_gpio.o
 .debug_loc     0x000000000000623c      0x470 build/stm32f1xx_hal_dma.o
 .debug_loc     0x00000000000066ac      0x8f8 build/stm32f1xx_hal_cortex.o
 .debug_loc     0x0000000000006fa4     0x14b4 build/stm32f1xx_hal_uart.o
 .debug_loc     0x0000000000008458       0xcc build/can.o
 .debug_loc     0x0000000000008524      0xcb4 build/stm32f1xx_hal_can.o

.debug_aranges  0x0000000000000000     0x1198
 .debug_aranges
                0x0000000000000000       0x30 build/main.o
 .debug_aranges
                0x0000000000000030       0x20 build/gpio.o
 .debug_aranges
                0x0000000000000050       0x20 build/dma.o
 .debug_aranges
                0x0000000000000070       0x30 build/usart.o
 .debug_aranges
                0x00000000000000a0       0x90 build/stm32f1xx_it.o
 .debug_aranges
                0x0000000000000130       0x20 build/stm32f1xx_hal_msp.o
 .debug_aranges
                0x0000000000000150       0x28 build/system_stm32f1xx.o
 .debug_aranges
                0x0000000000000178       0xf0 build/SCS.o
 .debug_aranges
                0x0000000000000268       0x40 build/SCSerial.o
 .debug_aranges
                0x00000000000002a8       0x58 build/SMS_STS.o
 .debug_aranges
                0x0000000000000300       0x58 build/STS_control.o
 .debug_aranges
                0x0000000000000358       0xa8 build/syscalls.o
 .debug_aranges
                0x0000000000000400       0x20 build/usb_device.o
 .debug_aranges
                0x0000000000000420       0x60 build/usbd_desc.o
 .debug_aranges
                0x0000000000000480       0x40 build/usbd_cdc_if.o
 .debug_aranges
                0x00000000000004c0      0x118 build/usbd_conf.o
 .debug_aranges
                0x00000000000005d8       0xb8 build/usbd_core.o
 .debug_aranges
                0x0000000000000690       0x88 build/usbd_ctlreq.o
 .debug_aranges
                0x0000000000000718       0x50 build/usbd_ioreq.o
 .debug_aranges
                0x0000000000000768       0x90 build/usbd_cdc.o
 .debug_aranges
                0x00000000000007f8       0x20 build/sysmem.o
 .debug_aranges
                0x0000000000000818      0x140 build/stm32f1xx_hal_pcd.o
 .debug_aranges
                0x0000000000000958       0x38 build/stm32f1xx_hal_pcd_ex.o
 .debug_aranges
                0x0000000000000990       0xf8 build/stm32f1xx_ll_usb.o
 .debug_aranges
                0x0000000000000a88       0xe0 build/stm32f1xx_hal.o
 .debug_aranges
                0x0000000000000b68       0x90 build/stm32f1xx_hal_rcc.o
 .debug_aranges
                0x0000000000000bf8       0x30 build/stm32f1xx_hal_rcc_ex.o
 .debug_aranges
                0x0000000000000c28       0x58 build/stm32f1xx_hal_gpio.o
 .debug_aranges
                0x0000000000000c80       0x80 build/stm32f1xx_hal_dma.o
 .debug_aranges
                0x0000000000000d00      0x100 build/stm32f1xx_hal_cortex.o
 .debug_aranges