Archive member included to satisfy reference by file (symbol)

/Applications/ARM/bin/../lib/gcc/arm-none-eabi/10.3.1/../../../../arm-none-eabi/lib/thumb/v7-m/nofp/libstdc++_nano.a(new_op.o)
                              build/sms.o (operator new(unsigned int))
/Applications/ARM/bin/../lib/gcc/arm-none-eabi/10.3.1/../../../../arm-none-eabi/lib/thumb/v7-m/nofp/libstdc++_nano.a(new_handler.o)
                              /Applications/ARM/bin/../lib/gcc/arm-none-eabi/10.3.1/../../../../arm-none-eabi/lib/thumb/v7-m/nofp/libstdc++_nano.a(new_op.o) (std::get_new_handler())
/Applications/ARM/bin/../lib/gcc/arm-none-eabi/10.3.1/../../../../arm-none-eabi/lib/thumb/v7-m/nofp/libc_nano.a(lib_a-abort.o)
                              /Applications/ARM/bin/../lib/gcc/arm-none-eabi/10.3.1/../../../../arm-none-eabi/lib/thumb/v7-m/nofp/libstdc++_nano.a(new_op.o) (abort)
/Applications/ARM/bin/../lib/gcc/arm-none-eabi/10.3.1/../../../../arm-none-eabi/lib/thumb/v7-m/nofp/libc_nano.a(lib_a-errno.o)
                              build/syscalls.o (__errno)
/Applications/ARM/bin/../lib/gcc/arm-none-eabi/10.3.1/../../../../arm-none-eabi/lib/thumb/v7-m/nofp/libc_nano.a(lib_a-exit.o)
                              /Applications/ARM/bin/../lib/gcc/arm-none-eabi/10.3.1/../../../../arm-none-eabi/lib/thumb/v7-m/nofp/crt0.o (exit)
/Applications/ARM/bin/../lib/gcc/arm-none-eabi/10.3.1/../../../../arm-none-eabi/lib/thumb/v7-m/nofp/libc_nano.a(lib_a-impure.o)
                              /Applications/ARM/bin/../lib/gcc/arm-none-eabi/10.3.1/../../../../arm-none-eabi/lib/thumb/v7-m/nofp/libc_nano.a(lib_a-exit.o) (_global_impure_ptr)
/Applications/ARM/bin/../lib/gcc/arm-none-eabi/10.3.1/../../../../arm-none-eabi/lib/thumb/v7-m/nofp/libc_nano.a(lib_a-init.o)
                              /Applications/ARM/bin/../lib/gcc/arm-none-eabi/10.3.1/../../../../arm-none-eabi/lib/thumb/v7-m/nofp/crt0.o (__libc_init_array)
/Applications/ARM/bin/../lib/gcc/arm-none-eabi/10.3.1/../../../../arm-none-eabi/lib/thumb/v7-m/nofp/libc_nano.a(lib_a-malloc.o)
                              build/SCS.o (malloc)
/Applications/ARM/bin/../lib/gcc/arm-none-eabi/10.3.1/../../../../arm-none-eabi/lib/thumb/v7-m/nofp/libc_nano.a(lib_a-memcpy-stub.o)
                              build/stm32f1xx_it.o (memcpy)
/Applications/ARM/bin/../lib/gcc/arm-none-eabi/10.3.1/../../../../arm-none-eabi/lib/thumb/v7-m/nofp/libc_nano.a(lib_a-memset.o)
                              /Applications/ARM/bin/../lib/gcc/arm-none-eabi/10.3.1/../../../../arm-none-eabi/lib/thumb/v7-m/nofp/crt0.o (memset)
/Applications/ARM/bin/../lib/gcc/arm-none-eabi/10.3.1/../../../../arm-none-eabi/lib/thumb/v7-m/nofp/libc_nano.a(lib_a-nano-freer.o)
                              /Applications/ARM/bin/../lib/gcc/arm-none-eabi/10.3.1/../../../../arm-none-eabi/lib/thumb/v7-m/nofp/libc_nano.a(lib_a-malloc.o) (_free_r)
/Applications/ARM/bin/../lib/gcc/arm-none-eabi/10.3.1/../../../../arm-none-eabi/lib/thumb/v7-m/nofp/libc_nano.a(lib_a-nano-mallocr.o)
                              /Applications/ARM/bin/../lib/gcc/arm-none-eabi/10.3.1/../../../../arm-none-eabi/lib/thumb/v7-m/nofp/libc_nano.a(lib_a-malloc.o) (_malloc_r)
/Applications/ARM/bin/../lib/gcc/arm-none-eabi/10.3.1/../../../../arm-none-eabi/lib/thumb/v7-m/nofp/libc_nano.a(lib_a-printf.o)
                              build/STS_control.o (printf)
/Applications/ARM/bin/../lib/gcc/arm-none-eabi/10.3.1/../../../../arm-none-eabi/lib/thumb/v7-m/nofp/libc_nano.a(lib_a-sbrkr.o)
                              /Applications/ARM/bin/../lib/gcc/arm-none-eabi/10.3.1/../../../../arm-none-eabi/lib/thumb/v7-m/nofp/libc_nano.a(lib_a-nano-mallocr.o) (_sbrk_r)
/Applications/ARM/bin/../lib/gcc/arm-none-eabi/10.3.1/../../../../arm-none-eabi/lib/thumb/v7-m/nofp/libc_nano.a(lib_a-signal.o)
                              /Applications/ARM/bin/../lib/gcc/arm-none-eabi/10.3.1/../../../../arm-none-eabi/lib/thumb/v7-m/nofp/libc_nano.a(lib_a-abort.o) (raise)
/Applications/ARM/bin/../lib/gcc/arm-none-eabi/10.3.1/../../../../arm-none-eabi/lib/thumb/v7-m/nofp/libc_nano.a(lib_a-signalr.o)
                              /Applications/ARM/bin/../lib/gcc/arm-none-eabi/10.3.1/../../../../arm-none-eabi/lib/thumb/v7-m/nofp/libc_nano.a(lib_a-signal.o) (_kill_r)
/Applications/ARM/bin/../lib/gcc/arm-none-eabi/10.3.1/../../../../arm-none-eabi/lib/thumb/v7-m/nofp/libc_nano.a(lib_a-sprintf.o)
                              build/STS_control.o (sprintf)
/Applications/ARM/bin/../lib/gcc/arm-none-eabi/10.3.1/../../../../arm-none-eabi/lib/thumb/v7-m/nofp/libc_nano.a(lib_a-findfp.o)
                              /Applications/ARM/bin/../lib/gcc/arm-none-eabi/10.3.1/../../../../arm-none-eabi/lib/thumb/v7-m/nofp/libc_nano.a(lib_a-printf.o) (__sinit)
/Applications/ARM/bin/../lib/gcc/arm-none-eabi/10.3.1/../../../../arm-none-eabi/lib/thumb/v7-m/nofp/libc_nano.a(lib_a-fwalk.o)
[...]
Memory Configuration

Name             Origin             Length             Attributes
RAM              0x0000000020000000 0x0000000000005000 xrw
FLASH            0x0000000008000000 0x0000000000010000 xr
*default*        0x0000000000000000 0xffffffffffffffff

Linker script and memory map

LOAD /Applications/ARM/bin/../lib/gcc/arm-none-eabi/10.3.1/thumb/v7-m/nofp/crti.o
LOAD /Applications/ARM/bin/../lib/gcc/arm-none-eabi/10.3.1/thumb/v7-m/nofp/crtbegin.o
LOAD /Applications/ARM/bin/../lib/gcc/arm-none-eabi/10.3.1/../../../../arm-none-eabi/lib/thumb/v7-m/nofp/crt0.o
LOAD build/main.o
LOAD build/gpio.o
LOAD build/dma.o
LOAD build/usart.o
LOAD build/stm32f1xx_it.o
LOAD build/stm32f1xx_hal_msp.o
LOAD build/system_stm32f1xx.o
LOAD build/SCS.o
LOAD build/SCSCL.o
LOAD build/SCSerial.o
LOAD build/SMS_STS.o
LOAD build/STS_control.o
LOAD build/syscalls.o
LOAD build/sysmem.o
LOAD build/stm32f1xx_hal_gpio_ex.o
LOAD build/stm32f1xx_hal.o
LOAD build/stm32f1xx_hal_rcc.o
LOAD build/stm32f1xx_hal_rcc_ex.o
LOAD build/stm32f1xx_hal_gpio.o
LOAD build/stm32f1xx_hal_dma.o
LOAD build/stm32f1xx_hal_cortex.o
LOAD build/stm32f1xx_hal_pwr.o
LOAD build/stm32f1xx_hal_flash.o
LOAD build/stm32f1xx_hal_flash_ex.o
LOAD build/stm32f1xx_hal_exti.o
LOAD build/stm32f1xx_hal_uart.o
LOAD build/can.o
LOAD build/stm32f1xx_hal_can.o
LOAD build/usb_device.o
LOAD build/usbd_desc.o
LOAD build/usbd_cdc_if.o
LOAD build/usbd_conf.o
LOAD build/stm32f1xx_hal_pcd.o
LOAD build/stm32f1xx_hal_pcd_ex.o
LOAD build/stm32f1xx_ll_usb.o
LOAD build/usbd_core.o
LOAD build/usbd_ctlreq.o
LOAD build/usbd_ioreq.o
LOAD build/usbd_cdc.o
LOAD build/startup_stm32f103xb.o
LOAD build/sms.o
LOAD /Applications/ARM/bin/../lib/gcc/arm-none-eabi/10.3.1/../../../../arm-none-eabi/lib/thumb/v7-m/nofp/libnosys.a
LOAD /Applications/ARM/bin/../lib/gcc/arm-none-eabi/10.3.1/../../../../arm-none-eabi/lib/thumb/v7-m/nofp/libstdc++_nano.a
LOAD /Applications/ARM/bin/../lib/gcc/arm-none-eabi/10.3.1/../../../../arm-none-eabi/lib/thumb/v7-m/nofp/libm.a
START GROUP
LOAD /Applications/ARM/bin/../lib/gcc/arm-none-eabi/10.3.1/thumb/v7-m/nofp/libgcc.a
LOAD /Applications/ARM/bin/../lib/gcc/arm-none-eabi/10.3.1/../../../../arm-none-eabi/lib/thumb/v7-m/nofp/libc_nano.a
END GROUP
START GROUP
LOAD /Applications/ARM/bin/../lib/gcc/arm-none-eabi/10.3.1/thumb/v7-m/nofp/libgcc.a
LOAD /Applications/ARM/bin/../lib/gcc/arm-none-eabi/10.3.1/../../../../arm-none-eabi/lib/thumb/v7-m/nofp/libc_nano.a
END GROUP
LOAD /Applications/ARM/bin/../lib/gcc/arm-none-eabi/10.3.1/thumb/v7-m/nofp/crtend.o
LOAD /Applications/ARM/bin/../lib/gcc/arm-none-eabi/10.3.1/thumb/v7-m/nofp/crtn.o
                0x0000000020005000                _estack = (ORIGIN (RAM) + LENGTH (RAM))
                0x0000000000000200                _Min_Heap_Size = 0x200
                0x0000000000000400                _Min_Stack_Size = 0x400

.isr_vector     0x0000000008000000      0x10c
                0x0000000008000000                . = ALIGN (0x4)
 *(.isr_vector)
 .isr_vector    0x0000000008000000      0x10c build/startup_stm32f103xb.o
                0x0000000008000000                g_pfnVectors
                0x000000000800010c                . = ALIGN (0x4)

.text           0x000000000800010c     0xa0d4
                0x000000000800010c                . = ALIGN (0x4)
 *(.text)
 .text          0x000000000800010c       0x40 /Applications/ARM/bin/../lib/gcc/arm-none-eabi/10.3.1/thumb/v7-m/nofp/crtbegin.o
 *(.text*)
 .text.main     0x000000000800014c      0x224 build/main.o
                0x000000000800014c                main
 .text.SystemClock_Config
                0x0000000008000370       0xb4 build/main.o
                0x0000000008000370                SystemClock_Config
 .text.Error_Handler
                0x0000000008000424        0xa build/main.o
                0x0000000008000424                Error_Handler
 *fill*         0x000000000800042e        0x2 
 .text.MX_GPIO_Init
                0x0000000008000430       0x5c build/gpio.o
                0x0000000008000430                MX_GPIO_Init
 .text.MX_DMA_Init
                0x000000000800048c       0x4c build/dma.o
                0x000000000800048c                MX_DMA_Init
 .text.MX_USART2_UART_Init
                0x00000000080004d8       0x54 build/usart.o
                0x00000000080004d8                MX_USART2_UART_Init
 .text.HAL_UART_MspInit
                0x000000000800052c      0x150 build/usart.o
                0x000000000800052c                HAL_UART_MspInit
 .text.NMI_Handler
                0x000000000800067c        0x6 build/stm32f1xx_it.o
                0x000000000800067c                NMI_Handler
 .text.HardFault_Handler
                0x0000000008000682        0x6 build/stm32f1xx_it.o
                0x0000000008000682                HardFault_Handler
 .text.MemManage_Handler
                0x0000000008000688        0x6 build/stm32f1xx_it.o
                0x0000000008000688                MemManage_Handler
 .text.BusFault_Handler
                0x000000000800068e        0x6 build/stm32f1xx_it.o
                0x000000000800068e                BusFault_Handler
 .text.UsageFault_Handler
                0x0000000008000694        0x6 build/stm32f1xx_it.o
                0x0000000008000694                UsageFault_Handler
 .text.SVC_Handler
                0x000000000800069a        0xc build/stm32f1xx_it.o
                0x000000000800069a                SVC_Handler
 .text.DebugMon_Handler
                0x00000000080006a6        0xc build/stm32f1xx_it.o
                0x00000000080006a6                DebugMon_Handler
 .text.PendSV_Handler
                0x00000000080006b2        0xc build/stm32f1xx_it.o
                0x00000000080006b2                PendSV_Handler
 .text.SysTick_Handler
                0x00000000080006be        0xc build/stm32f1xx_it.o
                0x00000000080006be                SysTick_Handler
 *fill*         0x00000000080006ca        0x2 
 .text.DMA1_Channel6_IRQHandler
                0x00000000080006cc       0x14 build/stm32f1xx_it.o
                0x00000000080006cc                DMA1_Channel6_IRQHandler
 .text.DMA1_Channel7_IRQHandler
                0x00000000080006e0       0x14 build/stm32f1xx_it.o
                0x00000000080006e0                DMA1_Channel7_IRQHandler
 .text.USB_LP_CAN1_RX0_IRQHandler
                0x00000000080006f4       0x14 build/stm32f1xx_it.o
                0x00000000080006f4                USB_LP_CAN1_RX0_IRQHandler
 .text.CAN1_RX1_IRQHandler
                0x0000000008000708       0x14 build/stm32f1xx_it.o
                0x0000000008000708                CAN1_RX1_IRQHandler
 .text.USART2_IRQHandler
                0x000000000800071c       0x14 build/stm32f1xx_it.o
                0x000000000800071c                USART2_IRQHandler
 .text.HAL_CAN_RxFifo1MsgPendingCallback
                0x0000000008000730       0x98 build/stm32f1xx_it.o
                0x0000000008000730                HAL_CAN_RxFifo1MsgPendingCallback
 .text.HAL_MspInit
                0x00000000080007c8       0x64 build/stm32f1xx_hal_msp.o
                0x00000000080007c8                HAL_MspInit
 .text.SystemInit
                0x000000000800082c        0xc build/system_stm32f1xx.o
                0x000000000800082c                SystemInit
 .text.Host2SCS
                0x0000000008000838       0x48 build/SCS.o
                0x0000000008000838                Host2SCS
 .text.SCS2Host
                0x0000000008000880       0x50 build/SCS.o
                0x0000000008000880                SCS2Host
 .text.syncWrite
                0x00000000080008d0      0x110 build/SCS.o
                0x00000000080008d0                syncWrite
 .text.syncReadPacketTx
                0x00000000080009e0       0xe8 build/SCS.o
                0x00000000080009e0                syncReadPacketTx
 .text.syncReadBegin
                0x0000000008000ac8       0x48 build/SCS.o
                0x0000000008000ac8                syncReadBegin
 .text.syncReadPacketRx
                0x0000000008000b10      0x178 build/SCS.o
                0x0000000008000b10                syncReadPacketRx
 .text.syncReadRxPacketToWrod
                0x0000000008000c88       0x8c build/SCS.o
                0x0000000008000c88                syncReadRxPacketToWrod
 .text.readSCS  0x0000000008000d14       0x1c build/SCSerial.o
                0x0000000008000d14                readSCS
 .text.writeSCS
                0x0000000008000d30       0x58 build/SCSerial.o
                0x0000000008000d30                writeSCS
 .text.writeByteSCS
                0x0000000008000d88       0x44 build/SCSerial.o
                0x0000000008000d88                writeByteSCS
 .text.rFlushSCS
                0x0000000008000dcc        0xc build/SCSerial.o
                0x0000000008000dcc                rFlushSCS
 .text.wFlushSCS
                0x0000000008000dd8       0x2c build/SCSerial.o
                0x0000000008000dd8                wFlushSCS
 .text.SyncWritePosEx
                0x0000000008000e04      0x18c build/SMS_STS.o
                0x0000000008000e04                SyncWritePosEx
 .text.STS_control_init
                0x0000000008000f90       0x54 build/STS_control.o
                0x0000000008000f90                STS_control_init
 .text.STS_syn_read
                0x0000000008000fe4       0xbc build/STS_control.o
                0x0000000008000fe4                STS_syn_read
 .text.STS_syn_write
                0x00000000080010a0       0x2c build/STS_control.o
                0x00000000080010a0                STS_syn_write
 .text.ftUart_Send
                0x00000000080010cc       0x24 build/STS_control.o
                0x00000000080010cc                ftUart_Send
 .text.ftUart_Read
                0x00000000080010f0       0x30 build/STS_control.o
                0x00000000080010f0                ftUart_Read
 .text.ftBus_Delay
                0x0000000008001120        0xe build/STS_control.o
                0x0000000008001120                ftBus_Delay
 .text._read    0x000000000800112e       0x3a build/syscalls.o
                0x000000000800112e                _read
 .text._write   0x0000000008001168       0x38 build/syscalls.o
                0x0000000008001168                _write
 .text._close   0x00000000080011a0       0x16 build/syscalls.o
                0x00000000080011a0                _close
 .text._fstat   0x00000000080011b6       0x1e build/syscalls.o
                0x00000000080011b6                _fstat
 .text._isatty  0x00000000080011d4       0x14 build/syscalls.o
                0x00000000080011d4                _isatty
 .text._lseek   0x00000000080011e8       0x18 build/syscalls.o
                0x00000000080011e8                _lseek
 .text._sbrk    0x0000000008001200       0x6c build/sysmem.o
                0x0000000008001200                _sbrk
 .text.HAL_Init
                0x000000000800126c       0x2c build/stm32f1xx_hal.o
                0x000000000800126c                HAL_Init
 .text.HAL_InitTick
                0x0000000008001298       0x60 build/stm32f1xx_hal.o
                0x0000000008001298                HAL_InitTick
 .text.HAL_IncTick
                0x00000000080012f8       0x24 build/stm32f1xx_hal.o
                0x00000000080012f8                HAL_IncTick
 .text.HAL_GetTick
                0x000000000800131c       0x14 build/stm32f1xx_hal.o
                0x000000000800131c                HAL_GetTick
 .text.HAL_Delay
                0x0000000008001330       0x48 build/stm32f1xx_hal.o
                0x0000000008001330                HAL_Delay
 .text.HAL_RCC_OscConfig
                0x0000000008001378      0x504 build/stm32f1xx_hal_rcc.o
                0x0000000008001378                HAL_RCC_OscConfig
 .text.HAL_RCC_ClockConfig
                0x000000000800187c      0x1d4 build/stm32f1xx_hal_rcc.o
                0x000000000800187c                HAL_RCC_ClockConfig
 .text.HAL_RCC_GetSysClockFreq
                0x0000000008001a50       0xa8 build/stm32f1xx_hal_rcc.o
                0x0000000008001a50                HAL_RCC_GetSysClockFreq
 .text.HAL_RCC_GetHCLKFreq
                0x0000000008001af8       0x14 build/stm32f1xx_hal_rcc.o
                0x0000000008001af8                HAL_RCC_GetHCLKFreq
 .text.HAL_RCC_GetPCLK1Freq
                0x0000000008001b0c       0x28 build/stm32f1xx_hal_rcc.o
                0x0000000008001b0c                HAL_RCC_GetPCLK1Freq
 .text.HAL_RCC_GetPCLK2Freq
                0x0000000008001b34       0x28 build/stm32f1xx_hal_rcc.o
                0x0000000008001b34                HAL_RCC_GetPCLK2Freq
 .text.RCC_Delay
                0x0000000008001b5c       0x3c build/stm32f1xx_hal_rcc.o
 .text.HAL_RCCEx_PeriphCLKConfig
                0x0000000008001b98      0x16c build/stm32f1xx_hal_rcc_ex.o
                0x0000000008001b98                HAL_RCCEx_PeriphCLKConfig
 .text.HAL_GPIO_Init
                0x0000000008001d04      0x308 build/stm32f1xx_hal_gpio.o
                0x0000000008001d04                HAL_GPIO_Init
 .text.HAL_DMA_Init
                0x000000000800200c       0xb4 build/stm32f1xx_hal_dma.o
                0x000000000800200c                HAL_DMA_Init
 .text.HAL_DMA_Abort
                0x00000000080020c0       0x76 build/stm32f1xx_hal_dma.o
                0x00000000080020c0                HAL_DMA_Abort
 *fill*         0x0000000008002136        0x2 
 .text.HAL_DMA_Abort_IT
                0x0000000008002138       0xf0 build/stm32f1xx_hal_dma.o
                0x0000000008002138                HAL_DMA_Abort_IT
 .text.HAL_DMA_IRQHandler
                0x0000000008002228      0x20c build/stm32f1xx_hal_dma.o
                0x0000000008002228                HAL_DMA_IRQHandler
 .text.__NVIC_SetPriorityGrouping
                0x0000000008002434       0x48 build/stm32f1xx_hal_cortex.o
 .text.__NVIC_GetPriorityGrouping
                0x000000000800247c       0x1c build/stm32f1xx_hal_cortex.o
 .text.__NVIC_EnableIRQ
                0x0000000008002498       0x38 build/stm32f1xx_hal_cortex.o
 .text.__NVIC_SetPriority
                0x00000000080024d0       0x54 build/stm32f1xx_hal_cortex.o
 .text.NVIC_EncodePriority
                0x0000000008002524       0x64 build/stm32f1xx_hal_cortex.o
 .text.SysTick_Config
                0x0000000008002588       0x44 build/stm32f1xx_hal_cortex.o
 .text.HAL_NVIC_SetPriorityGrouping
                0x00000000080025cc       0x16 build/stm32f1xx_hal_cortex.o
                0x00000000080025cc                HAL_NVIC_SetPriorityGrouping
 .text.HAL_NVIC_SetPriority
                0x00000000080025e2       0x38 build/stm32f1xx_hal_cortex.o
                0x00000000080025e2                HAL_NVIC_SetPriority
 .text.HAL_NVIC_EnableIRQ
                0x000000000800261a       0x1c build/stm32f1xx_hal_cortex.o
                0x000000000800261a                HAL_NVIC_EnableIRQ
 .text.HAL_SYSTICK_Config
                0x0000000008002636       0x18 build/stm32f1xx_hal_cortex.o
                0x0000000008002636                HAL_SYSTICK_Config
 .text.HAL_UART_Init
                0x000000000800264e       0xa0 build/stm32f1xx_hal_uart.o
                0x000000000800264e                HAL_UART_Init
 .text.HAL_UART_Transmit
                0x00000000080026ee      0x116 build/stm32f1xx_hal_uart.o
                0x00000000080026ee                HAL_UART_Transmit
 .text.HAL_UART_Receive
                0x0000000008002804      0x12e build/stm32f1xx_hal_uart.o
                0x0000000008002804                HAL_UART_Receive
 *fill*         0x0000000008002932        0x2 
 .text.HAL_UART_IRQHandler
                0x0000000008002934      0x524 build/stm32f1xx_hal_uart.o
                0x0000000008002934                HAL_UART_IRQHandler
 .text.HAL_UART_TxCpltCallback
                0x0000000008002e58       0x12 build/stm32f1xx_hal_uart.o
                0x0000000008002e58                HAL_UART_TxCpltCallback
 .text.HAL_UART_RxCpltCallback
                0x0000000008002e6a       0x12 build/stm32f1xx_hal_uart.o
                0x0000000008002e6a                HAL_UART_RxCpltCallback
 .text.HAL_UART_ErrorCallback
                0x0000000008002e7c       0x12 build/stm32f1xx_hal_uart.o
                0x0000000008002e7c                HAL_UART_ErrorCallback
 .text.HAL_UARTEx_RxEventCallback
                0x0000000008002e8e       0x16 build/stm32f1xx_hal_uart.o
                0x0000000008002e8e                HAL_UARTEx_RxEventCallback
 .text.UART_WaitOnFlagUntilTimeout
                0x0000000008002ea4       0xb2 build/stm32f1xx_hal_uart.o
 .text.UART_EndRxTransfer
                0x0000000008002f56       0xc4 build/stm32f1xx_hal_uart.o
 .text.UART_DMAAbortOnError
                0x000000000800301a       0x28 build/stm32f1xx_hal_uart.o
 .text.UART_Transmit_IT
                0x0000000008003042       0x9e build/stm32f1xx_hal_uart.o
 .text.UART_EndTransmit_IT
                0x00000000080030e0       0x30 build/stm32f1xx_hal_uart.o
 .text.UART_Receive_IT
                0x0000000008003110      0x17c build/stm32f1xx_hal_uart.o
 .text.UART_SetConfig
                0x000000000800328c      0x11c build/stm32f1xx_hal_uart.o
 .text.MX_CAN_Init
                0x00000000080033a8       0x6c build/can.o
                0x00000000080033a8                MX_CAN_Init
 .text.HAL_CAN_MspInit
                0x0000000008003414       0xd0 build/can.o
                0x0000000008003414                HAL_CAN_MspInit
 .text.HAL_CAN_Init
                0x00000000080034e4      0x1f6 build/stm32f1xx_hal_can.o
                0x00000000080034e4                HAL_CAN_Init
 .text.HAL_CAN_ConfigFilter
                0x00000000080036da      0x192 build/stm32f1xx_hal_can.o
                0x00000000080036da                HAL_CAN_ConfigFilter
 .text.HAL_CAN_Start
                0x000000000800386c       0x88 build/stm32f1xx_hal_can.o
                0x000000000800386c                HAL_CAN_Start
 .text.HAL_CAN_AddTxMessage
                0x00000000080038f4      0x19e build/stm32f1xx_hal_can.o
                0x00000000080038f4                HAL_CAN_AddTxMessage
 .text.HAL_CAN_GetRxMessage
                0x0000000008003a92      0x242 build/stm32f1xx_hal_can.o
                0x0000000008003a92                HAL_CAN_GetRxMessage
 .text.HAL_CAN_ActivateNotification
                0x0000000008003cd4       0x4a build/stm32f1xx_hal_can.o
                0x0000000008003cd4                HAL_CAN_ActivateNotification
 .text.HAL_CAN_IRQHandler
                0x0000000008003d1e      0x36e build/stm32f1xx_hal_can.o
                0x0000000008003d1e                HAL_CAN_IRQHandler
 .text.HAL_CAN_TxMailbox0CompleteCallback
                0x000000000800408c       0x12 build/stm32f1xx_hal_can.o
                0x000000000800408c                HAL_CAN_TxMailbox0CompleteCallback
 .text.HAL_CAN_TxMailbox1CompleteCallback
                0x000000000800409e       0x12 build/stm32f1xx_hal_can.o
                0x000000000800409e                HAL_CAN_TxMailbox1CompleteCallback
 .text.HAL_CAN_TxMailbox2CompleteCallback
                0x00000000080040b0       0x12 build/stm32f1xx_hal_can.o
                0x00000000080040b0                HAL_CAN_TxMailbox2CompleteCallback
 .text.HAL_CAN_TxMailbox0AbortCallback
                0x00000000080040c2       0x12 build/stm32f1xx_hal_can.o
                0x00000000080040c2                HAL_CAN_TxMailbox0AbortCallback
 .text.HAL_CAN_TxMailbox1AbortCallback
                0x00000000080040d4       0x12 build/stm32f1xx_hal_can.o
                0x00000000080040d4                HAL_CAN_TxMailbox1AbortCallback
 .text.HAL_CAN_TxMailbox2AbortCallback
                0x00000000080040e6       0x12 build/stm32f1xx_hal_can.o
                0x00000000080040e6                HAL_CAN_TxMailbox2AbortCallback
 .text.HAL_CAN_RxFifo0MsgPendingCallback
                0x00000000080040f8       0x12 build/stm32f1xx_hal_can.o
                0x00000000080040f8                HAL_CAN_RxFifo0MsgPendingCallback
 .text.HAL_CAN_RxFifo0FullCallback
                0x000000000800410a       0x12 build/stm32f1xx_hal_can.o
                0x000000000800410a                HAL_CAN_RxFifo0FullCallback
 .text.HAL_CAN_RxFifo1FullCallback
                0x000000000800411c       0x12 build/stm32f1xx_hal_can.o
                0x000000000800411c                HAL_CAN_RxFifo1FullCallback
 .text.HAL_CAN_SleepCallback
                0x000000000800412e       0x12 build/stm32f1xx_hal_can.o
                0x000000000800412e                HAL_CAN_SleepCallback
 .text.HAL_CAN_WakeUpFromRxMsgCallback
                0x0000000008004140       0x12 build/stm32f1xx_hal_can.o
                0x0000000008004140                HAL_CAN_WakeUpFromRxMsgCallback
 .text.HAL_CAN_ErrorCallback
                0x0000000008004152       0x12 build/stm32f1xx_hal_can.o
                0x0000000008004152                HAL_CAN_ErrorCallback
 .text.HAL_PCD_SetupStageCallback
                0x0000000008004164       0x24 build/usbd_conf.o
                0x0000000008004164                HAL_PCD_SetupStageCallback
 .text.HAL_PCD_DataOutStageCallback
                0x0000000008004188       0x36 build/usbd_conf.o
                0x0000000008004188                HAL_PCD_DataOutStageCallback
 .text.HAL_PCD_DataInStageCallback
                0x00000000080041be       0x34 build/usbd_conf.o
                0x00000000080041be                HAL_PCD_DataInStageCallback
 .text.HAL_PCD_SOFCallback
                0x00000000080041f2       0x1c build/usbd_conf.o
                0x00000000080041f2                HAL_PCD_SOFCallback
 .text.HAL_PCD_ResetCallback
                0x000000000800420e       0x3c build/usbd_conf.o
                0x000000000800420e                HAL_PCD_ResetCallback
 *fill*         0x000000000800424a        0x2 
 .text.HAL_PCD_SuspendCallback
                0x000000000800424c       0x34 build/usbd_conf.o
                0x000000000800424c                HAL_PCD_SuspendCallback
 .text.HAL_PCD_ResumeCallback
                0x0000000008004280       0x1c build/usbd_conf.o
                0x0000000008004280                HAL_PCD_ResumeCallback
 .text.USBD_LL_OpenEP
                0x000000000800429c       0x4c build/usbd_conf.o
                0x000000000800429c                USBD_LL_OpenEP
 .text.USBD_LL_StallEP
                0x00000000080042e8       0x3e build/usbd_conf.o
                0x00000000080042e8                USBD_LL_StallEP
 .text.USBD_LL_ClearStallEP
                0x0000000008004326       0x3e build/usbd_conf.o
                0x0000000008004326                USBD_LL_ClearStallEP
 .text.USBD_LL_IsStallEP
                0x0000000008004364       0x56 build/usbd_conf.o
                0x0000000008004364                USBD_LL_IsStallEP
 .text.USBD_LL_SetUSBAddress
                0x00000000080043ba       0x3e build/usbd_conf.o
                0x00000000080043ba                USBD_LL_SetUSBAddress
 .text.USBD_LL_Transmit
                0x00000000080043f8       0x46 build/usbd_conf.o
                0x00000000080043f8                USBD_LL_Transmit
 .text.USBD_LL_PrepareReceive
                0x000000000800443e       0x46 build/usbd_conf.o
                0x000000000800443e                USBD_LL_PrepareReceive
 .text.USBD_Get_USB_Status
                0x0000000008004484       0x58 build/usbd_conf.o
 .text.HAL_PCD_IRQHandler
                0x00000000080044dc      0x260 build/stm32f1xx_hal_pcd.o
                0x00000000080044dc                HAL_PCD_IRQHandler
 .text.HAL_PCD_SetAddress
                0x000000000800473c       0x48 build/stm32f1xx_hal_pcd.o
                0x000000000800473c                HAL_PCD_SetAddress
 .text.HAL_PCD_EP_Open
                0x0000000008004784       0xba build/stm32f1xx_hal_pcd.o
                0x0000000008004784                HAL_PCD_EP_Open
 .text.HAL_PCD_EP_Receive
                0x000000000800483e       0x62 build/stm32f1xx_hal_pcd.o
                0x000000000800483e                HAL_PCD_EP_Receive
 .text.HAL_PCD_EP_Transmit
                0x00000000080048a0       0x6e build/stm32f1xx_hal_pcd.o
                0x00000000080048a0                HAL_PCD_EP_Transmit
 .text.HAL_PCD_EP_SetStall
                0x000000000800490e       0xc0 build/stm32f1xx_hal_pcd.o
                0x000000000800490e                HAL_PCD_EP_SetStall
 .text.HAL_PCD_EP_ClrStall
                0x00000000080049ce       0xa8 build/stm32f1xx_hal_pcd.o
                0x00000000080049ce                HAL_PCD_EP_ClrStall
 .text.PCD_EP_ISR_Handler
                0x0000000008004a76      0x7a0 build/stm32f1xx_hal_pcd.o
 .text.HAL_PCD_EP_DB_Receive
                0x0000000008005216      0x21a build/stm32f1xx_hal_pcd.o
 .text.HAL_PCD_EP_DB_Transmit
                0x0000000008005430      0x7f4 build/stm32f1xx_hal_pcd.o
 .text.USB_ActivateEndpoint
                0x0000000008005c24      0x780 build/stm32f1xx_ll_usb.o
                0x0000000008005c24                USB_ActivateEndpoint
 .text.USB_EPStartXfer
                0x00000000080063a4     0x1762 build/stm32f1xx_ll_usb.o
                0x00000000080063a4                USB_EPStartXfer
 .text.USB_EPSetStall
                0x0000000008007b06       0xa0 build/stm32f1xx_ll_usb.o
                0x0000000008007b06                USB_EPSetStall
 .text.USB_EPClearStall
                0x0000000008007ba6      0x15a build/stm32f1xx_ll_usb.o
                0x0000000008007ba6                USB_EPClearStall
 .text.USB_SetDevAddress
                0x0000000008007d00       0x26 build/stm32f1xx_ll_usb.o
                0x0000000008007d00                USB_SetDevAddress
 .text.USB_ReadInterrupts
                0x0000000008007d26       0x1e build/stm32f1xx_ll_usb.o
                0x0000000008007d26                USB_ReadInterrupts
 .text.USB_EP0_OutStart
                0x0000000008007d44       0x16 build/stm32f1xx_ll_usb.o
                0x0000000008007d44                USB_EP0_OutStart
 .text.USB_WritePMA
                0x0000000008007d5a       0x8a build/stm32f1xx_ll_usb.o
                0x0000000008007d5a                USB_WritePMA
 .text.USB_ReadPMA
                0x0000000008007de4       0x9e build/stm32f1xx_ll_usb.o
                0x0000000008007de4                USB_ReadPMA
 .text.USBD_RunTestMode
                0x0000000008007e82       0x14 build/usbd_core.o
                0x0000000008007e82                USBD_RunTestMode
 .text.USBD_SetClassConfig
                0x0000000008007e96       0x3e build/usbd_core.o
                0x0000000008007e96                USBD_SetClassConfig
 .text.USBD_ClrClassConfig
                0x0000000008007ed4       0x26 build/usbd_core.o
                0x0000000008007ed4                USBD_ClrClassConfig
 .text.USBD_LL_SetupStage
                0x0000000008007efa       0x9a build/usbd_core.o
                0x0000000008007efa                USBD_LL_SetupStage
 .text.USBD_LL_DataOutStage
                0x0000000008007f94       0xe2 build/usbd_core.o
                0x0000000008007f94                USBD_LL_DataOutStage
 .text.USBD_LL_DataInStage
                0x0000000008008076      0x14a build/usbd_core.o
                0x0000000008008076                USBD_LL_DataInStage
 .text.USBD_LL_Reset
                0x00000000080081c0       0x82 build/usbd_core.o
                0x00000000080081c0                USBD_LL_Reset
 .text.USBD_LL_SetSpeed
                0x0000000008008242       0x1e build/usbd_core.o
                0x0000000008008242                USBD_LL_SetSpeed
 .text.USBD_LL_Suspend
                0x0000000008008260       0x28 build/usbd_core.o
                0x0000000008008260                USBD_LL_Suspend
 .text.USBD_LL_Resume
                0x0000000008008288       0x2a build/usbd_core.o
                0x0000000008008288                USBD_LL_Resume
 .text.USBD_LL_SOF
                0x00000000080082b2       0x34 build/usbd_core.o
                0x00000000080082b2                USBD_LL_SOF
 *fill*         0x00000000080082e6        0x2 
 .text.USBD_StdDevReq
                0x00000000080082e8       0xd4 build/usbd_ctlreq.o
                0x00000000080082e8                USBD_StdDevReq
 .text.USBD_StdItfReq
                0x00000000080083bc       0x90 build/usbd_ctlreq.o
                0x00000000080083bc                USBD_StdItfReq
 .text.USBD_StdEPReq
                0x000000000800844c      0x2c6 build/usbd_ctlreq.o
                0x000000000800844c                USBD_StdEPReq
 *fill*         0x0000000008008712        0x2 
 .text.USBD_GetDescriptor
                0x0000000008008714      0x2d0 build/usbd_ctlreq.o
 .text.USBD_SetAddress
                0x00000000080089e4       0x86 build/usbd_ctlreq.o
 *fill*         0x0000000008008a6a        0x2 
 .text.USBD_SetConfig
                0x0000000008008a6c      0x11c build/usbd_ctlreq.o
 .text.USBD_GetConfig
                0x0000000008008b88       0x6a build/usbd_ctlreq.o
 .text.USBD_GetStatus
                0x0000000008008bf2       0x66 build/usbd_ctlreq.o
 .text.USBD_SetFeature
                0x0000000008008c58       0x28 build/usbd_ctlreq.o
 .text.USBD_ClrFeature
                0x0000000008008c80       0x42 build/usbd_ctlreq.o
 .text.USBD_ParseSetupRequest
                0x0000000008008cc2       0x78 build/usbd_ctlreq.o
                0x0000000008008cc2                USBD_ParseSetupRequest
 .text.USBD_CtlError
                0x0000000008008d3a       0x22 build/usbd_ctlreq.o
                0x0000000008008d3a                USBD_CtlError
 .text.USBD_CtlSendData
                0x0000000008008d5c       0x38 build/usbd_ioreq.o
                0x0000000008008d5c                USBD_CtlSendData
 .text.USBD_CtlContinueSendData
                0x0000000008008d94       0x24 build/usbd_ioreq.o
                0x0000000008008d94                USBD_CtlContinueSendData
 .text.USBD_CtlContinueRx
                0x0000000008008db8       0x24 build/usbd_ioreq.o
                0x0000000008008db8                USBD_CtlContinueRx
 .text.USBD_CtlSendStatus
                0x0000000008008ddc       0x26 build/usbd_ioreq.o
                0x0000000008008ddc                USBD_CtlSendStatus
 .text.USBD_CtlReceiveStatus
                0x0000000008008e02       0x26 build/usbd_ioreq.o
                0x0000000008008e02                USBD_CtlReceiveStatus
 .text.Reset_Handler
                0x0000000008008e28       0x48 build/startup_stm32f103xb.o
                0x0000000008008e28                Reset_Handler
 .text.Default_Handler
                0x0000000008008e70        0x2 build/startup_stm32f103xb.o
                0x0000000008008e70                USBWakeUp_IRQHandler
                0x0000000008008e70                EXTI2_IRQHandler
                0x0000000008008e70                TIM1_CC_IRQHandler
                0x0000000008008e70                PVD_IRQHandler
                0x0000000008008e70                EXTI3_IRQHandler
                0x0000000008008e70                EXTI0_IRQHandler
                0x0000000008008e70                I2C2_EV_IRQHandler
                0x0000000008008e70                ADC1_2_IRQHandler
                0x0000000008008e70                SPI1_IRQHandler
                0x0000000008008e70                TAMPER_IRQHandler
                0x0000000008008e70                DMA1_Channel4_IRQHandler
                0x0000000008008e70                USART3_IRQHandler
                0x0000000008008e70                RTC_IRQHandler
                0x0000000008008e70                TIM4_IRQHandler
                0x0000000008008e70                I2C1_EV_IRQHandler
                0x0000000008008e70                TIM3_IRQHandler
                0x0000000008008e70                RCC_IRQHandler
                0x0000000008008e70                TIM1_TRG_COM_IRQHandler
                0x0000000008008e70                DMA1_Channel1_IRQHandler
                0x0000000008008e70                Default_Handler
                0x0000000008008e70                EXTI15_10_IRQHandler
                0x0000000008008e70                EXTI9_5_IRQHandler
                0x0000000008008e70                SPI2_IRQHandler
                0x0000000008008e70                DMA1_Channel5_IRQHandler
                0x0000000008008e70                EXTI4_IRQHandler
                0x0000000008008e70                USB_HP_CAN1_TX_IRQHandler
                0x0000000008008e70                DMA1_Channel3_IRQHandler
                0x0000000008008e70                TIM1_UP_IRQHandler
                0x0000000008008e70                WWDG_IRQHandler
                0x0000000008008e70                TIM2_IRQHandler
                0x0000000008008e70                TIM1_BRK_IRQHandler
                0x0000000008008e70                EXTI1_IRQHandler
                0x0000000008008e70                I2C2_ER_IRQHandler
                0x0000000008008e70                DMA1_Channel2_IRQHandler
                0x0000000008008e70                CAN1_SCE_IRQHandler
                0x0000000008008e70                FLASH_IRQHandler
                0x0000000008008e70                USART1_IRQHandler
                0x0000000008008e70                I2C1_ER_IRQHandler
                0x0000000008008e70                RTC_Alarm_IRQHandler
 *fill*         0x0000000008008e72        0x2 
 .text.__errno  0x0000000008008e74        0xc /Applications/ARM/bin/../lib/gcc/arm-none-eabi/10.3.1/../../../../arm-none-eabi/lib/thumb/v7-m/nofp/libc_nano.a(lib_a-errno.o)
                0x0000000008008e74                __errno
 .text.__libc_init_array
                0x0000000008008e80       0x48 /Applications/ARM/bin/../lib/gcc/arm-none-eabi/10.3.1/../../../../arm-none-eabi/lib/thumb/v7-m/nofp/libc_nano.a(lib_a-init.o)
                0x0000000008008e80                __libc_init_array
 .text.malloc   0x0000000008008ec8       0x10 /Applications/ARM/bin/../lib/gcc/arm-none-eabi/10.3.1/../../../../arm-none-eabi/lib/thumb/v7-m/nofp/libc_nano.a(lib_a-malloc.o)
                0x0000000008008ec8                malloc
 .text.memcpy   0x0000000008008ed8       0x1c /Applications/ARM/bin/../lib/gcc/arm-none-eabi/10.3.1/../../../../arm-none-eabi/lib/thumb/v7-m/nofp/libc_nano.a(lib_a-memcpy-stub.o)
                0x0000000008008ed8                memcpy
 .text.memset   0x0000000008008ef4       0x10 /Applications/ARM/bin/../lib/gcc/arm-none-eabi/10.3.1/../../../../arm-none-eabi/lib/thumb/v7-m/nofp/libc_nano.a(lib_a-memset.o)
                0x0000000008008ef4                memset
 .text._free_r  0x0000000008008f04       0x90 /Applications/ARM/bin/../lib/gcc/arm-none-eabi/10.3.1/../../../../arm-none-eabi/lib/thumb/v7-m/nofp/libc_nano.a(lib_a-nano-freer.o)
                0x0000000008008f04                _free_r
 .text.sbrk_aligned
                0x0000000008008f94       0x40 /Applications/ARM/bin/../lib/gcc/arm-none-eabi/10.3.1/../../../../arm-none-eabi/lib/thumb/v7-m/nofp/libc_nano.a(lib_a-nano-mallocr.o)
 .text._malloc_r
                0x0000000008008fd4       0xe8 /Applications/ARM/bin/../lib/gcc/arm-none-eabi/10.3.1/../../../../arm-none-eabi/lib/thumb/v7-m/nofp/libc_nano.a(lib_a-nano-mallocr.o)
                0x0000000008008fd4                _malloc_r
 .text.printf   0x00000000080090bc       0x30 /Applications/ARM/bin/../lib/gcc/arm-none-eabi/10.3.1/../../../../arm-none-eabi/lib/thumb/v7-m/nofp/libc_nano.a(lib_a-printf.o)
                0x00000000080090bc                printf
                0x00000000080090bc                iprintf
 .text._sbrk_r  0x00000000080090ec       0x20 /Applications/ARM/bin/../lib/gcc/arm-none-eabi/10.3.1/../../../../arm-none-eabi/lib/thumb/v7-m/nofp/libc_nano.a(lib_a-sbrkr.o)
                0x00000000080090ec                _sbrk_r
 .text.sprintf  0x000000000800910c       0x40 /Applications/ARM/bin/../lib/gcc/arm-none-eabi/10.3.1/../../../../arm-none-eabi/lib/thumb/v7-m/nofp/libc_nano.a(lib_a-sprintf.o)
                0x000000000800910c                sprintf
                0x000000000800910c                siprintf
 .text.std      0x000000000800914c       0x48 /Applications/ARM/bin/../lib/gcc/arm-none-eabi/10.3.1/../../../../arm-none-eabi/lib/thumb/v7-m/nofp/libc_nano.a(lib_a-findfp.o)
 .text._cleanup_r
                0x0000000008009194        0xc /Applications/ARM/bin/../lib/gcc/arm-none-eabi/10.3.1/../../../../arm-none-eabi/lib/thumb/v7-m/nofp/libc_nano.a(lib_a-findfp.o)
                0x0000000008009194                _cleanup_r
 .text.__sfmoreglue
                0x00000000080091a0       0x2c /Applications/ARM/bin/../lib/gcc/arm-none-eabi/10.3.1/../../../../arm-none-eabi/lib/thumb/v7-m/nofp/libc_nano.a(lib_a-findfp.o)
                0x00000000080091a0                __sfmoreglue
 .text.__sfp_lock_acquire
                0x00000000080091cc        0xc /Applications/ARM/bin/../lib/gcc/arm-none-eabi/10.3.1/../../../../arm-none-eabi/lib/thumb/v7-m/nofp/libc_nano.a(lib_a-findfp.o)
                0x00000000080091cc                __sfp_lock_acquire
 .text.__sfp_lock_release
                0x00000000080091d8        0xc /Applications/ARM/bin/../lib/gcc/arm-none-eabi/10.3.1/../../../../arm-none-eabi/lib/thumb/v7-m/nofp/libc_nano.a(lib_a-findfp.o)
                0x00000000080091d8                __sfp_lock_release
 .text.__sinit_lock_acquire
                0x00000000080091e4        0xc /Applications/ARM/bin/../lib/gcc/arm-none-eabi/10.3.1/../../../../arm-none-eabi/lib/thumb/v7-m/nofp/libc_nano.a(lib_a-findfp.o)
                0x00000000080091e4                __sinit_lock_acquire
 .text.__sinit_lock_release
                0x00000000080091f0        0xc /Applications/ARM/bin/../lib/gcc/arm-none-eabi/10.3.1/../../../../arm-none-eabi/lib/thumb/v7-m/nofp/libc_nano.a(lib_a-findfp.o)
                0x00000000080091f0                __sinit_lock_release
 .text.__sinit  0x00000000080091fc       0x70 /Applications/ARM/bin/../lib/gcc/arm-none-eabi/10.3.1/../../../../arm-none-eabi/lib/thumb/v7-m/nofp/libc_nano.a(lib_a-findfp.o)
                0x00000000080091fc                __sinit
 .text.__sfp    0x000000000800926c       0x8c /Applications/ARM/bin/../lib/gcc/arm-none-eabi/10.3.1/../../../../arm-none-eabi/lib/thumb/v7-m/nofp/libc_nano.a(lib_a-findfp.o)
                0x000000000800926c                __sfp
 .text._fwalk_reent
                0x00000000080092f8       0x3e /Applications/ARM/bin/../lib/gcc/arm-none-eabi/10.3.1/../../../../arm-none-eabi/lib/thumb/v7-m/nofp/libc_nano.a(lib_a-fwalk.o)
                0x00000000080092f8                _fwalk_reent
 .text.__retarget_lock_init_recursive
                0x0000000008009336        0x2 /Applications/ARM/bin/../lib/gcc/arm-none-eabi/10.3.1/../../../../arm-none-eabi/lib/thumb/v7-m/nofp/libc_nano.a(lib_a-lock.o)
                0x0000000008009336                __retarget_lock_init_recursive
 .text.__retarget_lock_acquire_recursive
                0x0000000008009338        0x2 /Applications/ARM/bin/../lib/gcc/arm-none-eabi/10.3.1/../../../../arm-none-eabi/lib/thumb/v7-m/nofp/libc_nano.a(lib_a-lock.o)
                0x0000000008009338                __retarget_lock_acquire_recursive
 .text.__retarget_lock_release_recursive
                0x000000000800933a        0x2 /Applications/ARM/bin/../lib/gcc/arm-none-eabi/10.3.1/../../../../arm-none-eabi/lib/thumb/v7-m/nofp/libc_nano.a(lib_a-lock.o)
                0x000000000800933a                __retarget_lock_release_recursive
 .text.__malloc_lock
                0x000000000800933c        0xc /Applications/ARM/bin/../lib/gcc/arm-none-eabi/10.3.1/../../../../arm-none-eabi/lib/thumb/v7-m/nofp/libc_nano.a(lib_a-mlock.o)
                0x000000000800933c                __malloc_lock
 .text.__malloc_unlock
                0x0000000008009348        0xc /Applications/ARM/bin/../lib/gcc/arm-none-eabi/10.3.1/../../../../arm-none-eabi/lib/thumb/v7-m/nofp/libc_nano.a(lib_a-mlock.o)
                0x0000000008009348                __malloc_unlock
 .text.__ssputs_r
                0x0000000008009354       0xb6 /Applications/ARM/bin/../lib/gcc/arm-none-eabi/10.3.1/../../../../arm-none-eabi/lib/thumb/v7-m/nofp/libc_nano.a(lib_a-nano-svfprintf.o)
                0x0000000008009354                __ssputs_r
 *fill*         0x000000000800940a        0x2 
 .text._svfprintf_r
                0x000000000800940c      0x200 /Applications/ARM/bin/../lib/gcc/arm-none-eabi/10.3.1/../../../../arm-none-eabi/lib/thumb/v7-m/nofp/libc_nano.a(lib_a-nano-svfprintf.o)
                0x000000000800940c                _svfprintf_r
                0x000000000800940c                _svfiprintf_r
 .text.__sfputc_r
                0x000000000800960c       0x2a /Applications/ARM/bin/../lib/gcc/arm-none-eabi/10.3.1/../../../../arm-none-eabi/lib/thumb/v7-m/nofp/libc_nano.a(lib_a-nano-vfprintf.o)
 .text.__sfputs_r
                0x0000000008009636       0x24 /Applications/ARM/bin/../lib/gcc/arm-none-eabi/10.3.1/../../../../arm-none-eabi/lib/thumb/v7-m/nofp/libc_nano.a(lib_a-nano-vfprintf.o)
                0x0000000008009636                __sfputs_r
 *fill*         0x000000000800965a        0x2 
 .text._vfprintf_r
                0x000000000800965c      0x260 /Applications/ARM/bin/../lib/gcc/arm-none-eabi/10.3.1/../../../../arm-none-eabi/lib/thumb/v7-m/nofp/libc_nano.a(lib_a-nano-vfprintf.o)
                0x000000000800965c                _vfiprintf_r
                0x000000000800965c                _vfprintf_r
 .text._printf_common
                0x00000000080098bc       0xde /Applications/ARM/bin/../lib/gcc/arm-none-eabi/10.3.1/../../../../arm-none-eabi/lib/thumb/v7-m/nofp/libc_nano.a(lib_a-nano-vfprintf_i.o)
                0x00000000080098bc                _printf_common
 *fill*         0x000000000800999a        0x2 
 .text._printf_i
                0x000000000800999c      0x24c /Applications/ARM/bin/../lib/gcc/arm-none-eabi/10.3.1/../../../../arm-none-eabi/lib/thumb/v7-m/nofp/libc_nano.a(lib_a-nano-vfprintf_i.o)
                0x000000000800999c                _printf_i
 .text.__sread  0x0000000008009be8       0x22 /Applications/ARM/bin/../lib/gcc/arm-none-eabi/10.3.1/../../../../arm-none-eabi/lib/thumb/v7-m/nofp/libc_nano.a(lib_a-stdio.o)
                0x0000000008009be8                __sread
 .text.__swrite
                0x0000000008009c0a       0x38 /Applications/ARM/bin/../lib/gcc/arm-none-eabi/10.3.1/../../../../arm-none-eabi/lib/thumb/v7-m/nofp/libc_nano.a(lib_a-stdio.o)
                0x0000000008009c0a                __swrite
 .text.__sseek  0x0000000008009c42       0x24 /Applications/ARM/bin/../lib/gcc/arm-none-eabi/10.3.1/../../../../arm-none-eabi/lib/thumb/v7-m/nofp/libc_nano.a(lib_a-stdio.o)
                0x0000000008009c42                __sseek
 .text.__sclose
                0x0000000008009c66        0x8 /Applications/ARM/bin/../lib/gcc/arm-none-eabi/10.3.1/../../../../arm-none-eabi/lib/thumb/v7-m/nofp/libc_nano.a(lib_a-stdio.o)
                0x0000000008009c66                __sclose
 *fill*         0x0000000008009c6e        0x2 
 .text.__swbuf_r
                0x0000000008009c70       0xa4 /Applications/ARM/bin/../lib/gcc/arm-none-eabi/10.3.1/../../../../arm-none-eabi/lib/thumb/v7-m/nofp/libc_nano.a(lib_a-wbuf.o)
                0x0000000008009c70                __swbuf_r
 .text._write_r
                0x0000000008009d14       0x24 /Applications/ARM/bin/../lib/gcc/arm-none-eabi/10.3.1/../../../../arm-none-eabi/lib/thumb/v7-m/nofp/libc_nano.a(lib_a-writer.o)
                0x0000000008009d14                _write_r
 .text.__swsetup_r
                0x0000000008009d38       0xdc /Applications/ARM/bin/../lib/gcc/arm-none-eabi/10.3.1/../../../../arm-none-eabi/lib/thumb/v7-m/nofp/libc_nano.a(lib_a-wsetup.o)
                0x0000000008009d38                __swsetup_r
 .text._close_r
                0x0000000008009e14       0x20 /Applications/ARM/bin/../lib/gcc/arm-none-eabi/10.3.1/../../../../arm-none-eabi/lib/thumb/v7-m/nofp/libc_nano.a(lib_a-closer.o)
                0x0000000008009e14                _close_r
 .text.__sflush_r
                0x0000000008009e34      0x104 /Applications/ARM/bin/../lib/gcc/arm-none-eabi/10.3.1/../../../../arm-none-eabi/lib/thumb/v7-m/nofp/libc_nano.a(lib_a-fflush.o)
                0x0000000008009e34                __sflush_r
 .text._fflush_r
                0x0000000008009f38       0x78 /Applications/ARM/bin/../lib/gcc/arm-none-eabi/10.3.1/../../../../arm-none-eabi/lib/thumb/v7-m/nofp/libc_nano.a(lib_a-fflush.o)
                0x0000000008009f38                _fflush_r
 .text._lseek_r
                0x0000000008009fb0       0x24 /Applications/ARM/bin/../lib/gcc/arm-none-eabi/10.3.1/../../../../arm-none-eabi/lib/thumb/v7-m/nofp/libc_nano.a(lib_a-lseekr.o)
                0x0000000008009fb0                _lseek_r
 .text.__swhatbuf_r
                0x0000000008009fd4       0x4a /Applications/ARM/bin/../lib/gcc/arm-none-eabi/10.3.1/../../../../arm-none-eabi/lib/thumb/v7-m/nofp/libc_nano.a(lib_a-makebuf.o)
                0x0000000008009fd4                __swhatbuf_r
 *fill*         0x000000000800a01e        0x2 
 .text.__smakebuf_r
                0x000000000800a020       0x80 /Applications/ARM/bin/../lib/gcc/arm-none-eabi/10.3.1/../../../../arm-none-eabi/lib/thumb/v7-m/nofp/libc_nano.a(lib_a-makebuf.o)
                0x000000000800a020                __smakebuf_r
 .text.memchr   0x000000000800a0a0       0x1c /Applications/ARM/bin/../lib/gcc/arm-none-eabi/10.3.1/../../../../arm-none-eabi/lib/thumb/v7-m/nofp/libc_nano.a(lib_a-memchr-stub.o)
                0x000000000800a0a0                memchr
 .text.memmove  0x000000000800a0bc       0x34 /Applications/ARM/bin/../lib/gcc/arm-none-eabi/10.3.1/../../../../arm-none-eabi/lib/thumb/v7-m/nofp/libc_nano.a(lib_a-memmove.o)
                0x000000000800a0bc                memmove
 .text._realloc_r
                0x000000000800a0f0       0x5e /Applications/ARM/bin/../lib/gcc/arm-none-eabi/10.3.1/../../../../arm-none-eabi/lib/thumb/v7-m/nofp/libc_nano.a(lib_a-nano-reallocr.o)
                0x000000000800a0f0                _realloc_r
 *fill*         0x000000000800a14e        0x2 
 .text._read_r  0x000000000800a150       0x24 /Applications/ARM/bin/../lib/gcc/arm-none-eabi/10.3.1/../../../../arm-none-eabi/lib/thumb/v7-m/nofp/libc_nano.a(lib_a-readr.o)
                0x000000000800a150                _read_r
 .text._fstat_r
                0x000000000800a174       0x24 /Applications/ARM/bin/../lib/gcc/arm-none-eabi/10.3.1/../../../../arm-none-eabi/lib/thumb/v7-m/nofp/libc_nano.a(lib_a-fstatr.o)
                0x000000000800a174                _fstat_r
 .text._isatty_r
                0x000000000800a198       0x20 /Applications/ARM/bin/../lib/gcc/arm-none-eabi/10.3.1/../../../../arm-none-eabi/lib/thumb/v7-m/nofp/libc_nano.a(lib_a-isattyr.o)
                0x000000000800a198                _isatty_r
 .text._malloc_usable_size_r
                0x000000000800a1b8       0x10 /Applications/ARM/bin/../lib/gcc/arm-none-eabi/10.3.1/../../../../arm-none-eabi/lib/thumb/v7-m/nofp/libc_nano.a(lib_a-nano-msizer.o)
                0x000000000800a1b8                _malloc_usable_size_r
 *(.glue_7)
 .glue_7        0x000000000800a1c8        0x0 linker stubs
 *(.glue_7t)
 .glue_7t       0x000000000800a1c8        0x0 linker stubs
 *(.eh_frame)
 .eh_frame      0x000000000800a1c8        0x0 /Applications/ARM/bin/../lib/gcc/arm-none-eabi/10.3.1/thumb/v7-m/nofp/crtbegin.o
 *(.init)
 .init          0x000000000800a1c8        0x4 /Applications/ARM/bin/../lib/gcc/arm-none-eabi/10.3.1/thumb/v7-m/nofp/crti.o
                0x000000000800a1c8                _init
 .init          0x000000000800a1cc        0x8 /Applications/ARM/bin/../lib/gcc/arm-none-eabi/10.3.1/thumb/v7-m/nofp/crtn.o
 *(.fini)
 .fini          0x000000000800a1d4        0x4 /Applications/ARM/bin/../lib/gcc/arm-none-eabi/10.3.1/thumb/v7-m/nofp/crti.o
                0x000000000800a1d4                _fini
 .fini          0x000000000800a1d8        0x8 /Applications/ARM/bin/../lib/gcc/arm-none-eabi/10.3.1/thumb/v7-m/nofp/crtn.o
                0x000000000800a1e0                . = ALIGN (0x4)
                0x000000000800a1e0                _etext = .

.vfp11_veneer   0x000000000800a1e0        0x0
 .vfp11_veneer  0x000000000800a1e0        0x0 linker stubs

.v4_bx          0x000000000800a1e0        0x0
 .v4_bx         0x000000000800a1e0        0x0 linker stubs

.iplt           0x000000000800a1e0        0x0
 .iplt          0x000000000800a1e0        0x0 /Applications/ARM/bin/../lib/gcc/arm-none-eabi/10.3.1/thumb/v7-m/nofp/crtbegin.o

.rodata         0x000000000800a1e0      0x104
                0x000000000800a1e0                . = ALIGN (0x4)
 *(.rodata)
 .rodata        0x000000000800a1e0        0x8 build/main.o
 .rodata        0x000000000800a1e8        0x3 build/SCS.o
 *fill*         0x000000000800a1eb        0x1 
 .rodata        0x000000000800a1ec       0x33 build/STS_control.o
 *(.rodata*)
 *fill*         0x000000000800a21f        0x1 
 .rodata.AHBPrescTable
                0x000000000800a220       0x10 build/system_stm32f1xx.o
                0x000000000800a220                AHBPrescTable
 .rodata.APBPrescTable
                0x000000000800a230        0x8 build/system_stm32f1xx.o
                0x000000000800a230                APBPrescTable
 .rodata.aPLLMULFactorTable.1
                0x000000000800a238       0x10 build/stm32f1xx_hal_rcc.o
 .rodata.aPredivFactorTable.0
                0x000000000800a248        0x2 build/stm32f1xx_hal_rcc.o
 *fill*         0x000000000800a24a        0x2 
 .rodata._global_impure_ptr
                0x000000000800a24c        0x4 /Applications/ARM/bin/../lib/gcc/arm-none-eabi/10.3.1/../../../../arm-none-eabi/lib/thumb/v7-m/nofp/libc_nano.a(lib_a-impure.o)
                0x000000000800a24c                _global_impure_ptr
 .rodata.__sf_fake_stderr
                0x000000000800a250       0x20 /Applications/ARM/bin/../lib/gcc/arm-none-eabi/10.3.1/../../../../arm-none-eabi/lib/thumb/v7-m/nofp/libc_nano.a(lib_a-findfp.o)
                0x000000000800a250                __sf_fake_stderr
 .rodata.__sf_fake_stdin
                0x000000000800a270       0x20 /Applications/ARM/bin/../lib/gcc/arm-none-eabi/10.3.1/../../../../arm-none-eabi/lib/thumb/v7-m/nofp/libc_nano.a(lib_a-findfp.o)
                0x000000000800a270                __sf_fake_stdin
 .rodata.__sf_fake_stdout
                0x000000000800a290       0x20 /Applications/ARM/bin/../lib/gcc/arm-none-eabi/10.3.1/../../../../arm-none-eabi/lib/thumb/v7-m/nofp/libc_nano.a(lib_a-findfp.o)
                0x000000000800a290                __sf_fake_stdout
 .rodata._svfprintf_r.str1.1
                0x000000000800a2b0       0x11 /Applications/ARM/bin/../lib/gcc/arm-none-eabi/10.3.1/../../../../arm-none-eabi/lib/thumb/v7-m/nofp/libc_nano.a(lib_a-nano-svfprintf.o)
 .rodata._vfprintf_r.str1.1
                0x000000000800a2c1       0x11 /Applications/ARM/bin/../lib/gcc/arm-none-eabi/10.3.1/../../../../arm-none-eabi/lib/thumb/v7-m/nofp/libc_nano.a(lib_a-nano-vfprintf.o)
 .rodata._printf_i.str1.1
                0x000000000800a2c1       0x22 /Applications/ARM/bin/../lib/gcc/arm-none-eabi/10.3.1/../../../../arm-none-eabi/lib/thumb/v7-m/nofp/libc_nano.a(lib_a-nano-vfprintf_i.o)
                0x000000000800a2e4                . = ALIGN (0x4)
 *fill*         0x000000000800a2e3        0x1 

.rel.dyn        0x000000000800a2e4        0x0
 .rel.iplt      0x000000000800a2e4        0x0 /Applications/ARM/bin/../lib/gcc/arm-none-eabi/10.3.1/thumb/v7-m/nofp/crtbegin.o

.ARM.extab      0x000000000800a2e4        0x0
                0x000000000800a2e4                . = ALIGN (0x4)
 *(.ARM.extab* .gnu.linkonce.armextab.*)
                0x000000000800a2e4                . = ALIGN (0x4)

.ARM            0x000000000800a2e4        0x0
                0x000000000800a2e4                . = ALIGN (0x4)
                0x000000000800a2e4                __exidx_start = .
 *(.ARM.exidx*)
                0x000000000800a2e4                __exidx_end = .
                0x000000000800a2e4                . = ALIGN (0x4)

.preinit_array  0x000000000800a2e4        0x0
                0x000000000800a2e4                . = ALIGN (0x4)
                0x000000000800a2e4                PROVIDE (__preinit_array_start = .)
 *(.preinit_array*)
                0x000000000800a2e4                PROVIDE (__preinit_array_end = .)
                0x000000000800a2e4                . = ALIGN (0x4)

.init_array     0x000000000800a2e4        0x4
                0x000000000800a2e4                . = ALIGN (0x4)
                0x000000000800a2e4                PROVIDE (__init_array_start = .)
 *(SORT_BY_NAME(.init_array.*))
 *(.init_array*)
 .init_array    0x000000000800a2e4        0x4 /Applications/ARM/bin/../lib/gcc/arm-none-eabi/10.3.1/thumb/v7-m/nofp/crtbegin.o
                0x000000000800a2e8                PROVIDE (__init_array_end = .)
                0x000000000800a2e8                . = ALIGN (0x4)

.fini_array     0x000000000800a2e8        0x4
                0x000000000800a2e8                . = ALIGN (0x4)
                [!provide]                        PROVIDE (__fini_array_start = .)
 *(SORT_BY_NAME(.fini_array.*))
 *(.fini_array*)
 .fini_array    0x000000000800a2e8        0x4 /Applications/ARM/bin/../lib/gcc/arm-none-eabi/10.3.1/thumb/v7-m/nofp/crtbegin.o
                [!provide]                        PROVIDE (__fini_array_end = .)
                0x000000000800a2ec                . = ALIGN (0x4)
                0x000000000800a2ec                _sidata = LOADADDR (.data)

.data           0x0000000020000000       0x78 load address 0x000000000800a2ec
                0x0000000020000000                . = ALIGN (0x4)
                0x0000000020000000                _sdata = .
 *(.data)
 *(.data*)
 .data.SystemCoreClock
                0x0000000020000000        0x4 build/system_stm32f1xx.o
                0x0000000020000000                SystemCoreClock
 .data.servo_ID
                0x0000000020000004        0x3 build/STS_control.o
                0x0000000020000004                servo_ID
 *fill*         0x0000000020000007        0x1 
 .data.default_speed
                0x0000000020000008        0x2 build/STS_control.o
                0x0000000020000008                default_speed
 *fill*         0x000000002000000a        0x2 
 .data.uwTickPrio
                0x000000002000000c        0x4 build/stm32f1xx_hal.o
                0x000000002000000c                uwTickPrio
 .data.uwTickFreq
                0x0000000020000010        0x1 build/stm32f1xx_hal.o
                0x0000000020000010                uwTickFreq
 *fill*         0x0000000020000011        0x3 
 .data._impure_ptr
                0x0000000020000014        0x4 /Applications/ARM/bin/../lib/gcc/arm-none-eabi/10.3.1/../../../../arm-none-eabi/lib/thumb/v7-m/nofp/libc_nano.a(lib_a-impure.o)
                0x0000000020000014                _impure_ptr
 .data.impure_data
                0x0000000020000018       0x60 /Applications/ARM/bin/../lib/gcc/arm-none-eabi/10.3.1/../../../../arm-none-eabi/lib/thumb/v7-m/nofp/libc_nano.a(lib_a-impure.o)
 *(.RamFunc)
 *(.RamFunc*)
                0x0000000020000078                . = ALIGN (0x4)
                0x0000000020000078                _edata = .

.igot.plt       0x0000000020000078        0x0 load address 0x000000000800a364
 .igot.plt      0x0000000020000078        0x0 /Applications/ARM/bin/../lib/gcc/arm-none-eabi/10.3.1/thumb/v7-m/nofp/crtbegin.o
                0x0000000020000078                . = ALIGN (0x4)

.bss            0x0000000020000078      0x524 load address 0x000000000800a364
                0x0000000020000078                _sbss = .
                0x0000000020000078                __bss_start__ = _sbss
 *(.bss)
 .bss           0x0000000020000078       0x1c /Applications/ARM/bin/../lib/gcc/arm-none-eabi/10.3.1/thumb/v7-m/nofp/crtbegin.o
 *(.bss*)
 .bss.huart2    0x0000000020000094       0x48 build/usart.o
                0x0000000020000094                huart2
 .bss.hdma_usart2_rx
                0x00000000200000dc       0x44 build/usart.o
                0x00000000200000dc                hdma_usart2_rx
 .bss.hdma_usart2_tx
                0x0000000020000120       0x44 build/usart.o
                0x0000000020000120                hdma_usart2_tx
 .bss.RxHeader  0x0000000020000164       0x1c build/stm32f1xx_it.o
                0x0000000020000164                RxHeader
 .bss.RxData    0x0000000020000180        0x8 build/stm32f1xx_it.o
                0x0000000020000180                RxData
 .bss.End       0x0000000020000188        0x1 build/SCS.o
 .bss.u8Status  0x0000000020000189        0x1 build/SCS.o
 .bss.u8Error   0x000000002000018a        0x1 build/SCS.o
 .bss.syncReadRxPacketIndex
                0x000000002000018b        0x1 build/SCS.o
                0x000000002000018b                syncReadRxPacketIndex
 .bss.syncReadRxPacketLen
                0x000000002000018c        0x1 build/SCS.o
                0x000000002000018c                syncReadRxPacketLen
 *fill*         0x000000002000018d        0x3 
 .bss.syncReadRxPacket
                0x0000000020000190        0x4 build/SCS.o
                0x0000000020000190                syncReadRxPacket
 .bss.syncReadRxBuff
                0x0000000020000194        0x4 build/SCS.o
                0x0000000020000194                syncReadRxBuff
 .bss.syncReadRxBuffLen
                0x0000000020000198        0x2 build/SCS.o
                0x0000000020000198                syncReadRxBuffLen
 .bss.syncReadRxBuffMax
                0x000000002000019a        0x2 build/SCS.o
                0x000000002000019a                syncReadRxBuffMax
 .bss.wBuf      0x000000002000019c       0x80 build/SCSerial.o
                0x000000002000019c                wBuf
 .bss.wLen      0x000000002000021c        0x1 build/SCSerial.o
                0x000000002000021c                wLen
 *fill*         0x000000002000021d        0x3 
 .bss.servo_position
                0x0000000020000220        0x6 build/STS_control.o
                0x0000000020000220                servo_position
 *fill*         0x0000000020000226        0x2 
 .bss.servo_speed
                0x0000000020000228        0x6 build/STS_control.o
                0x0000000020000228                servo_speed
 *fill*         0x000000002000022e        0x2 
 .bss.servo_rxPacket
                0x0000000020000230        0x4 build/STS_control.o
                0x0000000020000230                servo_rxPacket
 .bss.servo_set_position
                0x0000000020000234        0x6 build/STS_control.o
                0x0000000020000234                servo_set_position
 *fill*         0x000000002000023a        0x2 
 .bss.servo_set_speed
                0x000000002000023c        0x6 build/STS_control.o
                0x000000002000023c                servo_set_speed
 *fill*         0x0000000020000242        0x2 
 .bss.servo_set_acc
                0x0000000020000244        0x6 build/STS_control.o
                0x0000000020000244                servo_set_acc
 .bss.default_acc
                0x000000002000024a        0x2 build/STS_control.o
                0x000000002000024a                default_acc
 .bss.servo_can_rx
                0x000000002000024c        0x8 build/STS_control.o
                0x000000002000024c                servo_can_rx
 .bss.servo_can_tx
                0x0000000020000254        0x8 build/STS_control.o
                0x0000000020000254                servo_can_tx
 .bss.servo_read_flag_12
                0x000000002000025c        0x1 build/STS_control.o
                0x000000002000025c                servo_read_flag_12
 .bss.servo_read_flag_3
                0x000000002000025d        0x1 build/STS_control.o
                0x000000002000025d                servo_read_flag_3
 .bss.servo_write_flag
                0x000000002000025e        0x1 build/STS_control.o
                0x000000002000025e                servo_write_flag
 *fill*         0x000000002000025f        0x1 
 .bss.debug_message
                0x0000000020000260       0x20 build/STS_control.o
                0x0000000020000260                debug_message
 .bss.__sbrk_heap_end
                0x0000000020000280        0x4 build/sysmem.o
 .bss.uwTick    0x0000000020000284        0x4 build/stm32f1xx_hal.o
                0x0000000020000284                uwTick
 .bss.hcan      0x0000000020000288       0x28 build/can.o
                0x0000000020000288                hcan
 .bss.hpcd_USB_FS
                0x00000000200002b0      0x2d8 build/usbd_conf.o
                0x00000000200002b0                hpcd_USB_FS
 .bss.cfgidx.0  0x0000000020000588        0x1 build/usbd_ctlreq.o
 *fill*         0x0000000020000589        0x3 
 .bss.__malloc_free_list
                0x000000002000058c        0x4 /Applications/ARM/bin/../lib/gcc/arm-none-eabi/10.3.1/../../../../arm-none-eabi/lib/thumb/v7-m/nofp/libc_nano.a(lib_a-nano-mallocr.o)
                0x000000002000058c                __malloc_free_list
 .bss.__malloc_sbrk_start
                0x0000000020000590        0x4 /Applications/ARM/bin/../lib/gcc/arm-none-eabi/10.3.1/../../../../arm-none-eabi/lib/thumb/v7-m/nofp/libc_nano.a(lib_a-nano-mallocr.o)
                0x0000000020000590                __malloc_sbrk_start
 .bss.__lock___malloc_recursive_mutex
                0x0000000020000594        0x1 /Applications/ARM/bin/../lib/gcc/arm-none-eabi/10.3.1/../../../../arm-none-eabi/lib/thumb/v7-m/nofp/libc_nano.a(lib_a-lock.o)
                0x0000000020000594                __lock___malloc_recursive_mutex
 .bss.__lock___sfp_recursive_mutex
                0x0000000020000595        0x1 /Applications/ARM/bin/../lib/gcc/arm-none-eabi/10.3.1/../../../../arm-none-eabi/lib/thumb/v7-m/nofp/libc_nano.a(lib_a-lock.o)
                0x0000000020000595                __lock___sfp_recursive_mutex
 .bss.__lock___sinit_recursive_mutex
                0x0000000020000596        0x1 /Applications/ARM/bin/../lib/gcc/arm-none-eabi/10.3.1/../../../../arm-none-eabi/lib/thumb/v7-m/nofp/libc_nano.a(lib_a-lock.o)
                0x0000000020000596                __lock___sinit_recursive_mutex
 *fill*         0x0000000020000597        0x1 
 .bss.errno     0x0000000020000598        0x4 /Applications/ARM/bin/../lib/gcc/arm-none-eabi/10.3.1/../../../../arm-none-eabi/lib/thumb/v7-m/nofp/libc_nano.a(lib_a-reent.o)
                0x0000000020000598                errno
 *(COMMON)
                0x000000002000059c                . = ALIGN (0x4)
                0x000000002000059c                _ebss = .
                0x000000002000059c                __bss_end__ = _ebss

._user_heap_stack
                0x000000002000059c      0x604 load address 0x000000000800a364
                0x00000000200005a0                . = ALIGN (0x8)
 *fill*         0x000000002000059c        0x4 
                [!provide]                        PROVIDE (end = .)
                0x00000000200005a0                PROVIDE (_end = .)
                0x00000000200007a0                . = (. + _Min_Heap_Size)
 *fill*         0x00000000200005a0      0x200 
                0x0000000020000ba0                . = (. + _Min_Stack_Size)
 *fill*         0x00000000200007a0      0x400 
                0x0000000020000ba0                . = ALIGN (0x8)

/DISCARD/
 libc.a(*)
 libm.a(*)
 libgcc.a(*)
OUTPUT(build/FTServo_stm32f103c8t6.elf elf32-littlearm)
LOAD linker stubs
LOAD /Applications/ARM/bin/../lib/gcc/arm-none-eabi/10.3.1/../../../../arm-none-eabi/lib/thumb/v7-m/nofp/libc.a
LOAD /Applications/ARM/bin/../lib/gcc/arm-none-eabi/10.3.1/../../../../arm-none-eabi/lib/thumb/v7-m/nofp/libm.a
LOAD /Applications/ARM/bin/../lib/gcc/arm-none-eabi/10.3.1/thumb/v7-m/nofp/libgcc.a

.ARM.attributes
                0x0000000000000000       0x29
 .ARM.attributes
                0x0000000000000000       0x1d /Applications/ARM/bin/../lib/gcc/arm-none-eabi/10.3.1/thumb/v7-m/nofp/crti.o
 .ARM.attributes
                0x000000000000001d       0x2d /Applications/ARM/bin/../lib/gcc/arm-none-eabi/10.3.1/thumb/v7-m/nofp/crtbegin.o
 .ARM.attributes
                0x000000000000004a       0x2d build/main.o
 .ARM.attributes
                0x0000000000000077       0x2d build/gpio.o
 .ARM.attributes
                0x00000000000000a4       0x2d build/dma.o
 .ARM.attributes
                0x00000000000000d1       0x2d build/usart.o
 .ARM.attributes
                0x00000000000000fe       0x2d build/stm32f1xx_it.o
 .ARM.attributes
                0x000000000000012b       0x2d build/stm32f1xx_hal_msp.o
 .ARM.attributes
                0x0000000000000158       0x2d build/system_stm32f1xx.o
 .ARM.attributes
                0x0000000000000185       0x2d build/SCS.o
 .ARM.attributes
                0x00000000000001b2       0x2d build/SCSerial.o
 .ARM.attributes
                0x00000000000001df       0x2d build/SMS_STS.o
 .ARM.attributes
                0x000000000000020c       0x2d build/STS_control.o
 .ARM.attributes
                0x0000000000000239       0x2d build/syscalls.o
 .ARM.attributes
                0x0000000000000266       0x2d build/sysmem.o
 .ARM.attributes
                0x0000000000000293       0x2d build/stm32f1xx_hal.o
 .ARM.attributes
                0x00000000000002c0       0x2d build/stm32f1xx_hal_rcc.o
 .ARM.attributes
                0x00000000000002ed       0x2d build/stm32f1xx_hal_rcc_ex.o
 .ARM.attributes
                0x000000000000031a       0x2d build/stm32f1xx_hal_gpio.o
 .ARM.attributes
                0x0000000000000347       0x2d build/stm32f1xx_hal_dma.o
 .ARM.attributes
                0x0000000000000374       0x2d build/stm32f1xx_hal_cortex.o
 .ARM.attributes
                0x00000000000003a1       0x2d build/stm32f1xx_hal_uart.o
 .ARM.attributes
                0x00000000000003ce       0x2d build/can.o
 .ARM.attributes
                0x00000000000003fb       0x2d build/stm32f1xx_hal_can.o
 .ARM.attributes
                0x0000000000000428       0x2d build/usbd_conf.o
 .ARM.attributes
                0x0000000000000455       0x2d build/stm32f1xx_hal_pcd.o
 .ARM.attributes
                0x0000000000000482       0x2d build/stm32f1xx_ll_usb.o
 .ARM.attributes
                0x00000000000004af       0x2d build/usbd_core.o
 .ARM.attributes
                0x00000000000004dc       0x2d build/usbd_ctlreq.o
 .ARM.attributes
                0x0000000000000509       0x2d build/usbd_ioreq.o
 .ARM.attributes
                0x0000000000000536       0x21 build/startup_stm32f103xb.o
 .ARM.attributes
                0x0000000000000557       0x2d /Applications/ARM/bin/../lib/gcc/arm-none-eabi/10.3.1/../../../../arm-none-eabi/lib/thumb/v7-m/nofp/libc_nano.a(lib_a-errno.o)
 .ARM.attributes
                0x0000000000000584       0x2d /Applications/ARM/bin/../lib/gcc/arm-none-eabi/10.3.1/../../../../arm-none-eabi/lib/thumb/v7-m/nofp/libc_nano.a(lib_a-impure.o)
 .ARM.attributes
                0x00000000000005b1       0x2d /Applications/ARM/bin/../lib/gcc/arm-none-eabi/10.3.1/../../../../arm-none-eabi/lib/thumb/v7-m/nofp/libc_nano.a(lib_a-init.o)
 .ARM.attributes
                0x00000000000005de       0x2d /Applications/ARM/bin/../lib/gcc/arm-none-eabi/10.3.1/../../../../arm-none-eabi/lib/thumb/v7-m/nofp/libc_nano.a(lib_a-malloc.o)
 .ARM.attributes
                0x000000000000060b       0x2d /Applications/ARM/bin/../lib/gcc/arm-none-eabi/10.3.1/../../../../arm-none-eabi/lib/thumb/v7-m/nofp/libc_nano.a(lib_a-memcpy-stub.o)
 .ARM.attributes
                0x0000000000000638       0x2d /Applications/ARM/bin/../lib/gcc/arm-none-eabi/10.3.1/../../../../arm-none-eabi/lib/thumb/v7-m/nofp/libc_nano.a(lib_a-memset.o)
 .ARM.attributes
                0x0000000000000665       0x2d /Applications/ARM/bin/../lib/gcc/arm-none-eabi/10.3.1/../../../../arm-none-eabi/lib/thumb/v7-m/nofp/libc_nano.a(lib_a-nano-freer.o)
 .ARM.attributes
                0x0000000000000692       0x2d /Applications/ARM/bin/../lib/gcc/arm-none-eabi/10.3.1/../../../../arm-none-eabi/lib/thumb/v7-m/nofp/libc_nano.a(lib_a-nano-mallocr.o)
 .ARM.attributes
                0x00000000000006bf       0x2d /Applications/ARM/bin/../lib/gcc/arm-none-eabi/10.3.1/../../../../arm-none-eabi/lib/thumb/v7-m/nofp/libc_nano.a(lib_a-printf.o)
 .ARM.attributes
                0x00000000000006ec       0x2d /Applications/ARM/bin/../lib/gcc/arm-none-eabi/10.3.1/../../../../arm-none-eabi/lib/thumb/v7-m/nofp/libc_nano.a(lib_a-sbrkr.o)
 .ARM.attributes
                0x0000000000000719       0x2d /Applications/ARM/bin/../lib/gcc/arm-none-eabi/10.3.1/../../../../arm-none-eabi/lib/thumb/v7-m/nofp/libc_nano.a(lib_a-sprintf.o)
 .ARM.attributes
                0x0000000000000746       0x2d /Applications/ARM/bin/../lib/gcc/arm-none-eabi/10.3.1/../../../../arm-none-eabi/lib/thumb/v7-m/nofp/libc_nano.a(lib_a-findfp.o)
 .ARM.attributes
                0x0000000000000773       0x2d /Applications/ARM/bin/../lib/gcc/arm-none-eabi/10.3.1/../../../../arm-none-eabi/lib/thumb/v7-m/nofp/libc_nano.a(lib_a-fwalk.o)
 .ARM.attributes
                0x00000000000007a0       0x2d /Applications/ARM/bin/../lib/gcc/arm-none-eabi/10.3.1/../../../../arm-none-eabi/lib/thumb/v7-m/nofp/libc_nano.a(lib_a-lock.o)
 .ARM.attributes
                0x00000000000007cd       0x2d /Applications/ARM/bin/../lib/gcc/arm-none-eabi/10.3.1/../../../../arm-none-eabi/lib/thumb/v7-m/nofp/libc_nano.a(lib_a-mlock.o)
 .ARM.attributes
                0x00000000000007fa       0x2d /Applications/ARM/bin/../lib/gcc/arm-none-eabi/10.3.1/../../../../arm-none-eabi/lib/thumb/v7-m/nofp/libc_nano.a(lib_a-nano-svfprintf.o)
 .ARM.attributes
                0x0000000000000827       0x2d /Applications/ARM/bin/../lib/gcc/arm-none-eabi/10.3.1/../../../../arm-none-eabi/lib/thumb/v7-m/nofp/libc_nano.a(lib_a-nano-vfprintf.o)
 .ARM.attributes
                0x0000000000000854       0x2d /Applications/ARM/bin/../lib/gcc/arm-none-eabi/10.3.1/../../../../arm-none-eabi/lib/thumb/v7-m/nofp/libc_nano.a(lib_a-nano-vfprintf_i.o)
 .ARM.attributes
                0x0000000000000881       0x2d /Applications/ARM/bin/../lib/gcc/arm-none-eabi/10.3.1/../../../../arm-none-eabi/lib/thumb/v7-m/nofp/libc_nano.a(lib_a-reent.o)
 .ARM.attributes
                0x00000000000008ae       0x2d /Applications/ARM/bin/../lib/gcc/arm-none-eabi/10.3.1/../../../../arm-none-eabi/lib/thumb/v7-m/nofp/libc_nano.a(lib_a-stdio.o)
 .ARM.attributes
                0x00000000000008db       0x2d /Applications/ARM/bin/../lib/gcc/arm-none-eabi/10.3.1/../../../../arm-none-eabi/lib/thumb/v7-m/nofp/libc_nano.a(lib_a-wbuf.o)
 .ARM.attributes
                0x0000000000000908       0x2d /Applications/ARM/bin/../lib/gcc/arm-none-eabi/10.3.1/../../../../arm-none-eabi/lib/thumb/v7-m/nofp/libc_nano.a(lib_a-writer.o)
 .ARM.attributes
                0x0000000000000935       0x2d /Applications/ARM/bin/../lib/gcc/arm-none-eabi/10.3.1/../../../../arm-none-eabi/lib/thumb/v7-m/nofp/libc_nano.a(lib_a-wsetup.o)
 .ARM.attributes
                0x0000000000000962       0x2d /Applications/ARM/bin/../lib/gcc/arm-none-eabi/10.3.1/../../../../arm-none-eabi/lib/thumb/v7-m/nofp/libc_nano.a(lib_a-closer.o)
 .ARM.attributes
                0x000000000000098f       0x2d /Applications/ARM/bin/../lib/gcc/arm-none-eabi/10.3.1/../../../../arm-none-eabi/lib/thumb/v7-m/nofp/libc_nano.a(lib_a-fflush.o)
 .ARM.attributes
                0x00000000000009bc       0x2d /Applications/ARM/bin/../lib/gcc/arm-none-eabi/10.3.1/../../../../arm-none-eabi/lib/thumb/v7-m/nofp/libc_nano.a(lib_a-lseekr.o)
 .ARM.attributes
                0x00000000000009e9       0x2d /Applications/ARM/bin/../lib/gcc/arm-none-eabi/10.3.1/../../../../arm-none-eabi/lib/thumb/v7-m/nofp/libc_nano.a(lib_a-makebuf.o)
 .ARM.attributes
                0x0000000000000a16       0x2d /Applications/ARM/bin/../lib/gcc/arm-none-eabi/10.3.1/../../../../arm-none-eabi/lib/thumb/v7-m/nofp/libc_nano.a(lib_a-memchr-stub.o)
 .ARM.attributes
                0x0000000000000a43       0x2d /Applications/ARM/bin/../lib/gcc/arm-none-eabi/10.3.1/../../../../arm-none-eabi/lib/thumb/v7-m/nofp/libc_nano.a(lib_a-memmove.o)
 .ARM.attributes
                0x0000000000000a70       0x2d /Applications/ARM/bin/../lib/gcc/arm-none-eabi/10.3.1/../../../../arm-none-eabi/lib/thumb/v7-m/nofp/libc_nano.a(lib_a-nano-reallocr.o)
 .ARM.attributes
                0x0000000000000a9d       0x2d /Applications/ARM/bin/../lib/gcc/arm-none-eabi/10.3.1/../../../../arm-none-eabi/lib/thumb/v7-m/nofp/libc_nano.a(lib_a-readr.o)
 .ARM.attributes
                0x0000000000000aca       0x2d /Applications/ARM/bin/../lib/gcc/arm-none-eabi/10.3.1/../../../../arm-none-eabi/lib/thumb/v7-m/nofp/libc_nano.a(lib_a-fstatr.o)
 .ARM.attributes
                0x0000000000000af7       0x2d /Applications/ARM/bin/../lib/gcc/arm-none-eabi/10.3.1/../../../../arm-none-eabi/lib/thumb/v7-m/nofp/libc_nano.a(lib_a-isattyr.o)
 .ARM.attributes
                0x0000000000000b24       0x2d /Applications/ARM/bin/../lib/gcc/arm-none-eabi/10.3.1/../../../../arm-none-eabi/lib/thumb/v7-m/nofp/libc_nano.a(lib_a-nano-msizer.o)
 .ARM.attributes
                0x0000000000000b51       0x1d /Applications/ARM/bin/../lib/gcc/arm-none-eabi/10.3.1/thumb/v7-m/nofp/crtn.o

.comment        0x0000000000000000       0x49
 .comment       0x0000000000000000       0x49 build/main.o
                                         0x4a (size before relaxing)
 .comment       0x0000000000000049       0x4a build/gpio.o
 .comment       0x0000000000000049       0x4a build/dma.o
 .comment       0x0000000000000049       0x4a build/usart.o
 .comment       0x0000000000000049       0x4a build/stm32f1xx_it.o
 .comment       0x0000000000000049       0x4a build/stm32f1xx_hal_msp.o
 .comment       0x0000000000000049       0x4a build/system_stm32f1xx.o
 .comment       0x0000000000000049       0x4a build/SCS.o
 .comment       0x0000000000000049       0x4a build/SCSerial.o
 .comment       0x0000000000000049       0x4a build/SMS_STS.o
 .comment       0x0000000000000049       0x4a build/STS_control.o
 .comment       0x0000000000000049       0x4a build/syscalls.o
 .comment       0x0000000000000049       0x4a build/sysmem.o
 .comment       0x0000000000000049       0x4a build/stm32f1xx_hal.o
 .comment       0x0000000000000049       0x4a build/stm32f1xx_hal_rcc.o
 .comment       0x0000000000000049       0x4a build/stm32f1xx_hal_rcc_ex.o
 .comment       0x0000000000000049       0x4a build/stm32f1xx_hal_gpio.o
 .comment       0x0000000000000049       0x4a build/stm32f1xx_hal_dma.o
 .comment       0x0000000000000049       0x4a build/stm32f1xx_hal_cortex.o
 .comment       0x0000000000000049       0x4a build/stm32f1xx_hal_uart.o
 .comment       0x0000000000000049       0x4a build/can.o
 .comment       0x0000000000000049       0x4a build/stm32f1xx_hal_can.o
 .comment       0x0000000000000049       0x4a build/usbd_conf.o
 .comment       0x0000000000000049       0x4a build/stm32f1xx_hal_pcd.o
 .comment       0x0000000000000049       0x4a build/stm32f1xx_ll_usb.o
 .comment       0x0000000000000049       0x4a build/usbd_core.o
 .comment       0x0000000000000049       0x4a build/usbd_ctlreq.o
 .comment       0x0000000000000049       0x4a build/usbd_ioreq.o

.debug_info     0x0000000000000000    0x137b3
 .debug_info    0x0000000000000000      0x9c8 build/main.o
 .debug_info    0x00000000000009c8      0x1b6 build/gpio.o
 .debug_info    0x0000000000000b7e      0x2c3 build/dma.o
 .debug_info    0x0000000000000e41      0x9c2 build/usart.o
 .debug_info    0x0000000000001803     0x1196 build/stm32f1xx_it.o
 .debug_info    0x0000000000002999      0x233 build/stm32f1xx_hal_msp.o
 .debug_info    0x0000000000002bcc      0x261 build/system_stm32f1xx.o
 .debug_info    0x0000000000002e2d      0xa89 build/SCS.o
 .debug_info    0x00000000000038b6      0x197 build/SCSerial.o
 .debug_info    0x0000000000003a4d      0x37f build/SMS_STS.o
 .debug_info    0x0000000000003dcc     0x12ec build/STS_control.o
 .debug_info    0x00000000000050b8      0x736 build/syscalls.o
 .debug_info    0x00000000000057ee      0x16a build/sysmem.o
 .debug_info    0x0000000000005958      0x798 build/stm32f1xx_hal.o
 .debug_info    0x00000000000060f0      0x8d0 build/stm32f1xx_hal_rcc.o
 .debug_info    0x00000000000069c0      0x3fb build/stm32f1xx_hal_rcc_ex.o
 .debug_info    0x0000000000006dbb      0x67d build/stm32f1xx_hal_gpio.o
 .debug_info    0x0000000000007438      0x7ab build/stm32f1xx_hal_dma.o
 .debug_info    0x0000000000007be3      0xbf5 build/stm32f1xx_hal_cortex.o
 .debug_info    0x00000000000087d8     0x31f6 build/stm32f1xx_hal_uart.o
 .debug_info    0x000000000000b9ce      0x942 build/can.o
 .debug_info    0x000000000000c310     0x10f7 build/stm32f1xx_hal_can.o
 .debug_info    0x000000000000d407     0x17cc build/usbd_conf.o
 .debug_info    0x000000000000ebd3     0x16de build/stm32f1xx_hal_pcd.o
 .debug_info    0x00000000000102b1     0x19d5 build/stm32f1xx_ll_usb.o
 .debug_info    0x0000000000011c86      0xa42 build/usbd_core.o
 .debug_info    0x00000000000126c8      0x989 build/usbd_ctlreq.o
 .debug_info    0x0000000000013051      0x740 build/usbd_ioreq.o
 .debug_info    0x0000000000013791       0x22 build/startup_stm32f103xb.o

.debug_abbrev   0x0000000000000000     0x307f
 .debug_abbrev  0x0000000000000000      0x1ae build/main.o
 .debug_abbrev  0x00000000000001ae       0xc1 build/gpio.o
 .debug_abbrev  0x000000000000026f       0xdb build/dma.o
 .debug_abbrev  0x000000000000034a      0x1b1 build/usart.o
 .debug_abbrev  0x00000000000004fb      0x1c9 build/stm32f1xx_it.o
 .debug_abbrev  0x00000000000006c4       0xd3 build/stm32f1xx_hal_msp.o
 .debug_abbrev  0x0000000000000797      0x13a build/system_stm32f1xx.o
 .debug_abbrev  0x00000000000008d1      0x279 build/SCS.o
 .debug_abbrev  0x0000000000000b4a       0xcc build/SCSerial.o
 .debug_abbrev  0x0000000000000c16       0xf0 build/SMS_STS.o
 .debug_abbrev  0x0000000000000d06      0x2c7 build/STS_control.o
 .debug_abbrev  0x0000000000000fcd      0x17f build/syscalls.o
 .debug_abbrev  0x000000000000114c       0xa5 build/sysmem.o
 .debug_abbrev  0x00000000000011f1      0x1c7 build/stm32f1xx_hal.o
 .debug_abbrev  0x00000000000013b8      0x25f build/stm32f1xx_hal_rcc.o
 .debug_abbrev  0x0000000000001617      0x16c build/stm32f1xx_hal_rcc_ex.o
 .debug_abbrev  0x0000000000001783      0x1ba build/stm32f1xx_hal_gpio.o
 .debug_abbrev  0x000000000000193d      0x1e8 build/stm32f1xx_hal_dma.o
 .debug_abbrev  0x0000000000001b25      0x2ca build/stm32f1xx_hal_cortex.o
 .debug_abbrev  0x0000000000001def      0x2b2 build/stm32f1xx_hal_uart.o
 .debug_abbrev  0x00000000000020a1      0x190 build/can.o
 .debug_abbrev  0x0000000000002231      0x1db build/stm32f1xx_hal_can.o
 .debug_abbrev  0x000000000000240c      0x2a8 build/usbd_conf.o
 .debug_abbrev  0x00000000000026b4      0x266 build/stm32f1xx_hal_pcd.o
 .debug_abbrev  0x000000000000291a      0x1d3 build/stm32f1xx_ll_usb.o
 .debug_abbrev  0x0000000000002aed      0x1f8 build/usbd_core.o
 .debug_abbrev  0x0000000000002ce5      0x22e build/usbd_ctlreq.o
 .debug_abbrev  0x0000000000002f13      0x15a build/usbd_ioreq.o
 .debug_abbrev  0x000000000000306d       0x12 build/startup_stm32f103xb.o

.debug_loc      0x0000000000000000     0x86fe
 .debug_loc     0x0000000000000000       0xb8 build/main.o
 .debug_loc     0x00000000000000b8       0x5c build/gpio.o
 .debug_loc     0x0000000000000114       0x50 build/dma.o
 .debug_loc     0x0000000000000164       0xcc build/usart.o
 .debug_loc     0x0000000000000230      0x300 build/stm32f1xx_it.o
 .debug_loc     0x0000000000000530       0x5c build/stm32f1xx_hal_msp.o
 .debug_loc     0x000000000000058c       0xa0 build/system_stm32f1xx.o
 .debug_loc     0x000000000000062c      0x858 build/SCS.o
 .debug_loc     0x0000000000000e84      0x160 build/SCSerial.o
 .debug_loc     0x0000000000000fe4      0x282 build/SMS_STS.o
 .debug_loc     0x0000000000001266      0x25c build/STS_control.o
 .debug_loc     0x00000000000014c2      0x5b8 build/syscalls.o
 .debug_loc     0x0000000000001a7a       0x50 build/sysmem.o
 .debug_loc     0x0000000000001aca      0x698 build/stm32f1xx_hal.o
 .debug_loc     0x0000000000002162      0x444 build/stm32f1xx_hal_rcc.o
 .debug_loc     0x00000000000025a6       0xfc build/stm32f1xx_hal_rcc_ex.o
 .debug_loc     0x00000000000026a2      0x2d4 build/stm32f1xx_hal_gpio.o
 .debug_loc     0x0000000000002976      0x470 build/stm32f1xx_hal_dma.o
 .debug_loc     0x0000000000002de6      0x8f8 build/stm32f1xx_hal_cortex.o
 .debug_loc     0x00000000000036de     0x14b4 build/stm32f1xx_hal_uart.o
 .debug_loc     0x0000000000004b92       0xcc build/can.o
 .debug_loc     0x0000000000004c5e      0xcb4 build/stm32f1xx_hal_can.o
 .debug_loc     0x0000000000005912      0xa48 build/usbd_conf.o
 .debug_loc     0x000000000000635a      0xc54 build/stm32f1xx_hal_pcd.o
 .debug_loc     0x0000000000006fae      0xa08 build/stm32f1xx_ll_usb.o
 .debug_loc     0x00000000000079b6      0x6a0 build/usbd_core.o
 .debug_loc     0x0000000000008056      0x478 build/usbd_ctlreq.o
 .debug_loc     0x00000000000084ce      0x230 build/usbd_ioreq.o

.debug_aranges  0x0000000000000000     0x1010
 .debug_aranges
                0x0000000000000000       0x30 build/main.o
 .debug_aranges
                0x0000000000000030       0x20 build/gpio.o
 .debug_aranges
                0x0000000000000050       0x20 build/dma.o
 .debug_aranges
                0x0000000000000070       0x30 build/usart.o
 .debug_aranges
                0x00000000000000a0       0x90 build/stm32f1xx_it.o
 .debug_aranges
                0x0000000000000130       0x20 build/stm32f1xx_hal_msp.o
 .debug_aranges
                0x0000000000000150       0x28 build/system_stm32f1xx.o
 .debug_aranges
                0x0000000000000178       0xf0 build/SCS.o
 .debug_aranges
                0x0000000000000268       0x40 build/SCSerial.o
 .debug_aranges
                0x00000000000002a8       0x58 build/SMS_STS.o
 .debug_aranges
                0x0000000000000300       0x58 build/STS_control.o
 .debug_aranges
                0x0000000000000358       0xa8 build/syscalls.o
 .debug_aranges
                0x0000000000000400       0x20 build/sysmem.o
 .debug_aranges
                0x0000000000000420       0xe0 build/stm32f1xx_hal.o
 .debug_aranges
                0x0000000000000500       0x90 build/stm32f1xx_hal_rcc.o
 .debug_aranges
                0x0000000000000590       0x30 build/stm32f1xx_hal_rcc_ex.o
 .debug_aranges
                0x00000000000005c0       0x58 build/stm32f1xx_hal_gpio.o
 .debug_aranges
                0x0000000000000618       0x80 build/stm32f1xx_hal_dma.o
 .debug_aranges
                0x0000000000000698      0x100 build/stm32f1xx_hal_cortex.o
 .debug_aranges
                0x0000000000000798      0x208 build/stm32f1xx_hal_uart.o
 .debug_aranges
                0x00000000000009a0       0x30 build/can.o
 .debug_aranges
                0x00000000000009d0      0x138 build/stm32f1xx_hal_can.o
 .debug_aranges
                0x0000000000000b08      0x118 build/usbd_conf.o
 .debug_aranges
                0x0000000000000c20      0x140 build/stm32f1xx_hal_pcd.o
 .debug_aranges
                0x0000000000000d60       0xf8 build/stm32f1xx_ll_usb.o
 .debug_aranges
                0x0000000000000e58       0xb8 build/usbd_core.o
 .debug_aranges
                0x0000000000000f10       0x88 build/usbd_ctlreq.o
 .debug_aranges
                0x0000000000000f98       0x50 build/usbd_ioreq.o
 .debug_aranges
                0x0000000000000fe8       0x28 build/startup_stm32f103xb.o

.debug_ranges   0x0000000000000000      0xe78
 .debug_ranges  0x0000000000000000       0x20 build/main.o
 .debug_ranges  0x0000000000000020       0x10 build/gpio.o
 .debug_ranges  0x0000000000000030       0x10 build/dma.o
 .debug_ranges  0x0000000000000040       0x20 build/usart.o
 .debug_ranges  0x0000000000000060       0x80 build/stm32f1xx_it.o
 .debug_ranges  0x00000000000000e0       0x10 build/stm32f1xx_hal_msp.o
 .debug_ranges  0x00000000000000f0       0x18 build/system_stm32f1xx.o
 .debug_ranges  0x0000000000000108       0xe0 build/SCS.o
 .debug_ranges  0x00000000000001e8       0x30 build/SCSerial.o
 .debug_ranges  0x0000000000000218       0x48 build/SMS_STS.o
 .debug_ranges  0x0000000000000260       0x48 build/STS_control.o
 .debug_ranges  0x00000000000002a8       0x98 build/syscalls.o
 .debug_ranges  0x0000000000000340       0x10 build/sysmem.o
 .debug_ranges  0x0000000000000350       0xd0 build/stm32f1xx_hal.o
 .debug_ranges  0x0000000000000420       0x80 build/stm32f1xx_hal_rcc.o
 .debug_ranges  0x00000000000004a0       0x20 build/stm32f1xx_hal_rcc_ex.o
 .debug_ranges  0x00000000000004c0       0x48 build/stm32f1xx_hal_gpio.o
 .debug_ranges  0x0000000000000508       0x70 build/stm32f1xx_hal_dma.o
 .debug_ranges  0x0000000000000578       0xf0 build/stm32f1xx_hal_cortex.o
 .debug_ranges  0x0000000000000668      0x228 build/stm32f1xx_hal_uart.o
 .debug_ranges  0x0000000000000890       0x20 build/can.o
 .debug_ranges  0x00000000000008b0      0x128 build/stm32f1xx_hal_can.o
 .debug_ranges  0x00000000000009d8      0x108 build/usbd_conf.o
 .debug_ranges  0x0000000000000ae0      0x130 build/stm32f1xx_hal_pcd.o
 .debug_ranges  0x0000000000000c10       0xe8 build/stm32f1xx_ll_usb.o
 .debug_ranges  0x0000000000000cf8       0xa8 build/usbd_core.o
 .debug_ranges  0x0000000000000da0       0x78 build/usbd_ctlreq.o
 .debug_ranges  0x0000000000000e18       0x40 build/usbd_ioreq.o
 .debug_ranges  0x0000000000000e58       0x20 build/startup_stm32f103xb.o

.debug_line     0x0000000000000000     0xa51d
 .debug_line    0x0000000000000000      0x407 build/main.o
 .debug_line    0x0000000000000407      0x101 build/gpio.o
 .debug_line    0x0000000000000508      0x102 build/dma.o
 .debug_line    0x000000000000060a      0x24e build/usart.o
 .debug_line    0x0000000000000858      0x385 build/stm32f1xx_it.o
 .debug_line    0x0000000000000bdd      0x10e build/stm32f1xx_hal_msp.o
 .debug_line    0x0000000000000ceb      0x1bb build/system_stm32f1xx.o
 .debug_line    0x0000000000000ea6      0x836 build/SCS.o
 .debug_line    0x00000000000016dc      0x15b build/SCSerial.o
 .debug_line    0x0000000000001837      0x272 build/SMS_STS.o
 .debug_line    0x0000000000001aa9      0x370 build/STS_control.o
 .debug_line    0x0000000000001e19      0x314 build/syscalls.o
 .debug_line    0x000000000000212d      0x131 build/sysmem.o
 .debug_line    0x000000000000225e      0x448 build/stm32f1xx_hal.o
 .debug_line    0x00000000000026a6      0x888 build/stm32f1xx_hal_rcc.o
 .debug_line    0x0000000000002f2e      0x36b build/stm32f1xx_hal_rcc_ex.o
 .debug_line    0x0000000000003299      0x4ac build/stm32f1xx_hal_gpio.o
 .debug_line    0x0000000000003745      0x87a build/stm32f1xx_hal_dma.o
 .debug_line    0x0000000000003fbf      0x5de build/stm32f1xx_hal_cortex.o
 .debug_line    0x000000000000459d     0x2325 build/stm32f1xx_hal_uart.o
 .debug_line    0x00000000000068c2      0x207 build/can.o
 .debug_line    0x0000000000006ac9      0xbea build/stm32f1xx_hal_can.o
 .debug_line    0x00000000000076b3      0x62f build/usbd_conf.o
 .debug_line    0x0000000000007ce2      0xe53 build/stm32f1xx_hal_pcd.o
 .debug_line    0x0000000000008b35      0xac6 build/stm32f1xx_ll_usb.o
 .debug_line    0x00000000000095fb      0x552 build/usbd_core.o
 .debug_line    0x0000000000009b4d      0x774 build/usbd_ctlreq.o
 .debug_line    0x000000000000a2c1      0x1e8 build/usbd_ioreq.o
 .debug_line    0x000000000000a4a9       0x74 build/startup_stm32f103xb.o

.debug_str      0x0000000000000000     0x44f5
 .debug_str     0x0000000000000000      0x72e build/main.o
                                        0x7ab (size before relaxing)
 .debug_str     0x000000000000072e       0x63 build/gpio.o
                                        0x1d5 (size before relaxing)
 .debug_str     0x0000000000000791      0x2f0 build/dma.o
                                        0x4a8 (size before relaxing)
 .debug_str     0x0000000000000a81      0x42d build/usart.o
                                        0x969 (size before relaxing)
 .debug_str     0x0000000000000eae      0x442 build/stm32f1xx_it.o
                                        0xca4 (size before relaxing)
 .debug_str     0x00000000000012f0       0x4d build/stm32f1xx_hal_msp.o
                                        0x20f (size before relaxing)
 .debug_str     0x000000000000133d       0x7b build/system_stm32f1xx.o
                                        0x244 (size before relaxing)
 .debug_str     0x00000000000013b8      0x27a build/SCS.o
                                        0x423 (size before relaxing)
 .debug_str     0x0000000000001632       0x53 build/SCSerial.o
                                        0x1c6 (size before relaxing)
 .debug_str     0x0000000000001685       0x7d build/SMS_STS.o
                                        0x230 (size before relaxing)
 .debug_str     0x0000000000001702      0x47c build/STS_control.o
                                        0xaf5 (size before relaxing)
 .debug_str     0x0000000000001b7e      0x1d2 build/syscalls.o
                                        0x3ba (size before relaxing)
 .debug_str     0x0000000000001d50       0x72 build/sysmem.o
                                        0x200 (size before relaxing)
 .debug_str     0x0000000000001dc2      0x2eb build/stm32f1xx_hal.o
                                        0x7cf (size before relaxing)
 .debug_str     0x00000000000020ad      0x208 build/stm32f1xx_hal_rcc.o
                                        0x5f4 (size before relaxing)
 .debug_str     0x00000000000022b5       0xb6 build/stm32f1xx_hal_rcc_ex.o
                                        0x3a2 (size before relaxing)
 .debug_str     0x000000000000236b      0x163 build/stm32f1xx_hal_gpio.o
                                        0x3f0 (size before relaxing)
 .debug_str     0x00000000000024ce      0x232 build/stm32f1xx_hal_dma.o
                                        0x5e1 (size before relaxing)
 .debug_str     0x0000000000002700      0x3df build/stm32f1xx_hal_cortex.o
                                        0x8c3 (size before relaxing)
 .debug_str     0x0000000000002adf      0x622 build/stm32f1xx_hal_uart.o
                                        0xc6d (size before relaxing)
 .debug_str     0x0000000000003101       0x47 build/can.o
                                        0x800 (size before relaxing)
 .debug_str     0x0000000000003148      0x435 build/stm32f1xx_hal_can.o
                                        0xa06 (size before relaxing)
 .debug_str     0x000000000000357d      0x65a build/usbd_conf.o
                                        0xf6a (size before relaxing)
 .debug_str     0x0000000000003bd7      0x296 build/stm32f1xx_hal_pcd.o
                                        0x953 (size before relaxing)
 .debug_str     0x0000000000003e6d      0x2c9 build/stm32f1xx_ll_usb.o
                                        0x715 (size before relaxing)
 .debug_str     0x0000000000004136      0x1b2 build/usbd_core.o
                                        0x71c (size before relaxing)
 .debug_str     0x00000000000042e8      0x123 build/usbd_ctlreq.o
                                        0x6a2 (size before relaxing)
 .debug_str     0x000000000000440b       0xc6 build/usbd_ioreq.o
                                        0x62a (size before relaxing)
 .debug_str     0x00000000000044d1       0x24 build/startup_stm32f103xb.o
                                         0x63 (size before relaxing)

.debug_frame    0x0000000000000000     0x4914
 .debug_frame   0x0000000000000000       0x6c build/main.o
 .debug_frame   0x000000000000006c       0x38 build/gpio.o
 .debug_frame   0x00000000000000a4       0x34 build/dma.o
 .debug_frame   0x00000000000000d8       0x74 build/usart.o
 .debug_frame   0x000000000000014c      0x1b4 build/stm32f1xx_it.o
 .debug_frame   0x0000000000000300       0x38 build/stm32f1xx_hal_msp.o
 .debug_frame   0x0000000000000338       0x58 build/system_stm32f1xx.o
 .debug_frame   0x0000000000000390      0x3e4 build/SCS.o
 .debug_frame   0x0000000000000774       0xbc build/SCSerial.o
 .debug_frame   0x0000000000000830      0x13c build/SMS_STS.o
 .debug_frame   0x000000000000096c      0x130 build/STS_control.o
 .debug_frame   0x0000000000000a9c      0x2ac build/syscalls.o
 .debug_frame   0x0000000000000d48       0x34 build/sysmem.o
 .debug_frame   0x0000000000000d7c      0x334 build/stm32f1xx_hal.o
 .debug_frame   0x00000000000010b0      0x218 build/stm32f1xx_hal_rcc.o
 .debug_frame   0x00000000000012c8       0x80 build/stm32f1xx_hal_rcc_ex.o
 .debug_frame   0x0000000000001348      0x14c build/stm32f1xx_hal_gpio.o
 .debug_frame   0x0000000000001494      0x208 build/stm32f1xx_hal_dma.o
 .debug_frame   0x000000000000169c      0x428 build/stm32f1xx_hal_cortex.o
 .debug_frame   0x0000000000001ac4      0x944 build/stm32f1xx_hal_uart.o
 .debug_frame   0x0000000000002408       0x74 build/can.o
 .debug_frame   0x000000000000247c      0x5a0 build/stm32f1xx_hal_can.o
 .debug_frame   0x0000000000002a1c      0x4a8 build/usbd_conf.o
 .debug_frame   0x0000000000002ec4      0x594 build/stm32f1xx_hal_pcd.o
 .debug_frame   0x0000000000003458      0x470 build/stm32f1xx_ll_usb.o
 .debug_frame   0x00000000000038c8      0x300 build/usbd_core.o
 .debug_frame   0x0000000000003bc8      0x218 build/usbd_ctlreq.o
 .debug_frame   0x0000000000003de0      0x10c build/usbd_ioreq.o
 .debug_frame   0x0000000000003eec       0x20 /Applications/ARM/bin/../lib/gcc/arm-none-eabi/10.3.1/../../../../arm-none-eabi/lib/thumb/v7-m/nofp/libc_nano.a(lib_a-errno.o)
 .debug_frame   0x0000000000003f0c       0x2c /Applications/ARM/bin/../lib/gcc/arm-none-eabi/10.3.1/../../../../arm-none-eabi/lib/thumb/v7-m/nofp/libc_nano.a(lib_a-init.o)
 .debug_frame   0x0000000000003f38       0x30 /Applications/ARM/bin/../lib/gcc/arm-none-eabi/10.3.1/../../../../arm-none-eabi/lib/thumb/v7-m/nofp/libc_nano.a(lib_a-malloc.o)
 .debug_frame   0x0000000000003f68       0x28 /Applications/ARM/bin/../lib/gcc/arm-none-eabi/10.3.1/../../../../arm-none-eabi/lib/thumb/v7-m/nofp/libc_nano.a(lib_a-memcpy-stub.o)
 .debug_frame   0x0000000000003f90       0x20 /Applications/ARM/bin/../lib/gcc/arm-none-eabi/10.3.1/../../../../arm-none-eabi/lib/thumb/v7-m/nofp/libc_nano.a(lib_a-memset.o)
 .debug_frame   0x0000000000003fb0       0x38 /Applications/ARM/bin/../lib/gcc/arm-none-eabi/10.3.1/../../../../arm-none-eabi/lib/thumb/v7-m/nofp/libc_nano.a(lib_a-nano-freer.o)
 .debug_frame   0x0000000000003fe8       0x4c /Applications/ARM/bin/../lib/gcc/arm-none-eabi/10.3.1/../../../../arm-none-eabi/lib/thumb/v7-m/nofp/libc_nano.a(lib_a-nano-mallocr.o)
 .debug_frame   0x0000000000004034       0x74 /Applications/ARM/bin/../lib/gcc/arm-none-eabi/10.3.1/../../../../arm-none-eabi/lib/thumb/v7-m/nofp/libc_nano.a(lib_a-printf.o)
 .debug_frame   0x00000000000040a8       0x2c /Applications/ARM/bin/../lib/gcc/arm-none-eabi/10.3.1/../../../../arm-none-eabi/lib/thumb/v7-m/nofp/libc_nano.a(lib_a-sbrkr.o)