ARM GAS  /var/folders/xf/tcndk8390ml5xdpfw93qkhpm0000gn/T//ccutCD9c.s 			page 1


   1              		.cpu cortex-m3
   2              		.arch armv7-m
   3              		.fpu softvfp
   4              		.eabi_attribute 20, 1
   5              		.eabi_attribute 21, 1
   6              		.eabi_attribute 23, 3
   7              		.eabi_attribute 24, 1
   8              		.eabi_attribute 25, 1
   9              		.eabi_attribute 26, 1
  10              		.eabi_attribute 30, 6
  11              		.eabi_attribute 34, 1
  12              		.eabi_attribute 18, 4
  13              		.file	"gpio.c"
  14              		.text
  15              	.Ltext0:
  16              		.cfi_sections	.debug_frame
  17              		.section	.text.MX_GPIO_Init,"ax",%progbits
  18              		.align	1
  19              		.global	MX_GPIO_Init
  20              		.syntax unified
  21              		.thumb
  22              		.thumb_func
  24              	MX_GPIO_Init:
  25              	.LFB65:
  26              		.file 1 "Core/Src/gpio.c"
   1:Core/Src/gpio.c **** /* USER CODE BEGIN Header */
   2:Core/Src/gpio.c **** /**
   3:Core/Src/gpio.c ****   ******************************************************************************
   4:Core/Src/gpio.c ****   * @file    gpio.c
   5:Core/Src/gpio.c ****   * @brief   This file provides code for the configuration
   6:Core/Src/gpio.c ****   *          of all used GPIO pins.
   7:Core/Src/gpio.c ****   ******************************************************************************
   8:Core/Src/gpio.c ****   * @attention
   9:Core/Src/gpio.c ****   *
  10:Core/Src/gpio.c ****   * Copyright (c) 2025 STMicroelectronics.
  11:Core/Src/gpio.c ****   * All rights reserved.
  12:Core/Src/gpio.c ****   *
  13:Core/Src/gpio.c ****   * This software is licensed under terms that can be found in the LICENSE file
  14:Core/Src/gpio.c ****   * in the root directory of this software component.
  15:Core/Src/gpio.c ****   * If no LICENSE file comes with this software, it is provided AS-IS.
  16:Core/Src/gpio.c ****   *
  17:Core/Src/gpio.c ****   ******************************************************************************
  18:Core/Src/gpio.c ****   */
  19:Core/Src/gpio.c **** /* USER CODE END Header */
  20:Core/Src/gpio.c **** 
  21:Core/Src/gpio.c **** /* Includes ------------------------------------------------------------------*/
  22:Core/Src/gpio.c **** #include "gpio.h"
  23:Core/Src/gpio.c **** 
  24:Core/Src/gpio.c **** /* USER CODE BEGIN 0 */
  25:Core/Src/gpio.c **** 
  26:Core/Src/gpio.c **** /* USER CODE END 0 */
  27:Core/Src/gpio.c **** 
  28:Core/Src/gpio.c **** /*----------------------------------------------------------------------------*/
  29:Core/Src/gpio.c **** /* Configure GPIO                                                             */
  30:Core/Src/gpio.c **** /*----------------------------------------------------------------------------*/
  31:Core/Src/gpio.c **** /* USER CODE BEGIN 1 */
  32:Core/Src/gpio.c **** 
ARM GAS  /var/folders/xf/tcndk8390ml5xdpfw93qkhpm0000gn/T//ccutCD9c.s 			page 2


  33:Core/Src/gpio.c **** /* USER CODE END 1 */
  34:Core/Src/gpio.c **** 
  35:Core/Src/gpio.c **** /** Configure pins as
  36:Core/Src/gpio.c ****         * Analog
  37:Core/Src/gpio.c ****         * Input
  38:Core/Src/gpio.c ****         * Output
  39:Core/Src/gpio.c ****         * EVENT_OUT
  40:Core/Src/gpio.c ****         * EXTI
  41:Core/Src/gpio.c **** */
  42:Core/Src/gpio.c **** void MX_GPIO_Init(void)
  43:Core/Src/gpio.c **** {
  27              		.loc 1 43 1
  28              		.cfi_startproc
  29              		@ args = 0, pretend = 0, frame = 16
  30              		@ frame_needed = 1, uses_anonymous_args = 0
  31              		@ link register save eliminated.
  32 0000 80B4     		push	{r7}
  33              	.LCFI0:
  34              		.cfi_def_cfa_offset 4
  35              		.cfi_offset 7, -4
  36 0002 85B0     		sub	sp, sp, #20
  37              	.LCFI1:
  38              		.cfi_def_cfa_offset 24
  39 0004 00AF     		add	r7, sp, #0
  40              	.LCFI2:
  41              		.cfi_def_cfa_register 7
  42              	.LBB2:
  44:Core/Src/gpio.c **** 
  45:Core/Src/gpio.c ****   /* GPIO Ports Clock Enable */
  46:Core/Src/gpio.c ****   __HAL_RCC_GPIOD_CLK_ENABLE();
  43              		.loc 1 46 3
  44 0006 144B     		ldr	r3, .L2
  45 0008 9B69     		ldr	r3, [r3, #24]
  46 000a 134A     		ldr	r2, .L2
  47 000c 43F02003 		orr	r3, r3, #32
  48 0010 9361     		str	r3, [r2, #24]
  49 0012 114B     		ldr	r3, .L2
  50 0014 9B69     		ldr	r3, [r3, #24]
  51 0016 03F02003 		and	r3, r3, #32
  52 001a FB60     		str	r3, [r7, #12]
  53 001c FB68     		ldr	r3, [r7, #12]
  54              	.LBE2:
  55              	.LBB3:
  47:Core/Src/gpio.c ****   __HAL_RCC_GPIOA_CLK_ENABLE();
  56              		.loc 1 47 3
  57 001e 0E4B     		ldr	r3, .L2
  58 0020 9B69     		ldr	r3, [r3, #24]
  59 0022 0D4A     		ldr	r2, .L2
  60 0024 43F00403 		orr	r3, r3, #4
  61 0028 9361     		str	r3, [r2, #24]
  62 002a 0B4B     		ldr	r3, .L2
  63 002c 9B69     		ldr	r3, [r3, #24]
  64 002e 03F00403 		and	r3, r3, #4
  65 0032 BB60     		str	r3, [r7, #8]
  66 0034 BB68     		ldr	r3, [r7, #8]
  67              	.LBE3:
  68              	.LBB4:
ARM GAS  /var/folders/xf/tcndk8390ml5xdpfw93qkhpm0000gn/T//ccutCD9c.s 			page 3


  48:Core/Src/gpio.c ****   __HAL_RCC_GPIOB_CLK_ENABLE();
  69              		.loc 1 48 3
  70 0036 084B     		ldr	r3, .L2
  71 0038 9B69     		ldr	r3, [r3, #24]
  72 003a 074A     		ldr	r2, .L2
  73 003c 43F00803 		orr	r3, r3, #8
  74 0040 9361     		str	r3, [r2, #24]
  75 0042 054B     		ldr	r3, .L2
  76 0044 9B69     		ldr	r3, [r3, #24]
  77 0046 03F00803 		and	r3, r3, #8
  78 004a 7B60     		str	r3, [r7, #4]
  79 004c 7B68     		ldr	r3, [r7, #4]
  80              	.LBE4:
  49:Core/Src/gpio.c **** 
  50:Core/Src/gpio.c **** }
  81              		.loc 1 50 1
  82 004e 00BF     		nop
  83 0050 1437     		adds	r7, r7, #20
  84              	.LCFI3:
  85              		.cfi_def_cfa_offset 4
  86 0052 BD46     		mov	sp, r7
  87              	.LCFI4:
  88              		.cfi_def_cfa_register 13
  89              		@ sp needed
  90 0054 80BC     		pop	{r7}
  91              	.LCFI5:
  92              		.cfi_restore 7
  93              		.cfi_def_cfa_offset 0
  94 0056 7047     		bx	lr
  95              	.L3:
  96              		.align	2
  97              	.L2:
  98 0058 00100240 		.word	1073876992
  99              		.cfi_endproc
 100              	.LFE65:
 102              		.text
 103              	.Letext0:
 104              		.file 2 "/Applications/ARM/arm-none-eabi/include/machine/_default_types.h"
 105              		.file 3 "/Applications/ARM/arm-none-eabi/include/sys/_stdint.h"
 106              		.file 4 "Drivers/CMSIS/Device/ST/STM32F1xx/Include/stm32f103xb.h"
ARM GAS  /var/folders/xf/tcndk8390ml5xdpfw93qkhpm0000gn/T//ccutCD9c.s 			page 4


DEFINED SYMBOLS
                            *ABS*:0000000000000000 gpio.c
/var/folders/xf/tcndk8390ml5xdpfw93qkhpm0000gn/T//ccutCD9c.s:18     .text.MX_GPIO_Init:0000000000000000 $t
/var/folders/xf/tcndk8390ml5xdpfw93qkhpm0000gn/T//ccutCD9c.s:24     .text.MX_GPIO_Init:0000000000000000 MX_GPIO_Init
/var/folders/xf/tcndk8390ml5xdpfw93qkhpm0000gn/T//ccutCD9c.s:98     .text.MX_GPIO_Init:0000000000000058 $d

NO UNDEFINED SYMBOLS
