ARM GAS  /var/folders/xf/tcndk8390ml5xdpfw93qkhpm0000gn/T//ccT1lZF5.s 			page 1


   1              		.cpu cortex-m3
   2              		.arch armv7-m
   3              		.fpu softvfp
   4              		.eabi_attribute 20, 1
   5              		.eabi_attribute 21, 1
   6              		.eabi_attribute 23, 3
   7              		.eabi_attribute 24, 1
   8              		.eabi_attribute 25, 1
   9              		.eabi_attribute 26, 1
  10              		.eabi_attribute 30, 6
  11              		.eabi_attribute 34, 1
  12              		.eabi_attribute 18, 4
  13              		.file	"SCSCL.c"
  14              		.text
  15              	.Ltext0:
  16              		.cfi_sections	.debug_frame
  17              		.section	.bss.Mem,"aw",%nobits
  18              		.align	2
  21              	Mem:
  22 0000 00000000 		.space	15
  22      00000000 
  22      00000000 
  22      000000
  23              		.section	.text.WritePos,"ax",%progbits
  24              		.align	1
  25              		.global	WritePos
  26              		.syntax unified
  27              		.thumb
  28              		.thumb_func
  30              	WritePos:
  31              	.LFB0:
  32              		.file 1 "User/SCSLib/SCSCL.c"
   1:User/SCSLib/SCSCL.c **** /*
   2:User/SCSLib/SCSCL.c ****  * SCSCL.c
   3:User/SCSLib/SCSCL.c ****  * 飞特SCSCL系列串行舵机应用层程序
   4:User/SCSLib/SCSCL.c ****  * 日期: 2024.12.2
   5:User/SCSLib/SCSCL.c ****  * 作者: txl
   6:User/SCSLib/SCSCL.c ****  */
   7:User/SCSLib/SCSCL.c **** #ifdef __cplusplus
   8:User/SCSLib/SCSCL.c **** extern "C"
   9:User/SCSLib/SCSCL.c **** {
  10:User/SCSLib/SCSCL.c **** #endif
  11:User/SCSLib/SCSCL.c **** 
  12:User/SCSLib/SCSCL.c **** #include <string.h>
  13:User/SCSLib/SCSCL.c **** #include "INST.h"
  14:User/SCSLib/SCSCL.c **** #include "SCS.h"
  15:User/SCSLib/SCSCL.c **** #include "SCSCL.h"
  16:User/SCSLib/SCSCL.c **** 
  17:User/SCSLib/SCSCL.c **** static uint8_t Mem[SCSCL_PRESENT_CURRENT_H-SCSCL_PRESENT_POSITION_L+1];
  18:User/SCSLib/SCSCL.c **** int WritePos(uint8_t ID, uint16_t Position, uint16_t Time, uint16_t Speed)
  19:User/SCSLib/SCSCL.c **** {
  33              		.loc 1 19 1
  34              		.cfi_startproc
  35              		@ args = 0, pretend = 0, frame = 16
  36              		@ frame_needed = 1, uses_anonymous_args = 0
  37 0000 90B5     		push	{r4, r7, lr}
  38              	.LCFI0:
ARM GAS  /var/folders/xf/tcndk8390ml5xdpfw93qkhpm0000gn/T//ccT1lZF5.s 			page 2


  39              		.cfi_def_cfa_offset 12
  40              		.cfi_offset 4, -12
  41              		.cfi_offset 7, -8
  42              		.cfi_offset 14, -4
  43 0002 85B0     		sub	sp, sp, #20
  44              	.LCFI1:
  45              		.cfi_def_cfa_offset 32
  46 0004 00AF     		add	r7, sp, #0
  47              	.LCFI2:
  48              		.cfi_def_cfa_register 7
  49 0006 0446     		mov	r4, r0
  50 0008 0846     		mov	r0, r1
  51 000a 1146     		mov	r1, r2
  52 000c 1A46     		mov	r2, r3
  53 000e 2346     		mov	r3, r4
  54 0010 FB71     		strb	r3, [r7, #7]
  55 0012 0346     		mov	r3, r0	@ movhi
  56 0014 BB80     		strh	r3, [r7, #4]	@ movhi
  57 0016 0B46     		mov	r3, r1	@ movhi
  58 0018 7B80     		strh	r3, [r7, #2]	@ movhi
  59 001a 1346     		mov	r3, r2	@ movhi
  60 001c 3B80     		strh	r3, [r7]	@ movhi
  20:User/SCSLib/SCSCL.c **** 	uint8_t bBuf[6];
  21:User/SCSLib/SCSCL.c **** 	Host2SCS(bBuf+0, bBuf+1, Position);
  61              		.loc 1 21 2
  62 001e 07F10803 		add	r3, r7, #8
  63 0022 0133     		adds	r3, r3, #1
  64 0024 BA88     		ldrh	r2, [r7, #4]
  65 0026 07F10800 		add	r0, r7, #8
  66 002a 1946     		mov	r1, r3
  67 002c FFF7FEFF 		bl	Host2SCS
  22:User/SCSLib/SCSCL.c **** 	Host2SCS(bBuf+2, bBuf+3, Time);
  68              		.loc 1 22 2
  69 0030 07F10803 		add	r3, r7, #8
  70 0034 0233     		adds	r3, r3, #2
  71 0036 07F10801 		add	r1, r7, #8
  72 003a 0331     		adds	r1, r1, #3
  73 003c 7A88     		ldrh	r2, [r7, #2]
  74 003e 1846     		mov	r0, r3
  75 0040 FFF7FEFF 		bl	Host2SCS
  23:User/SCSLib/SCSCL.c **** 	Host2SCS(bBuf+4, bBuf+5, Speed);
  76              		.loc 1 23 2
  77 0044 07F10803 		add	r3, r7, #8
  78 0048 0433     		adds	r3, r3, #4
  79 004a 07F10801 		add	r1, r7, #8
  80 004e 0531     		adds	r1, r1, #5
  81 0050 3A88     		ldrh	r2, [r7]
  82 0052 1846     		mov	r0, r3
  83 0054 FFF7FEFF 		bl	Host2SCS
  24:User/SCSLib/SCSCL.c **** 	
  25:User/SCSLib/SCSCL.c **** 	return genWrite(ID, SCSCL_GOAL_POSITION_L, bBuf, 6);
  84              		.loc 1 25 9
  85 0058 07F10802 		add	r2, r7, #8
  86 005c F879     		ldrb	r0, [r7, #7]	@ zero_extendqisi2
  87 005e 0623     		movs	r3, #6
  88 0060 2A21     		movs	r1, #42
  89 0062 FFF7FEFF 		bl	genWrite
ARM GAS  /var/folders/xf/tcndk8390ml5xdpfw93qkhpm0000gn/T//ccT1lZF5.s 			page 3


  90 0066 0346     		mov	r3, r0
  26:User/SCSLib/SCSCL.c **** }
  91              		.loc 1 26 1
  92 0068 1846     		mov	r0, r3
  93 006a 1437     		adds	r7, r7, #20
  94              	.LCFI3:
  95              		.cfi_def_cfa_offset 12
  96 006c BD46     		mov	sp, r7
  97              	.LCFI4:
  98              		.cfi_def_cfa_register 13
  99              		@ sp needed
 100 006e 90BD     		pop	{r4, r7, pc}
 101              		.cfi_endproc
 102              	.LFE0:
 104              		.section	.text.RegWritePos,"ax",%progbits
 105              		.align	1
 106              		.global	RegWritePos
 107              		.syntax unified
 108              		.thumb
 109              		.thumb_func
 111              	RegWritePos:
 112              	.LFB1:
  27:User/SCSLib/SCSCL.c **** 
  28:User/SCSLib/SCSCL.c **** int RegWritePos(uint8_t ID, uint16_t Position, uint16_t Time, uint16_t Speed)
  29:User/SCSLib/SCSCL.c **** {
 113              		.loc 1 29 1
 114              		.cfi_startproc
 115              		@ args = 0, pretend = 0, frame = 16
 116              		@ frame_needed = 1, uses_anonymous_args = 0
 117 0000 90B5     		push	{r4, r7, lr}
 118              	.LCFI5:
 119              		.cfi_def_cfa_offset 12
 120              		.cfi_offset 4, -12
 121              		.cfi_offset 7, -8
 122              		.cfi_offset 14, -4
 123 0002 85B0     		sub	sp, sp, #20
 124              	.LCFI6:
 125              		.cfi_def_cfa_offset 32
 126 0004 00AF     		add	r7, sp, #0
 127              	.LCFI7:
 128              		.cfi_def_cfa_register 7
 129 0006 0446     		mov	r4, r0
 130 0008 0846     		mov	r0, r1
 131 000a 1146     		mov	r1, r2
 132 000c 1A46     		mov	r2, r3
 133 000e 2346     		mov	r3, r4
 134 0010 FB71     		strb	r3, [r7, #7]
 135 0012 0346     		mov	r3, r0	@ movhi
 136 0014 BB80     		strh	r3, [r7, #4]	@ movhi
 137 0016 0B46     		mov	r3, r1	@ movhi
 138 0018 7B80     		strh	r3, [r7, #2]	@ movhi
 139 001a 1346     		mov	r3, r2	@ movhi
 140 001c 3B80     		strh	r3, [r7]	@ movhi
  30:User/SCSLib/SCSCL.c **** 	uint8_t bBuf[6];
  31:User/SCSLib/SCSCL.c **** 	Host2SCS(bBuf+0, bBuf+1, Position);
 141              		.loc 1 31 2
 142 001e 07F10803 		add	r3, r7, #8
ARM GAS  /var/folders/xf/tcndk8390ml5xdpfw93qkhpm0000gn/T//ccT1lZF5.s 			page 4


 143 0022 0133     		adds	r3, r3, #1
 144 0024 BA88     		ldrh	r2, [r7, #4]
 145 0026 07F10800 		add	r0, r7, #8
 146 002a 1946     		mov	r1, r3
 147 002c FFF7FEFF 		bl	Host2SCS
  32:User/SCSLib/SCSCL.c **** 	Host2SCS(bBuf+2, bBuf+3, Time);
 148              		.loc 1 32 2
 149 0030 07F10803 		add	r3, r7, #8
 150 0034 0233     		adds	r3, r3, #2
 151 0036 07F10801 		add	r1, r7, #8
 152 003a 0331     		adds	r1, r1, #3
 153 003c 7A88     		ldrh	r2, [r7, #2]
 154 003e 1846     		mov	r0, r3
 155 0040 FFF7FEFF 		bl	Host2SCS
  33:User/SCSLib/SCSCL.c **** 	Host2SCS(bBuf+4, bBuf+5, Speed);
 156              		.loc 1 33 2
 157 0044 07F10803 		add	r3, r7, #8
 158 0048 0433     		adds	r3, r3, #4
 159 004a 07F10801 		add	r1, r7, #8
 160 004e 0531     		adds	r1, r1, #5
 161 0050 3A88     		ldrh	r2, [r7]
 162 0052 1846     		mov	r0, r3
 163 0054 FFF7FEFF 		bl	Host2SCS
  34:User/SCSLib/SCSCL.c **** 	
  35:User/SCSLib/SCSCL.c **** 	return regWrite(ID, SCSCL_GOAL_POSITION_L, bBuf, 6);
 164              		.loc 1 35 9
 165 0058 07F10802 		add	r2, r7, #8
 166 005c F879     		ldrb	r0, [r7, #7]	@ zero_extendqisi2
 167 005e 0623     		movs	r3, #6
 168 0060 2A21     		movs	r1, #42
 169 0062 FFF7FEFF 		bl	regWrite
 170 0066 0346     		mov	r3, r0
  36:User/SCSLib/SCSCL.c **** }
 171              		.loc 1 36 1
 172 0068 1846     		mov	r0, r3
 173 006a 1437     		adds	r7, r7, #20
 174              	.LCFI8:
 175              		.cfi_def_cfa_offset 12
 176 006c BD46     		mov	sp, r7
 177              	.LCFI9:
 178              		.cfi_def_cfa_register 13
 179              		@ sp needed
 180 006e 90BD     		pop	{r4, r7, pc}
 181              		.cfi_endproc
 182              	.LFE1:
 184              		.section	.text.RegWriteAction,"ax",%progbits
 185              		.align	1
 186              		.global	RegWriteAction
 187              		.syntax unified
 188              		.thumb
 189              		.thumb_func
 191              	RegWriteAction:
 192              	.LFB2:
  37:User/SCSLib/SCSCL.c **** 
  38:User/SCSLib/SCSCL.c **** void RegWriteAction()
  39:User/SCSLib/SCSCL.c **** {
 193              		.loc 1 39 1
ARM GAS  /var/folders/xf/tcndk8390ml5xdpfw93qkhpm0000gn/T//ccT1lZF5.s 			page 5


 194              		.cfi_startproc
 195              		@ args = 0, pretend = 0, frame = 0
 196              		@ frame_needed = 1, uses_anonymous_args = 0
 197 0000 80B5     		push	{r7, lr}
 198              	.LCFI10:
 199              		.cfi_def_cfa_offset 8
 200              		.cfi_offset 7, -8
 201              		.cfi_offset 14, -4
 202 0002 00AF     		add	r7, sp, #0
 203              	.LCFI11:
 204              		.cfi_def_cfa_register 7
  40:User/SCSLib/SCSCL.c **** 	regAction(0xfe);
 205              		.loc 1 40 2
 206 0004 FE20     		movs	r0, #254
 207 0006 FFF7FEFF 		bl	regAction
  41:User/SCSLib/SCSCL.c **** }
 208              		.loc 1 41 1
 209 000a 00BF     		nop
 210 000c 80BD     		pop	{r7, pc}
 211              		.cfi_endproc
 212              	.LFE2:
 214              		.section	.text.SyncWritePos,"ax",%progbits
 215              		.align	1
 216              		.global	SyncWritePos
 217              		.syntax unified
 218              		.thumb
 219              		.thumb_func
 221              	SyncWritePos:
 222              	.LFB3:
  42:User/SCSLib/SCSCL.c **** 
  43:User/SCSLib/SCSCL.c **** void SyncWritePos(uint8_t ID[], uint8_t IDN, uint16_t Position[], uint16_t Time[], uint16_t Speed[]
  44:User/SCSLib/SCSCL.c **** {
 223              		.loc 1 44 1
 224              		.cfi_startproc
 225              		@ args = 4, pretend = 0, frame = 216
 226              		@ frame_needed = 1, uses_anonymous_args = 0
 227 0000 80B5     		push	{r7, lr}
 228              	.LCFI12:
 229              		.cfi_def_cfa_offset 8
 230              		.cfi_offset 7, -8
 231              		.cfi_offset 14, -4
 232 0002 B8B0     		sub	sp, sp, #224
 233              	.LCFI13:
 234              		.cfi_def_cfa_offset 232
 235 0004 02AF     		add	r7, sp, #8
 236              	.LCFI14:
 237              		.cfi_def_cfa 7, 224
 238 0006 F860     		str	r0, [r7, #12]
 239 0008 7A60     		str	r2, [r7, #4]
 240 000a 3B60     		str	r3, [r7]
 241 000c 0B46     		mov	r3, r1
 242 000e FB72     		strb	r3, [r7, #11]
  45:User/SCSLib/SCSCL.c ****   uint8_t offbuf[32*6];
  46:User/SCSLib/SCSCL.c **** 	uint8_t i;
  47:User/SCSLib/SCSCL.c ****   for(i = 0; i<IDN; i++){
 243              		.loc 1 47 9
 244 0010 0023     		movs	r3, #0
ARM GAS  /var/folders/xf/tcndk8390ml5xdpfw93qkhpm0000gn/T//ccT1lZF5.s 			page 6


 245 0012 87F8D730 		strb	r3, [r7, #215]
 246              		.loc 1 47 3
 247 0016 73E0     		b	.L7
 248              	.L12:
 249              	.LBB2:
  48:User/SCSLib/SCSCL.c **** 		uint16_t T, V;
  49:User/SCSLib/SCSCL.c **** 		if(Time){
 250              		.loc 1 49 5
 251 0018 3B68     		ldr	r3, [r7]
 252 001a 002B     		cmp	r3, #0
 253 001c 08D0     		beq	.L8
  50:User/SCSLib/SCSCL.c **** 			T = Time[i];
 254              		.loc 1 50 12
 255 001e 97F8D730 		ldrb	r3, [r7, #215]	@ zero_extendqisi2
 256 0022 5B00     		lsls	r3, r3, #1
 257 0024 3A68     		ldr	r2, [r7]
 258 0026 1344     		add	r3, r3, r2
 259              		.loc 1 50 6
 260 0028 1B88     		ldrh	r3, [r3]	@ movhi
 261 002a A7F8D430 		strh	r3, [r7, #212]	@ movhi
 262 002e 02E0     		b	.L9
 263              	.L8:
  51:User/SCSLib/SCSCL.c **** 		}else{
  52:User/SCSLib/SCSCL.c **** 			T = 0;
 264              		.loc 1 52 6
 265 0030 0023     		movs	r3, #0
 266 0032 A7F8D430 		strh	r3, [r7, #212]	@ movhi
 267              	.L9:
  53:User/SCSLib/SCSCL.c **** 		}
  54:User/SCSLib/SCSCL.c **** 		if(Speed){
 268              		.loc 1 54 5
 269 0036 D7F8E030 		ldr	r3, [r7, #224]
 270 003a 002B     		cmp	r3, #0
 271 003c 09D0     		beq	.L10
  55:User/SCSLib/SCSCL.c **** 			V = Speed[i];
 272              		.loc 1 55 13
 273 003e 97F8D730 		ldrb	r3, [r7, #215]	@ zero_extendqisi2
 274 0042 5B00     		lsls	r3, r3, #1
 275 0044 D7F8E020 		ldr	r2, [r7, #224]
 276 0048 1344     		add	r3, r3, r2
 277              		.loc 1 55 6
 278 004a 1B88     		ldrh	r3, [r3]	@ movhi
 279 004c A7F8D230 		strh	r3, [r7, #210]	@ movhi
 280 0050 02E0     		b	.L11
 281              	.L10:
  56:User/SCSLib/SCSCL.c **** 		}else{
  57:User/SCSLib/SCSCL.c **** 			V = 0;
 282              		.loc 1 57 6
 283 0052 0023     		movs	r3, #0
 284 0054 A7F8D230 		strh	r3, [r7, #210]	@ movhi
 285              	.L11:
  58:User/SCSLib/SCSCL.c **** 		}
  59:User/SCSLib/SCSCL.c ****     Host2SCS(offbuf+i*6+0, offbuf+i*6+1, Position[i]);
 286              		.loc 1 59 22 discriminator 2
 287 0058 97F8D720 		ldrb	r2, [r7, #215]	@ zero_extendqisi2
 288 005c 1346     		mov	r3, r2
 289 005e 5B00     		lsls	r3, r3, #1
ARM GAS  /var/folders/xf/tcndk8390ml5xdpfw93qkhpm0000gn/T//ccT1lZF5.s 			page 7


 290 0060 1344     		add	r3, r3, r2
 291 0062 5B00     		lsls	r3, r3, #1
 292 0064 1A46     		mov	r2, r3
 293              		.loc 1 59 5 discriminator 2
 294 0066 07F11003 		add	r3, r7, #16
 295 006a 9818     		adds	r0, r3, r2
 296              		.loc 1 59 36 discriminator 2
 297 006c 97F8D720 		ldrb	r2, [r7, #215]	@ zero_extendqisi2
 298 0070 1346     		mov	r3, r2
 299 0072 5B00     		lsls	r3, r3, #1
 300 0074 1344     		add	r3, r3, r2
 301 0076 5B00     		lsls	r3, r3, #1
 302              		.loc 1 59 38 discriminator 2
 303 0078 0133     		adds	r3, r3, #1
 304              		.loc 1 59 5 discriminator 2
 305 007a 07F11002 		add	r2, r7, #16
 306 007e D118     		adds	r1, r2, r3
 307              		.loc 1 59 50 discriminator 2
 308 0080 97F8D730 		ldrb	r3, [r7, #215]	@ zero_extendqisi2
 309 0084 5B00     		lsls	r3, r3, #1
 310 0086 7A68     		ldr	r2, [r7, #4]
 311 0088 1344     		add	r3, r3, r2
 312 008a 1B88     		ldrh	r3, [r3]
 313              		.loc 1 59 5 discriminator 2
 314 008c 1A46     		mov	r2, r3
 315 008e FFF7FEFF 		bl	Host2SCS
  60:User/SCSLib/SCSCL.c ****     Host2SCS(offbuf+i*6+2, offbuf+i*6+3, T);
 316              		.loc 1 60 22 discriminator 2
 317 0092 97F8D720 		ldrb	r2, [r7, #215]	@ zero_extendqisi2
 318 0096 1346     		mov	r3, r2
 319 0098 5B00     		lsls	r3, r3, #1
 320 009a 1344     		add	r3, r3, r2
 321 009c 5B00     		lsls	r3, r3, #1
 322              		.loc 1 60 24 discriminator 2
 323 009e 0233     		adds	r3, r3, #2
 324              		.loc 1 60 5 discriminator 2
 325 00a0 07F11002 		add	r2, r7, #16
 326 00a4 D018     		adds	r0, r2, r3
 327              		.loc 1 60 36 discriminator 2
 328 00a6 97F8D720 		ldrb	r2, [r7, #215]	@ zero_extendqisi2
 329 00aa 1346     		mov	r3, r2
 330 00ac 5B00     		lsls	r3, r3, #1
 331 00ae 1344     		add	r3, r3, r2
 332 00b0 5B00     		lsls	r3, r3, #1
 333              		.loc 1 60 38 discriminator 2
 334 00b2 0333     		adds	r3, r3, #3
 335              		.loc 1 60 5 discriminator 2
 336 00b4 07F11002 		add	r2, r7, #16
 337 00b8 1344     		add	r3, r3, r2
 338 00ba B7F8D420 		ldrh	r2, [r7, #212]
 339 00be 1946     		mov	r1, r3
 340 00c0 FFF7FEFF 		bl	Host2SCS
  61:User/SCSLib/SCSCL.c ****     Host2SCS(offbuf+i*6+4, offbuf+i*6+5, V);
 341              		.loc 1 61 22 discriminator 2
 342 00c4 97F8D720 		ldrb	r2, [r7, #215]	@ zero_extendqisi2
 343 00c8 1346     		mov	r3, r2
 344 00ca 5B00     		lsls	r3, r3, #1
ARM GAS  /var/folders/xf/tcndk8390ml5xdpfw93qkhpm0000gn/T//ccT1lZF5.s 			page 8


 345 00cc 1344     		add	r3, r3, r2
 346 00ce 5B00     		lsls	r3, r3, #1
 347              		.loc 1 61 24 discriminator 2
 348 00d0 0433     		adds	r3, r3, #4
 349              		.loc 1 61 5 discriminator 2
 350 00d2 07F11002 		add	r2, r7, #16
 351 00d6 D018     		adds	r0, r2, r3
 352              		.loc 1 61 36 discriminator 2
 353 00d8 97F8D720 		ldrb	r2, [r7, #215]	@ zero_extendqisi2
 354 00dc 1346     		mov	r3, r2
 355 00de 5B00     		lsls	r3, r3, #1
 356 00e0 1344     		add	r3, r3, r2
 357 00e2 5B00     		lsls	r3, r3, #1
 358              		.loc 1 61 38 discriminator 2
 359 00e4 0533     		adds	r3, r3, #5
 360              		.loc 1 61 5 discriminator 2
 361 00e6 07F11002 		add	r2, r7, #16
 362 00ea 1344     		add	r3, r3, r2
 363 00ec B7F8D220 		ldrh	r2, [r7, #210]
 364 00f0 1946     		mov	r1, r3
 365 00f2 FFF7FEFF 		bl	Host2SCS
 366              	.LBE2:
  47:User/SCSLib/SCSCL.c **** 		uint16_t T, V;
 367              		.loc 1 47 22 discriminator 2
 368 00f6 97F8D730 		ldrb	r3, [r7, #215]	@ zero_extendqisi2
 369 00fa 0133     		adds	r3, r3, #1
 370 00fc 87F8D730 		strb	r3, [r7, #215]
 371              	.L7:
  47:User/SCSLib/SCSCL.c **** 		uint16_t T, V;
 372              		.loc 1 47 3 discriminator 1
 373 0100 97F8D720 		ldrb	r2, [r7, #215]	@ zero_extendqisi2
 374 0104 FB7A     		ldrb	r3, [r7, #11]	@ zero_extendqisi2
 375 0106 9A42     		cmp	r2, r3
 376 0108 86D3     		bcc	.L12
  62:User/SCSLib/SCSCL.c ****   }
  63:User/SCSLib/SCSCL.c ****   syncWrite(ID, IDN, SCSCL_GOAL_POSITION_L, offbuf, 6);
 377              		.loc 1 63 3
 378 010a 07F11003 		add	r3, r7, #16
 379 010e F97A     		ldrb	r1, [r7, #11]	@ zero_extendqisi2
 380 0110 0622     		movs	r2, #6
 381 0112 0092     		str	r2, [sp]
 382 0114 2A22     		movs	r2, #42
 383 0116 F868     		ldr	r0, [r7, #12]
 384 0118 FFF7FEFF 		bl	syncWrite
  64:User/SCSLib/SCSCL.c **** }
 385              		.loc 1 64 1
 386 011c 00BF     		nop
 387 011e D837     		adds	r7, r7, #216
 388              	.LCFI15:
 389              		.cfi_def_cfa_offset 8
 390 0120 BD46     		mov	sp, r7
 391              	.LCFI16:
 392              		.cfi_def_cfa_register 13
 393              		@ sp needed
 394 0122 80BD     		pop	{r7, pc}
 395              		.cfi_endproc
 396              	.LFE3:
ARM GAS  /var/folders/xf/tcndk8390ml5xdpfw93qkhpm0000gn/T//ccT1lZF5.s 			page 9


 398              		.section	.text.PWMMode,"ax",%progbits
 399              		.align	1
 400              		.global	PWMMode
 401              		.syntax unified
 402              		.thumb
 403              		.thumb_func
 405              	PWMMode:
 406              	.LFB4:
  65:User/SCSLib/SCSCL.c **** 
  66:User/SCSLib/SCSCL.c **** int PWMMode(uint8_t ID)
  67:User/SCSLib/SCSCL.c **** {
 407              		.loc 1 67 1
 408              		.cfi_startproc
 409              		@ args = 0, pretend = 0, frame = 16
 410              		@ frame_needed = 1, uses_anonymous_args = 0
 411 0000 80B5     		push	{r7, lr}
 412              	.LCFI17:
 413              		.cfi_def_cfa_offset 8
 414              		.cfi_offset 7, -8
 415              		.cfi_offset 14, -4
 416 0002 84B0     		sub	sp, sp, #16
 417              	.LCFI18:
 418              		.cfi_def_cfa_offset 24
 419 0004 00AF     		add	r7, sp, #0
 420              	.LCFI19:
 421              		.cfi_def_cfa_register 7
 422 0006 0346     		mov	r3, r0
 423 0008 FB71     		strb	r3, [r7, #7]
  68:User/SCSLib/SCSCL.c **** 	uint8_t bBuf[4];
  69:User/SCSLib/SCSCL.c **** 	bBuf[0] = 0;
 424              		.loc 1 69 10
 425 000a 0023     		movs	r3, #0
 426 000c 3B73     		strb	r3, [r7, #12]
  70:User/SCSLib/SCSCL.c **** 	bBuf[1] = 0;
 427              		.loc 1 70 10
 428 000e 0023     		movs	r3, #0
 429 0010 7B73     		strb	r3, [r7, #13]
  71:User/SCSLib/SCSCL.c **** 	bBuf[2] = 0;
 430              		.loc 1 71 10
 431 0012 0023     		movs	r3, #0
 432 0014 BB73     		strb	r3, [r7, #14]
  72:User/SCSLib/SCSCL.c **** 	bBuf[3] = 0;
 433              		.loc 1 72 10
 434 0016 0023     		movs	r3, #0
 435 0018 FB73     		strb	r3, [r7, #15]
  73:User/SCSLib/SCSCL.c **** 	return genWrite(ID, SCSCL_MIN_ANGLE_LIMIT_L, bBuf, 4);	
 436              		.loc 1 73 9
 437 001a 07F10C02 		add	r2, r7, #12
 438 001e F879     		ldrb	r0, [r7, #7]	@ zero_extendqisi2
 439 0020 0423     		movs	r3, #4
 440 0022 0921     		movs	r1, #9
 441 0024 FFF7FEFF 		bl	genWrite
 442 0028 0346     		mov	r3, r0
  74:User/SCSLib/SCSCL.c **** }
 443              		.loc 1 74 1
 444 002a 1846     		mov	r0, r3
 445 002c 1037     		adds	r7, r7, #16
ARM GAS  /var/folders/xf/tcndk8390ml5xdpfw93qkhpm0000gn/T//ccT1lZF5.s 			page 10


 446              	.LCFI20:
 447              		.cfi_def_cfa_offset 8
 448 002e BD46     		mov	sp, r7
 449              	.LCFI21:
 450              		.cfi_def_cfa_register 13
 451              		@ sp needed
 452 0030 80BD     		pop	{r7, pc}
 453              		.cfi_endproc
 454              	.LFE4:
 456              		.section	.text.WritePWM,"ax",%progbits
 457              		.align	1
 458              		.global	WritePWM
 459              		.syntax unified
 460              		.thumb
 461              		.thumb_func
 463              	WritePWM:
 464              	.LFB5:
  75:User/SCSLib/SCSCL.c **** 
  76:User/SCSLib/SCSCL.c **** int WritePWM(uint8_t ID, int16_t pwmOut)
  77:User/SCSLib/SCSCL.c **** {
 465              		.loc 1 77 1
 466              		.cfi_startproc
 467              		@ args = 0, pretend = 0, frame = 16
 468              		@ frame_needed = 1, uses_anonymous_args = 0
 469 0000 80B5     		push	{r7, lr}
 470              	.LCFI22:
 471              		.cfi_def_cfa_offset 8
 472              		.cfi_offset 7, -8
 473              		.cfi_offset 14, -4
 474 0002 84B0     		sub	sp, sp, #16
 475              	.LCFI23:
 476              		.cfi_def_cfa_offset 24
 477 0004 00AF     		add	r7, sp, #0
 478              	.LCFI24:
 479              		.cfi_def_cfa_register 7
 480 0006 0346     		mov	r3, r0
 481 0008 0A46     		mov	r2, r1
 482 000a FB71     		strb	r3, [r7, #7]
 483 000c 1346     		mov	r3, r2	@ movhi
 484 000e BB80     		strh	r3, [r7, #4]	@ movhi
  78:User/SCSLib/SCSCL.c **** 	uint8_t bBuf[2];
  79:User/SCSLib/SCSCL.c **** 	if(pwmOut<0){
 485              		.loc 1 79 4
 486 0010 B7F90430 		ldrsh	r3, [r7, #4]
 487 0014 002B     		cmp	r3, #0
 488 0016 07DA     		bge	.L16
  80:User/SCSLib/SCSCL.c **** 		pwmOut = -pwmOut;
 489              		.loc 1 80 10
 490 0018 BB88     		ldrh	r3, [r7, #4]
 491 001a 5B42     		rsbs	r3, r3, #0
 492 001c 9BB2     		uxth	r3, r3
 493 001e BB80     		strh	r3, [r7, #4]	@ movhi
  81:User/SCSLib/SCSCL.c **** 		pwmOut |= (1<<10);
 494              		.loc 1 81 10
 495 0020 BB88     		ldrh	r3, [r7, #4]	@ movhi
 496 0022 43F48063 		orr	r3, r3, #1024
 497 0026 BB80     		strh	r3, [r7, #4]	@ movhi
ARM GAS  /var/folders/xf/tcndk8390ml5xdpfw93qkhpm0000gn/T//ccT1lZF5.s 			page 11


 498              	.L16:
  82:User/SCSLib/SCSCL.c **** 	}
  83:User/SCSLib/SCSCL.c **** 	Host2SCS(bBuf+0, bBuf+1, pwmOut);
 499              		.loc 1 83 2
 500 0028 07F10C03 		add	r3, r7, #12
 501 002c 0133     		adds	r3, r3, #1
 502 002e B7F90420 		ldrsh	r2, [r7, #4]
 503 0032 07F10C00 		add	r0, r7, #12
 504 0036 1946     		mov	r1, r3
 505 0038 FFF7FEFF 		bl	Host2SCS
  84:User/SCSLib/SCSCL.c **** 
  85:User/SCSLib/SCSCL.c **** 	return genWrite(ID, SCSCL_GOAL_TIME_L, bBuf, 2);
 506              		.loc 1 85 9
 507 003c 07F10C02 		add	r2, r7, #12
 508 0040 F879     		ldrb	r0, [r7, #7]	@ zero_extendqisi2
 509 0042 0223     		movs	r3, #2
 510 0044 2C21     		movs	r1, #44
 511 0046 FFF7FEFF 		bl	genWrite
 512 004a 0346     		mov	r3, r0
  86:User/SCSLib/SCSCL.c **** }
 513              		.loc 1 86 1
 514 004c 1846     		mov	r0, r3
 515 004e 1037     		adds	r7, r7, #16
 516              	.LCFI25:
 517              		.cfi_def_cfa_offset 8
 518 0050 BD46     		mov	sp, r7
 519              	.LCFI26:
 520              		.cfi_def_cfa_register 13
 521              		@ sp needed
 522 0052 80BD     		pop	{r7, pc}
 523              		.cfi_endproc
 524              	.LFE5:
 526              		.section	.text.EnableTorque,"ax",%progbits
 527              		.align	1
 528              		.global	EnableTorque
 529              		.syntax unified
 530              		.thumb
 531              		.thumb_func
 533              	EnableTorque:
 534              	.LFB6:
  87:User/SCSLib/SCSCL.c **** int EnableTorque(uint8_t ID, uint8_t Enable)
  88:User/SCSLib/SCSCL.c **** {
 535              		.loc 1 88 1
 536              		.cfi_startproc
 537              		@ args = 0, pretend = 0, frame = 8
 538              		@ frame_needed = 1, uses_anonymous_args = 0
 539 0000 80B5     		push	{r7, lr}
 540              	.LCFI27:
 541              		.cfi_def_cfa_offset 8
 542              		.cfi_offset 7, -8
 543              		.cfi_offset 14, -4
 544 0002 82B0     		sub	sp, sp, #8
 545              	.LCFI28:
 546              		.cfi_def_cfa_offset 16
 547 0004 00AF     		add	r7, sp, #0
 548              	.LCFI29:
 549              		.cfi_def_cfa_register 7
ARM GAS  /var/folders/xf/tcndk8390ml5xdpfw93qkhpm0000gn/T//ccT1lZF5.s 			page 12


 550 0006 0346     		mov	r3, r0
 551 0008 0A46     		mov	r2, r1
 552 000a FB71     		strb	r3, [r7, #7]
 553 000c 1346     		mov	r3, r2
 554 000e BB71     		strb	r3, [r7, #6]
  89:User/SCSLib/SCSCL.c **** 	return writeByte(ID, SCSCL_TORQUE_ENABLE, Enable);
 555              		.loc 1 89 9
 556 0010 BA79     		ldrb	r2, [r7, #6]	@ zero_extendqisi2
 557 0012 FB79     		ldrb	r3, [r7, #7]	@ zero_extendqisi2
 558 0014 2821     		movs	r1, #40
 559 0016 1846     		mov	r0, r3
 560 0018 FFF7FEFF 		bl	writeByte
 561 001c 0346     		mov	r3, r0
  90:User/SCSLib/SCSCL.c **** }
 562              		.loc 1 90 1
 563 001e 1846     		mov	r0, r3
 564 0020 0837     		adds	r7, r7, #8
 565              	.LCFI30:
 566              		.cfi_def_cfa_offset 8
 567 0022 BD46     		mov	sp, r7
 568              	.LCFI31:
 569              		.cfi_def_cfa_register 13
 570              		@ sp needed
 571 0024 80BD     		pop	{r7, pc}
 572              		.cfi_endproc
 573              	.LFE6:
 575              		.section	.text.unLockEprom,"ax",%progbits
 576              		.align	1
 577              		.global	unLockEprom
 578              		.syntax unified
 579              		.thumb
 580              		.thumb_func
 582              	unLockEprom:
 583              	.LFB7:
  91:User/SCSLib/SCSCL.c **** 
  92:User/SCSLib/SCSCL.c **** int unLockEprom(uint8_t ID)
  93:User/SCSLib/SCSCL.c **** {
 584              		.loc 1 93 1
 585              		.cfi_startproc
 586              		@ args = 0, pretend = 0, frame = 8
 587              		@ frame_needed = 1, uses_anonymous_args = 0
 588 0000 80B5     		push	{r7, lr}
 589              	.LCFI32:
 590              		.cfi_def_cfa_offset 8
 591              		.cfi_offset 7, -8
 592              		.cfi_offset 14, -4
 593 0002 82B0     		sub	sp, sp, #8
 594              	.LCFI33:
 595              		.cfi_def_cfa_offset 16
 596 0004 00AF     		add	r7, sp, #0
 597              	.LCFI34:
 598              		.cfi_def_cfa_register 7
 599 0006 0346     		mov	r3, r0
 600 0008 FB71     		strb	r3, [r7, #7]
  94:User/SCSLib/SCSCL.c **** 	return writeByte(ID, SCSCL_LOCK, 0);
 601              		.loc 1 94 9
 602 000a FB79     		ldrb	r3, [r7, #7]	@ zero_extendqisi2
ARM GAS  /var/folders/xf/tcndk8390ml5xdpfw93qkhpm0000gn/T//ccT1lZF5.s 			page 13


 603 000c 0022     		movs	r2, #0
 604 000e 3021     		movs	r1, #48
 605 0010 1846     		mov	r0, r3
 606 0012 FFF7FEFF 		bl	writeByte
 607 0016 0346     		mov	r3, r0
  95:User/SCSLib/SCSCL.c **** }
 608              		.loc 1 95 1
 609 0018 1846     		mov	r0, r3
 610 001a 0837     		adds	r7, r7, #8
 611              	.LCFI35:
 612              		.cfi_def_cfa_offset 8
 613 001c BD46     		mov	sp, r7
 614              	.LCFI36:
 615              		.cfi_def_cfa_register 13
 616              		@ sp needed
 617 001e 80BD     		pop	{r7, pc}
 618              		.cfi_endproc
 619              	.LFE7:
 621              		.section	.text.LockEprom,"ax",%progbits
 622              		.align	1
 623              		.global	LockEprom
 624              		.syntax unified
 625              		.thumb
 626              		.thumb_func
 628              	LockEprom:
 629              	.LFB8:
  96:User/SCSLib/SCSCL.c **** 
  97:User/SCSLib/SCSCL.c **** int LockEprom(uint8_t ID)
  98:User/SCSLib/SCSCL.c **** {
 630              		.loc 1 98 1
 631              		.cfi_startproc
 632              		@ args = 0, pretend = 0, frame = 8
 633              		@ frame_needed = 1, uses_anonymous_args = 0
 634 0000 80B5     		push	{r7, lr}
 635              	.LCFI37:
 636              		.cfi_def_cfa_offset 8
 637              		.cfi_offset 7, -8
 638              		.cfi_offset 14, -4
 639 0002 82B0     		sub	sp, sp, #8
 640              	.LCFI38:
 641              		.cfi_def_cfa_offset 16
 642 0004 00AF     		add	r7, sp, #0
 643              	.LCFI39:
 644              		.cfi_def_cfa_register 7
 645 0006 0346     		mov	r3, r0
 646 0008 FB71     		strb	r3, [r7, #7]
  99:User/SCSLib/SCSCL.c **** 	return writeByte(ID, SCSCL_LOCK, 1);
 647              		.loc 1 99 9
 648 000a FB79     		ldrb	r3, [r7, #7]	@ zero_extendqisi2
 649 000c 0122     		movs	r2, #1
 650 000e 3021     		movs	r1, #48
 651 0010 1846     		mov	r0, r3
 652 0012 FFF7FEFF 		bl	writeByte
 653 0016 0346     		mov	r3, r0
 100:User/SCSLib/SCSCL.c **** }
 654              		.loc 1 100 1
 655 0018 1846     		mov	r0, r3
ARM GAS  /var/folders/xf/tcndk8390ml5xdpfw93qkhpm0000gn/T//ccT1lZF5.s 			page 14


 656 001a 0837     		adds	r7, r7, #8
 657              	.LCFI40:
 658              		.cfi_def_cfa_offset 8
 659 001c BD46     		mov	sp, r7
 660              	.LCFI41:
 661              		.cfi_def_cfa_register 13
 662              		@ sp needed
 663 001e 80BD     		pop	{r7, pc}
 664              		.cfi_endproc
 665              	.LFE8:
 667              		.section	.text.FeedBack,"ax",%progbits
 668              		.align	1
 669              		.global	FeedBack
 670              		.syntax unified
 671              		.thumb
 672              		.thumb_func
 674              	FeedBack:
 675              	.LFB9:
 101:User/SCSLib/SCSCL.c **** 
 102:User/SCSLib/SCSCL.c **** int FeedBack(int ID)
 103:User/SCSLib/SCSCL.c **** {
 676              		.loc 1 103 1
 677              		.cfi_startproc
 678              		@ args = 0, pretend = 0, frame = 16
 679              		@ frame_needed = 1, uses_anonymous_args = 0
 680 0000 80B5     		push	{r7, lr}
 681              	.LCFI42:
 682              		.cfi_def_cfa_offset 8
 683              		.cfi_offset 7, -8
 684              		.cfi_offset 14, -4
 685 0002 84B0     		sub	sp, sp, #16
 686              	.LCFI43:
 687              		.cfi_def_cfa_offset 24
 688 0004 00AF     		add	r7, sp, #0
 689              	.LCFI44:
 690              		.cfi_def_cfa_register 7
 691 0006 7860     		str	r0, [r7, #4]
 104:User/SCSLib/SCSCL.c **** 	int nLen = Read(ID, SCSCL_PRESENT_POSITION_L, Mem, sizeof(Mem));
 692              		.loc 1 104 13
 693 0008 7B68     		ldr	r3, [r7, #4]
 694 000a D8B2     		uxtb	r0, r3
 695 000c 0F23     		movs	r3, #15
 696 000e 084A     		ldr	r2, .L27
 697 0010 3821     		movs	r1, #56
 698 0012 FFF7FEFF 		bl	Read
 699 0016 F860     		str	r0, [r7, #12]
 105:User/SCSLib/SCSCL.c **** 	if(nLen!=sizeof(Mem)){
 700              		.loc 1 105 4
 701 0018 FB68     		ldr	r3, [r7, #12]
 702 001a 0F2B     		cmp	r3, #15
 703 001c 02D0     		beq	.L25
 106:User/SCSLib/SCSCL.c **** 		return -1;
 704              		.loc 1 106 10
 705 001e 4FF0FF33 		mov	r3, #-1
 706 0022 00E0     		b	.L26
 707              	.L25:
 107:User/SCSLib/SCSCL.c **** 	}
ARM GAS  /var/folders/xf/tcndk8390ml5xdpfw93qkhpm0000gn/T//ccT1lZF5.s 			page 15


 108:User/SCSLib/SCSCL.c **** 	return nLen;
 708              		.loc 1 108 9
 709 0024 FB68     		ldr	r3, [r7, #12]
 710              	.L26:
 109:User/SCSLib/SCSCL.c **** }
 711              		.loc 1 109 1
 712 0026 1846     		mov	r0, r3
 713 0028 1037     		adds	r7, r7, #16
 714              	.LCFI45:
 715              		.cfi_def_cfa_offset 8
 716 002a BD46     		mov	sp, r7
 717              	.LCFI46:
 718              		.cfi_def_cfa_register 13
 719              		@ sp needed
 720 002c 80BD     		pop	{r7, pc}
 721              	.L28:
 722 002e 00BF     		.align	2
 723              	.L27:
 724 0030 00000000 		.word	Mem
 725              		.cfi_endproc
 726              	.LFE9:
 728              		.section	.text.ReadPos,"ax",%progbits
 729              		.align	1
 730              		.global	ReadPos
 731              		.syntax unified
 732              		.thumb
 733              		.thumb_func
 735              	ReadPos:
 736              	.LFB10:
 110:User/SCSLib/SCSCL.c **** 	
 111:User/SCSLib/SCSCL.c **** int ReadPos(int ID)
 112:User/SCSLib/SCSCL.c **** {
 737              		.loc 1 112 1
 738              		.cfi_startproc
 739              		@ args = 0, pretend = 0, frame = 16
 740              		@ frame_needed = 1, uses_anonymous_args = 0
 741 0000 80B5     		push	{r7, lr}
 742              	.LCFI47:
 743              		.cfi_def_cfa_offset 8
 744              		.cfi_offset 7, -8
 745              		.cfi_offset 14, -4
 746 0002 84B0     		sub	sp, sp, #16
 747              	.LCFI48:
 748              		.cfi_def_cfa_offset 24
 749 0004 00AF     		add	r7, sp, #0
 750              	.LCFI49:
 751              		.cfi_def_cfa_register 7
 752 0006 7860     		str	r0, [r7, #4]
 113:User/SCSLib/SCSCL.c **** 	int Pos = -1;
 753              		.loc 1 113 6
 754 0008 4FF0FF33 		mov	r3, #-1
 755 000c FB60     		str	r3, [r7, #12]
 114:User/SCSLib/SCSCL.c **** 	if(ID==-1){
 756              		.loc 1 114 4
 757 000e 7B68     		ldr	r3, [r7, #4]
 758 0010 B3F1FF3F 		cmp	r3, #-1
 759 0014 0CD1     		bne	.L30
ARM GAS  /var/folders/xf/tcndk8390ml5xdpfw93qkhpm0000gn/T//ccT1lZF5.s 			page 16


 115:User/SCSLib/SCSCL.c **** 		Pos = Mem[SCSCL_PRESENT_POSITION_L-SCSCL_PRESENT_POSITION_L];
 760              		.loc 1 115 12
 761 0016 114B     		ldr	r3, .L34
 762 0018 1B78     		ldrb	r3, [r3]	@ zero_extendqisi2
 763              		.loc 1 115 7
 764 001a FB60     		str	r3, [r7, #12]
 116:User/SCSLib/SCSCL.c **** 		Pos <<= 8;
 765              		.loc 1 116 7
 766 001c FB68     		ldr	r3, [r7, #12]
 767 001e 1B02     		lsls	r3, r3, #8
 768 0020 FB60     		str	r3, [r7, #12]
 117:User/SCSLib/SCSCL.c **** 		Pos |= Mem[SCSCL_PRESENT_POSITION_H-SCSCL_PRESENT_POSITION_L];
 769              		.loc 1 117 13
 770 0022 0E4B     		ldr	r3, .L34
 771 0024 5B78     		ldrb	r3, [r3, #1]	@ zero_extendqisi2
 772 0026 1A46     		mov	r2, r3
 773              		.loc 1 117 7
 774 0028 FB68     		ldr	r3, [r7, #12]
 775 002a 1343     		orrs	r3, r3, r2
 776 002c FB60     		str	r3, [r7, #12]
 777 002e 06E0     		b	.L31
 778              	.L30:
 118:User/SCSLib/SCSCL.c **** 	}else{
 119:User/SCSLib/SCSCL.c **** 		Pos = readWord(ID, SCSCL_PRESENT_POSITION_L);
 779              		.loc 1 119 9
 780 0030 7B68     		ldr	r3, [r7, #4]
 781 0032 DBB2     		uxtb	r3, r3
 782 0034 3821     		movs	r1, #56
 783 0036 1846     		mov	r0, r3
 784 0038 FFF7FEFF 		bl	readWord
 785 003c F860     		str	r0, [r7, #12]
 786              	.L31:
 120:User/SCSLib/SCSCL.c **** 	}
 121:User/SCSLib/SCSCL.c **** 	if(Pos&(1<<15)){
 787              		.loc 1 121 8
 788 003e FB68     		ldr	r3, [r7, #12]
 789 0040 03F40043 		and	r3, r3, #32768
 790              		.loc 1 121 4
 791 0044 002B     		cmp	r3, #0
 792 0046 04D0     		beq	.L32
 122:User/SCSLib/SCSCL.c **** 		Pos = -(Pos&~(1<<15));
 793              		.loc 1 122 14
 794 0048 FB68     		ldr	r3, [r7, #12]
 795 004a 23F40043 		bic	r3, r3, #32768
 796              		.loc 1 122 7
 797 004e 5B42     		rsbs	r3, r3, #0
 798 0050 FB60     		str	r3, [r7, #12]
 799              	.L32:
 123:User/SCSLib/SCSCL.c **** 	}	
 124:User/SCSLib/SCSCL.c **** 	return Pos;
 800              		.loc 1 124 9
 801 0052 FB68     		ldr	r3, [r7, #12]
 125:User/SCSLib/SCSCL.c **** }
 802              		.loc 1 125 1
 803 0054 1846     		mov	r0, r3
 804 0056 1037     		adds	r7, r7, #16
 805              	.LCFI50:
ARM GAS  /var/folders/xf/tcndk8390ml5xdpfw93qkhpm0000gn/T//ccT1lZF5.s 			page 17


 806              		.cfi_def_cfa_offset 8
 807 0058 BD46     		mov	sp, r7
 808              	.LCFI51:
 809              		.cfi_def_cfa_register 13
 810              		@ sp needed
 811 005a 80BD     		pop	{r7, pc}
 812              	.L35:
 813              		.align	2
 814              	.L34:
 815 005c 00000000 		.word	Mem
 816              		.cfi_endproc
 817              	.LFE10:
 819              		.section	.text.ReadSpeed,"ax",%progbits
 820              		.align	1
 821              		.global	ReadSpeed
 822              		.syntax unified
 823              		.thumb
 824              		.thumb_func
 826              	ReadSpeed:
 827              	.LFB11:
 126:User/SCSLib/SCSCL.c **** 
 127:User/SCSLib/SCSCL.c **** int ReadSpeed(int ID)
 128:User/SCSLib/SCSCL.c **** {
 828              		.loc 1 128 1
 829              		.cfi_startproc
 830              		@ args = 0, pretend = 0, frame = 16
 831              		@ frame_needed = 1, uses_anonymous_args = 0
 832 0000 80B5     		push	{r7, lr}
 833              	.LCFI52:
 834              		.cfi_def_cfa_offset 8
 835              		.cfi_offset 7, -8
 836              		.cfi_offset 14, -4
 837 0002 84B0     		sub	sp, sp, #16
 838              	.LCFI53:
 839              		.cfi_def_cfa_offset 24
 840 0004 00AF     		add	r7, sp, #0
 841              	.LCFI54:
 842              		.cfi_def_cfa_register 7
 843 0006 7860     		str	r0, [r7, #4]
 129:User/SCSLib/SCSCL.c **** 	int Speed = -1;
 844              		.loc 1 129 6
 845 0008 4FF0FF33 		mov	r3, #-1
 846 000c FB60     		str	r3, [r7, #12]
 130:User/SCSLib/SCSCL.c **** 	if(ID==-1){
 847              		.loc 1 130 4
 848 000e 7B68     		ldr	r3, [r7, #4]
 849 0010 B3F1FF3F 		cmp	r3, #-1
 850 0014 0CD1     		bne	.L37
 131:User/SCSLib/SCSCL.c **** 		Speed = Mem[SCSCL_PRESENT_SPEED_L-SCSCL_PRESENT_POSITION_L];
 851              		.loc 1 131 14
 852 0016 114B     		ldr	r3, .L41
 853 0018 9B78     		ldrb	r3, [r3, #2]	@ zero_extendqisi2
 854              		.loc 1 131 9
 855 001a FB60     		str	r3, [r7, #12]
 132:User/SCSLib/SCSCL.c **** 		Speed <<= 8;
 856              		.loc 1 132 9
 857 001c FB68     		ldr	r3, [r7, #12]
ARM GAS  /var/folders/xf/tcndk8390ml5xdpfw93qkhpm0000gn/T//ccT1lZF5.s 			page 18


 858 001e 1B02     		lsls	r3, r3, #8
 859 0020 FB60     		str	r3, [r7, #12]
 133:User/SCSLib/SCSCL.c **** 		Speed |= Mem[SCSCL_PRESENT_SPEED_H-SCSCL_PRESENT_POSITION_L];
 860              		.loc 1 133 15
 861 0022 0E4B     		ldr	r3, .L41
 862 0024 DB78     		ldrb	r3, [r3, #3]	@ zero_extendqisi2
 863 0026 1A46     		mov	r2, r3
 864              		.loc 1 133 9
 865 0028 FB68     		ldr	r3, [r7, #12]
 866 002a 1343     		orrs	r3, r3, r2
 867 002c FB60     		str	r3, [r7, #12]
 868 002e 06E0     		b	.L38
 869              	.L37:
 134:User/SCSLib/SCSCL.c **** 	}else{
 135:User/SCSLib/SCSCL.c **** 		Speed = readWord(ID, SCSCL_PRESENT_SPEED_L);
 870              		.loc 1 135 11
 871 0030 7B68     		ldr	r3, [r7, #4]
 872 0032 DBB2     		uxtb	r3, r3
 873 0034 3A21     		movs	r1, #58
 874 0036 1846     		mov	r0, r3
 875 0038 FFF7FEFF 		bl	readWord
 876 003c F860     		str	r0, [r7, #12]
 877              	.L38:
 136:User/SCSLib/SCSCL.c **** 	}
 137:User/SCSLib/SCSCL.c **** 	if(Speed&(1<<15)){
 878              		.loc 1 137 10
 879 003e FB68     		ldr	r3, [r7, #12]
 880 0040 03F40043 		and	r3, r3, #32768
 881              		.loc 1 137 4
 882 0044 002B     		cmp	r3, #0
 883 0046 04D0     		beq	.L39
 138:User/SCSLib/SCSCL.c **** 		Speed = -(Speed&~(1<<15));
 884              		.loc 1 138 18
 885 0048 FB68     		ldr	r3, [r7, #12]
 886 004a 23F40043 		bic	r3, r3, #32768
 887              		.loc 1 138 9
 888 004e 5B42     		rsbs	r3, r3, #0
 889 0050 FB60     		str	r3, [r7, #12]
 890              	.L39:
 139:User/SCSLib/SCSCL.c **** 	}	
 140:User/SCSLib/SCSCL.c **** 	return Speed;
 891              		.loc 1 140 9
 892 0052 FB68     		ldr	r3, [r7, #12]
 141:User/SCSLib/SCSCL.c **** }
 893              		.loc 1 141 1
 894 0054 1846     		mov	r0, r3
 895 0056 1037     		adds	r7, r7, #16
 896              	.LCFI55:
 897              		.cfi_def_cfa_offset 8
 898 0058 BD46     		mov	sp, r7
 899              	.LCFI56:
 900              		.cfi_def_cfa_register 13
 901              		@ sp needed
 902 005a 80BD     		pop	{r7, pc}
 903              	.L42:
 904              		.align	2
 905              	.L41:
ARM GAS  /var/folders/xf/tcndk8390ml5xdpfw93qkhpm0000gn/T//ccT1lZF5.s 			page 19


 906 005c 00000000 		.word	Mem
 907              		.cfi_endproc
 908              	.LFE11:
 910              		.section	.text.ReadLoad,"ax",%progbits
 911              		.align	1
 912              		.global	ReadLoad
 913              		.syntax unified
 914              		.thumb
 915              		.thumb_func
 917              	ReadLoad:
 918              	.LFB12:
 142:User/SCSLib/SCSCL.c **** 
 143:User/SCSLib/SCSCL.c **** int ReadLoad(int ID)
 144:User/SCSLib/SCSCL.c **** {
 919              		.loc 1 144 1
 920              		.cfi_startproc
 921              		@ args = 0, pretend = 0, frame = 16
 922              		@ frame_needed = 1, uses_anonymous_args = 0
 923 0000 80B5     		push	{r7, lr}
 924              	.LCFI57:
 925              		.cfi_def_cfa_offset 8
 926              		.cfi_offset 7, -8
 927              		.cfi_offset 14, -4
 928 0002 84B0     		sub	sp, sp, #16
 929              	.LCFI58:
 930              		.cfi_def_cfa_offset 24
 931 0004 00AF     		add	r7, sp, #0
 932              	.LCFI59:
 933              		.cfi_def_cfa_register 7
 934 0006 7860     		str	r0, [r7, #4]
 145:User/SCSLib/SCSCL.c **** 	int Load = -1;
 935              		.loc 1 145 6
 936 0008 4FF0FF33 		mov	r3, #-1
 937 000c FB60     		str	r3, [r7, #12]
 146:User/SCSLib/SCSCL.c **** 	if(ID==-1){
 938              		.loc 1 146 4
 939 000e 7B68     		ldr	r3, [r7, #4]
 940 0010 B3F1FF3F 		cmp	r3, #-1
 941 0014 0CD1     		bne	.L44
 147:User/SCSLib/SCSCL.c **** 		Load = Mem[SCSCL_PRESENT_LOAD_L-SCSCL_PRESENT_POSITION_L];
 942              		.loc 1 147 13
 943 0016 114B     		ldr	r3, .L48
 944 0018 1B79     		ldrb	r3, [r3, #4]	@ zero_extendqisi2
 945              		.loc 1 147 8
 946 001a FB60     		str	r3, [r7, #12]
 148:User/SCSLib/SCSCL.c **** 		Load <<= 8;
 947              		.loc 1 148 8
 948 001c FB68     		ldr	r3, [r7, #12]
 949 001e 1B02     		lsls	r3, r3, #8
 950 0020 FB60     		str	r3, [r7, #12]
 149:User/SCSLib/SCSCL.c **** 		Load |= Mem[SCSCL_PRESENT_LOAD_H-SCSCL_PRESENT_POSITION_L];
 951              		.loc 1 149 14
 952 0022 0E4B     		ldr	r3, .L48
 953 0024 5B79     		ldrb	r3, [r3, #5]	@ zero_extendqisi2
 954 0026 1A46     		mov	r2, r3
 955              		.loc 1 149 8
 956 0028 FB68     		ldr	r3, [r7, #12]
ARM GAS  /var/folders/xf/tcndk8390ml5xdpfw93qkhpm0000gn/T//ccT1lZF5.s 			page 20


 957 002a 1343     		orrs	r3, r3, r2
 958 002c FB60     		str	r3, [r7, #12]
 959 002e 06E0     		b	.L45
 960              	.L44:
 150:User/SCSLib/SCSCL.c **** 	}else{
 151:User/SCSLib/SCSCL.c **** 		Load = readWord(ID, SCSCL_PRESENT_LOAD_L);
 961              		.loc 1 151 10
 962 0030 7B68     		ldr	r3, [r7, #4]
 963 0032 DBB2     		uxtb	r3, r3
 964 0034 3C21     		movs	r1, #60
 965 0036 1846     		mov	r0, r3
 966 0038 FFF7FEFF 		bl	readWord
 967 003c F860     		str	r0, [r7, #12]
 968              	.L45:
 152:User/SCSLib/SCSCL.c **** 	}
 153:User/SCSLib/SCSCL.c **** 	if(Load&(1<<10)){
 969              		.loc 1 153 9
 970 003e FB68     		ldr	r3, [r7, #12]
 971 0040 03F48063 		and	r3, r3, #1024
 972              		.loc 1 153 4
 973 0044 002B     		cmp	r3, #0
 974 0046 04D0     		beq	.L46
 154:User/SCSLib/SCSCL.c **** 		Load = -(Load&~(1<<10));
 975              		.loc 1 154 16
 976 0048 FB68     		ldr	r3, [r7, #12]
 977 004a 23F48063 		bic	r3, r3, #1024
 978              		.loc 1 154 8
 979 004e 5B42     		rsbs	r3, r3, #0
 980 0050 FB60     		str	r3, [r7, #12]
 981              	.L46:
 155:User/SCSLib/SCSCL.c **** 	}
 156:User/SCSLib/SCSCL.c **** 	return Load;
 982              		.loc 1 156 9
 983 0052 FB68     		ldr	r3, [r7, #12]
 157:User/SCSLib/SCSCL.c **** }
 984              		.loc 1 157 1
 985 0054 1846     		mov	r0, r3
 986 0056 1037     		adds	r7, r7, #16
 987              	.LCFI60:
 988              		.cfi_def_cfa_offset 8
 989 0058 BD46     		mov	sp, r7
 990              	.LCFI61:
 991              		.cfi_def_cfa_register 13
 992              		@ sp needed
 993 005a 80BD     		pop	{r7, pc}
 994              	.L49:
 995              		.align	2
 996              	.L48:
 997 005c 00000000 		.word	Mem
 998              		.cfi_endproc
 999              	.LFE12:
 1001              		.section	.text.ReadVoltage,"ax",%progbits
 1002              		.align	1
 1003              		.global	ReadVoltage
 1004              		.syntax unified
 1005              		.thumb
 1006              		.thumb_func
ARM GAS  /var/folders/xf/tcndk8390ml5xdpfw93qkhpm0000gn/T//ccT1lZF5.s 			page 21


 1008              	ReadVoltage:
 1009              	.LFB13:
 158:User/SCSLib/SCSCL.c **** 
 159:User/SCSLib/SCSCL.c **** int ReadVoltage(int ID)
 160:User/SCSLib/SCSCL.c **** {
 1010              		.loc 1 160 1
 1011              		.cfi_startproc
 1012              		@ args = 0, pretend = 0, frame = 16
 1013              		@ frame_needed = 1, uses_anonymous_args = 0
 1014 0000 80B5     		push	{r7, lr}
 1015              	.LCFI62:
 1016              		.cfi_def_cfa_offset 8
 1017              		.cfi_offset 7, -8
 1018              		.cfi_offset 14, -4
 1019 0002 84B0     		sub	sp, sp, #16
 1020              	.LCFI63:
 1021              		.cfi_def_cfa_offset 24
 1022 0004 00AF     		add	r7, sp, #0
 1023              	.LCFI64:
 1024              		.cfi_def_cfa_register 7
 1025 0006 7860     		str	r0, [r7, #4]
 161:User/SCSLib/SCSCL.c **** 	int Voltage = -1;
 1026              		.loc 1 161 6
 1027 0008 4FF0FF33 		mov	r3, #-1
 1028 000c FB60     		str	r3, [r7, #12]
 162:User/SCSLib/SCSCL.c **** 	if(ID==-1){
 1029              		.loc 1 162 4
 1030 000e 7B68     		ldr	r3, [r7, #4]
 1031 0010 B3F1FF3F 		cmp	r3, #-1
 1032 0014 03D1     		bne	.L51
 163:User/SCSLib/SCSCL.c **** 		Voltage = Mem[SCSCL_PRESENT_VOLTAGE-SCSCL_PRESENT_POSITION_L];	
 1033              		.loc 1 163 16
 1034 0016 084B     		ldr	r3, .L54
 1035 0018 9B79     		ldrb	r3, [r3, #6]	@ zero_extendqisi2
 1036              		.loc 1 163 11
 1037 001a FB60     		str	r3, [r7, #12]
 1038 001c 06E0     		b	.L52
 1039              	.L51:
 164:User/SCSLib/SCSCL.c **** 	}else{
 165:User/SCSLib/SCSCL.c **** 		Voltage = readByte(ID, SCSCL_PRESENT_VOLTAGE);
 1040              		.loc 1 165 13
 1041 001e 7B68     		ldr	r3, [r7, #4]
 1042 0020 DBB2     		uxtb	r3, r3
 1043 0022 3E21     		movs	r1, #62
 1044 0024 1846     		mov	r0, r3
 1045 0026 FFF7FEFF 		bl	readByte
 1046 002a F860     		str	r0, [r7, #12]
 1047              	.L52:
 166:User/SCSLib/SCSCL.c **** 	}
 167:User/SCSLib/SCSCL.c **** 	return Voltage;
 1048              		.loc 1 167 9
 1049 002c FB68     		ldr	r3, [r7, #12]
 168:User/SCSLib/SCSCL.c **** }
 1050              		.loc 1 168 1
 1051 002e 1846     		mov	r0, r3
 1052 0030 1037     		adds	r7, r7, #16
 1053              	.LCFI65:
ARM GAS  /var/folders/xf/tcndk8390ml5xdpfw93qkhpm0000gn/T//ccT1lZF5.s 			page 22


 1054              		.cfi_def_cfa_offset 8
 1055 0032 BD46     		mov	sp, r7
 1056              	.LCFI66:
 1057              		.cfi_def_cfa_register 13
 1058              		@ sp needed
 1059 0034 80BD     		pop	{r7, pc}
 1060              	.L55:
 1061 0036 00BF     		.align	2
 1062              	.L54:
 1063 0038 00000000 		.word	Mem
 1064              		.cfi_endproc
 1065              	.LFE13:
 1067              		.section	.text.ReadTemper,"ax",%progbits
 1068              		.align	1
 1069              		.global	ReadTemper
 1070              		.syntax unified
 1071              		.thumb
 1072              		.thumb_func
 1074              	ReadTemper:
 1075              	.LFB14:
 169:User/SCSLib/SCSCL.c **** 
 170:User/SCSLib/SCSCL.c **** int ReadTemper(int ID)
 171:User/SCSLib/SCSCL.c **** {
 1076              		.loc 1 171 1
 1077              		.cfi_startproc
 1078              		@ args = 0, pretend = 0, frame = 16
 1079              		@ frame_needed = 1, uses_anonymous_args = 0
 1080 0000 80B5     		push	{r7, lr}
 1081              	.LCFI67:
 1082              		.cfi_def_cfa_offset 8
 1083              		.cfi_offset 7, -8
 1084              		.cfi_offset 14, -4
 1085 0002 84B0     		sub	sp, sp, #16
 1086              	.LCFI68:
 1087              		.cfi_def_cfa_offset 24
 1088 0004 00AF     		add	r7, sp, #0
 1089              	.LCFI69:
 1090              		.cfi_def_cfa_register 7
 1091 0006 7860     		str	r0, [r7, #4]
 172:User/SCSLib/SCSCL.c **** 	int Temper = -1;
 1092              		.loc 1 172 6
 1093 0008 4FF0FF33 		mov	r3, #-1
 1094 000c FB60     		str	r3, [r7, #12]
 173:User/SCSLib/SCSCL.c **** 	if(ID==-1){
 1095              		.loc 1 173 4
 1096 000e 7B68     		ldr	r3, [r7, #4]
 1097 0010 B3F1FF3F 		cmp	r3, #-1
 1098 0014 03D1     		bne	.L57
 174:User/SCSLib/SCSCL.c **** 		Temper = Mem[SCSCL_PRESENT_TEMPERATURE-SCSCL_PRESENT_POSITION_L];	
 1099              		.loc 1 174 15
 1100 0016 084B     		ldr	r3, .L60
 1101 0018 DB79     		ldrb	r3, [r3, #7]	@ zero_extendqisi2
 1102              		.loc 1 174 10
 1103 001a FB60     		str	r3, [r7, #12]
 1104 001c 06E0     		b	.L58
 1105              	.L57:
 175:User/SCSLib/SCSCL.c **** 	}else{
ARM GAS  /var/folders/xf/tcndk8390ml5xdpfw93qkhpm0000gn/T//ccT1lZF5.s 			page 23


 176:User/SCSLib/SCSCL.c **** 		Temper = readByte(ID, SCSCL_PRESENT_TEMPERATURE);
 1106              		.loc 1 176 12
 1107 001e 7B68     		ldr	r3, [r7, #4]
 1108 0020 DBB2     		uxtb	r3, r3
 1109 0022 3F21     		movs	r1, #63
 1110 0024 1846     		mov	r0, r3
 1111 0026 FFF7FEFF 		bl	readByte
 1112 002a F860     		str	r0, [r7, #12]
 1113              	.L58:
 177:User/SCSLib/SCSCL.c **** 	}
 178:User/SCSLib/SCSCL.c **** 	return Temper;
 1114              		.loc 1 178 9
 1115 002c FB68     		ldr	r3, [r7, #12]
 179:User/SCSLib/SCSCL.c **** }
 1116              		.loc 1 179 1
 1117 002e 1846     		mov	r0, r3
 1118 0030 1037     		adds	r7, r7, #16
 1119              	.LCFI70:
 1120              		.cfi_def_cfa_offset 8
 1121 0032 BD46     		mov	sp, r7
 1122              	.LCFI71:
 1123              		.cfi_def_cfa_register 13
 1124              		@ sp needed
 1125 0034 80BD     		pop	{r7, pc}
 1126              	.L61:
 1127 0036 00BF     		.align	2
 1128              	.L60:
 1129 0038 00000000 		.word	Mem
 1130              		.cfi_endproc
 1131              	.LFE14:
 1133              		.section	.text.ReadMove,"ax",%progbits
 1134              		.align	1
 1135              		.global	ReadMove
 1136              		.syntax unified
 1137              		.thumb
 1138              		.thumb_func
 1140              	ReadMove:
 1141              	.LFB15:
 180:User/SCSLib/SCSCL.c **** 
 181:User/SCSLib/SCSCL.c **** int ReadMove(int ID)
 182:User/SCSLib/SCSCL.c **** {
 1142              		.loc 1 182 1
 1143              		.cfi_startproc
 1144              		@ args = 0, pretend = 0, frame = 16
 1145              		@ frame_needed = 1, uses_anonymous_args = 0
 1146 0000 80B5     		push	{r7, lr}
 1147              	.LCFI72:
 1148              		.cfi_def_cfa_offset 8
 1149              		.cfi_offset 7, -8
 1150              		.cfi_offset 14, -4
 1151 0002 84B0     		sub	sp, sp, #16
 1152              	.LCFI73:
 1153              		.cfi_def_cfa_offset 24
 1154 0004 00AF     		add	r7, sp, #0
 1155              	.LCFI74:
 1156              		.cfi_def_cfa_register 7
 1157 0006 7860     		str	r0, [r7, #4]
ARM GAS  /var/folders/xf/tcndk8390ml5xdpfw93qkhpm0000gn/T//ccT1lZF5.s 			page 24


 183:User/SCSLib/SCSCL.c **** 	int Move = -1;
 1158              		.loc 1 183 6
 1159 0008 4FF0FF33 		mov	r3, #-1
 1160 000c FB60     		str	r3, [r7, #12]
 184:User/SCSLib/SCSCL.c **** 	if(ID==-1){
 1161              		.loc 1 184 4
 1162 000e 7B68     		ldr	r3, [r7, #4]
 1163 0010 B3F1FF3F 		cmp	r3, #-1
 1164 0014 03D1     		bne	.L63
 185:User/SCSLib/SCSCL.c **** 		Move = Mem[SCSCL_MOVING-SCSCL_PRESENT_POSITION_L];	
 1165              		.loc 1 185 13
 1166 0016 084B     		ldr	r3, .L66
 1167 0018 9B7A     		ldrb	r3, [r3, #10]	@ zero_extendqisi2
 1168              		.loc 1 185 8
 1169 001a FB60     		str	r3, [r7, #12]
 1170 001c 06E0     		b	.L64
 1171              	.L63:
 186:User/SCSLib/SCSCL.c **** 	}else{
 187:User/SCSLib/SCSCL.c **** 		Move = readByte(ID, SCSCL_MOVING);
 1172              		.loc 1 187 10
 1173 001e 7B68     		ldr	r3, [r7, #4]
 1174 0020 DBB2     		uxtb	r3, r3
 1175 0022 4221     		movs	r1, #66
 1176 0024 1846     		mov	r0, r3
 1177 0026 FFF7FEFF 		bl	readByte
 1178 002a F860     		str	r0, [r7, #12]
 1179              	.L64:
 188:User/SCSLib/SCSCL.c **** 	}
 189:User/SCSLib/SCSCL.c **** 	return Move;
 1180              		.loc 1 189 9
 1181 002c FB68     		ldr	r3, [r7, #12]
 190:User/SCSLib/SCSCL.c **** }
 1182              		.loc 1 190 1
 1183 002e 1846     		mov	r0, r3
 1184 0030 1037     		adds	r7, r7, #16
 1185              	.LCFI75:
 1186              		.cfi_def_cfa_offset 8
 1187 0032 BD46     		mov	sp, r7
 1188              	.LCFI76:
 1189              		.cfi_def_cfa_register 13
 1190              		@ sp needed
 1191 0034 80BD     		pop	{r7, pc}
 1192              	.L67:
 1193 0036 00BF     		.align	2
 1194              	.L66:
 1195 0038 00000000 		.word	Mem
 1196              		.cfi_endproc
 1197              	.LFE15:
 1199              		.section	.text.ReadCurrent,"ax",%progbits
 1200              		.align	1
 1201              		.global	ReadCurrent
 1202              		.syntax unified
 1203              		.thumb
 1204              		.thumb_func
 1206              	ReadCurrent:
 1207              	.LFB16:
 191:User/SCSLib/SCSCL.c **** 
ARM GAS  /var/folders/xf/tcndk8390ml5xdpfw93qkhpm0000gn/T//ccT1lZF5.s 			page 25


 192:User/SCSLib/SCSCL.c **** int ReadCurrent(int ID)
 193:User/SCSLib/SCSCL.c **** {
 1208              		.loc 1 193 1
 1209              		.cfi_startproc
 1210              		@ args = 0, pretend = 0, frame = 16
 1211              		@ frame_needed = 1, uses_anonymous_args = 0
 1212 0000 80B5     		push	{r7, lr}
 1213              	.LCFI77:
 1214              		.cfi_def_cfa_offset 8
 1215              		.cfi_offset 7, -8
 1216              		.cfi_offset 14, -4
 1217 0002 84B0     		sub	sp, sp, #16
 1218              	.LCFI78:
 1219              		.cfi_def_cfa_offset 24
 1220 0004 00AF     		add	r7, sp, #0
 1221              	.LCFI79:
 1222              		.cfi_def_cfa_register 7
 1223 0006 7860     		str	r0, [r7, #4]
 194:User/SCSLib/SCSCL.c **** 	int Current = -1;
 1224              		.loc 1 194 6
 1225 0008 4FF0FF33 		mov	r3, #-1
 1226 000c FB60     		str	r3, [r7, #12]
 195:User/SCSLib/SCSCL.c **** 	if(ID==-1){
 1227              		.loc 1 195 4
 1228 000e 7B68     		ldr	r3, [r7, #4]
 1229 0010 B3F1FF3F 		cmp	r3, #-1
 1230 0014 0CD1     		bne	.L69
 196:User/SCSLib/SCSCL.c **** 		Current = Mem[SCSCL_PRESENT_CURRENT_H-SCSCL_PRESENT_POSITION_L];
 1231              		.loc 1 196 16
 1232 0016 114B     		ldr	r3, .L73
 1233 0018 9B7B     		ldrb	r3, [r3, #14]	@ zero_extendqisi2
 1234              		.loc 1 196 11
 1235 001a FB60     		str	r3, [r7, #12]
 197:User/SCSLib/SCSCL.c **** 		Current <<= 8;
 1236              		.loc 1 197 11
 1237 001c FB68     		ldr	r3, [r7, #12]
 1238 001e 1B02     		lsls	r3, r3, #8
 1239 0020 FB60     		str	r3, [r7, #12]
 198:User/SCSLib/SCSCL.c **** 		Current |= Mem[SCSCL_PRESENT_CURRENT_L-SCSCL_PRESENT_POSITION_L];
 1240              		.loc 1 198 17
 1241 0022 0E4B     		ldr	r3, .L73
 1242 0024 5B7B     		ldrb	r3, [r3, #13]	@ zero_extendqisi2
 1243 0026 1A46     		mov	r2, r3
 1244              		.loc 1 198 11
 1245 0028 FB68     		ldr	r3, [r7, #12]
 1246 002a 1343     		orrs	r3, r3, r2
 1247 002c FB60     		str	r3, [r7, #12]
 1248 002e 06E0     		b	.L70
 1249              	.L69:
 199:User/SCSLib/SCSCL.c **** 	}else{
 200:User/SCSLib/SCSCL.c **** 		Current = readWord(ID, SCSCL_PRESENT_CURRENT_L);
 1250              		.loc 1 200 13
 1251 0030 7B68     		ldr	r3, [r7, #4]
 1252 0032 DBB2     		uxtb	r3, r3
 1253 0034 4521     		movs	r1, #69
 1254 0036 1846     		mov	r0, r3
 1255 0038 FFF7FEFF 		bl	readWord
ARM GAS  /var/folders/xf/tcndk8390ml5xdpfw93qkhpm0000gn/T//ccT1lZF5.s 			page 26


 1256 003c F860     		str	r0, [r7, #12]
 1257              	.L70:
 201:User/SCSLib/SCSCL.c **** 	}
 202:User/SCSLib/SCSCL.c **** 	if(Current&(1<<15)){
 1258              		.loc 1 202 12
 1259 003e FB68     		ldr	r3, [r7, #12]
 1260 0040 03F40043 		and	r3, r3, #32768
 1261              		.loc 1 202 4
 1262 0044 002B     		cmp	r3, #0
 1263 0046 04D0     		beq	.L71
 203:User/SCSLib/SCSCL.c **** 		Current = -(Current&~(1<<15));
 1264              		.loc 1 203 22
 1265 0048 FB68     		ldr	r3, [r7, #12]
 1266 004a 23F40043 		bic	r3, r3, #32768
 1267              		.loc 1 203 11
 1268 004e 5B42     		rsbs	r3, r3, #0
 1269 0050 FB60     		str	r3, [r7, #12]
 1270              	.L71:
 204:User/SCSLib/SCSCL.c **** 	}	
 205:User/SCSLib/SCSCL.c **** 	return Current;
 1271              		.loc 1 205 9
 1272 0052 FB68     		ldr	r3, [r7, #12]
 206:User/SCSLib/SCSCL.c **** }
 1273              		.loc 1 206 1
 1274 0054 1846     		mov	r0, r3
 1275 0056 1037     		adds	r7, r7, #16
 1276              	.LCFI80:
 1277              		.cfi_def_cfa_offset 8
 1278 0058 BD46     		mov	sp, r7
 1279              	.LCFI81:
 1280              		.cfi_def_cfa_register 13
 1281              		@ sp needed
 1282 005a 80BD     		pop	{r7, pc}
 1283              	.L74:
 1284              		.align	2
 1285              	.L73:
 1286 005c 00000000 		.word	Mem
 1287              		.cfi_endproc
 1288              	.LFE16:
 1290              		.text
 1291              	.Letext0:
 1292              		.file 2 "/Applications/ARM/arm-none-eabi/include/machine/_default_types.h"
 1293              		.file 3 "/Applications/ARM/arm-none-eabi/include/sys/_stdint.h"
ARM GAS  /var/folders/xf/tcndk8390ml5xdpfw93qkhpm0000gn/T//ccT1lZF5.s 			page 27


DEFINED SYMBOLS
                            *ABS*:0000000000000000 SCSCL.c
/var/folders/xf/tcndk8390ml5xdpfw93qkhpm0000gn/T//ccT1lZF5.s:18     .bss.Mem:0000000000000000 $d
/var/folders/xf/tcndk8390ml5xdpfw93qkhpm0000gn/T//ccT1lZF5.s:21     .bss.Mem:0000000000000000 Mem
/var/folders/xf/tcndk8390ml5xdpfw93qkhpm0000gn/T//ccT1lZF5.s:24     .text.WritePos:0000000000000000 $t
/var/folders/xf/tcndk8390ml5xdpfw93qkhpm0000gn/T//ccT1lZF5.s:30     .text.WritePos:0000000000000000 WritePos
/var/folders/xf/tcndk8390ml5xdpfw93qkhpm0000gn/T//ccT1lZF5.s:105    .text.RegWritePos:0000000000000000 $t
/var/folders/xf/tcndk8390ml5xdpfw93qkhpm0000gn/T//ccT1lZF5.s:111    .text.RegWritePos:0000000000000000 RegWritePos
/var/folders/xf/tcndk8390ml5xdpfw93qkhpm0000gn/T//ccT1lZF5.s:185    .text.RegWriteAction:0000000000000000 $t
/var/folders/xf/tcndk8390ml5xdpfw93qkhpm0000gn/T//ccT1lZF5.s:191    .text.RegWriteAction:0000000000000000 RegWriteAction
/var/folders/xf/tcndk8390ml5xdpfw93qkhpm0000gn/T//ccT1lZF5.s:215    .text.SyncWritePos:0000000000000000 $t
/var/folders/xf/tcndk8390ml5xdpfw93qkhpm0000gn/T//ccT1lZF5.s:221    .text.SyncWritePos:0000000000000000 SyncWritePos
/var/folders/xf/tcndk8390ml5xdpfw93qkhpm0000gn/T//ccT1lZF5.s:399    .text.PWMMode:0000000000000000 $t
/var/folders/xf/tcndk8390ml5xdpfw93qkhpm0000gn/T//ccT1lZF5.s:405    .text.PWMMode:0000000000000000 PWMMode
/var/folders/xf/tcndk8390ml5xdpfw93qkhpm0000gn/T//ccT1lZF5.s:457    .text.WritePWM:0000000000000000 $t
/var/folders/xf/tcndk8390ml5xdpfw93qkhpm0000gn/T//ccT1lZF5.s:463    .text.WritePWM:0000000000000000 WritePWM
/var/folders/xf/tcndk8390ml5xdpfw93qkhpm0000gn/T//ccT1lZF5.s:527    .text.EnableTorque:0000000000000000 $t
/var/folders/xf/tcndk8390ml5xdpfw93qkhpm0000gn/T//ccT1lZF5.s:533    .text.EnableTorque:0000000000000000 EnableTorque
/var/folders/xf/tcndk8390ml5xdpfw93qkhpm0000gn/T//ccT1lZF5.s:576    .text.unLockEprom:0000000000000000 $t
/var/folders/xf/tcndk8390ml5xdpfw93qkhpm0000gn/T//ccT1lZF5.s:582    .text.unLockEprom:0000000000000000 unLockEprom
/var/folders/xf/tcndk8390ml5xdpfw93qkhpm0000gn/T//ccT1lZF5.s:622    .text.LockEprom:0000000000000000 $t
/var/folders/xf/tcndk8390ml5xdpfw93qkhpm0000gn/T//ccT1lZF5.s:628    .text.LockEprom:0000000000000000 LockEprom
/var/folders/xf/tcndk8390ml5xdpfw93qkhpm0000gn/T//ccT1lZF5.s:668    .text.FeedBack:0000000000000000 $t
/var/folders/xf/tcndk8390ml5xdpfw93qkhpm0000gn/T//ccT1lZF5.s:674    .text.FeedBack:0000000000000000 FeedBack
/var/folders/xf/tcndk8390ml5xdpfw93qkhpm0000gn/T//ccT1lZF5.s:724    .text.FeedBack:0000000000000030 $d
/var/folders/xf/tcndk8390ml5xdpfw93qkhpm0000gn/T//ccT1lZF5.s:729    .text.ReadPos:0000000000000000 $t
/var/folders/xf/tcndk8390ml5xdpfw93qkhpm0000gn/T//ccT1lZF5.s:735    .text.ReadPos:0000000000000000 ReadPos
/var/folders/xf/tcndk8390ml5xdpfw93qkhpm0000gn/T//ccT1lZF5.s:815    .text.ReadPos:000000000000005c $d
/var/folders/xf/tcndk8390ml5xdpfw93qkhpm0000gn/T//ccT1lZF5.s:820    .text.ReadSpeed:0000000000000000 $t
/var/folders/xf/tcndk8390ml5xdpfw93qkhpm0000gn/T//ccT1lZF5.s:826    .text.ReadSpeed:0000000000000000 ReadSpeed
/var/folders/xf/tcndk8390ml5xdpfw93qkhpm0000gn/T//ccT1lZF5.s:906    .text.ReadSpeed:000000000000005c $d
/var/folders/xf/tcndk8390ml5xdpfw93qkhpm0000gn/T//ccT1lZF5.s:911    .text.ReadLoad:0000000000000000 $t
/var/folders/xf/tcndk8390ml5xdpfw93qkhpm0000gn/T//ccT1lZF5.s:917    .text.ReadLoad:0000000000000000 ReadLoad
/var/folders/xf/tcndk8390ml5xdpfw93qkhpm0000gn/T//ccT1lZF5.s:997    .text.ReadLoad:000000000000005c $d
/var/folders/xf/tcndk8390ml5xdpfw93qkhpm0000gn/T//ccT1lZF5.s:1002   .text.ReadVoltage:0000000000000000 $t
/var/folders/xf/tcndk8390ml5xdpfw93qkhpm0000gn/T//ccT1lZF5.s:1008   .text.ReadVoltage:0000000000000000 ReadVoltage
/var/folders/xf/tcndk8390ml5xdpfw93qkhpm0000gn/T//ccT1lZF5.s:1063   .text.ReadVoltage:0000000000000038 $d
/var/folders/xf/tcndk8390ml5xdpfw93qkhpm0000gn/T//ccT1lZF5.s:1068   .text.ReadTemper:0000000000000000 $t
/var/folders/xf/tcndk8390ml5xdpfw93qkhpm0000gn/T//ccT1lZF5.s:1074   .text.ReadTemper:0000000000000000 ReadTemper
/var/folders/xf/tcndk8390ml5xdpfw93qkhpm0000gn/T//ccT1lZF5.s:1129   .text.ReadTemper:0000000000000038 $d
/var/folders/xf/tcndk8390ml5xdpfw93qkhpm0000gn/T//ccT1lZF5.s:1134   .text.ReadMove:0000000000000000 $t
/var/folders/xf/tcndk8390ml5xdpfw93qkhpm0000gn/T//ccT1lZF5.s:1140   .text.ReadMove:0000000000000000 ReadMove
/var/folders/xf/tcndk8390ml5xdpfw93qkhpm0000gn/T//ccT1lZF5.s:1195   .text.ReadMove:0000000000000038 $d
/var/folders/xf/tcndk8390ml5xdpfw93qkhpm0000gn/T//ccT1lZF5.s:1200   .text.ReadCurrent:0000000000000000 $t
/var/folders/xf/tcndk8390ml5xdpfw93qkhpm0000gn/T//ccT1lZF5.s:1206   .text.ReadCurrent:0000000000000000 ReadCurrent
/var/folders/xf/tcndk8390ml5xdpfw93qkhpm0000gn/T//ccT1lZF5.s:1286   .text.ReadCurrent:000000000000005c $d

UNDEFINED SYMBOLS
Host2SCS
genWrite
regWrite
regAction
syncWrite
writeByte
Read
readWord
readByte
ARM GAS  /var/folders/xf/tcndk8390ml5xdpfw93qkhpm0000gn/T//ccT1lZF5.s 			page 28


