ARM GAS  /var/folders/xf/tcndk8390ml5xdpfw93qkhpm0000gn/T//ccMI2JSk.s 			page 1


   1              		.cpu cortex-m3
   2              		.arch armv7-m
   3              		.fpu softvfp
   4              		.eabi_attribute 20, 1
   5              		.eabi_attribute 21, 1
   6              		.eabi_attribute 23, 3
   7              		.eabi_attribute 24, 1
   8              		.eabi_attribute 25, 1
   9              		.eabi_attribute 26, 1
  10              		.eabi_attribute 30, 6
  11              		.eabi_attribute 34, 1
  12              		.eabi_attribute 18, 4
  13              		.file	"sms.cpp"
  14              		.text
  15              	.Ltext0:
  16              		.cfi_sections	.debug_frame
  17              		.section	.text._ZL20__gthread_key_deletei,"ax",%progbits
  18              		.align	1
  19              		.syntax unified
  20              		.thumb
  21              		.thumb_func
  23              	_ZL20__gthread_key_deletei:
  24              	.LFB668:
  25              		.file 1 "/Applications/ARM/arm-none-eabi/include/c++/10.3.1/arm-none-eabi/thumb/v7-m/nofp/bits/gth
   1:/Applications/ARM/arm-none-eabi/include/c++/10.3.1/arm-none-eabi/thumb/v7-m/nofp/bits/gthr-default.h **** /* Threads compatibility routines for libgcc2 and libobjc.  */
   2:/Applications/ARM/arm-none-eabi/include/c++/10.3.1/arm-none-eabi/thumb/v7-m/nofp/bits/gthr-default.h **** /* Compile this one with gcc.  */
   3:/Applications/ARM/arm-none-eabi/include/c++/10.3.1/arm-none-eabi/thumb/v7-m/nofp/bits/gthr-default.h **** /* Copyright (C) 1997-2020 Free Software Foundation, Inc.
   4:/Applications/ARM/arm-none-eabi/include/c++/10.3.1/arm-none-eabi/thumb/v7-m/nofp/bits/gthr-default.h **** 
   5:/Applications/ARM/arm-none-eabi/include/c++/10.3.1/arm-none-eabi/thumb/v7-m/nofp/bits/gthr-default.h **** This file is part of GCC.
   6:/Applications/ARM/arm-none-eabi/include/c++/10.3.1/arm-none-eabi/thumb/v7-m/nofp/bits/gthr-default.h **** 
   7:/Applications/ARM/arm-none-eabi/include/c++/10.3.1/arm-none-eabi/thumb/v7-m/nofp/bits/gthr-default.h **** GCC is free software; you can redistribute it and/or modify it under
   8:/Applications/ARM/arm-none-eabi/include/c++/10.3.1/arm-none-eabi/thumb/v7-m/nofp/bits/gthr-default.h **** the terms of the GNU General Public License as published by the Free
   9:/Applications/ARM/arm-none-eabi/include/c++/10.3.1/arm-none-eabi/thumb/v7-m/nofp/bits/gthr-default.h **** Software Foundation; either version 3, or (at your option) any later
  10:/Applications/ARM/arm-none-eabi/include/c++/10.3.1/arm-none-eabi/thumb/v7-m/nofp/bits/gthr-default.h **** version.
  11:/Applications/ARM/arm-none-eabi/include/c++/10.3.1/arm-none-eabi/thumb/v7-m/nofp/bits/gthr-default.h **** 
  12:/Applications/ARM/arm-none-eabi/include/c++/10.3.1/arm-none-eabi/thumb/v7-m/nofp/bits/gthr-default.h **** GCC is distributed in the hope that it will be useful, but WITHOUT ANY
  13:/Applications/ARM/arm-none-eabi/include/c++/10.3.1/arm-none-eabi/thumb/v7-m/nofp/bits/gthr-default.h **** WARRANTY; without even the implied warranty of MERCHANTABILITY or
  14:/Applications/ARM/arm-none-eabi/include/c++/10.3.1/arm-none-eabi/thumb/v7-m/nofp/bits/gthr-default.h **** FITNESS FOR A PARTICULAR PURPOSE.  See the GNU General Public License
  15:/Applications/ARM/arm-none-eabi/include/c++/10.3.1/arm-none-eabi/thumb/v7-m/nofp/bits/gthr-default.h **** for more details.
  16:/Applications/ARM/arm-none-eabi/include/c++/10.3.1/arm-none-eabi/thumb/v7-m/nofp/bits/gthr-default.h **** 
  17:/Applications/ARM/arm-none-eabi/include/c++/10.3.1/arm-none-eabi/thumb/v7-m/nofp/bits/gthr-default.h **** Under Section 7 of GPL version 3, you are granted additional
  18:/Applications/ARM/arm-none-eabi/include/c++/10.3.1/arm-none-eabi/thumb/v7-m/nofp/bits/gthr-default.h **** permissions described in the GCC Runtime Library Exception, version
  19:/Applications/ARM/arm-none-eabi/include/c++/10.3.1/arm-none-eabi/thumb/v7-m/nofp/bits/gthr-default.h **** 3.1, as published by the Free Software Foundation.
  20:/Applications/ARM/arm-none-eabi/include/c++/10.3.1/arm-none-eabi/thumb/v7-m/nofp/bits/gthr-default.h **** 
  21:/Applications/ARM/arm-none-eabi/include/c++/10.3.1/arm-none-eabi/thumb/v7-m/nofp/bits/gthr-default.h **** You should have received a copy of the GNU General Public License and
  22:/Applications/ARM/arm-none-eabi/include/c++/10.3.1/arm-none-eabi/thumb/v7-m/nofp/bits/gthr-default.h **** a copy of the GCC Runtime Library Exception along with this program;
  23:/Applications/ARM/arm-none-eabi/include/c++/10.3.1/arm-none-eabi/thumb/v7-m/nofp/bits/gthr-default.h **** see the files COPYING3 and COPYING.RUNTIME respectively.  If not, see
  24:/Applications/ARM/arm-none-eabi/include/c++/10.3.1/arm-none-eabi/thumb/v7-m/nofp/bits/gthr-default.h **** <http://www.gnu.org/licenses/>.  */
  25:/Applications/ARM/arm-none-eabi/include/c++/10.3.1/arm-none-eabi/thumb/v7-m/nofp/bits/gthr-default.h **** 
  26:/Applications/ARM/arm-none-eabi/include/c++/10.3.1/arm-none-eabi/thumb/v7-m/nofp/bits/gthr-default.h **** #ifndef _GLIBCXX_GCC_GTHR_SINGLE_H
  27:/Applications/ARM/arm-none-eabi/include/c++/10.3.1/arm-none-eabi/thumb/v7-m/nofp/bits/gthr-default.h **** #define _GLIBCXX_GCC_GTHR_SINGLE_H
  28:/Applications/ARM/arm-none-eabi/include/c++/10.3.1/arm-none-eabi/thumb/v7-m/nofp/bits/gthr-default.h **** 
  29:/Applications/ARM/arm-none-eabi/include/c++/10.3.1/arm-none-eabi/thumb/v7-m/nofp/bits/gthr-default.h **** /* Just provide compatibility for mutex handling.  */
  30:/Applications/ARM/arm-none-eabi/include/c++/10.3.1/arm-none-eabi/thumb/v7-m/nofp/bits/gthr-default.h **** 
  31:/Applications/ARM/arm-none-eabi/include/c++/10.3.1/arm-none-eabi/thumb/v7-m/nofp/bits/gthr-default.h **** typedef int __gthread_key_t;
  32:/Applications/ARM/arm-none-eabi/include/c++/10.3.1/arm-none-eabi/thumb/v7-m/nofp/bits/gthr-default.h **** typedef int __gthread_once_t;
  33:/Applications/ARM/arm-none-eabi/include/c++/10.3.1/arm-none-eabi/thumb/v7-m/nofp/bits/gthr-default.h **** typedef int __gthread_mutex_t;
ARM GAS  /var/folders/xf/tcndk8390ml5xdpfw93qkhpm0000gn/T//ccMI2JSk.s 			page 2


  34:/Applications/ARM/arm-none-eabi/include/c++/10.3.1/arm-none-eabi/thumb/v7-m/nofp/bits/gthr-default.h **** typedef int __gthread_recursive_mutex_t;
  35:/Applications/ARM/arm-none-eabi/include/c++/10.3.1/arm-none-eabi/thumb/v7-m/nofp/bits/gthr-default.h **** 
  36:/Applications/ARM/arm-none-eabi/include/c++/10.3.1/arm-none-eabi/thumb/v7-m/nofp/bits/gthr-default.h **** #define __GTHREAD_ONCE_INIT 0
  37:/Applications/ARM/arm-none-eabi/include/c++/10.3.1/arm-none-eabi/thumb/v7-m/nofp/bits/gthr-default.h **** #define __GTHREAD_MUTEX_INIT 0
  38:/Applications/ARM/arm-none-eabi/include/c++/10.3.1/arm-none-eabi/thumb/v7-m/nofp/bits/gthr-default.h **** #define __GTHREAD_MUTEX_INIT_FUNCTION(mx) do {} while (0)
  39:/Applications/ARM/arm-none-eabi/include/c++/10.3.1/arm-none-eabi/thumb/v7-m/nofp/bits/gthr-default.h **** #define __GTHREAD_RECURSIVE_MUTEX_INIT 0
  40:/Applications/ARM/arm-none-eabi/include/c++/10.3.1/arm-none-eabi/thumb/v7-m/nofp/bits/gthr-default.h **** 
  41:/Applications/ARM/arm-none-eabi/include/c++/10.3.1/arm-none-eabi/thumb/v7-m/nofp/bits/gthr-default.h **** #define _GLIBCXX_UNUSED __attribute__((__unused__))
  42:/Applications/ARM/arm-none-eabi/include/c++/10.3.1/arm-none-eabi/thumb/v7-m/nofp/bits/gthr-default.h **** 
  43:/Applications/ARM/arm-none-eabi/include/c++/10.3.1/arm-none-eabi/thumb/v7-m/nofp/bits/gthr-default.h **** #ifdef _LIBOBJC
  44:/Applications/ARM/arm-none-eabi/include/c++/10.3.1/arm-none-eabi/thumb/v7-m/nofp/bits/gthr-default.h **** 
  45:/Applications/ARM/arm-none-eabi/include/c++/10.3.1/arm-none-eabi/thumb/v7-m/nofp/bits/gthr-default.h **** /* Thread local storage for a single thread */
  46:/Applications/ARM/arm-none-eabi/include/c++/10.3.1/arm-none-eabi/thumb/v7-m/nofp/bits/gthr-default.h **** static void *thread_local_storage = NULL;
  47:/Applications/ARM/arm-none-eabi/include/c++/10.3.1/arm-none-eabi/thumb/v7-m/nofp/bits/gthr-default.h **** 
  48:/Applications/ARM/arm-none-eabi/include/c++/10.3.1/arm-none-eabi/thumb/v7-m/nofp/bits/gthr-default.h **** /* Backend initialization functions */
  49:/Applications/ARM/arm-none-eabi/include/c++/10.3.1/arm-none-eabi/thumb/v7-m/nofp/bits/gthr-default.h **** 
  50:/Applications/ARM/arm-none-eabi/include/c++/10.3.1/arm-none-eabi/thumb/v7-m/nofp/bits/gthr-default.h **** /* Initialize the threads subsystem.  */
  51:/Applications/ARM/arm-none-eabi/include/c++/10.3.1/arm-none-eabi/thumb/v7-m/nofp/bits/gthr-default.h **** static inline int
  52:/Applications/ARM/arm-none-eabi/include/c++/10.3.1/arm-none-eabi/thumb/v7-m/nofp/bits/gthr-default.h **** __gthread_objc_init_thread_system (void)
  53:/Applications/ARM/arm-none-eabi/include/c++/10.3.1/arm-none-eabi/thumb/v7-m/nofp/bits/gthr-default.h **** {
  54:/Applications/ARM/arm-none-eabi/include/c++/10.3.1/arm-none-eabi/thumb/v7-m/nofp/bits/gthr-default.h ****   /* No thread support available */
  55:/Applications/ARM/arm-none-eabi/include/c++/10.3.1/arm-none-eabi/thumb/v7-m/nofp/bits/gthr-default.h ****   return -1;
  56:/Applications/ARM/arm-none-eabi/include/c++/10.3.1/arm-none-eabi/thumb/v7-m/nofp/bits/gthr-default.h **** }
  57:/Applications/ARM/arm-none-eabi/include/c++/10.3.1/arm-none-eabi/thumb/v7-m/nofp/bits/gthr-default.h **** 
  58:/Applications/ARM/arm-none-eabi/include/c++/10.3.1/arm-none-eabi/thumb/v7-m/nofp/bits/gthr-default.h **** /* Close the threads subsystem.  */
  59:/Applications/ARM/arm-none-eabi/include/c++/10.3.1/arm-none-eabi/thumb/v7-m/nofp/bits/gthr-default.h **** static inline int
  60:/Applications/ARM/arm-none-eabi/include/c++/10.3.1/arm-none-eabi/thumb/v7-m/nofp/bits/gthr-default.h **** __gthread_objc_close_thread_system (void)
  61:/Applications/ARM/arm-none-eabi/include/c++/10.3.1/arm-none-eabi/thumb/v7-m/nofp/bits/gthr-default.h **** {
  62:/Applications/ARM/arm-none-eabi/include/c++/10.3.1/arm-none-eabi/thumb/v7-m/nofp/bits/gthr-default.h ****   /* No thread support available */
  63:/Applications/ARM/arm-none-eabi/include/c++/10.3.1/arm-none-eabi/thumb/v7-m/nofp/bits/gthr-default.h ****   return -1;
  64:/Applications/ARM/arm-none-eabi/include/c++/10.3.1/arm-none-eabi/thumb/v7-m/nofp/bits/gthr-default.h **** }
  65:/Applications/ARM/arm-none-eabi/include/c++/10.3.1/arm-none-eabi/thumb/v7-m/nofp/bits/gthr-default.h **** 
  66:/Applications/ARM/arm-none-eabi/include/c++/10.3.1/arm-none-eabi/thumb/v7-m/nofp/bits/gthr-default.h **** /* Backend thread functions */
  67:/Applications/ARM/arm-none-eabi/include/c++/10.3.1/arm-none-eabi/thumb/v7-m/nofp/bits/gthr-default.h **** 
  68:/Applications/ARM/arm-none-eabi/include/c++/10.3.1/arm-none-eabi/thumb/v7-m/nofp/bits/gthr-default.h **** /* Create a new thread of execution.  */
  69:/Applications/ARM/arm-none-eabi/include/c++/10.3.1/arm-none-eabi/thumb/v7-m/nofp/bits/gthr-default.h **** static inline objc_thread_t
  70:/Applications/ARM/arm-none-eabi/include/c++/10.3.1/arm-none-eabi/thumb/v7-m/nofp/bits/gthr-default.h **** __gthread_objc_thread_detach (void (* func)(void *), void * arg _GLIBCXX_UNUSED)
  71:/Applications/ARM/arm-none-eabi/include/c++/10.3.1/arm-none-eabi/thumb/v7-m/nofp/bits/gthr-default.h **** {
  72:/Applications/ARM/arm-none-eabi/include/c++/10.3.1/arm-none-eabi/thumb/v7-m/nofp/bits/gthr-default.h ****   /* No thread support available */
  73:/Applications/ARM/arm-none-eabi/include/c++/10.3.1/arm-none-eabi/thumb/v7-m/nofp/bits/gthr-default.h ****   return NULL;
  74:/Applications/ARM/arm-none-eabi/include/c++/10.3.1/arm-none-eabi/thumb/v7-m/nofp/bits/gthr-default.h **** }
  75:/Applications/ARM/arm-none-eabi/include/c++/10.3.1/arm-none-eabi/thumb/v7-m/nofp/bits/gthr-default.h **** 
  76:/Applications/ARM/arm-none-eabi/include/c++/10.3.1/arm-none-eabi/thumb/v7-m/nofp/bits/gthr-default.h **** /* Set the current thread's priority.  */
  77:/Applications/ARM/arm-none-eabi/include/c++/10.3.1/arm-none-eabi/thumb/v7-m/nofp/bits/gthr-default.h **** static inline int
  78:/Applications/ARM/arm-none-eabi/include/c++/10.3.1/arm-none-eabi/thumb/v7-m/nofp/bits/gthr-default.h **** __gthread_objc_thread_set_priority (int priority _GLIBCXX_UNUSED)
  79:/Applications/ARM/arm-none-eabi/include/c++/10.3.1/arm-none-eabi/thumb/v7-m/nofp/bits/gthr-default.h **** {
  80:/Applications/ARM/arm-none-eabi/include/c++/10.3.1/arm-none-eabi/thumb/v7-m/nofp/bits/gthr-default.h ****   /* No thread support available */
  81:/Applications/ARM/arm-none-eabi/include/c++/10.3.1/arm-none-eabi/thumb/v7-m/nofp/bits/gthr-default.h ****   return -1;
  82:/Applications/ARM/arm-none-eabi/include/c++/10.3.1/arm-none-eabi/thumb/v7-m/nofp/bits/gthr-default.h **** }
  83:/Applications/ARM/arm-none-eabi/include/c++/10.3.1/arm-none-eabi/thumb/v7-m/nofp/bits/gthr-default.h **** 
  84:/Applications/ARM/arm-none-eabi/include/c++/10.3.1/arm-none-eabi/thumb/v7-m/nofp/bits/gthr-default.h **** /* Return the current thread's priority.  */
  85:/Applications/ARM/arm-none-eabi/include/c++/10.3.1/arm-none-eabi/thumb/v7-m/nofp/bits/gthr-default.h **** static inline int
  86:/Applications/ARM/arm-none-eabi/include/c++/10.3.1/arm-none-eabi/thumb/v7-m/nofp/bits/gthr-default.h **** __gthread_objc_thread_get_priority (void)
  87:/Applications/ARM/arm-none-eabi/include/c++/10.3.1/arm-none-eabi/thumb/v7-m/nofp/bits/gthr-default.h **** {
  88:/Applications/ARM/arm-none-eabi/include/c++/10.3.1/arm-none-eabi/thumb/v7-m/nofp/bits/gthr-default.h ****   return OBJC_THREAD_INTERACTIVE_PRIORITY;
  89:/Applications/ARM/arm-none-eabi/include/c++/10.3.1/arm-none-eabi/thumb/v7-m/nofp/bits/gthr-default.h **** }
  90:/Applications/ARM/arm-none-eabi/include/c++/10.3.1/arm-none-eabi/thumb/v7-m/nofp/bits/gthr-default.h **** 
ARM GAS  /var/folders/xf/tcndk8390ml5xdpfw93qkhpm0000gn/T//ccMI2JSk.s 			page 3


  91:/Applications/ARM/arm-none-eabi/include/c++/10.3.1/arm-none-eabi/thumb/v7-m/nofp/bits/gthr-default.h **** /* Yield our process time to another thread.  */
  92:/Applications/ARM/arm-none-eabi/include/c++/10.3.1/arm-none-eabi/thumb/v7-m/nofp/bits/gthr-default.h **** static inline void
  93:/Applications/ARM/arm-none-eabi/include/c++/10.3.1/arm-none-eabi/thumb/v7-m/nofp/bits/gthr-default.h **** __gthread_objc_thread_yield (void)
  94:/Applications/ARM/arm-none-eabi/include/c++/10.3.1/arm-none-eabi/thumb/v7-m/nofp/bits/gthr-default.h **** {
  95:/Applications/ARM/arm-none-eabi/include/c++/10.3.1/arm-none-eabi/thumb/v7-m/nofp/bits/gthr-default.h ****   return;
  96:/Applications/ARM/arm-none-eabi/include/c++/10.3.1/arm-none-eabi/thumb/v7-m/nofp/bits/gthr-default.h **** }
  97:/Applications/ARM/arm-none-eabi/include/c++/10.3.1/arm-none-eabi/thumb/v7-m/nofp/bits/gthr-default.h **** 
  98:/Applications/ARM/arm-none-eabi/include/c++/10.3.1/arm-none-eabi/thumb/v7-m/nofp/bits/gthr-default.h **** /* Terminate the current thread.  */
  99:/Applications/ARM/arm-none-eabi/include/c++/10.3.1/arm-none-eabi/thumb/v7-m/nofp/bits/gthr-default.h **** static inline int
 100:/Applications/ARM/arm-none-eabi/include/c++/10.3.1/arm-none-eabi/thumb/v7-m/nofp/bits/gthr-default.h **** __gthread_objc_thread_exit (void)
 101:/Applications/ARM/arm-none-eabi/include/c++/10.3.1/arm-none-eabi/thumb/v7-m/nofp/bits/gthr-default.h **** {
 102:/Applications/ARM/arm-none-eabi/include/c++/10.3.1/arm-none-eabi/thumb/v7-m/nofp/bits/gthr-default.h ****   /* No thread support available */
 103:/Applications/ARM/arm-none-eabi/include/c++/10.3.1/arm-none-eabi/thumb/v7-m/nofp/bits/gthr-default.h ****   /* Should we really exit the program */
 104:/Applications/ARM/arm-none-eabi/include/c++/10.3.1/arm-none-eabi/thumb/v7-m/nofp/bits/gthr-default.h ****   /* exit (&__objc_thread_exit_status); */
 105:/Applications/ARM/arm-none-eabi/include/c++/10.3.1/arm-none-eabi/thumb/v7-m/nofp/bits/gthr-default.h ****   return -1;
 106:/Applications/ARM/arm-none-eabi/include/c++/10.3.1/arm-none-eabi/thumb/v7-m/nofp/bits/gthr-default.h **** }
 107:/Applications/ARM/arm-none-eabi/include/c++/10.3.1/arm-none-eabi/thumb/v7-m/nofp/bits/gthr-default.h **** 
 108:/Applications/ARM/arm-none-eabi/include/c++/10.3.1/arm-none-eabi/thumb/v7-m/nofp/bits/gthr-default.h **** /* Returns an integer value which uniquely describes a thread.  */
 109:/Applications/ARM/arm-none-eabi/include/c++/10.3.1/arm-none-eabi/thumb/v7-m/nofp/bits/gthr-default.h **** static inline objc_thread_t
 110:/Applications/ARM/arm-none-eabi/include/c++/10.3.1/arm-none-eabi/thumb/v7-m/nofp/bits/gthr-default.h **** __gthread_objc_thread_id (void)
 111:/Applications/ARM/arm-none-eabi/include/c++/10.3.1/arm-none-eabi/thumb/v7-m/nofp/bits/gthr-default.h **** {
 112:/Applications/ARM/arm-none-eabi/include/c++/10.3.1/arm-none-eabi/thumb/v7-m/nofp/bits/gthr-default.h ****   /* No thread support, use 1.  */
 113:/Applications/ARM/arm-none-eabi/include/c++/10.3.1/arm-none-eabi/thumb/v7-m/nofp/bits/gthr-default.h ****   return (objc_thread_t) 1;
 114:/Applications/ARM/arm-none-eabi/include/c++/10.3.1/arm-none-eabi/thumb/v7-m/nofp/bits/gthr-default.h **** }
 115:/Applications/ARM/arm-none-eabi/include/c++/10.3.1/arm-none-eabi/thumb/v7-m/nofp/bits/gthr-default.h **** 
 116:/Applications/ARM/arm-none-eabi/include/c++/10.3.1/arm-none-eabi/thumb/v7-m/nofp/bits/gthr-default.h **** /* Sets the thread's local storage pointer.  */
 117:/Applications/ARM/arm-none-eabi/include/c++/10.3.1/arm-none-eabi/thumb/v7-m/nofp/bits/gthr-default.h **** static inline int
 118:/Applications/ARM/arm-none-eabi/include/c++/10.3.1/arm-none-eabi/thumb/v7-m/nofp/bits/gthr-default.h **** __gthread_objc_thread_set_data (void *value)
 119:/Applications/ARM/arm-none-eabi/include/c++/10.3.1/arm-none-eabi/thumb/v7-m/nofp/bits/gthr-default.h **** {
 120:/Applications/ARM/arm-none-eabi/include/c++/10.3.1/arm-none-eabi/thumb/v7-m/nofp/bits/gthr-default.h ****   thread_local_storage = value;
 121:/Applications/ARM/arm-none-eabi/include/c++/10.3.1/arm-none-eabi/thumb/v7-m/nofp/bits/gthr-default.h ****   return 0;
 122:/Applications/ARM/arm-none-eabi/include/c++/10.3.1/arm-none-eabi/thumb/v7-m/nofp/bits/gthr-default.h **** }
 123:/Applications/ARM/arm-none-eabi/include/c++/10.3.1/arm-none-eabi/thumb/v7-m/nofp/bits/gthr-default.h **** 
 124:/Applications/ARM/arm-none-eabi/include/c++/10.3.1/arm-none-eabi/thumb/v7-m/nofp/bits/gthr-default.h **** /* Returns the thread's local storage pointer.  */
 125:/Applications/ARM/arm-none-eabi/include/c++/10.3.1/arm-none-eabi/thumb/v7-m/nofp/bits/gthr-default.h **** static inline void *
 126:/Applications/ARM/arm-none-eabi/include/c++/10.3.1/arm-none-eabi/thumb/v7-m/nofp/bits/gthr-default.h **** __gthread_objc_thread_get_data (void)
 127:/Applications/ARM/arm-none-eabi/include/c++/10.3.1/arm-none-eabi/thumb/v7-m/nofp/bits/gthr-default.h **** {
 128:/Applications/ARM/arm-none-eabi/include/c++/10.3.1/arm-none-eabi/thumb/v7-m/nofp/bits/gthr-default.h ****   return thread_local_storage;
 129:/Applications/ARM/arm-none-eabi/include/c++/10.3.1/arm-none-eabi/thumb/v7-m/nofp/bits/gthr-default.h **** }
 130:/Applications/ARM/arm-none-eabi/include/c++/10.3.1/arm-none-eabi/thumb/v7-m/nofp/bits/gthr-default.h **** 
 131:/Applications/ARM/arm-none-eabi/include/c++/10.3.1/arm-none-eabi/thumb/v7-m/nofp/bits/gthr-default.h **** /* Backend mutex functions */
 132:/Applications/ARM/arm-none-eabi/include/c++/10.3.1/arm-none-eabi/thumb/v7-m/nofp/bits/gthr-default.h **** 
 133:/Applications/ARM/arm-none-eabi/include/c++/10.3.1/arm-none-eabi/thumb/v7-m/nofp/bits/gthr-default.h **** /* Allocate a mutex.  */
 134:/Applications/ARM/arm-none-eabi/include/c++/10.3.1/arm-none-eabi/thumb/v7-m/nofp/bits/gthr-default.h **** static inline int
 135:/Applications/ARM/arm-none-eabi/include/c++/10.3.1/arm-none-eabi/thumb/v7-m/nofp/bits/gthr-default.h **** __gthread_objc_mutex_allocate (objc_mutex_t mutex _GLIBCXX_UNUSED)
 136:/Applications/ARM/arm-none-eabi/include/c++/10.3.1/arm-none-eabi/thumb/v7-m/nofp/bits/gthr-default.h **** {
 137:/Applications/ARM/arm-none-eabi/include/c++/10.3.1/arm-none-eabi/thumb/v7-m/nofp/bits/gthr-default.h ****   return 0;
 138:/Applications/ARM/arm-none-eabi/include/c++/10.3.1/arm-none-eabi/thumb/v7-m/nofp/bits/gthr-default.h **** }
 139:/Applications/ARM/arm-none-eabi/include/c++/10.3.1/arm-none-eabi/thumb/v7-m/nofp/bits/gthr-default.h **** 
 140:/Applications/ARM/arm-none-eabi/include/c++/10.3.1/arm-none-eabi/thumb/v7-m/nofp/bits/gthr-default.h **** /* Deallocate a mutex.  */
 141:/Applications/ARM/arm-none-eabi/include/c++/10.3.1/arm-none-eabi/thumb/v7-m/nofp/bits/gthr-default.h **** static inline int
 142:/Applications/ARM/arm-none-eabi/include/c++/10.3.1/arm-none-eabi/thumb/v7-m/nofp/bits/gthr-default.h **** __gthread_objc_mutex_deallocate (objc_mutex_t mutex _GLIBCXX_UNUSED)
 143:/Applications/ARM/arm-none-eabi/include/c++/10.3.1/arm-none-eabi/thumb/v7-m/nofp/bits/gthr-default.h **** {
 144:/Applications/ARM/arm-none-eabi/include/c++/10.3.1/arm-none-eabi/thumb/v7-m/nofp/bits/gthr-default.h ****   return 0;
 145:/Applications/ARM/arm-none-eabi/include/c++/10.3.1/arm-none-eabi/thumb/v7-m/nofp/bits/gthr-default.h **** }
 146:/Applications/ARM/arm-none-eabi/include/c++/10.3.1/arm-none-eabi/thumb/v7-m/nofp/bits/gthr-default.h **** 
 147:/Applications/ARM/arm-none-eabi/include/c++/10.3.1/arm-none-eabi/thumb/v7-m/nofp/bits/gthr-default.h **** /* Grab a lock on a mutex.  */
ARM GAS  /var/folders/xf/tcndk8390ml5xdpfw93qkhpm0000gn/T//ccMI2JSk.s 			page 4


 148:/Applications/ARM/arm-none-eabi/include/c++/10.3.1/arm-none-eabi/thumb/v7-m/nofp/bits/gthr-default.h **** static inline int
 149:/Applications/ARM/arm-none-eabi/include/c++/10.3.1/arm-none-eabi/thumb/v7-m/nofp/bits/gthr-default.h **** __gthread_objc_mutex_lock (objc_mutex_t mutex _GLIBCXX_UNUSED)
 150:/Applications/ARM/arm-none-eabi/include/c++/10.3.1/arm-none-eabi/thumb/v7-m/nofp/bits/gthr-default.h **** {
 151:/Applications/ARM/arm-none-eabi/include/c++/10.3.1/arm-none-eabi/thumb/v7-m/nofp/bits/gthr-default.h ****   /* There can only be one thread, so we always get the lock */
 152:/Applications/ARM/arm-none-eabi/include/c++/10.3.1/arm-none-eabi/thumb/v7-m/nofp/bits/gthr-default.h ****   return 0;
 153:/Applications/ARM/arm-none-eabi/include/c++/10.3.1/arm-none-eabi/thumb/v7-m/nofp/bits/gthr-default.h **** }
 154:/Applications/ARM/arm-none-eabi/include/c++/10.3.1/arm-none-eabi/thumb/v7-m/nofp/bits/gthr-default.h **** 
 155:/Applications/ARM/arm-none-eabi/include/c++/10.3.1/arm-none-eabi/thumb/v7-m/nofp/bits/gthr-default.h **** /* Try to grab a lock on a mutex.  */
 156:/Applications/ARM/arm-none-eabi/include/c++/10.3.1/arm-none-eabi/thumb/v7-m/nofp/bits/gthr-default.h **** static inline int
 157:/Applications/ARM/arm-none-eabi/include/c++/10.3.1/arm-none-eabi/thumb/v7-m/nofp/bits/gthr-default.h **** __gthread_objc_mutex_trylock (objc_mutex_t mutex _GLIBCXX_UNUSED)
 158:/Applications/ARM/arm-none-eabi/include/c++/10.3.1/arm-none-eabi/thumb/v7-m/nofp/bits/gthr-default.h **** {
 159:/Applications/ARM/arm-none-eabi/include/c++/10.3.1/arm-none-eabi/thumb/v7-m/nofp/bits/gthr-default.h ****   /* There can only be one thread, so we always get the lock */
 160:/Applications/ARM/arm-none-eabi/include/c++/10.3.1/arm-none-eabi/thumb/v7-m/nofp/bits/gthr-default.h ****   return 0;
 161:/Applications/ARM/arm-none-eabi/include/c++/10.3.1/arm-none-eabi/thumb/v7-m/nofp/bits/gthr-default.h **** }
 162:/Applications/ARM/arm-none-eabi/include/c++/10.3.1/arm-none-eabi/thumb/v7-m/nofp/bits/gthr-default.h **** 
 163:/Applications/ARM/arm-none-eabi/include/c++/10.3.1/arm-none-eabi/thumb/v7-m/nofp/bits/gthr-default.h **** /* Unlock the mutex */
 164:/Applications/ARM/arm-none-eabi/include/c++/10.3.1/arm-none-eabi/thumb/v7-m/nofp/bits/gthr-default.h **** static inline int
 165:/Applications/ARM/arm-none-eabi/include/c++/10.3.1/arm-none-eabi/thumb/v7-m/nofp/bits/gthr-default.h **** __gthread_objc_mutex_unlock (objc_mutex_t mutex _GLIBCXX_UNUSED)
 166:/Applications/ARM/arm-none-eabi/include/c++/10.3.1/arm-none-eabi/thumb/v7-m/nofp/bits/gthr-default.h **** {
 167:/Applications/ARM/arm-none-eabi/include/c++/10.3.1/arm-none-eabi/thumb/v7-m/nofp/bits/gthr-default.h ****   return 0;
 168:/Applications/ARM/arm-none-eabi/include/c++/10.3.1/arm-none-eabi/thumb/v7-m/nofp/bits/gthr-default.h **** }
 169:/Applications/ARM/arm-none-eabi/include/c++/10.3.1/arm-none-eabi/thumb/v7-m/nofp/bits/gthr-default.h **** 
 170:/Applications/ARM/arm-none-eabi/include/c++/10.3.1/arm-none-eabi/thumb/v7-m/nofp/bits/gthr-default.h **** /* Backend condition mutex functions */
 171:/Applications/ARM/arm-none-eabi/include/c++/10.3.1/arm-none-eabi/thumb/v7-m/nofp/bits/gthr-default.h **** 
 172:/Applications/ARM/arm-none-eabi/include/c++/10.3.1/arm-none-eabi/thumb/v7-m/nofp/bits/gthr-default.h **** /* Allocate a condition.  */
 173:/Applications/ARM/arm-none-eabi/include/c++/10.3.1/arm-none-eabi/thumb/v7-m/nofp/bits/gthr-default.h **** static inline int
 174:/Applications/ARM/arm-none-eabi/include/c++/10.3.1/arm-none-eabi/thumb/v7-m/nofp/bits/gthr-default.h **** __gthread_objc_condition_allocate (objc_condition_t condition _GLIBCXX_UNUSED)
 175:/Applications/ARM/arm-none-eabi/include/c++/10.3.1/arm-none-eabi/thumb/v7-m/nofp/bits/gthr-default.h **** {
 176:/Applications/ARM/arm-none-eabi/include/c++/10.3.1/arm-none-eabi/thumb/v7-m/nofp/bits/gthr-default.h ****   return 0;
 177:/Applications/ARM/arm-none-eabi/include/c++/10.3.1/arm-none-eabi/thumb/v7-m/nofp/bits/gthr-default.h **** }
 178:/Applications/ARM/arm-none-eabi/include/c++/10.3.1/arm-none-eabi/thumb/v7-m/nofp/bits/gthr-default.h **** 
 179:/Applications/ARM/arm-none-eabi/include/c++/10.3.1/arm-none-eabi/thumb/v7-m/nofp/bits/gthr-default.h **** /* Deallocate a condition.  */
 180:/Applications/ARM/arm-none-eabi/include/c++/10.3.1/arm-none-eabi/thumb/v7-m/nofp/bits/gthr-default.h **** static inline int
 181:/Applications/ARM/arm-none-eabi/include/c++/10.3.1/arm-none-eabi/thumb/v7-m/nofp/bits/gthr-default.h **** __gthread_objc_condition_deallocate (objc_condition_t condition _GLIBCXX_UNUSED)
 182:/Applications/ARM/arm-none-eabi/include/c++/10.3.1/arm-none-eabi/thumb/v7-m/nofp/bits/gthr-default.h **** {
 183:/Applications/ARM/arm-none-eabi/include/c++/10.3.1/arm-none-eabi/thumb/v7-m/nofp/bits/gthr-default.h ****   return 0;
 184:/Applications/ARM/arm-none-eabi/include/c++/10.3.1/arm-none-eabi/thumb/v7-m/nofp/bits/gthr-default.h **** }
 185:/Applications/ARM/arm-none-eabi/include/c++/10.3.1/arm-none-eabi/thumb/v7-m/nofp/bits/gthr-default.h **** 
 186:/Applications/ARM/arm-none-eabi/include/c++/10.3.1/arm-none-eabi/thumb/v7-m/nofp/bits/gthr-default.h **** /* Wait on the condition */
 187:/Applications/ARM/arm-none-eabi/include/c++/10.3.1/arm-none-eabi/thumb/v7-m/nofp/bits/gthr-default.h **** static inline int
 188:/Applications/ARM/arm-none-eabi/include/c++/10.3.1/arm-none-eabi/thumb/v7-m/nofp/bits/gthr-default.h **** __gthread_objc_condition_wait (objc_condition_t condition _GLIBCXX_UNUSED,
 189:/Applications/ARM/arm-none-eabi/include/c++/10.3.1/arm-none-eabi/thumb/v7-m/nofp/bits/gthr-default.h **** 			       objc_mutex_t mutex _GLIBCXX_UNUSED)
 190:/Applications/ARM/arm-none-eabi/include/c++/10.3.1/arm-none-eabi/thumb/v7-m/nofp/bits/gthr-default.h **** {
 191:/Applications/ARM/arm-none-eabi/include/c++/10.3.1/arm-none-eabi/thumb/v7-m/nofp/bits/gthr-default.h ****   return 0;
 192:/Applications/ARM/arm-none-eabi/include/c++/10.3.1/arm-none-eabi/thumb/v7-m/nofp/bits/gthr-default.h **** }
 193:/Applications/ARM/arm-none-eabi/include/c++/10.3.1/arm-none-eabi/thumb/v7-m/nofp/bits/gthr-default.h **** 
 194:/Applications/ARM/arm-none-eabi/include/c++/10.3.1/arm-none-eabi/thumb/v7-m/nofp/bits/gthr-default.h **** /* Wake up all threads waiting on this condition.  */
 195:/Applications/ARM/arm-none-eabi/include/c++/10.3.1/arm-none-eabi/thumb/v7-m/nofp/bits/gthr-default.h **** static inline int
 196:/Applications/ARM/arm-none-eabi/include/c++/10.3.1/arm-none-eabi/thumb/v7-m/nofp/bits/gthr-default.h **** __gthread_objc_condition_broadcast (objc_condition_t condition _GLIBCXX_UNUSED)
 197:/Applications/ARM/arm-none-eabi/include/c++/10.3.1/arm-none-eabi/thumb/v7-m/nofp/bits/gthr-default.h **** {
 198:/Applications/ARM/arm-none-eabi/include/c++/10.3.1/arm-none-eabi/thumb/v7-m/nofp/bits/gthr-default.h ****   return 0;
 199:/Applications/ARM/arm-none-eabi/include/c++/10.3.1/arm-none-eabi/thumb/v7-m/nofp/bits/gthr-default.h **** }
 200:/Applications/ARM/arm-none-eabi/include/c++/10.3.1/arm-none-eabi/thumb/v7-m/nofp/bits/gthr-default.h **** 
 201:/Applications/ARM/arm-none-eabi/include/c++/10.3.1/arm-none-eabi/thumb/v7-m/nofp/bits/gthr-default.h **** /* Wake up one thread waiting on this condition.  */
 202:/Applications/ARM/arm-none-eabi/include/c++/10.3.1/arm-none-eabi/thumb/v7-m/nofp/bits/gthr-default.h **** static inline int
 203:/Applications/ARM/arm-none-eabi/include/c++/10.3.1/arm-none-eabi/thumb/v7-m/nofp/bits/gthr-default.h **** __gthread_objc_condition_signal (objc_condition_t condition _GLIBCXX_UNUSED)
 204:/Applications/ARM/arm-none-eabi/include/c++/10.3.1/arm-none-eabi/thumb/v7-m/nofp/bits/gthr-default.h **** {
ARM GAS  /var/folders/xf/tcndk8390ml5xdpfw93qkhpm0000gn/T//ccMI2JSk.s 			page 5


 205:/Applications/ARM/arm-none-eabi/include/c++/10.3.1/arm-none-eabi/thumb/v7-m/nofp/bits/gthr-default.h ****   return 0;
 206:/Applications/ARM/arm-none-eabi/include/c++/10.3.1/arm-none-eabi/thumb/v7-m/nofp/bits/gthr-default.h **** }
 207:/Applications/ARM/arm-none-eabi/include/c++/10.3.1/arm-none-eabi/thumb/v7-m/nofp/bits/gthr-default.h **** 
 208:/Applications/ARM/arm-none-eabi/include/c++/10.3.1/arm-none-eabi/thumb/v7-m/nofp/bits/gthr-default.h **** #else /* _LIBOBJC */
 209:/Applications/ARM/arm-none-eabi/include/c++/10.3.1/arm-none-eabi/thumb/v7-m/nofp/bits/gthr-default.h **** 
 210:/Applications/ARM/arm-none-eabi/include/c++/10.3.1/arm-none-eabi/thumb/v7-m/nofp/bits/gthr-default.h **** static inline int
 211:/Applications/ARM/arm-none-eabi/include/c++/10.3.1/arm-none-eabi/thumb/v7-m/nofp/bits/gthr-default.h **** __gthread_active_p (void)
 212:/Applications/ARM/arm-none-eabi/include/c++/10.3.1/arm-none-eabi/thumb/v7-m/nofp/bits/gthr-default.h **** {
 213:/Applications/ARM/arm-none-eabi/include/c++/10.3.1/arm-none-eabi/thumb/v7-m/nofp/bits/gthr-default.h ****   return 0;
 214:/Applications/ARM/arm-none-eabi/include/c++/10.3.1/arm-none-eabi/thumb/v7-m/nofp/bits/gthr-default.h **** }
 215:/Applications/ARM/arm-none-eabi/include/c++/10.3.1/arm-none-eabi/thumb/v7-m/nofp/bits/gthr-default.h **** 
 216:/Applications/ARM/arm-none-eabi/include/c++/10.3.1/arm-none-eabi/thumb/v7-m/nofp/bits/gthr-default.h **** static inline int
 217:/Applications/ARM/arm-none-eabi/include/c++/10.3.1/arm-none-eabi/thumb/v7-m/nofp/bits/gthr-default.h **** __gthread_once (__gthread_once_t *__once _GLIBCXX_UNUSED, void (*__func) (void) _GLIBCXX_UNUSED)
 218:/Applications/ARM/arm-none-eabi/include/c++/10.3.1/arm-none-eabi/thumb/v7-m/nofp/bits/gthr-default.h **** {
 219:/Applications/ARM/arm-none-eabi/include/c++/10.3.1/arm-none-eabi/thumb/v7-m/nofp/bits/gthr-default.h ****   return 0;
 220:/Applications/ARM/arm-none-eabi/include/c++/10.3.1/arm-none-eabi/thumb/v7-m/nofp/bits/gthr-default.h **** }
 221:/Applications/ARM/arm-none-eabi/include/c++/10.3.1/arm-none-eabi/thumb/v7-m/nofp/bits/gthr-default.h **** 
 222:/Applications/ARM/arm-none-eabi/include/c++/10.3.1/arm-none-eabi/thumb/v7-m/nofp/bits/gthr-default.h **** static inline int _GLIBCXX_UNUSED
 223:/Applications/ARM/arm-none-eabi/include/c++/10.3.1/arm-none-eabi/thumb/v7-m/nofp/bits/gthr-default.h **** __gthread_key_create (__gthread_key_t *__key _GLIBCXX_UNUSED, void (*__func) (void *) _GLIBCXX_UNUS
 224:/Applications/ARM/arm-none-eabi/include/c++/10.3.1/arm-none-eabi/thumb/v7-m/nofp/bits/gthr-default.h **** {
 225:/Applications/ARM/arm-none-eabi/include/c++/10.3.1/arm-none-eabi/thumb/v7-m/nofp/bits/gthr-default.h ****   return 0;
 226:/Applications/ARM/arm-none-eabi/include/c++/10.3.1/arm-none-eabi/thumb/v7-m/nofp/bits/gthr-default.h **** }
 227:/Applications/ARM/arm-none-eabi/include/c++/10.3.1/arm-none-eabi/thumb/v7-m/nofp/bits/gthr-default.h **** 
 228:/Applications/ARM/arm-none-eabi/include/c++/10.3.1/arm-none-eabi/thumb/v7-m/nofp/bits/gthr-default.h **** static int _GLIBCXX_UNUSED
 229:/Applications/ARM/arm-none-eabi/include/c++/10.3.1/arm-none-eabi/thumb/v7-m/nofp/bits/gthr-default.h **** __gthread_key_delete (__gthread_key_t __key _GLIBCXX_UNUSED)
 230:/Applications/ARM/arm-none-eabi/include/c++/10.3.1/arm-none-eabi/thumb/v7-m/nofp/bits/gthr-default.h **** {
  26              		.loc 1 230 1
  27              		.cfi_startproc
  28              		@ args = 0, pretend = 0, frame = 8
  29              		@ frame_needed = 1, uses_anonymous_args = 0
  30              		@ link register save eliminated.
  31 0000 80B4     		push	{r7}
  32              	.LCFI0:
  33              		.cfi_def_cfa_offset 4
  34              		.cfi_offset 7, -4
  35 0002 83B0     		sub	sp, sp, #12
  36              	.LCFI1:
  37              		.cfi_def_cfa_offset 16
  38 0004 00AF     		add	r7, sp, #0
  39              	.LCFI2:
  40              		.cfi_def_cfa_register 7
  41 0006 7860     		str	r0, [r7, #4]
 231:/Applications/ARM/arm-none-eabi/include/c++/10.3.1/arm-none-eabi/thumb/v7-m/nofp/bits/gthr-default.h ****   return 0;
  42              		.loc 1 231 10
  43 0008 0023     		movs	r3, #0
 232:/Applications/ARM/arm-none-eabi/include/c++/10.3.1/arm-none-eabi/thumb/v7-m/nofp/bits/gthr-default.h **** }
  44              		.loc 1 232 1
  45 000a 1846     		mov	r0, r3
  46 000c 0C37     		adds	r7, r7, #12
  47              	.LCFI3:
  48              		.cfi_def_cfa_offset 4
  49 000e BD46     		mov	sp, r7
  50              	.LCFI4:
  51              		.cfi_def_cfa_register 13
  52              		@ sp needed
  53 0010 80BC     		pop	{r7}
  54              	.LCFI5:
ARM GAS  /var/folders/xf/tcndk8390ml5xdpfw93qkhpm0000gn/T//ccMI2JSk.s 			page 6


  55              		.cfi_restore 7
  56              		.cfi_def_cfa_offset 0
  57 0012 7047     		bx	lr
  58              		.cfi_endproc
  59              	.LFE668:
  61              		.section	.rodata._ZN6__pstl9execution2v1L3seqE,"a"
  62              		.align	2
  65              	_ZN6__pstl9execution2v1L3seqE:
  66 0000 00       		.space	1
  67              		.section	.rodata._ZN6__pstl9execution2v1L3parE,"a"
  68              		.align	2
  71              	_ZN6__pstl9execution2v1L3parE:
  72 0000 00       		.space	1
  73              		.section	.rodata._ZN6__pstl9execution2v1L9par_unseqE,"a"
  74              		.align	2
  77              	_ZN6__pstl9execution2v1L9par_unseqE:
  78 0000 00       		.space	1
  79              		.section	.rodata._ZN6__pstl9execution2v1L5unseqE,"a"
  80              		.align	2
  83              	_ZN6__pstl9execution2v1L5unseqE:
  84 0000 00       		.space	1
  85              		.section	.rodata._ZN9__gnu_cxxL21__default_lock_policyE,"a"
  88              	_ZN9__gnu_cxxL21__default_lock_policyE:
  89 0000 00       		.space	1
  90              		.section	.rodata._ZNSt15regex_constantsL13error_collateE,"a"
  93              	_ZNSt15regex_constantsL13error_collateE:
  94 0000 00       		.space	1
  95              		.section	.rodata._ZNSt15regex_constantsL11error_ctypeE,"a"
  98              	_ZNSt15regex_constantsL11error_ctypeE:
  99 0000 01       		.byte	1
 100              		.section	.rodata._ZNSt15regex_constantsL12error_escapeE,"a"
 103              	_ZNSt15regex_constantsL12error_escapeE:
 104 0000 02       		.byte	2
 105              		.section	.rodata._ZNSt15regex_constantsL13error_backrefE,"a"
 108              	_ZNSt15regex_constantsL13error_backrefE:
 109 0000 03       		.byte	3
 110              		.section	.rodata._ZNSt15regex_constantsL11error_brackE,"a"
 113              	_ZNSt15regex_constantsL11error_brackE:
 114 0000 04       		.byte	4
 115              		.section	.rodata._ZNSt15regex_constantsL11error_parenE,"a"
 118              	_ZNSt15regex_constantsL11error_parenE:
 119 0000 05       		.byte	5
 120              		.section	.rodata._ZNSt15regex_constantsL11error_braceE,"a"
 123              	_ZNSt15regex_constantsL11error_braceE:
 124 0000 06       		.byte	6
 125              		.section	.rodata._ZNSt15regex_constantsL14error_badbraceE,"a"
 128              	_ZNSt15regex_constantsL14error_badbraceE:
 129 0000 07       		.byte	7
 130              		.section	.rodata._ZNSt15regex_constantsL11error_rangeE,"a"
 133              	_ZNSt15regex_constantsL11error_rangeE:
 134 0000 08       		.byte	8
 135              		.section	.rodata._ZNSt15regex_constantsL11error_spaceE,"a"
 138              	_ZNSt15regex_constantsL11error_spaceE:
 139 0000 09       		.byte	9
 140              		.section	.rodata._ZNSt15regex_constantsL15error_badrepeatE,"a"
 143              	_ZNSt15regex_constantsL15error_badrepeatE:
 144 0000 0A       		.byte	10
ARM GAS  /var/folders/xf/tcndk8390ml5xdpfw93qkhpm0000gn/T//ccMI2JSk.s 			page 7


 145              		.section	.rodata._ZNSt15regex_constantsL16error_complexityE,"a"
 148              	_ZNSt15regex_constantsL16error_complexityE:
 149 0000 0B       		.byte	11
 150              		.section	.rodata._ZNSt15regex_constantsL11error_stackE,"a"
 153              	_ZNSt15regex_constantsL11error_stackE:
 154 0000 0C       		.byte	12
 155              		.section	.rodata._ZNSt8__detailL19_S_invalid_state_idE,"a"
 156              		.align	2
 159              	_ZNSt8__detailL19_S_invalid_state_idE:
 160 0000 FFFFFFFF 		.word	-1
 161              		.section	.text._ZN3SMT7smt_addEii,"ax",%progbits
 162              		.align	1
 163              		.global	_ZN3SMT7smt_addEii
 164              		.syntax unified
 165              		.thumb
 166              		.thumb_func
 168              	_ZN3SMT7smt_addEii:
 169              	.LFB5310:
 170              		.file 2 "User/SMS_STS_lib/sms.cpp"
   1:User/SMS_STS_lib/sms.cpp **** #include <string>
   2:User/SMS_STS_lib/sms.cpp **** #include <regex>
   3:User/SMS_STS_lib/sms.cpp **** #include "sms.hpp"
   4:User/SMS_STS_lib/sms.cpp **** 
   5:User/SMS_STS_lib/sms.cpp **** int SMT::smt_add(int a, int inc){
 171              		.loc 2 5 33
 172              		.cfi_startproc
 173              		@ args = 0, pretend = 0, frame = 16
 174              		@ frame_needed = 1, uses_anonymous_args = 0
 175              		@ link register save eliminated.
 176 0000 80B4     		push	{r7}
 177              	.LCFI6:
 178              		.cfi_def_cfa_offset 4
 179              		.cfi_offset 7, -4
 180 0002 85B0     		sub	sp, sp, #20
 181              	.LCFI7:
 182              		.cfi_def_cfa_offset 24
 183 0004 00AF     		add	r7, sp, #0
 184              	.LCFI8:
 185              		.cfi_def_cfa_register 7
 186 0006 F860     		str	r0, [r7, #12]
 187 0008 B960     		str	r1, [r7, #8]
 188 000a 7A60     		str	r2, [r7, #4]
   6:User/SMS_STS_lib/sms.cpp ****     return a + inc;
 189              		.loc 2 6 16
 190 000c BA68     		ldr	r2, [r7, #8]
 191 000e 7B68     		ldr	r3, [r7, #4]
 192 0010 1344     		add	r3, r3, r2
   7:User/SMS_STS_lib/sms.cpp **** };
 193              		.loc 2 7 1
 194 0012 1846     		mov	r0, r3
 195 0014 1437     		adds	r7, r7, #20
 196              	.LCFI9:
 197              		.cfi_def_cfa_offset 4
 198 0016 BD46     		mov	sp, r7
 199              	.LCFI10:
 200              		.cfi_def_cfa_register 13
 201              		@ sp needed
ARM GAS  /var/folders/xf/tcndk8390ml5xdpfw93qkhpm0000gn/T//ccMI2JSk.s 			page 8


 202 0018 80BC     		pop	{r7}
 203              	.LCFI11:
 204              		.cfi_restore 7
 205              		.cfi_def_cfa_offset 0
 206 001a 7047     		bx	lr
 207              		.cfi_endproc
 208              	.LFE5310:
 210              		.section	.text._ZN3SMTC2Ev,"ax",%progbits
 211              		.align	1
 212              		.global	_ZN3SMTC2Ev
 213              		.syntax unified
 214              		.thumb
 215              		.thumb_func
 217              	_ZN3SMTC2Ev:
 218              	.LFB5312:
   8:User/SMS_STS_lib/sms.cpp **** SMT::SMT(){
 219              		.loc 2 8 1
 220              		.cfi_startproc
 221              		@ args = 0, pretend = 0, frame = 8
 222              		@ frame_needed = 1, uses_anonymous_args = 0
 223              		@ link register save eliminated.
 224 0000 80B4     		push	{r7}
 225              	.LCFI12:
 226              		.cfi_def_cfa_offset 4
 227              		.cfi_offset 7, -4
 228 0002 83B0     		sub	sp, sp, #12
 229              	.LCFI13:
 230              		.cfi_def_cfa_offset 16
 231 0004 00AF     		add	r7, sp, #0
 232              	.LCFI14:
 233              		.cfi_def_cfa_register 7
 234 0006 7860     		str	r0, [r7, #4]
   9:User/SMS_STS_lib/sms.cpp **** 
  10:User/SMS_STS_lib/sms.cpp **** }
 235              		.loc 2 10 1
 236 0008 7B68     		ldr	r3, [r7, #4]
 237 000a 1846     		mov	r0, r3
 238 000c 0C37     		adds	r7, r7, #12
 239              	.LCFI15:
 240              		.cfi_def_cfa_offset 4
 241 000e BD46     		mov	sp, r7
 242              	.LCFI16:
 243              		.cfi_def_cfa_register 13
 244              		@ sp needed
 245 0010 80BC     		pop	{r7}
 246              	.LCFI17:
 247              		.cfi_restore 7
 248              		.cfi_def_cfa_offset 0
 249 0012 7047     		bx	lr
 250              		.cfi_endproc
 251              	.LFE5312:
 253              		.global	_ZN3SMTC1Ev
 254              		.thumb_set _ZN3SMTC1Ev,_ZN3SMTC2Ev
 255              		.section	.text.SMT_create,"ax",%progbits
 256              		.align	1
 257              		.global	SMT_create
 258              		.syntax unified
ARM GAS  /var/folders/xf/tcndk8390ml5xdpfw93qkhpm0000gn/T//ccMI2JSk.s 			page 9


 259              		.thumb
 260              		.thumb_func
 262              	SMT_create:
 263              	.LFB5314:
  11:User/SMS_STS_lib/sms.cpp **** 
  12:User/SMS_STS_lib/sms.cpp **** extern "C"{ 
  13:User/SMS_STS_lib/sms.cpp ****     void* SMT_create(){
 264              		.loc 2 13 23
 265              		.cfi_startproc
 266              		@ args = 0, pretend = 0, frame = 0
 267              		@ frame_needed = 1, uses_anonymous_args = 0
 268 0000 98B5     		push	{r3, r4, r7, lr}
 269              	.LCFI18:
 270              		.cfi_def_cfa_offset 16
 271              		.cfi_offset 3, -16
 272              		.cfi_offset 4, -12
 273              		.cfi_offset 7, -8
 274              		.cfi_offset 14, -4
 275 0002 00AF     		add	r7, sp, #0
 276              	.LCFI19:
 277              		.cfi_def_cfa_register 7
  14:User/SMS_STS_lib/sms.cpp ****         return new SMT();
 278              		.loc 2 14 24
 279 0004 0120     		movs	r0, #1
 280 0006 FFF7FEFF 		bl	_Znwj
 281 000a 0346     		mov	r3, r0
 282 000c 1C46     		mov	r4, r3
 283 000e 2046     		mov	r0, r4
 284 0010 FFF7FEFF 		bl	_ZN3SMTC1Ev
 285 0014 2346     		mov	r3, r4
  15:User/SMS_STS_lib/sms.cpp ****     }
 286              		.loc 2 15 5
 287 0016 1846     		mov	r0, r3
 288 0018 98BD     		pop	{r3, r4, r7, pc}
 289              		.cfi_endproc
 290              	.LFE5314:
 292              		.section	.text._c_smt_add,"ax",%progbits
 293              		.align	1
 294              		.global	_c_smt_add
 295              		.syntax unified
 296              		.thumb
 297              		.thumb_func
 299              	_c_smt_add:
 300              	.LFB5315:
  16:User/SMS_STS_lib/sms.cpp ****     int _c_smt_add(void* smt_obj, int a, int inc){
 301              		.loc 2 16 50
 302              		.cfi_startproc
 303              		@ args = 0, pretend = 0, frame = 24
 304              		@ frame_needed = 1, uses_anonymous_args = 0
 305 0000 80B5     		push	{r7, lr}
 306              	.LCFI20:
 307              		.cfi_def_cfa_offset 8
 308              		.cfi_offset 7, -8
 309              		.cfi_offset 14, -4
 310 0002 86B0     		sub	sp, sp, #24
 311              	.LCFI21:
 312              		.cfi_def_cfa_offset 32
ARM GAS  /var/folders/xf/tcndk8390ml5xdpfw93qkhpm0000gn/T//ccMI2JSk.s 			page 10


 313 0004 00AF     		add	r7, sp, #0
 314              	.LCFI22:
 315              		.cfi_def_cfa_register 7
 316 0006 F860     		str	r0, [r7, #12]
 317 0008 B960     		str	r1, [r7, #8]
 318 000a 7A60     		str	r2, [r7, #4]
  17:User/SMS_STS_lib/sms.cpp ****         int result = static_cast<SMT*>(smt_obj)->smt_add(a, inc);
 319              		.loc 2 17 57
 320 000c 7A68     		ldr	r2, [r7, #4]
 321 000e B968     		ldr	r1, [r7, #8]
 322 0010 F868     		ldr	r0, [r7, #12]
 323 0012 FFF7FEFF 		bl	_ZN3SMT7smt_addEii
 324 0016 7861     		str	r0, [r7, #20]
  18:User/SMS_STS_lib/sms.cpp ****         return result;
 325              		.loc 2 18 16
 326 0018 7B69     		ldr	r3, [r7, #20]
  19:User/SMS_STS_lib/sms.cpp ****     }
 327              		.loc 2 19 5
 328 001a 1846     		mov	r0, r3
 329 001c 1837     		adds	r7, r7, #24
 330              	.LCFI23:
 331              		.cfi_def_cfa_offset 8
 332 001e BD46     		mov	sp, r7
 333              	.LCFI24:
 334              		.cfi_def_cfa_register 13
 335              		@ sp needed
 336 0020 80BD     		pop	{r7, pc}
 337              		.cfi_endproc
 338              	.LFE5315:
 340              		.text
 341              	.Letext0:
 342              		.file 3 "/Applications/ARM/arm-none-eabi/include/c++/10.3.1/type_traits"
 343              		.file 4 "/Applications/ARM/arm-none-eabi/include/c++/10.3.1/debug/debug.h"
 344              		.file 5 "/Applications/ARM/arm-none-eabi/include/c++/10.3.1/cwchar"
 345              		.file 6 "/Applications/ARM/arm-none-eabi/include/c++/10.3.1/cstdint"
 346              		.file 7 "/Applications/ARM/arm-none-eabi/include/c++/10.3.1/bits/exception_ptr.h"
 347              		.file 8 "/Applications/ARM/arm-none-eabi/include/c++/10.3.1/arm-none-eabi/thumb/v7-m/nofp/bits/c++
 348              		.file 9 "/Applications/ARM/arm-none-eabi/include/c++/10.3.1/clocale"
 349              		.file 10 "/Applications/ARM/arm-none-eabi/include/c++/10.3.1/string_view"
 350              		.file 11 "/Applications/ARM/arm-none-eabi/include/c++/10.3.1/bits/basic_string.h"
 351              		.file 12 "/Applications/ARM/arm-none-eabi/include/c++/10.3.1/cstdlib"
 352              		.file 13 "/Applications/ARM/arm-none-eabi/include/c++/10.3.1/cstdio"
 353              		.file 14 "/Applications/ARM/arm-none-eabi/include/c++/10.3.1/bits/algorithmfwd.h"
 354              		.file 15 "/Applications/ARM/arm-none-eabi/include/c++/10.3.1/bits/stl_iterator.h"
 355              		.file 16 "/Applications/ARM/arm-none-eabi/include/c++/10.3.1/bits/regex_automaton.h"
 356              		.file 17 "/Applications/ARM/arm-none-eabi/include/c++/10.3.1/functional"
 357              		.file 18 "/Applications/ARM/arm-none-eabi/include/c++/10.3.1/cwctype"
 358              		.file 19 "/Applications/ARM/arm-none-eabi/include/c++/10.3.1/ctime"
 359              		.file 20 "/Applications/ARM/arm-none-eabi/include/c++/10.3.1/bits/shared_ptr_base.h"
 360              		.file 21 "/Applications/ARM/arm-none-eabi/include/c++/10.3.1/cstring"
 361              		.file 22 "/Applications/ARM/arm-none-eabi/include/c++/10.3.1/bits/regex_error.h"
 362              		.file 23 "/Applications/ARM/arm-none-eabi/include/c++/10.3.1/bits/predefined_ops.h"
 363              		.file 24 "/Applications/ARM/arm-none-eabi/include/c++/10.3.1/ext/concurrence.h"
 364              		.file 25 "/Applications/ARM/lib/gcc/arm-none-eabi/10.3.1/include/stddef.h"
 365              		.file 26 "/Applications/ARM/arm-none-eabi/include/machine/_default_types.h"
 366              		.file 27 "/Applications/ARM/arm-none-eabi/include/sys/_types.h"
 367              		.file 28 "/Applications/ARM/arm-none-eabi/include/sys/reent.h"
ARM GAS  /var/folders/xf/tcndk8390ml5xdpfw93qkhpm0000gn/T//ccMI2JSk.s 			page 11


 368              		.file 29 "/Applications/ARM/arm-none-eabi/include/sys/lock.h"
 369              		.file 30 "/Applications/ARM/lib/gcc/arm-none-eabi/10.3.1/include/stdarg.h"
 370              		.file 31 "/Applications/ARM/arm-none-eabi/include/wchar.h"
 371              		.file 32 "/Applications/ARM/arm-none-eabi/include/time.h"
 372              		.file 33 "/Applications/ARM/arm-none-eabi/include/sys/_stdint.h"
 373              		.file 34 "/Applications/ARM/arm-none-eabi/include/stdint.h"
 374              		.file 35 "/Applications/ARM/arm-none-eabi/include/locale.h"
 375              		.file 36 "/Applications/ARM/arm-none-eabi/include/stdlib.h"
 376              		.file 37 "/Applications/ARM/arm-none-eabi/include/sys/types.h"
 377              		.file 38 "/Applications/ARM/arm-none-eabi/include/stdio.h"
 378              		.file 39 "/Applications/ARM/arm-none-eabi/include/c++/10.3.1/pstl/execution_defs.h"
 379              		.file 40 "/Applications/ARM/arm-none-eabi/include/c++/10.3.1/bits/regex_constants.h"
 380              		.file 41 "/Applications/ARM/arm-none-eabi/include/wctype.h"
 381              		.file 42 "/Applications/ARM/arm-none-eabi/include/string.h"
 382              		.file 43 "User/SMS_STS_lib/sms.hpp"
 383              		.file 44 "<built-in>"
ARM GAS  /var/folders/xf/tcndk8390ml5xdpfw93qkhpm0000gn/T//ccMI2JSk.s 			page 12


DEFINED SYMBOLS
                            *ABS*:0000000000000000 sms.cpp
/var/folders/xf/tcndk8390ml5xdpfw93qkhpm0000gn/T//ccMI2JSk.s:18     .text._ZL20__gthread_key_deletei:0000000000000000 $t
/var/folders/xf/tcndk8390ml5xdpfw93qkhpm0000gn/T//ccMI2JSk.s:23     .text._ZL20__gthread_key_deletei:0000000000000000 _ZL20__gthread_key_deletei
/var/folders/xf/tcndk8390ml5xdpfw93qkhpm0000gn/T//ccMI2JSk.s:62     .rodata._ZN6__pstl9execution2v1L3seqE:0000000000000000 $d
/var/folders/xf/tcndk8390ml5xdpfw93qkhpm0000gn/T//ccMI2JSk.s:65     .rodata._ZN6__pstl9execution2v1L3seqE:0000000000000000 _ZN6__pstl9execution2v1L3seqE
/var/folders/xf/tcndk8390ml5xdpfw93qkhpm0000gn/T//ccMI2JSk.s:68     .rodata._ZN6__pstl9execution2v1L3parE:0000000000000000 $d
/var/folders/xf/tcndk8390ml5xdpfw93qkhpm0000gn/T//ccMI2JSk.s:71     .rodata._ZN6__pstl9execution2v1L3parE:0000000000000000 _ZN6__pstl9execution2v1L3parE
/var/folders/xf/tcndk8390ml5xdpfw93qkhpm0000gn/T//ccMI2JSk.s:74     .rodata._ZN6__pstl9execution2v1L9par_unseqE:0000000000000000 $d
/var/folders/xf/tcndk8390ml5xdpfw93qkhpm0000gn/T//ccMI2JSk.s:77     .rodata._ZN6__pstl9execution2v1L9par_unseqE:0000000000000000 _ZN6__pstl9execution2v1L9par_unseqE
/var/folders/xf/tcndk8390ml5xdpfw93qkhpm0000gn/T//ccMI2JSk.s:80     .rodata._ZN6__pstl9execution2v1L5unseqE:0000000000000000 $d
/var/folders/xf/tcndk8390ml5xdpfw93qkhpm0000gn/T//ccMI2JSk.s:83     .rodata._ZN6__pstl9execution2v1L5unseqE:0000000000000000 _ZN6__pstl9execution2v1L5unseqE
/var/folders/xf/tcndk8390ml5xdpfw93qkhpm0000gn/T//ccMI2JSk.s:88     .rodata._ZN9__gnu_cxxL21__default_lock_policyE:0000000000000000 _ZN9__gnu_cxxL21__default_lock_policyE
/var/folders/xf/tcndk8390ml5xdpfw93qkhpm0000gn/T//ccMI2JSk.s:89     .rodata._ZN9__gnu_cxxL21__default_lock_policyE:0000000000000000 $d
/var/folders/xf/tcndk8390ml5xdpfw93qkhpm0000gn/T//ccMI2JSk.s:93     .rodata._ZNSt15regex_constantsL13error_collateE:0000000000000000 _ZNSt15regex_constantsL13error_collateE
/var/folders/xf/tcndk8390ml5xdpfw93qkhpm0000gn/T//ccMI2JSk.s:94     .rodata._ZNSt15regex_constantsL13error_collateE:0000000000000000 $d
/var/folders/xf/tcndk8390ml5xdpfw93qkhpm0000gn/T//ccMI2JSk.s:98     .rodata._ZNSt15regex_constantsL11error_ctypeE:0000000000000000 _ZNSt15regex_constantsL11error_ctypeE
/var/folders/xf/tcndk8390ml5xdpfw93qkhpm0000gn/T//ccMI2JSk.s:103    .rodata._ZNSt15regex_constantsL12error_escapeE:0000000000000000 _ZNSt15regex_constantsL12error_escapeE
/var/folders/xf/tcndk8390ml5xdpfw93qkhpm0000gn/T//ccMI2JSk.s:108    .rodata._ZNSt15regex_constantsL13error_backrefE:0000000000000000 _ZNSt15regex_constantsL13error_backrefE
/var/folders/xf/tcndk8390ml5xdpfw93qkhpm0000gn/T//ccMI2JSk.s:113    .rodata._ZNSt15regex_constantsL11error_brackE:0000000000000000 _ZNSt15regex_constantsL11error_brackE
/var/folders/xf/tcndk8390ml5xdpfw93qkhpm0000gn/T//ccMI2JSk.s:118    .rodata._ZNSt15regex_constantsL11error_parenE:0000000000000000 _ZNSt15regex_constantsL11error_parenE
/var/folders/xf/tcndk8390ml5xdpfw93qkhpm0000gn/T//ccMI2JSk.s:123    .rodata._ZNSt15regex_constantsL11error_braceE:0000000000000000 _ZNSt15regex_constantsL11error_braceE
/var/folders/xf/tcndk8390ml5xdpfw93qkhpm0000gn/T//ccMI2JSk.s:128    .rodata._ZNSt15regex_constantsL14error_badbraceE:0000000000000000 _ZNSt15regex_constantsL14error_badbraceE
/var/folders/xf/tcndk8390ml5xdpfw93qkhpm0000gn/T//ccMI2JSk.s:133    .rodata._ZNSt15regex_constantsL11error_rangeE:0000000000000000 _ZNSt15regex_constantsL11error_rangeE
/var/folders/xf/tcndk8390ml5xdpfw93qkhpm0000gn/T//ccMI2JSk.s:138    .rodata._ZNSt15regex_constantsL11error_spaceE:0000000000000000 _ZNSt15regex_constantsL11error_spaceE
/var/folders/xf/tcndk8390ml5xdpfw93qkhpm0000gn/T//ccMI2JSk.s:143    .rodata._ZNSt15regex_constantsL15error_badrepeatE:0000000000000000 _ZNSt15regex_constantsL15error_badrepeatE
/var/folders/xf/tcndk8390ml5xdpfw93qkhpm0000gn/T//ccMI2JSk.s:148    .rodata._ZNSt15regex_constantsL16error_complexityE:0000000000000000 _ZNSt15regex_constantsL16error_complexityE
/var/folders/xf/tcndk8390ml5xdpfw93qkhpm0000gn/T//ccMI2JSk.s:153    .rodata._ZNSt15regex_constantsL11error_stackE:0000000000000000 _ZNSt15regex_constantsL11error_stackE
/var/folders/xf/tcndk8390ml5xdpfw93qkhpm0000gn/T//ccMI2JSk.s:156    .rodata._ZNSt8__detailL19_S_invalid_state_idE:0000000000000000 $d
/var/folders/xf/tcndk8390ml5xdpfw93qkhpm0000gn/T//ccMI2JSk.s:159    .rodata._ZNSt8__detailL19_S_invalid_state_idE:0000000000000000 _ZNSt8__detailL19_S_invalid_state_idE
/var/folders/xf/tcndk8390ml5xdpfw93qkhpm0000gn/T//ccMI2JSk.s:162    .text._ZN3SMT7smt_addEii:0000000000000000 $t
/var/folders/xf/tcndk8390ml5xdpfw93qkhpm0000gn/T//ccMI2JSk.s:168    .text._ZN3SMT7smt_addEii:0000000000000000 _ZN3SMT7smt_addEii
/var/folders/xf/tcndk8390ml5xdpfw93qkhpm0000gn/T//ccMI2JSk.s:211    .text._ZN3SMTC2Ev:0000000000000000 $t
/var/folders/xf/tcndk8390ml5xdpfw93qkhpm0000gn/T//ccMI2JSk.s:217    .text._ZN3SMTC2Ev:0000000000000000 _ZN3SMTC2Ev
/var/folders/xf/tcndk8390ml5xdpfw93qkhpm0000gn/T//ccMI2JSk.s:217    .text._ZN3SMTC2Ev:0000000000000000 _ZN3SMTC1Ev
/var/folders/xf/tcndk8390ml5xdpfw93qkhpm0000gn/T//ccMI2JSk.s:256    .text.SMT_create:0000000000000000 $t
/var/folders/xf/tcndk8390ml5xdpfw93qkhpm0000gn/T//ccMI2JSk.s:262    .text.SMT_create:0000000000000000 SMT_create
/var/folders/xf/tcndk8390ml5xdpfw93qkhpm0000gn/T//ccMI2JSk.s:293    .text._c_smt_add:0000000000000000 $t
/var/folders/xf/tcndk8390ml5xdpfw93qkhpm0000gn/T//ccMI2JSk.s:299    .text._c_smt_add:0000000000000000 _c_smt_add

UNDEFINED SYMBOLS
_Znwj
