ARM GAS  /var/folders/xf/tcndk8390ml5xdpfw93qkhpm0000gn/T//ccRvNO3u.s 			page 1


   1              		.cpu cortex-m3
   2              		.arch armv7-m
   3              		.fpu softvfp
   4              		.eabi_attribute 20, 1
   5              		.eabi_attribute 21, 1
   6              		.eabi_attribute 23, 3
   7              		.eabi_attribute 24, 1
   8              		.eabi_attribute 25, 1
   9              		.eabi_attribute 26, 1
  10              		.eabi_attribute 30, 6
  11              		.eabi_attribute 34, 1
  12              		.eabi_attribute 18, 4
  13              		.file	"SMS_STS.c"
  14              		.text
  15              	.Ltext0:
  16              		.cfi_sections	.debug_frame
  17              		.section	.text.WritePosEx,"ax",%progbits
  18              		.align	1
  19              		.global	WritePosEx
  20              		.syntax unified
  21              		.thumb
  22              		.thumb_func
  24              	WritePosEx:
  25              	.LFB0:
  26              		.file 1 "User/SCSLib/SMS_STS.c"
   1:User/SCSLib/SMS_STS.c **** /*
   2:User/SCSLib/SMS_STS.c ****  * SMS_STS.c
   3:User/SCSLib/SMS_STS.c ****  * 飞特SMS/STS系列串行舵机应用层程序
   4:User/SCSLib/SMS_STS.c ****  * 日期: 2025.3.3
   5:User/SCSLib/SMS_STS.c ****  * 作者: 
   6:User/SCSLib/SMS_STS.c ****  */
   7:User/SCSLib/SMS_STS.c **** #ifdef __cplusplus
   8:User/SCSLib/SMS_STS.c **** extern "C"
   9:User/SCSLib/SMS_STS.c **** {
  10:User/SCSLib/SMS_STS.c **** #endif
  11:User/SCSLib/SMS_STS.c **** #include <string.h>
  12:User/SCSLib/SMS_STS.c **** #include "INST.h"
  13:User/SCSLib/SMS_STS.c **** #include "SCS.h"
  14:User/SCSLib/SMS_STS.c **** #include "SMS_STS.h"
  15:User/SCSLib/SMS_STS.c **** 
  16:User/SCSLib/SMS_STS.c **** int WritePosEx(uint8_t ID, int16_t Position, uint16_t Speed, uint8_t ACC)
  17:User/SCSLib/SMS_STS.c **** {
  27              		.loc 1 17 1
  28              		.cfi_startproc
  29              		@ args = 0, pretend = 0, frame = 16
  30              		@ frame_needed = 1, uses_anonymous_args = 0
  31 0000 90B5     		push	{r4, r7, lr}
  32              	.LCFI0:
  33              		.cfi_def_cfa_offset 12
  34              		.cfi_offset 4, -12
  35              		.cfi_offset 7, -8
  36              		.cfi_offset 14, -4
  37 0002 85B0     		sub	sp, sp, #20
  38              	.LCFI1:
  39              		.cfi_def_cfa_offset 32
  40 0004 00AF     		add	r7, sp, #0
  41              	.LCFI2:
ARM GAS  /var/folders/xf/tcndk8390ml5xdpfw93qkhpm0000gn/T//ccRvNO3u.s 			page 2


  42              		.cfi_def_cfa_register 7
  43 0006 0446     		mov	r4, r0
  44 0008 0846     		mov	r0, r1
  45 000a 1146     		mov	r1, r2
  46 000c 1A46     		mov	r2, r3
  47 000e 2346     		mov	r3, r4
  48 0010 FB71     		strb	r3, [r7, #7]
  49 0012 0346     		mov	r3, r0	@ movhi
  50 0014 BB80     		strh	r3, [r7, #4]	@ movhi
  51 0016 0B46     		mov	r3, r1	@ movhi
  52 0018 7B80     		strh	r3, [r7, #2]	@ movhi
  53 001a 1346     		mov	r3, r2
  54 001c BB71     		strb	r3, [r7, #6]
  18:User/SCSLib/SMS_STS.c **** 	uint8_t bBuf[7];
  19:User/SCSLib/SMS_STS.c **** 	if(Position<0){
  55              		.loc 1 19 4
  56 001e B7F90430 		ldrsh	r3, [r7, #4]
  57 0022 002B     		cmp	r3, #0
  58 0024 09DA     		bge	.L2
  20:User/SCSLib/SMS_STS.c **** 		Position = -Position;
  59              		.loc 1 20 12
  60 0026 BB88     		ldrh	r3, [r7, #4]
  61 0028 5B42     		rsbs	r3, r3, #0
  62 002a 9BB2     		uxth	r3, r3
  63 002c BB80     		strh	r3, [r7, #4]	@ movhi
  21:User/SCSLib/SMS_STS.c **** 		Position |= (1<<15);
  64              		.loc 1 21 12
  65 002e BB88     		ldrh	r3, [r7, #4]	@ movhi
  66 0030 6FEA4343 		mvn	r3, r3, lsl #17
  67 0034 6FEA5343 		mvn	r3, r3, lsr #17
  68 0038 BB80     		strh	r3, [r7, #4]	@ movhi
  69              	.L2:
  22:User/SCSLib/SMS_STS.c **** 	}
  23:User/SCSLib/SMS_STS.c **** 
  24:User/SCSLib/SMS_STS.c **** 	bBuf[0] = ACC;
  70              		.loc 1 24 10
  71 003a BB79     		ldrb	r3, [r7, #6]
  72 003c 3B72     		strb	r3, [r7, #8]
  25:User/SCSLib/SMS_STS.c **** 	Host2SCS(bBuf+1, bBuf+2, Position);
  73              		.loc 1 25 2
  74 003e 07F10803 		add	r3, r7, #8
  75 0042 0133     		adds	r3, r3, #1
  76 0044 07F10801 		add	r1, r7, #8
  77 0048 0231     		adds	r1, r1, #2
  78 004a B7F90420 		ldrsh	r2, [r7, #4]
  79 004e 1846     		mov	r0, r3
  80 0050 FFF7FEFF 		bl	Host2SCS
  26:User/SCSLib/SMS_STS.c **** 	Host2SCS(bBuf+3, bBuf+4, 0);
  81              		.loc 1 26 2
  82 0054 07F10803 		add	r3, r7, #8
  83 0058 0333     		adds	r3, r3, #3
  84 005a 07F10801 		add	r1, r7, #8
  85 005e 0431     		adds	r1, r1, #4
  86 0060 0022     		movs	r2, #0
  87 0062 1846     		mov	r0, r3
  88 0064 FFF7FEFF 		bl	Host2SCS
  27:User/SCSLib/SMS_STS.c **** 	Host2SCS(bBuf+5, bBuf+6, Speed);
ARM GAS  /var/folders/xf/tcndk8390ml5xdpfw93qkhpm0000gn/T//ccRvNO3u.s 			page 3


  89              		.loc 1 27 2
  90 0068 07F10803 		add	r3, r7, #8
  91 006c 0533     		adds	r3, r3, #5
  92 006e 07F10801 		add	r1, r7, #8
  93 0072 0631     		adds	r1, r1, #6
  94 0074 7A88     		ldrh	r2, [r7, #2]
  95 0076 1846     		mov	r0, r3
  96 0078 FFF7FEFF 		bl	Host2SCS
  28:User/SCSLib/SMS_STS.c **** 	
  29:User/SCSLib/SMS_STS.c **** 	return genWrite(ID, SMS_STS_ACC, bBuf, 7);
  97              		.loc 1 29 9
  98 007c 07F10802 		add	r2, r7, #8
  99 0080 F879     		ldrb	r0, [r7, #7]	@ zero_extendqisi2
 100 0082 0723     		movs	r3, #7
 101 0084 2921     		movs	r1, #41
 102 0086 FFF7FEFF 		bl	genWrite
 103 008a 0346     		mov	r3, r0
  30:User/SCSLib/SMS_STS.c **** }
 104              		.loc 1 30 1
 105 008c 1846     		mov	r0, r3
 106 008e 1437     		adds	r7, r7, #20
 107              	.LCFI3:
 108              		.cfi_def_cfa_offset 12
 109 0090 BD46     		mov	sp, r7
 110              	.LCFI4:
 111              		.cfi_def_cfa_register 13
 112              		@ sp needed
 113 0092 90BD     		pop	{r4, r7, pc}
 114              		.cfi_endproc
 115              	.LFE0:
 117              		.section	.text.RegWritePosEx,"ax",%progbits
 118              		.align	1
 119              		.global	RegWritePosEx
 120              		.syntax unified
 121              		.thumb
 122              		.thumb_func
 124              	RegWritePosEx:
 125              	.LFB1:
  31:User/SCSLib/SMS_STS.c **** 
  32:User/SCSLib/SMS_STS.c **** int RegWritePosEx(uint8_t ID, int16_t Position, uint16_t Speed, uint8_t ACC)
  33:User/SCSLib/SMS_STS.c **** {
 126              		.loc 1 33 1
 127              		.cfi_startproc
 128              		@ args = 0, pretend = 0, frame = 16
 129              		@ frame_needed = 1, uses_anonymous_args = 0
 130 0000 90B5     		push	{r4, r7, lr}
 131              	.LCFI5:
 132              		.cfi_def_cfa_offset 12
 133              		.cfi_offset 4, -12
 134              		.cfi_offset 7, -8
 135              		.cfi_offset 14, -4
 136 0002 85B0     		sub	sp, sp, #20
 137              	.LCFI6:
 138              		.cfi_def_cfa_offset 32
 139 0004 00AF     		add	r7, sp, #0
 140              	.LCFI7:
 141              		.cfi_def_cfa_register 7
ARM GAS  /var/folders/xf/tcndk8390ml5xdpfw93qkhpm0000gn/T//ccRvNO3u.s 			page 4


 142 0006 0446     		mov	r4, r0
 143 0008 0846     		mov	r0, r1
 144 000a 1146     		mov	r1, r2
 145 000c 1A46     		mov	r2, r3
 146 000e 2346     		mov	r3, r4
 147 0010 FB71     		strb	r3, [r7, #7]
 148 0012 0346     		mov	r3, r0	@ movhi
 149 0014 BB80     		strh	r3, [r7, #4]	@ movhi
 150 0016 0B46     		mov	r3, r1	@ movhi
 151 0018 7B80     		strh	r3, [r7, #2]	@ movhi
 152 001a 1346     		mov	r3, r2
 153 001c BB71     		strb	r3, [r7, #6]
  34:User/SCSLib/SMS_STS.c **** 	uint8_t bBuf[7];
  35:User/SCSLib/SMS_STS.c **** 	if(Position<0){
 154              		.loc 1 35 4
 155 001e B7F90430 		ldrsh	r3, [r7, #4]
 156 0022 002B     		cmp	r3, #0
 157 0024 09DA     		bge	.L5
  36:User/SCSLib/SMS_STS.c **** 		Position = -Position;
 158              		.loc 1 36 12
 159 0026 BB88     		ldrh	r3, [r7, #4]
 160 0028 5B42     		rsbs	r3, r3, #0
 161 002a 9BB2     		uxth	r3, r3
 162 002c BB80     		strh	r3, [r7, #4]	@ movhi
  37:User/SCSLib/SMS_STS.c **** 		Position |= (1<<15);
 163              		.loc 1 37 12
 164 002e BB88     		ldrh	r3, [r7, #4]	@ movhi
 165 0030 6FEA4343 		mvn	r3, r3, lsl #17
 166 0034 6FEA5343 		mvn	r3, r3, lsr #17
 167 0038 BB80     		strh	r3, [r7, #4]	@ movhi
 168              	.L5:
  38:User/SCSLib/SMS_STS.c **** 	}
  39:User/SCSLib/SMS_STS.c **** 
  40:User/SCSLib/SMS_STS.c **** 	bBuf[0] = ACC;
 169              		.loc 1 40 10
 170 003a BB79     		ldrb	r3, [r7, #6]
 171 003c 3B72     		strb	r3, [r7, #8]
  41:User/SCSLib/SMS_STS.c **** 	Host2SCS(bBuf+1, bBuf+2, Position);
 172              		.loc 1 41 2
 173 003e 07F10803 		add	r3, r7, #8
 174 0042 0133     		adds	r3, r3, #1
 175 0044 07F10801 		add	r1, r7, #8
 176 0048 0231     		adds	r1, r1, #2
 177 004a B7F90420 		ldrsh	r2, [r7, #4]
 178 004e 1846     		mov	r0, r3
 179 0050 FFF7FEFF 		bl	Host2SCS
  42:User/SCSLib/SMS_STS.c **** 	Host2SCS(bBuf+3, bBuf+4, 0);
 180              		.loc 1 42 2
 181 0054 07F10803 		add	r3, r7, #8
 182 0058 0333     		adds	r3, r3, #3
 183 005a 07F10801 		add	r1, r7, #8
 184 005e 0431     		adds	r1, r1, #4
 185 0060 0022     		movs	r2, #0
 186 0062 1846     		mov	r0, r3
 187 0064 FFF7FEFF 		bl	Host2SCS
  43:User/SCSLib/SMS_STS.c **** 	Host2SCS(bBuf+5, bBuf+6, Speed);
 188              		.loc 1 43 2
ARM GAS  /var/folders/xf/tcndk8390ml5xdpfw93qkhpm0000gn/T//ccRvNO3u.s 			page 5


 189 0068 07F10803 		add	r3, r7, #8
 190 006c 0533     		adds	r3, r3, #5
 191 006e 07F10801 		add	r1, r7, #8
 192 0072 0631     		adds	r1, r1, #6
 193 0074 7A88     		ldrh	r2, [r7, #2]
 194 0076 1846     		mov	r0, r3
 195 0078 FFF7FEFF 		bl	Host2SCS
  44:User/SCSLib/SMS_STS.c **** 	
  45:User/SCSLib/SMS_STS.c **** 	return regWrite(ID, SMS_STS_ACC, bBuf, 7);
 196              		.loc 1 45 9
 197 007c 07F10802 		add	r2, r7, #8
 198 0080 F879     		ldrb	r0, [r7, #7]	@ zero_extendqisi2
 199 0082 0723     		movs	r3, #7
 200 0084 2921     		movs	r1, #41
 201 0086 FFF7FEFF 		bl	regWrite
 202 008a 0346     		mov	r3, r0
  46:User/SCSLib/SMS_STS.c **** }
 203              		.loc 1 46 1
 204 008c 1846     		mov	r0, r3
 205 008e 1437     		adds	r7, r7, #20
 206              	.LCFI8:
 207              		.cfi_def_cfa_offset 12
 208 0090 BD46     		mov	sp, r7
 209              	.LCFI9:
 210              		.cfi_def_cfa_register 13
 211              		@ sp needed
 212 0092 90BD     		pop	{r4, r7, pc}
 213              		.cfi_endproc
 214              	.LFE1:
 216              		.section	.text.SyncWritePosEx,"ax",%progbits
 217              		.align	1
 218              		.global	SyncWritePosEx
 219              		.syntax unified
 220              		.thumb
 221              		.thumb_func
 223              	SyncWritePosEx:
 224              	.LFB2:
  47:User/SCSLib/SMS_STS.c **** 
  48:User/SCSLib/SMS_STS.c **** void SyncWritePosEx(uint8_t ID[], uint8_t IDN, int16_t Position[], uint16_t Speed[], uint8_t ACC[])
  49:User/SCSLib/SMS_STS.c **** {
 225              		.loc 1 49 1
 226              		.cfi_startproc
 227              		@ args = 4, pretend = 0, frame = 248
 228              		@ frame_needed = 1, uses_anonymous_args = 0
 229 0000 80B5     		push	{r7, lr}
 230              	.LCFI10:
 231              		.cfi_def_cfa_offset 8
 232              		.cfi_offset 7, -8
 233              		.cfi_offset 14, -4
 234 0002 C0B0     		sub	sp, sp, #256
 235              	.LCFI11:
 236              		.cfi_def_cfa_offset 264
 237 0004 02AF     		add	r7, sp, #8
 238              	.LCFI12:
 239              		.cfi_def_cfa 7, 256
 240 0006 F860     		str	r0, [r7, #12]
 241 0008 7A60     		str	r2, [r7, #4]
ARM GAS  /var/folders/xf/tcndk8390ml5xdpfw93qkhpm0000gn/T//ccRvNO3u.s 			page 6


 242 000a 3B60     		str	r3, [r7]
 243 000c 0B46     		mov	r3, r1
 244 000e FB72     		strb	r3, [r7, #11]
  50:User/SCSLib/SMS_STS.c **** 	uint8_t offbuf[32*7];
  51:User/SCSLib/SMS_STS.c **** 	uint8_t i;
  52:User/SCSLib/SMS_STS.c **** 	uint16_t V;
  53:User/SCSLib/SMS_STS.c ****   for(i = 0; i<IDN; i++){
 245              		.loc 1 53 9
 246 0010 0023     		movs	r3, #0
 247 0012 87F8F730 		strb	r3, [r7, #247]
 248              		.loc 1 53 3
 249 0016 A6E0     		b	.L8
 250              	.L14:
  54:User/SCSLib/SMS_STS.c **** 		if(Position[i]<0){
 251              		.loc 1 54 14
 252 0018 97F8F730 		ldrb	r3, [r7, #247]	@ zero_extendqisi2
 253 001c 5B00     		lsls	r3, r3, #1
 254 001e 7A68     		ldr	r2, [r7, #4]
 255 0020 1344     		add	r3, r3, r2
 256 0022 B3F90030 		ldrsh	r3, [r3]
 257              		.loc 1 54 5
 258 0026 002B     		cmp	r3, #0
 259 0028 22DA     		bge	.L9
  55:User/SCSLib/SMS_STS.c **** 			Position[i] = -Position[i];
 260              		.loc 1 55 27
 261 002a 97F8F730 		ldrb	r3, [r7, #247]	@ zero_extendqisi2
 262 002e 5B00     		lsls	r3, r3, #1
 263 0030 7A68     		ldr	r2, [r7, #4]
 264 0032 1344     		add	r3, r3, r2
 265 0034 B3F90030 		ldrsh	r3, [r3]
 266 0038 9BB2     		uxth	r3, r3
 267              		.loc 1 55 16
 268 003a 5B42     		rsbs	r3, r3, #0
 269 003c 99B2     		uxth	r1, r3
 270              		.loc 1 55 12
 271 003e 97F8F730 		ldrb	r3, [r7, #247]	@ zero_extendqisi2
 272 0042 5B00     		lsls	r3, r3, #1
 273 0044 7A68     		ldr	r2, [r7, #4]
 274 0046 1344     		add	r3, r3, r2
 275              		.loc 1 55 16
 276 0048 0AB2     		sxth	r2, r1
 277 004a 1A80     		strh	r2, [r3]	@ movhi
  56:User/SCSLib/SMS_STS.c **** 			Position[i] |= (1<<15);
 278              		.loc 1 56 16
 279 004c 97F8F730 		ldrb	r3, [r7, #247]	@ zero_extendqisi2
 280 0050 5B00     		lsls	r3, r3, #1
 281 0052 7A68     		ldr	r2, [r7, #4]
 282 0054 1344     		add	r3, r3, r2
 283 0056 B3F90030 		ldrsh	r3, [r3]
 284 005a 97F8F720 		ldrb	r2, [r7, #247]	@ zero_extendqisi2
 285 005e 5200     		lsls	r2, r2, #1
 286 0060 7968     		ldr	r1, [r7, #4]
 287 0062 0A44     		add	r2, r2, r1
 288 0064 6FEA4343 		mvn	r3, r3, lsl #17
 289 0068 6FEA5343 		mvn	r3, r3, lsr #17
 290 006c 1BB2     		sxth	r3, r3
 291 006e 1380     		strh	r3, [r2]	@ movhi
ARM GAS  /var/folders/xf/tcndk8390ml5xdpfw93qkhpm0000gn/T//ccRvNO3u.s 			page 7


 292              	.L9:
  57:User/SCSLib/SMS_STS.c **** 		}
  58:User/SCSLib/SMS_STS.c **** 
  59:User/SCSLib/SMS_STS.c **** 		if(Speed){
 293              		.loc 1 59 5
 294 0070 3B68     		ldr	r3, [r7]
 295 0072 002B     		cmp	r3, #0
 296 0074 08D0     		beq	.L10
  60:User/SCSLib/SMS_STS.c **** 			V = Speed[i];
 297              		.loc 1 60 13
 298 0076 97F8F730 		ldrb	r3, [r7, #247]	@ zero_extendqisi2
 299 007a 5B00     		lsls	r3, r3, #1
 300 007c 3A68     		ldr	r2, [r7]
 301 007e 1344     		add	r3, r3, r2
 302              		.loc 1 60 6
 303 0080 1B88     		ldrh	r3, [r3]	@ movhi
 304 0082 A7F8F430 		strh	r3, [r7, #244]	@ movhi
 305 0086 02E0     		b	.L11
 306              	.L10:
  61:User/SCSLib/SMS_STS.c **** 		}else{
  62:User/SCSLib/SMS_STS.c **** 			V = 0;
 307              		.loc 1 62 6
 308 0088 0023     		movs	r3, #0
 309 008a A7F8F430 		strh	r3, [r7, #244]	@ movhi
 310              	.L11:
  63:User/SCSLib/SMS_STS.c **** 		}
  64:User/SCSLib/SMS_STS.c **** 		if(ACC){
 311              		.loc 1 64 5
 312 008e D7F80031 		ldr	r3, [r7, #256]
 313 0092 002B     		cmp	r3, #0
 314 0094 0FD0     		beq	.L12
  65:User/SCSLib/SMS_STS.c **** 			offbuf[i*7] = ACC[i];
 315              		.loc 1 65 21
 316 0096 97F8F730 		ldrb	r3, [r7, #247]	@ zero_extendqisi2
 317 009a D7F80021 		ldr	r2, [r7, #256]
 318 009e D118     		adds	r1, r2, r3
 319              		.loc 1 65 12
 320 00a0 97F8F720 		ldrb	r2, [r7, #247]	@ zero_extendqisi2
 321 00a4 1346     		mov	r3, r2
 322 00a6 DB00     		lsls	r3, r3, #3
 323 00a8 9B1A     		subs	r3, r3, r2
 324              		.loc 1 65 21
 325 00aa 0A78     		ldrb	r2, [r1]	@ zero_extendqisi2
 326              		.loc 1 65 16
 327 00ac F833     		adds	r3, r3, #248
 328 00ae 3B44     		add	r3, r3, r7
 329 00b0 03F8E42C 		strb	r2, [r3, #-228]
 330 00b4 09E0     		b	.L13
 331              	.L12:
  66:User/SCSLib/SMS_STS.c **** 		}else{
  67:User/SCSLib/SMS_STS.c **** 			offbuf[i*7] = 0;
 332              		.loc 1 67 12
 333 00b6 97F8F720 		ldrb	r2, [r7, #247]	@ zero_extendqisi2
 334 00ba 1346     		mov	r3, r2
 335 00bc DB00     		lsls	r3, r3, #3
 336 00be 9B1A     		subs	r3, r3, r2
 337              		.loc 1 67 16
ARM GAS  /var/folders/xf/tcndk8390ml5xdpfw93qkhpm0000gn/T//ccRvNO3u.s 			page 8


 338 00c0 F833     		adds	r3, r3, #248
 339 00c2 3B44     		add	r3, r3, r7
 340 00c4 0022     		movs	r2, #0
 341 00c6 03F8E42C 		strb	r2, [r3, #-228]
 342              	.L13:
  68:User/SCSLib/SMS_STS.c **** 		}
  69:User/SCSLib/SMS_STS.c **** 		Host2SCS(offbuf+i*7+1, offbuf+i*7+2, Position[i]);
 343              		.loc 1 69 20 discriminator 2
 344 00ca 97F8F720 		ldrb	r2, [r7, #247]	@ zero_extendqisi2
 345 00ce 1346     		mov	r3, r2
 346 00d0 DB00     		lsls	r3, r3, #3
 347 00d2 9B1A     		subs	r3, r3, r2
 348              		.loc 1 69 22 discriminator 2
 349 00d4 0133     		adds	r3, r3, #1
 350              		.loc 1 69 3 discriminator 2
 351 00d6 07F11402 		add	r2, r7, #20
 352 00da D018     		adds	r0, r2, r3
 353              		.loc 1 69 34 discriminator 2
 354 00dc 97F8F720 		ldrb	r2, [r7, #247]	@ zero_extendqisi2
 355 00e0 1346     		mov	r3, r2
 356 00e2 DB00     		lsls	r3, r3, #3
 357 00e4 9B1A     		subs	r3, r3, r2
 358              		.loc 1 69 36 discriminator 2
 359 00e6 0233     		adds	r3, r3, #2
 360              		.loc 1 69 3 discriminator 2
 361 00e8 07F11402 		add	r2, r7, #20
 362 00ec D118     		adds	r1, r2, r3
 363              		.loc 1 69 48 discriminator 2
 364 00ee 97F8F730 		ldrb	r3, [r7, #247]	@ zero_extendqisi2
 365 00f2 5B00     		lsls	r3, r3, #1
 366 00f4 7A68     		ldr	r2, [r7, #4]
 367 00f6 1344     		add	r3, r3, r2
 368 00f8 B3F90030 		ldrsh	r3, [r3]
 369              		.loc 1 69 3 discriminator 2
 370 00fc 1A46     		mov	r2, r3
 371 00fe FFF7FEFF 		bl	Host2SCS
  70:User/SCSLib/SMS_STS.c ****     Host2SCS(offbuf+i*7+3, offbuf+i*7+4, 0);
 372              		.loc 1 70 22 discriminator 2
 373 0102 97F8F720 		ldrb	r2, [r7, #247]	@ zero_extendqisi2
 374 0106 1346     		mov	r3, r2
 375 0108 DB00     		lsls	r3, r3, #3
 376 010a 9B1A     		subs	r3, r3, r2
 377              		.loc 1 70 24 discriminator 2
 378 010c 0333     		adds	r3, r3, #3
 379              		.loc 1 70 5 discriminator 2
 380 010e 07F11402 		add	r2, r7, #20
 381 0112 D018     		adds	r0, r2, r3
 382              		.loc 1 70 36 discriminator 2
 383 0114 97F8F720 		ldrb	r2, [r7, #247]	@ zero_extendqisi2
 384 0118 1346     		mov	r3, r2
 385 011a DB00     		lsls	r3, r3, #3
 386 011c 9B1A     		subs	r3, r3, r2
 387              		.loc 1 70 38 discriminator 2
 388 011e 0433     		adds	r3, r3, #4
 389              		.loc 1 70 5 discriminator 2
 390 0120 07F11402 		add	r2, r7, #20
 391 0124 1344     		add	r3, r3, r2
ARM GAS  /var/folders/xf/tcndk8390ml5xdpfw93qkhpm0000gn/T//ccRvNO3u.s 			page 9


 392 0126 0022     		movs	r2, #0
 393 0128 1946     		mov	r1, r3
 394 012a FFF7FEFF 		bl	Host2SCS
  71:User/SCSLib/SMS_STS.c ****     Host2SCS(offbuf+i*7+5, offbuf+i*7+6, V);
 395              		.loc 1 71 22 discriminator 2
 396 012e 97F8F720 		ldrb	r2, [r7, #247]	@ zero_extendqisi2
 397 0132 1346     		mov	r3, r2
 398 0134 DB00     		lsls	r3, r3, #3
 399 0136 9B1A     		subs	r3, r3, r2
 400              		.loc 1 71 24 discriminator 2
 401 0138 0533     		adds	r3, r3, #5
 402              		.loc 1 71 5 discriminator 2
 403 013a 07F11402 		add	r2, r7, #20
 404 013e D018     		adds	r0, r2, r3
 405              		.loc 1 71 36 discriminator 2
 406 0140 97F8F720 		ldrb	r2, [r7, #247]	@ zero_extendqisi2
 407 0144 1346     		mov	r3, r2
 408 0146 DB00     		lsls	r3, r3, #3
 409 0148 9B1A     		subs	r3, r3, r2
 410              		.loc 1 71 38 discriminator 2
 411 014a 0633     		adds	r3, r3, #6
 412              		.loc 1 71 5 discriminator 2
 413 014c 07F11402 		add	r2, r7, #20
 414 0150 1344     		add	r3, r3, r2
 415 0152 B7F8F420 		ldrh	r2, [r7, #244]
 416 0156 1946     		mov	r1, r3
 417 0158 FFF7FEFF 		bl	Host2SCS
  53:User/SCSLib/SMS_STS.c **** 		if(Position[i]<0){
 418              		.loc 1 53 22 discriminator 2
 419 015c 97F8F730 		ldrb	r3, [r7, #247]	@ zero_extendqisi2
 420 0160 0133     		adds	r3, r3, #1
 421 0162 87F8F730 		strb	r3, [r7, #247]
 422              	.L8:
  53:User/SCSLib/SMS_STS.c **** 		if(Position[i]<0){
 423              		.loc 1 53 3 discriminator 1
 424 0166 97F8F720 		ldrb	r2, [r7, #247]	@ zero_extendqisi2
 425 016a FB7A     		ldrb	r3, [r7, #11]	@ zero_extendqisi2
 426 016c 9A42     		cmp	r2, r3
 427 016e FFF453AF 		bcc	.L14
  72:User/SCSLib/SMS_STS.c **** 	}
  73:User/SCSLib/SMS_STS.c ****   syncWrite(ID, IDN, SMS_STS_ACC, offbuf, 7);
 428              		.loc 1 73 3
 429 0172 07F11403 		add	r3, r7, #20
 430 0176 F97A     		ldrb	r1, [r7, #11]	@ zero_extendqisi2
 431 0178 0722     		movs	r2, #7
 432 017a 0092     		str	r2, [sp]
 433 017c 2922     		movs	r2, #41
 434 017e F868     		ldr	r0, [r7, #12]
 435 0180 FFF7FEFF 		bl	syncWrite
  74:User/SCSLib/SMS_STS.c **** }
 436              		.loc 1 74 1
 437 0184 00BF     		nop
 438 0186 F837     		adds	r7, r7, #248
 439              	.LCFI13:
 440              		.cfi_def_cfa_offset 8
 441 0188 BD46     		mov	sp, r7
 442              	.LCFI14:
ARM GAS  /var/folders/xf/tcndk8390ml5xdpfw93qkhpm0000gn/T//ccRvNO3u.s 			page 10


 443              		.cfi_def_cfa_register 13
 444              		@ sp needed
 445 018a 80BD     		pop	{r7, pc}
 446              		.cfi_endproc
 447              	.LFE2:
 449              		.section	.text.WheelMode,"ax",%progbits
 450              		.align	1
 451              		.global	WheelMode
 452              		.syntax unified
 453              		.thumb
 454              		.thumb_func
 456              	WheelMode:
 457              	.LFB3:
  75:User/SCSLib/SMS_STS.c **** 
  76:User/SCSLib/SMS_STS.c **** int WheelMode(uint8_t ID)
  77:User/SCSLib/SMS_STS.c **** {
 458              		.loc 1 77 1
 459              		.cfi_startproc
 460              		@ args = 0, pretend = 0, frame = 8
 461              		@ frame_needed = 1, uses_anonymous_args = 0
 462 0000 80B5     		push	{r7, lr}
 463              	.LCFI15:
 464              		.cfi_def_cfa_offset 8
 465              		.cfi_offset 7, -8
 466              		.cfi_offset 14, -4
 467 0002 82B0     		sub	sp, sp, #8
 468              	.LCFI16:
 469              		.cfi_def_cfa_offset 16
 470 0004 00AF     		add	r7, sp, #0
 471              	.LCFI17:
 472              		.cfi_def_cfa_register 7
 473 0006 0346     		mov	r3, r0
 474 0008 FB71     		strb	r3, [r7, #7]
  78:User/SCSLib/SMS_STS.c **** 	return writeByte(ID, SMS_STS_MODE, 1);		
 475              		.loc 1 78 9
 476 000a FB79     		ldrb	r3, [r7, #7]	@ zero_extendqisi2
 477 000c 0122     		movs	r2, #1
 478 000e 2121     		movs	r1, #33
 479 0010 1846     		mov	r0, r3
 480 0012 FFF7FEFF 		bl	writeByte
 481 0016 0346     		mov	r3, r0
  79:User/SCSLib/SMS_STS.c **** }
 482              		.loc 1 79 1
 483 0018 1846     		mov	r0, r3
 484 001a 0837     		adds	r7, r7, #8
 485              	.LCFI18:
 486              		.cfi_def_cfa_offset 8
 487 001c BD46     		mov	sp, r7
 488              	.LCFI19:
 489              		.cfi_def_cfa_register 13
 490              		@ sp needed
 491 001e 80BD     		pop	{r7, pc}
 492              		.cfi_endproc
 493              	.LFE3:
 495              		.section	.text.WriteSpe,"ax",%progbits
 496              		.align	1
 497              		.global	WriteSpe
ARM GAS  /var/folders/xf/tcndk8390ml5xdpfw93qkhpm0000gn/T//ccRvNO3u.s 			page 11


 498              		.syntax unified
 499              		.thumb
 500              		.thumb_func
 502              	WriteSpe:
 503              	.LFB4:
  80:User/SCSLib/SMS_STS.c **** 
  81:User/SCSLib/SMS_STS.c **** int WriteSpe(uint8_t ID, int16_t Speed, uint8_t ACC)
  82:User/SCSLib/SMS_STS.c **** {
 504              		.loc 1 82 1
 505              		.cfi_startproc
 506              		@ args = 0, pretend = 0, frame = 16
 507              		@ frame_needed = 1, uses_anonymous_args = 0
 508 0000 80B5     		push	{r7, lr}
 509              	.LCFI20:
 510              		.cfi_def_cfa_offset 8
 511              		.cfi_offset 7, -8
 512              		.cfi_offset 14, -4
 513 0002 84B0     		sub	sp, sp, #16
 514              	.LCFI21:
 515              		.cfi_def_cfa_offset 24
 516 0004 00AF     		add	r7, sp, #0
 517              	.LCFI22:
 518              		.cfi_def_cfa_register 7
 519 0006 0346     		mov	r3, r0
 520 0008 FB71     		strb	r3, [r7, #7]
 521 000a 0B46     		mov	r3, r1	@ movhi
 522 000c BB80     		strh	r3, [r7, #4]	@ movhi
 523 000e 1346     		mov	r3, r2
 524 0010 BB71     		strb	r3, [r7, #6]
  83:User/SCSLib/SMS_STS.c **** 	uint8_t bBuf[2];
  84:User/SCSLib/SMS_STS.c **** 	if(Speed<0){
 525              		.loc 1 84 4
 526 0012 B7F90430 		ldrsh	r3, [r7, #4]
 527 0016 002B     		cmp	r3, #0
 528 0018 09DA     		bge	.L18
  85:User/SCSLib/SMS_STS.c **** 		Speed = -Speed;
 529              		.loc 1 85 9
 530 001a BB88     		ldrh	r3, [r7, #4]
 531 001c 5B42     		rsbs	r3, r3, #0
 532 001e 9BB2     		uxth	r3, r3
 533 0020 BB80     		strh	r3, [r7, #4]	@ movhi
  86:User/SCSLib/SMS_STS.c **** 		Speed |= (1<<15);
 534              		.loc 1 86 9
 535 0022 BB88     		ldrh	r3, [r7, #4]	@ movhi
 536 0024 6FEA4343 		mvn	r3, r3, lsl #17
 537 0028 6FEA5343 		mvn	r3, r3, lsr #17
 538 002c BB80     		strh	r3, [r7, #4]	@ movhi
 539              	.L18:
  87:User/SCSLib/SMS_STS.c **** 	}
  88:User/SCSLib/SMS_STS.c **** 	bBuf[0] = ACC;
 540              		.loc 1 88 10
 541 002e BB79     		ldrb	r3, [r7, #6]
 542 0030 3B73     		strb	r3, [r7, #12]
  89:User/SCSLib/SMS_STS.c **** 	genWrite(ID, SMS_STS_ACC, bBuf, 1);
 543              		.loc 1 89 2
 544 0032 07F10C02 		add	r2, r7, #12
 545 0036 F879     		ldrb	r0, [r7, #7]	@ zero_extendqisi2
ARM GAS  /var/folders/xf/tcndk8390ml5xdpfw93qkhpm0000gn/T//ccRvNO3u.s 			page 12


 546 0038 0123     		movs	r3, #1
 547 003a 2921     		movs	r1, #41
 548 003c FFF7FEFF 		bl	genWrite
  90:User/SCSLib/SMS_STS.c **** 	
  91:User/SCSLib/SMS_STS.c **** 	Host2SCS(bBuf+0, bBuf+1, Speed);
 549              		.loc 1 91 2
 550 0040 07F10C03 		add	r3, r7, #12
 551 0044 0133     		adds	r3, r3, #1
 552 0046 B7F90420 		ldrsh	r2, [r7, #4]
 553 004a 07F10C00 		add	r0, r7, #12
 554 004e 1946     		mov	r1, r3
 555 0050 FFF7FEFF 		bl	Host2SCS
  92:User/SCSLib/SMS_STS.c **** 
  93:User/SCSLib/SMS_STS.c **** 	genWrite(ID, SMS_STS_GOAL_SPEED_L, bBuf, 2);
 556              		.loc 1 93 2
 557 0054 07F10C02 		add	r2, r7, #12
 558 0058 F879     		ldrb	r0, [r7, #7]	@ zero_extendqisi2
 559 005a 0223     		movs	r3, #2
 560 005c 2E21     		movs	r1, #46
 561 005e FFF7FEFF 		bl	genWrite
  94:User/SCSLib/SMS_STS.c **** 	return 1;
 562              		.loc 1 94 9
 563 0062 0123     		movs	r3, #1
  95:User/SCSLib/SMS_STS.c **** }
 564              		.loc 1 95 1
 565 0064 1846     		mov	r0, r3
 566 0066 1037     		adds	r7, r7, #16
 567              	.LCFI23:
 568              		.cfi_def_cfa_offset 8
 569 0068 BD46     		mov	sp, r7
 570              	.LCFI24:
 571              		.cfi_def_cfa_register 13
 572              		@ sp needed
 573 006a 80BD     		pop	{r7, pc}
 574              		.cfi_endproc
 575              	.LFE4:
 577              		.section	.text.CalibrationOfs,"ax",%progbits
 578              		.align	1
 579              		.global	CalibrationOfs
 580              		.syntax unified
 581              		.thumb
 582              		.thumb_func
 584              	CalibrationOfs:
 585              	.LFB5:
  96:User/SCSLib/SMS_STS.c **** 
  97:User/SCSLib/SMS_STS.c **** int CalibrationOfs(uint8_t ID)
  98:User/SCSLib/SMS_STS.c **** {
 586              		.loc 1 98 1
 587              		.cfi_startproc
 588              		@ args = 0, pretend = 0, frame = 8
 589              		@ frame_needed = 1, uses_anonymous_args = 0
 590 0000 80B5     		push	{r7, lr}
 591              	.LCFI25:
 592              		.cfi_def_cfa_offset 8
 593              		.cfi_offset 7, -8
 594              		.cfi_offset 14, -4
 595 0002 82B0     		sub	sp, sp, #8
ARM GAS  /var/folders/xf/tcndk8390ml5xdpfw93qkhpm0000gn/T//ccRvNO3u.s 			page 13


 596              	.LCFI26:
 597              		.cfi_def_cfa_offset 16
 598 0004 00AF     		add	r7, sp, #0
 599              	.LCFI27:
 600              		.cfi_def_cfa_register 7
 601 0006 0346     		mov	r3, r0
 602 0008 FB71     		strb	r3, [r7, #7]
  99:User/SCSLib/SMS_STS.c **** 	return writeByte(ID, SMS_STS_TORQUE_ENABLE, 128);
 603              		.loc 1 99 9
 604 000a FB79     		ldrb	r3, [r7, #7]	@ zero_extendqisi2
 605 000c 8022     		movs	r2, #128
 606 000e 2821     		movs	r1, #40
 607 0010 1846     		mov	r0, r3
 608 0012 FFF7FEFF 		bl	writeByte
 609 0016 0346     		mov	r3, r0
 100:User/SCSLib/SMS_STS.c **** }
 610              		.loc 1 100 1
 611 0018 1846     		mov	r0, r3
 612 001a 0837     		adds	r7, r7, #8
 613              	.LCFI28:
 614              		.cfi_def_cfa_offset 8
 615 001c BD46     		mov	sp, r7
 616              	.LCFI29:
 617              		.cfi_def_cfa_register 13
 618              		@ sp needed
 619 001e 80BD     		pop	{r7, pc}
 620              		.cfi_endproc
 621              	.LFE5:
 623              		.section	.text.unLockEpromEx,"ax",%progbits
 624              		.align	1
 625              		.global	unLockEpromEx
 626              		.syntax unified
 627              		.thumb
 628              		.thumb_func
 630              	unLockEpromEx:
 631              	.LFB6:
 101:User/SCSLib/SMS_STS.c **** 
 102:User/SCSLib/SMS_STS.c **** int unLockEpromEx(uint8_t ID)
 103:User/SCSLib/SMS_STS.c **** {
 632              		.loc 1 103 1
 633              		.cfi_startproc
 634              		@ args = 0, pretend = 0, frame = 8
 635              		@ frame_needed = 1, uses_anonymous_args = 0
 636 0000 80B5     		push	{r7, lr}
 637              	.LCFI30:
 638              		.cfi_def_cfa_offset 8
 639              		.cfi_offset 7, -8
 640              		.cfi_offset 14, -4
 641 0002 82B0     		sub	sp, sp, #8
 642              	.LCFI31:
 643              		.cfi_def_cfa_offset 16
 644 0004 00AF     		add	r7, sp, #0
 645              	.LCFI32:
 646              		.cfi_def_cfa_register 7
 647 0006 0346     		mov	r3, r0
 648 0008 FB71     		strb	r3, [r7, #7]
 104:User/SCSLib/SMS_STS.c **** 	return writeByte(ID, SMS_STS_LOCK, 0);
ARM GAS  /var/folders/xf/tcndk8390ml5xdpfw93qkhpm0000gn/T//ccRvNO3u.s 			page 14


 649              		.loc 1 104 9
 650 000a FB79     		ldrb	r3, [r7, #7]	@ zero_extendqisi2
 651 000c 0022     		movs	r2, #0
 652 000e 3721     		movs	r1, #55
 653 0010 1846     		mov	r0, r3
 654 0012 FFF7FEFF 		bl	writeByte
 655 0016 0346     		mov	r3, r0
 105:User/SCSLib/SMS_STS.c **** }
 656              		.loc 1 105 1
 657 0018 1846     		mov	r0, r3
 658 001a 0837     		adds	r7, r7, #8
 659              	.LCFI33:
 660              		.cfi_def_cfa_offset 8
 661 001c BD46     		mov	sp, r7
 662              	.LCFI34:
 663              		.cfi_def_cfa_register 13
 664              		@ sp needed
 665 001e 80BD     		pop	{r7, pc}
 666              		.cfi_endproc
 667              	.LFE6:
 669              		.section	.text.LockEpromEx,"ax",%progbits
 670              		.align	1
 671              		.global	LockEpromEx
 672              		.syntax unified
 673              		.thumb
 674              		.thumb_func
 676              	LockEpromEx:
 677              	.LFB7:
 106:User/SCSLib/SMS_STS.c **** 
 107:User/SCSLib/SMS_STS.c **** int LockEpromEx(uint8_t ID)
 108:User/SCSLib/SMS_STS.c **** {
 678              		.loc 1 108 1
 679              		.cfi_startproc
 680              		@ args = 0, pretend = 0, frame = 8
 681              		@ frame_needed = 1, uses_anonymous_args = 0
 682 0000 80B5     		push	{r7, lr}
 683              	.LCFI35:
 684              		.cfi_def_cfa_offset 8
 685              		.cfi_offset 7, -8
 686              		.cfi_offset 14, -4
 687 0002 82B0     		sub	sp, sp, #8
 688              	.LCFI36:
 689              		.cfi_def_cfa_offset 16
 690 0004 00AF     		add	r7, sp, #0
 691              	.LCFI37:
 692              		.cfi_def_cfa_register 7
 693 0006 0346     		mov	r3, r0
 694 0008 FB71     		strb	r3, [r7, #7]
 109:User/SCSLib/SMS_STS.c **** 	return writeByte(ID, SMS_STS_LOCK, 1);
 695              		.loc 1 109 9
 696 000a FB79     		ldrb	r3, [r7, #7]	@ zero_extendqisi2
 697 000c 0122     		movs	r2, #1
 698 000e 3721     		movs	r1, #55
 699 0010 1846     		mov	r0, r3
 700 0012 FFF7FEFF 		bl	writeByte
 701 0016 0346     		mov	r3, r0
 110:User/SCSLib/SMS_STS.c **** }
ARM GAS  /var/folders/xf/tcndk8390ml5xdpfw93qkhpm0000gn/T//ccRvNO3u.s 			page 15


 702              		.loc 1 110 1
 703 0018 1846     		mov	r0, r3
 704 001a 0837     		adds	r7, r7, #8
 705              	.LCFI38:
 706              		.cfi_def_cfa_offset 8
 707 001c BD46     		mov	sp, r7
 708              	.LCFI39:
 709              		.cfi_def_cfa_register 13
 710              		@ sp needed
 711 001e 80BD     		pop	{r7, pc}
 712              		.cfi_endproc
 713              	.LFE7:
 715              		.text
 716              	.Letext0:
 717              		.file 2 "/Applications/ARM/arm-none-eabi/include/machine/_default_types.h"
 718              		.file 3 "/Applications/ARM/arm-none-eabi/include/sys/_stdint.h"
ARM GAS  /var/folders/xf/tcndk8390ml5xdpfw93qkhpm0000gn/T//ccRvNO3u.s 			page 16


DEFINED SYMBOLS
                            *ABS*:0000000000000000 SMS_STS.c
/var/folders/xf/tcndk8390ml5xdpfw93qkhpm0000gn/T//ccRvNO3u.s:18     .text.WritePosEx:0000000000000000 $t
/var/folders/xf/tcndk8390ml5xdpfw93qkhpm0000gn/T//ccRvNO3u.s:24     .text.WritePosEx:0000000000000000 WritePosEx
/var/folders/xf/tcndk8390ml5xdpfw93qkhpm0000gn/T//ccRvNO3u.s:118    .text.RegWritePosEx:0000000000000000 $t
/var/folders/xf/tcndk8390ml5xdpfw93qkhpm0000gn/T//ccRvNO3u.s:124    .text.RegWritePosEx:0000000000000000 RegWritePosEx
/var/folders/xf/tcndk8390ml5xdpfw93qkhpm0000gn/T//ccRvNO3u.s:217    .text.SyncWritePosEx:0000000000000000 $t
/var/folders/xf/tcndk8390ml5xdpfw93qkhpm0000gn/T//ccRvNO3u.s:223    .text.SyncWritePosEx:0000000000000000 SyncWritePosEx
/var/folders/xf/tcndk8390ml5xdpfw93qkhpm0000gn/T//ccRvNO3u.s:450    .text.WheelMode:0000000000000000 $t
/var/folders/xf/tcndk8390ml5xdpfw93qkhpm0000gn/T//ccRvNO3u.s:456    .text.WheelMode:0000000000000000 WheelMode
/var/folders/xf/tcndk8390ml5xdpfw93qkhpm0000gn/T//ccRvNO3u.s:496    .text.WriteSpe:0000000000000000 $t
/var/folders/xf/tcndk8390ml5xdpfw93qkhpm0000gn/T//ccRvNO3u.s:502    .text.WriteSpe:0000000000000000 WriteSpe
/var/folders/xf/tcndk8390ml5xdpfw93qkhpm0000gn/T//ccRvNO3u.s:578    .text.CalibrationOfs:0000000000000000 $t
/var/folders/xf/tcndk8390ml5xdpfw93qkhpm0000gn/T//ccRvNO3u.s:584    .text.CalibrationOfs:0000000000000000 CalibrationOfs
/var/folders/xf/tcndk8390ml5xdpfw93qkhpm0000gn/T//ccRvNO3u.s:624    .text.unLockEpromEx:0000000000000000 $t
/var/folders/xf/tcndk8390ml5xdpfw93qkhpm0000gn/T//ccRvNO3u.s:630    .text.unLockEpromEx:0000000000000000 unLockEpromEx
/var/folders/xf/tcndk8390ml5xdpfw93qkhpm0000gn/T//ccRvNO3u.s:670    .text.LockEpromEx:0000000000000000 $t
/var/folders/xf/tcndk8390ml5xdpfw93qkhpm0000gn/T//ccRvNO3u.s:676    .text.LockEpromEx:0000000000000000 LockEpromEx

UNDEFINED SYMBOLS
Host2SCS
genWrite
regWrite
syncWrite
writeByte
