ARM GAS  /var/folders/g3/s0qwt8r95936n9ghz4hhpdwm0000gn/T//ccNsK1ia.s 			page 1


   1              		.cpu cortex-m3
   2              		.arch armv7-m
   3              		.fpu softvfp
   4              		.eabi_attribute 20, 1
   5              		.eabi_attribute 21, 1
   6              		.eabi_attribute 23, 3
   7              		.eabi_attribute 24, 1
   8              		.eabi_attribute 25, 1
   9              		.eabi_attribute 26, 1
  10              		.eabi_attribute 30, 6
  11              		.eabi_attribute 34, 1
  12              		.eabi_attribute 18, 4
  13              		.file	"stm32f1xx_it.c"
  14              		.text
  15              	.Ltext0:
  16              		.cfi_sections	.debug_frame
  17              		.global	RxHeader
  18              		.section	.bss.RxHeader,"aw",%nobits
  19              		.align	2
  22              	RxHeader:
  23 0000 00000000 		.space	28
  23      00000000 
  23      00000000 
  23      00000000 
  23      00000000 
  24              		.global	RxData
  25              		.section	.bss.RxData,"aw",%nobits
  26              		.align	2
  29              	RxData:
  30 0000 00000000 		.space	8
  30      00000000 
  31              		.section	.text.NMI_Handler,"ax",%progbits
  32              		.align	1
  33              		.global	NMI_Handler
  34              		.syntax unified
  35              		.thumb
  36              		.thumb_func
  38              	NMI_Handler:
  39              	.LFB65:
  40              		.file 1 "Core/Src/stm32f1xx_it.c"
   1:Core/Src/stm32f1xx_it.c **** /* USER CODE BEGIN Header */
   2:Core/Src/stm32f1xx_it.c **** /**
   3:Core/Src/stm32f1xx_it.c ****   ******************************************************************************
   4:Core/Src/stm32f1xx_it.c ****   * @file    stm32f1xx_it.c
   5:Core/Src/stm32f1xx_it.c ****   * @brief   Interrupt Service Routines.
   6:Core/Src/stm32f1xx_it.c ****   ******************************************************************************
   7:Core/Src/stm32f1xx_it.c ****   * @attention
   8:Core/Src/stm32f1xx_it.c ****   *
   9:Core/Src/stm32f1xx_it.c ****   * Copyright (c) 2025 STMicroelectronics.
  10:Core/Src/stm32f1xx_it.c ****   * All rights reserved.
  11:Core/Src/stm32f1xx_it.c ****   *
  12:Core/Src/stm32f1xx_it.c ****   * This software is licensed under terms that can be found in the LICENSE file
  13:Core/Src/stm32f1xx_it.c ****   * in the root directory of this software component.
  14:Core/Src/stm32f1xx_it.c ****   * If no LICENSE file comes with this software, it is provided AS-IS.
  15:Core/Src/stm32f1xx_it.c ****   *
  16:Core/Src/stm32f1xx_it.c ****   ******************************************************************************
  17:Core/Src/stm32f1xx_it.c ****   */
ARM GAS  /var/folders/g3/s0qwt8r95936n9ghz4hhpdwm0000gn/T//ccNsK1ia.s 			page 2


  18:Core/Src/stm32f1xx_it.c **** /* USER CODE END Header */
  19:Core/Src/stm32f1xx_it.c **** 
  20:Core/Src/stm32f1xx_it.c **** /* Includes ------------------------------------------------------------------*/
  21:Core/Src/stm32f1xx_it.c **** #include "main.h"
  22:Core/Src/stm32f1xx_it.c **** #include "stm32f1xx_it.h"
  23:Core/Src/stm32f1xx_it.c **** /* Private includes ----------------------------------------------------------*/
  24:Core/Src/stm32f1xx_it.c **** /* USER CODE BEGIN Includes */
  25:Core/Src/stm32f1xx_it.c **** #include "string.h"
  26:Core/Src/stm32f1xx_it.c **** // #include "STS_control.h" // Removed STS dependency
  27:Core/Src/stm32f1xx_it.c **** /* USER CODE END Includes */
  28:Core/Src/stm32f1xx_it.c **** 
  29:Core/Src/stm32f1xx_it.c **** /* Private typedef -----------------------------------------------------------*/
  30:Core/Src/stm32f1xx_it.c **** /* USER CODE BEGIN TD */
  31:Core/Src/stm32f1xx_it.c **** 
  32:Core/Src/stm32f1xx_it.c **** /* USER CODE END TD */
  33:Core/Src/stm32f1xx_it.c **** 
  34:Core/Src/stm32f1xx_it.c **** /* Private define ------------------------------------------------------------*/
  35:Core/Src/stm32f1xx_it.c **** /* USER CODE BEGIN PD */
  36:Core/Src/stm32f1xx_it.c **** 
  37:Core/Src/stm32f1xx_it.c **** /* USER CODE END PD */
  38:Core/Src/stm32f1xx_it.c **** 
  39:Core/Src/stm32f1xx_it.c **** /* Private macro -------------------------------------------------------------*/
  40:Core/Src/stm32f1xx_it.c **** /* USER CODE BEGIN PM */
  41:Core/Src/stm32f1xx_it.c **** 
  42:Core/Src/stm32f1xx_it.c **** /* USER CODE END PM */
  43:Core/Src/stm32f1xx_it.c **** 
  44:Core/Src/stm32f1xx_it.c **** /* Private variables ---------------------------------------------------------*/
  45:Core/Src/stm32f1xx_it.c **** /* USER CODE BEGIN PV */
  46:Core/Src/stm32f1xx_it.c **** CAN_RxHeaderTypeDef RxHeader;
  47:Core/Src/stm32f1xx_it.c **** uint8_t RxData[8];
  48:Core/Src/stm32f1xx_it.c **** /* USER CODE END PV */
  49:Core/Src/stm32f1xx_it.c **** 
  50:Core/Src/stm32f1xx_it.c **** /* Private function prototypes -----------------------------------------------*/
  51:Core/Src/stm32f1xx_it.c **** /* USER CODE BEGIN PFP */
  52:Core/Src/stm32f1xx_it.c **** /* USER CODE END PFP */
  53:Core/Src/stm32f1xx_it.c **** 
  54:Core/Src/stm32f1xx_it.c **** /* Private user code ---------------------------------------------------------*/
  55:Core/Src/stm32f1xx_it.c **** /* USER CODE BEGIN 0 */
  56:Core/Src/stm32f1xx_it.c **** 
  57:Core/Src/stm32f1xx_it.c **** /* USER CODE END 0 */
  58:Core/Src/stm32f1xx_it.c **** 
  59:Core/Src/stm32f1xx_it.c **** /* External variables --------------------------------------------------------*/
  60:Core/Src/stm32f1xx_it.c **** extern CAN_HandleTypeDef hcan;
  61:Core/Src/stm32f1xx_it.c **** extern DMA_HandleTypeDef hdma_usart2_rx;
  62:Core/Src/stm32f1xx_it.c **** extern DMA_HandleTypeDef hdma_usart2_tx;
  63:Core/Src/stm32f1xx_it.c **** extern UART_HandleTypeDef huart2;
  64:Core/Src/stm32f1xx_it.c **** /* USER CODE BEGIN EV */
  65:Core/Src/stm32f1xx_it.c **** 
  66:Core/Src/stm32f1xx_it.c **** /* USER CODE END EV */
  67:Core/Src/stm32f1xx_it.c **** 
  68:Core/Src/stm32f1xx_it.c **** /******************************************************************************/
  69:Core/Src/stm32f1xx_it.c **** /*           Cortex-M3 Processor Interruption and Exception Handlers          */
  70:Core/Src/stm32f1xx_it.c **** /******************************************************************************/
  71:Core/Src/stm32f1xx_it.c **** /**
  72:Core/Src/stm32f1xx_it.c ****   * @brief This function handles Non maskable interrupt.
  73:Core/Src/stm32f1xx_it.c ****   */
  74:Core/Src/stm32f1xx_it.c **** void NMI_Handler(void)
ARM GAS  /var/folders/g3/s0qwt8r95936n9ghz4hhpdwm0000gn/T//ccNsK1ia.s 			page 3


  75:Core/Src/stm32f1xx_it.c **** {
  41              		.loc 1 75 1
  42              		.cfi_startproc
  43              		@ args = 0, pretend = 0, frame = 0
  44              		@ frame_needed = 1, uses_anonymous_args = 0
  45              		@ link register save eliminated.
  46 0000 80B4     		push	{r7}
  47              	.LCFI0:
  48              		.cfi_def_cfa_offset 4
  49              		.cfi_offset 7, -4
  50 0002 00AF     		add	r7, sp, #0
  51              	.LCFI1:
  52              		.cfi_def_cfa_register 7
  53              	.L2:
  76:Core/Src/stm32f1xx_it.c ****   /* USER CODE BEGIN NonMaskableInt_IRQn 0 */
  77:Core/Src/stm32f1xx_it.c **** 
  78:Core/Src/stm32f1xx_it.c ****   /* USER CODE END NonMaskableInt_IRQn 0 */
  79:Core/Src/stm32f1xx_it.c ****   /* USER CODE BEGIN NonMaskableInt_IRQn 1 */
  80:Core/Src/stm32f1xx_it.c ****   while (1)
  54              		.loc 1 80 9 discriminator 1
  55 0004 FEE7     		b	.L2
  56              		.cfi_endproc
  57              	.LFE65:
  59              		.section	.text.HardFault_Handler,"ax",%progbits
  60              		.align	1
  61              		.global	HardFault_Handler
  62              		.syntax unified
  63              		.thumb
  64              		.thumb_func
  66              	HardFault_Handler:
  67              	.LFB66:
  81:Core/Src/stm32f1xx_it.c ****   {
  82:Core/Src/stm32f1xx_it.c ****   }
  83:Core/Src/stm32f1xx_it.c ****   /* USER CODE END NonMaskableInt_IRQn 1 */
  84:Core/Src/stm32f1xx_it.c **** }
  85:Core/Src/stm32f1xx_it.c **** 
  86:Core/Src/stm32f1xx_it.c **** /**
  87:Core/Src/stm32f1xx_it.c ****   * @brief This function handles Hard fault interrupt.
  88:Core/Src/stm32f1xx_it.c ****   */
  89:Core/Src/stm32f1xx_it.c **** void HardFault_Handler(void)
  90:Core/Src/stm32f1xx_it.c **** {
  68              		.loc 1 90 1
  69              		.cfi_startproc
  70              		@ args = 0, pretend = 0, frame = 0
  71              		@ frame_needed = 1, uses_anonymous_args = 0
  72              		@ link register save eliminated.
  73 0000 80B4     		push	{r7}
  74              	.LCFI2:
  75              		.cfi_def_cfa_offset 4
  76              		.cfi_offset 7, -4
  77 0002 00AF     		add	r7, sp, #0
  78              	.LCFI3:
  79              		.cfi_def_cfa_register 7
  80              	.L4:
  91:Core/Src/stm32f1xx_it.c ****   /* USER CODE BEGIN HardFault_IRQn 0 */
  92:Core/Src/stm32f1xx_it.c **** 
  93:Core/Src/stm32f1xx_it.c ****   /* USER CODE END HardFault_IRQn 0 */
ARM GAS  /var/folders/g3/s0qwt8r95936n9ghz4hhpdwm0000gn/T//ccNsK1ia.s 			page 4


  94:Core/Src/stm32f1xx_it.c ****   while (1)
  81              		.loc 1 94 9 discriminator 1
  82 0004 FEE7     		b	.L4
  83              		.cfi_endproc
  84              	.LFE66:
  86              		.section	.text.MemManage_Handler,"ax",%progbits
  87              		.align	1
  88              		.global	MemManage_Handler
  89              		.syntax unified
  90              		.thumb
  91              		.thumb_func
  93              	MemManage_Handler:
  94              	.LFB67:
  95:Core/Src/stm32f1xx_it.c ****   {
  96:Core/Src/stm32f1xx_it.c ****     /* USER CODE BEGIN W1_HardFault_IRQn 0 */
  97:Core/Src/stm32f1xx_it.c ****     /* USER CODE END W1_HardFault_IRQn 0 */
  98:Core/Src/stm32f1xx_it.c ****   }
  99:Core/Src/stm32f1xx_it.c **** }
 100:Core/Src/stm32f1xx_it.c **** 
 101:Core/Src/stm32f1xx_it.c **** /**
 102:Core/Src/stm32f1xx_it.c ****   * @brief This function handles Memory management fault.
 103:Core/Src/stm32f1xx_it.c ****   */
 104:Core/Src/stm32f1xx_it.c **** void MemManage_Handler(void)
 105:Core/Src/stm32f1xx_it.c **** {
  95              		.loc 1 105 1
  96              		.cfi_startproc
  97              		@ args = 0, pretend = 0, frame = 0
  98              		@ frame_needed = 1, uses_anonymous_args = 0
  99              		@ link register save eliminated.
 100 0000 80B4     		push	{r7}
 101              	.LCFI4:
 102              		.cfi_def_cfa_offset 4
 103              		.cfi_offset 7, -4
 104 0002 00AF     		add	r7, sp, #0
 105              	.LCFI5:
 106              		.cfi_def_cfa_register 7
 107              	.L6:
 106:Core/Src/stm32f1xx_it.c ****   /* USER CODE BEGIN MemoryManagement_IRQn 0 */
 107:Core/Src/stm32f1xx_it.c **** 
 108:Core/Src/stm32f1xx_it.c ****   /* USER CODE END MemoryManagement_IRQn 0 */
 109:Core/Src/stm32f1xx_it.c ****   while (1)
 108              		.loc 1 109 9 discriminator 1
 109 0004 FEE7     		b	.L6
 110              		.cfi_endproc
 111              	.LFE67:
 113              		.section	.text.BusFault_Handler,"ax",%progbits
 114              		.align	1
 115              		.global	BusFault_Handler
 116              		.syntax unified
 117              		.thumb
 118              		.thumb_func
 120              	BusFault_Handler:
 121              	.LFB68:
 110:Core/Src/stm32f1xx_it.c ****   {
 111:Core/Src/stm32f1xx_it.c ****     /* USER CODE BEGIN W1_MemoryManagement_IRQn 0 */
 112:Core/Src/stm32f1xx_it.c ****     /* USER CODE END W1_MemoryManagement_IRQn 0 */
 113:Core/Src/stm32f1xx_it.c ****   }
ARM GAS  /var/folders/g3/s0qwt8r95936n9ghz4hhpdwm0000gn/T//ccNsK1ia.s 			page 5


 114:Core/Src/stm32f1xx_it.c **** }
 115:Core/Src/stm32f1xx_it.c **** 
 116:Core/Src/stm32f1xx_it.c **** /**
 117:Core/Src/stm32f1xx_it.c ****   * @brief This function handles Prefetch fault, memory access fault.
 118:Core/Src/stm32f1xx_it.c ****   */
 119:Core/Src/stm32f1xx_it.c **** void BusFault_Handler(void)
 120:Core/Src/stm32f1xx_it.c **** {
 122              		.loc 1 120 1
 123              		.cfi_startproc
 124              		@ args = 0, pretend = 0, frame = 0
 125              		@ frame_needed = 1, uses_anonymous_args = 0
 126              		@ link register save eliminated.
 127 0000 80B4     		push	{r7}
 128              	.LCFI6:
 129              		.cfi_def_cfa_offset 4
 130              		.cfi_offset 7, -4
 131 0002 00AF     		add	r7, sp, #0
 132              	.LCFI7:
 133              		.cfi_def_cfa_register 7
 134              	.L8:
 121:Core/Src/stm32f1xx_it.c ****   /* USER CODE BEGIN BusFault_IRQn 0 */
 122:Core/Src/stm32f1xx_it.c **** 
 123:Core/Src/stm32f1xx_it.c ****   /* USER CODE END BusFault_IRQn 0 */
 124:Core/Src/stm32f1xx_it.c ****   while (1)
 135              		.loc 1 124 9 discriminator 1
 136 0004 FEE7     		b	.L8
 137              		.cfi_endproc
 138              	.LFE68:
 140              		.section	.text.UsageFault_Handler,"ax",%progbits
 141              		.align	1
 142              		.global	UsageFault_Handler
 143              		.syntax unified
 144              		.thumb
 145              		.thumb_func
 147              	UsageFault_Handler:
 148              	.LFB69:
 125:Core/Src/stm32f1xx_it.c ****   {
 126:Core/Src/stm32f1xx_it.c ****     /* USER CODE BEGIN W1_BusFault_IRQn 0 */
 127:Core/Src/stm32f1xx_it.c ****     /* USER CODE END W1_BusFault_IRQn 0 */
 128:Core/Src/stm32f1xx_it.c ****   }
 129:Core/Src/stm32f1xx_it.c **** }
 130:Core/Src/stm32f1xx_it.c **** 
 131:Core/Src/stm32f1xx_it.c **** /**
 132:Core/Src/stm32f1xx_it.c ****   * @brief This function handles Undefined instruction or illegal state.
 133:Core/Src/stm32f1xx_it.c ****   */
 134:Core/Src/stm32f1xx_it.c **** void UsageFault_Handler(void)
 135:Core/Src/stm32f1xx_it.c **** {
 149              		.loc 1 135 1
 150              		.cfi_startproc
 151              		@ args = 0, pretend = 0, frame = 0
 152              		@ frame_needed = 1, uses_anonymous_args = 0
 153              		@ link register save eliminated.
 154 0000 80B4     		push	{r7}
 155              	.LCFI8:
 156              		.cfi_def_cfa_offset 4
 157              		.cfi_offset 7, -4
 158 0002 00AF     		add	r7, sp, #0
ARM GAS  /var/folders/g3/s0qwt8r95936n9ghz4hhpdwm0000gn/T//ccNsK1ia.s 			page 6


 159              	.LCFI9:
 160              		.cfi_def_cfa_register 7
 161              	.L10:
 136:Core/Src/stm32f1xx_it.c ****   /* USER CODE BEGIN UsageFault_IRQn 0 */
 137:Core/Src/stm32f1xx_it.c **** 
 138:Core/Src/stm32f1xx_it.c ****   /* USER CODE END UsageFault_IRQn 0 */
 139:Core/Src/stm32f1xx_it.c ****   while (1)
 162              		.loc 1 139 9 discriminator 1
 163 0004 FEE7     		b	.L10
 164              		.cfi_endproc
 165              	.LFE69:
 167              		.section	.text.SVC_Handler,"ax",%progbits
 168              		.align	1
 169              		.global	SVC_Handler
 170              		.syntax unified
 171              		.thumb
 172              		.thumb_func
 174              	SVC_Handler:
 175              	.LFB70:
 140:Core/Src/stm32f1xx_it.c ****   {
 141:Core/Src/stm32f1xx_it.c ****     /* USER CODE BEGIN W1_UsageFault_IRQn 0 */
 142:Core/Src/stm32f1xx_it.c ****     /* USER CODE END W1_UsageFault_IRQn 0 */
 143:Core/Src/stm32f1xx_it.c ****   }
 144:Core/Src/stm32f1xx_it.c **** }
 145:Core/Src/stm32f1xx_it.c **** 
 146:Core/Src/stm32f1xx_it.c **** /**
 147:Core/Src/stm32f1xx_it.c ****   * @brief This function handles System service call via SWI instruction.
 148:Core/Src/stm32f1xx_it.c ****   */
 149:Core/Src/stm32f1xx_it.c **** void SVC_Handler(void)
 150:Core/Src/stm32f1xx_it.c **** {
 176              		.loc 1 150 1
 177              		.cfi_startproc
 178              		@ args = 0, pretend = 0, frame = 0
 179              		@ frame_needed = 1, uses_anonymous_args = 0
 180              		@ link register save eliminated.
 181 0000 80B4     		push	{r7}
 182              	.LCFI10:
 183              		.cfi_def_cfa_offset 4
 184              		.cfi_offset 7, -4
 185 0002 00AF     		add	r7, sp, #0
 186              	.LCFI11:
 187              		.cfi_def_cfa_register 7
 151:Core/Src/stm32f1xx_it.c ****   /* USER CODE BEGIN SVCall_IRQn 0 */
 152:Core/Src/stm32f1xx_it.c **** 
 153:Core/Src/stm32f1xx_it.c ****   /* USER CODE END SVCall_IRQn 0 */
 154:Core/Src/stm32f1xx_it.c ****   /* USER CODE BEGIN SVCall_IRQn 1 */
 155:Core/Src/stm32f1xx_it.c **** 
 156:Core/Src/stm32f1xx_it.c ****   /* USER CODE END SVCall_IRQn 1 */
 157:Core/Src/stm32f1xx_it.c **** }
 188              		.loc 1 157 1
 189 0004 00BF     		nop
 190 0006 BD46     		mov	sp, r7
 191              	.LCFI12:
 192              		.cfi_def_cfa_register 13
 193              		@ sp needed
 194 0008 80BC     		pop	{r7}
 195              	.LCFI13:
ARM GAS  /var/folders/g3/s0qwt8r95936n9ghz4hhpdwm0000gn/T//ccNsK1ia.s 			page 7


 196              		.cfi_restore 7
 197              		.cfi_def_cfa_offset 0
 198 000a 7047     		bx	lr
 199              		.cfi_endproc
 200              	.LFE70:
 202              		.section	.text.DebugMon_Handler,"ax",%progbits
 203              		.align	1
 204              		.global	DebugMon_Handler
 205              		.syntax unified
 206              		.thumb
 207              		.thumb_func
 209              	DebugMon_Handler:
 210              	.LFB71:
 158:Core/Src/stm32f1xx_it.c **** 
 159:Core/Src/stm32f1xx_it.c **** /**
 160:Core/Src/stm32f1xx_it.c ****   * @brief This function handles Debug monitor.
 161:Core/Src/stm32f1xx_it.c ****   */
 162:Core/Src/stm32f1xx_it.c **** void DebugMon_Handler(void)
 163:Core/Src/stm32f1xx_it.c **** {
 211              		.loc 1 163 1
 212              		.cfi_startproc
 213              		@ args = 0, pretend = 0, frame = 0
 214              		@ frame_needed = 1, uses_anonymous_args = 0
 215              		@ link register save eliminated.
 216 0000 80B4     		push	{r7}
 217              	.LCFI14:
 218              		.cfi_def_cfa_offset 4
 219              		.cfi_offset 7, -4
 220 0002 00AF     		add	r7, sp, #0
 221              	.LCFI15:
 222              		.cfi_def_cfa_register 7
 164:Core/Src/stm32f1xx_it.c ****   /* USER CODE BEGIN DebugMonitor_IRQn 0 */
 165:Core/Src/stm32f1xx_it.c **** 
 166:Core/Src/stm32f1xx_it.c ****   /* USER CODE END DebugMonitor_IRQn 0 */
 167:Core/Src/stm32f1xx_it.c ****   /* USER CODE BEGIN DebugMonitor_IRQn 1 */
 168:Core/Src/stm32f1xx_it.c **** 
 169:Core/Src/stm32f1xx_it.c ****   /* USER CODE END DebugMonitor_IRQn 1 */
 170:Core/Src/stm32f1xx_it.c **** }
 223              		.loc 1 170 1
 224 0004 00BF     		nop
 225 0006 BD46     		mov	sp, r7
 226              	.LCFI16:
 227              		.cfi_def_cfa_register 13
 228              		@ sp needed
 229 0008 80BC     		pop	{r7}
 230              	.LCFI17:
 231              		.cfi_restore 7
 232              		.cfi_def_cfa_offset 0
 233 000a 7047     		bx	lr
 234              		.cfi_endproc
 235              	.LFE71:
 237              		.section	.text.PendSV_Handler,"ax",%progbits
 238              		.align	1
 239              		.global	PendSV_Handler
 240              		.syntax unified
 241              		.thumb
 242              		.thumb_func
ARM GAS  /var/folders/g3/s0qwt8r95936n9ghz4hhpdwm0000gn/T//ccNsK1ia.s 			page 8


 244              	PendSV_Handler:
 245              	.LFB72:
 171:Core/Src/stm32f1xx_it.c **** 
 172:Core/Src/stm32f1xx_it.c **** /**
 173:Core/Src/stm32f1xx_it.c ****   * @brief This function handles Pendable request for system service.
 174:Core/Src/stm32f1xx_it.c ****   */
 175:Core/Src/stm32f1xx_it.c **** void PendSV_Handler(void)
 176:Core/Src/stm32f1xx_it.c **** {
 246              		.loc 1 176 1
 247              		.cfi_startproc
 248              		@ args = 0, pretend = 0, frame = 0
 249              		@ frame_needed = 1, uses_anonymous_args = 0
 250              		@ link register save eliminated.
 251 0000 80B4     		push	{r7}
 252              	.LCFI18:
 253              		.cfi_def_cfa_offset 4
 254              		.cfi_offset 7, -4
 255 0002 00AF     		add	r7, sp, #0
 256              	.LCFI19:
 257              		.cfi_def_cfa_register 7
 177:Core/Src/stm32f1xx_it.c ****   /* USER CODE BEGIN PendSV_IRQn 0 */
 178:Core/Src/stm32f1xx_it.c **** 
 179:Core/Src/stm32f1xx_it.c ****   /* USER CODE END PendSV_IRQn 0 */
 180:Core/Src/stm32f1xx_it.c ****   /* USER CODE BEGIN PendSV_IRQn 1 */
 181:Core/Src/stm32f1xx_it.c **** 
 182:Core/Src/stm32f1xx_it.c ****   /* USER CODE END PendSV_IRQn 1 */
 183:Core/Src/stm32f1xx_it.c **** }
 258              		.loc 1 183 1
 259 0004 00BF     		nop
 260 0006 BD46     		mov	sp, r7
 261              	.LCFI20:
 262              		.cfi_def_cfa_register 13
 263              		@ sp needed
 264 0008 80BC     		pop	{r7}
 265              	.LCFI21:
 266              		.cfi_restore 7
 267              		.cfi_def_cfa_offset 0
 268 000a 7047     		bx	lr
 269              		.cfi_endproc
 270              	.LFE72:
 272              		.section	.text.SysTick_Handler,"ax",%progbits
 273              		.align	1
 274              		.global	SysTick_Handler
 275              		.syntax unified
 276              		.thumb
 277              		.thumb_func
 279              	SysTick_Handler:
 280              	.LFB73:
 184:Core/Src/stm32f1xx_it.c **** 
 185:Core/Src/stm32f1xx_it.c **** /**
 186:Core/Src/stm32f1xx_it.c ****   * @brief This function handles System tick timer.
 187:Core/Src/stm32f1xx_it.c ****   */
 188:Core/Src/stm32f1xx_it.c **** void SysTick_Handler(void)
 189:Core/Src/stm32f1xx_it.c **** {
 281              		.loc 1 189 1
 282              		.cfi_startproc
 283              		@ args = 0, pretend = 0, frame = 0
ARM GAS  /var/folders/g3/s0qwt8r95936n9ghz4hhpdwm0000gn/T//ccNsK1ia.s 			page 9


 284              		@ frame_needed = 1, uses_anonymous_args = 0
 285 0000 80B5     		push	{r7, lr}
 286              	.LCFI22:
 287              		.cfi_def_cfa_offset 8
 288              		.cfi_offset 7, -8
 289              		.cfi_offset 14, -4
 290 0002 00AF     		add	r7, sp, #0
 291              	.LCFI23:
 292              		.cfi_def_cfa_register 7
 190:Core/Src/stm32f1xx_it.c ****   /* USER CODE BEGIN SysTick_IRQn 0 */
 191:Core/Src/stm32f1xx_it.c **** 
 192:Core/Src/stm32f1xx_it.c ****   /* USER CODE END SysTick_IRQn 0 */
 193:Core/Src/stm32f1xx_it.c ****   HAL_IncTick();
 293              		.loc 1 193 3
 294 0004 FFF7FEFF 		bl	HAL_IncTick
 194:Core/Src/stm32f1xx_it.c ****   /* USER CODE BEGIN SysTick_IRQn 1 */
 195:Core/Src/stm32f1xx_it.c **** 
 196:Core/Src/stm32f1xx_it.c ****   /* USER CODE END SysTick_IRQn 1 */
 197:Core/Src/stm32f1xx_it.c **** }
 295              		.loc 1 197 1
 296 0008 00BF     		nop
 297 000a 80BD     		pop	{r7, pc}
 298              		.cfi_endproc
 299              	.LFE73:
 301              		.section	.text.DMA1_Channel6_IRQHandler,"ax",%progbits
 302              		.align	1
 303              		.global	DMA1_Channel6_IRQHandler
 304              		.syntax unified
 305              		.thumb
 306              		.thumb_func
 308              	DMA1_Channel6_IRQHandler:
 309              	.LFB74:
 198:Core/Src/stm32f1xx_it.c **** 
 199:Core/Src/stm32f1xx_it.c **** /******************************************************************************/
 200:Core/Src/stm32f1xx_it.c **** /* STM32F1xx Peripheral Interrupt Handlers                                    */
 201:Core/Src/stm32f1xx_it.c **** /* Add here the Interrupt Handlers for the used peripherals.                  */
 202:Core/Src/stm32f1xx_it.c **** /* For the available peripheral interrupt handler names,                      */
 203:Core/Src/stm32f1xx_it.c **** /* please refer to the startup file (startup_stm32f1xx.s).                    */
 204:Core/Src/stm32f1xx_it.c **** /******************************************************************************/
 205:Core/Src/stm32f1xx_it.c **** 
 206:Core/Src/stm32f1xx_it.c **** /**
 207:Core/Src/stm32f1xx_it.c ****   * @brief This function handles DMA1 channel6 global interrupt.
 208:Core/Src/stm32f1xx_it.c ****   */
 209:Core/Src/stm32f1xx_it.c **** void DMA1_Channel6_IRQHandler(void)
 210:Core/Src/stm32f1xx_it.c **** {
 310              		.loc 1 210 1
 311              		.cfi_startproc
 312              		@ args = 0, pretend = 0, frame = 0
 313              		@ frame_needed = 1, uses_anonymous_args = 0
 314 0000 80B5     		push	{r7, lr}
 315              	.LCFI24:
 316              		.cfi_def_cfa_offset 8
 317              		.cfi_offset 7, -8
 318              		.cfi_offset 14, -4
 319 0002 00AF     		add	r7, sp, #0
 320              	.LCFI25:
 321              		.cfi_def_cfa_register 7
ARM GAS  /var/folders/g3/s0qwt8r95936n9ghz4hhpdwm0000gn/T//ccNsK1ia.s 			page 10


 211:Core/Src/stm32f1xx_it.c ****   /* USER CODE BEGIN DMA1_Channel6_IRQn 0 */
 212:Core/Src/stm32f1xx_it.c **** 
 213:Core/Src/stm32f1xx_it.c ****   /* USER CODE END DMA1_Channel6_IRQn 0 */
 214:Core/Src/stm32f1xx_it.c ****   HAL_DMA_IRQHandler(&hdma_usart2_rx);
 322              		.loc 1 214 3
 323 0004 0248     		ldr	r0, .L16
 324 0006 FFF7FEFF 		bl	HAL_DMA_IRQHandler
 215:Core/Src/stm32f1xx_it.c ****   /* USER CODE BEGIN DMA1_Channel6_IRQn 1 */
 216:Core/Src/stm32f1xx_it.c **** 
 217:Core/Src/stm32f1xx_it.c ****   /* USER CODE END DMA1_Channel6_IRQn 1 */
 218:Core/Src/stm32f1xx_it.c **** }
 325              		.loc 1 218 1
 326 000a 00BF     		nop
 327 000c 80BD     		pop	{r7, pc}
 328              	.L17:
 329 000e 00BF     		.align	2
 330              	.L16:
 331 0010 00000000 		.word	hdma_usart2_rx
 332              		.cfi_endproc
 333              	.LFE74:
 335              		.section	.text.DMA1_Channel7_IRQHandler,"ax",%progbits
 336              		.align	1
 337              		.global	DMA1_Channel7_IRQHandler
 338              		.syntax unified
 339              		.thumb
 340              		.thumb_func
 342              	DMA1_Channel7_IRQHandler:
 343              	.LFB75:
 219:Core/Src/stm32f1xx_it.c **** 
 220:Core/Src/stm32f1xx_it.c **** /**
 221:Core/Src/stm32f1xx_it.c ****   * @brief This function handles DMA1 channel7 global interrupt.
 222:Core/Src/stm32f1xx_it.c ****   */
 223:Core/Src/stm32f1xx_it.c **** void DMA1_Channel7_IRQHandler(void)
 224:Core/Src/stm32f1xx_it.c **** {
 344              		.loc 1 224 1
 345              		.cfi_startproc
 346              		@ args = 0, pretend = 0, frame = 0
 347              		@ frame_needed = 1, uses_anonymous_args = 0
 348 0000 80B5     		push	{r7, lr}
 349              	.LCFI26:
 350              		.cfi_def_cfa_offset 8
 351              		.cfi_offset 7, -8
 352              		.cfi_offset 14, -4
 353 0002 00AF     		add	r7, sp, #0
 354              	.LCFI27:
 355              		.cfi_def_cfa_register 7
 225:Core/Src/stm32f1xx_it.c ****   /* USER CODE BEGIN DMA1_Channel7_IRQn 0 */
 226:Core/Src/stm32f1xx_it.c **** 
 227:Core/Src/stm32f1xx_it.c ****   /* USER CODE END DMA1_Channel7_IRQn 0 */
 228:Core/Src/stm32f1xx_it.c ****   HAL_DMA_IRQHandler(&hdma_usart2_tx);
 356              		.loc 1 228 3
 357 0004 0248     		ldr	r0, .L19
 358 0006 FFF7FEFF 		bl	HAL_DMA_IRQHandler
 229:Core/Src/stm32f1xx_it.c ****   /* USER CODE BEGIN DMA1_Channel7_IRQn 1 */
 230:Core/Src/stm32f1xx_it.c **** 
 231:Core/Src/stm32f1xx_it.c ****   /* USER CODE END DMA1_Channel7_IRQn 1 */
 232:Core/Src/stm32f1xx_it.c **** }
ARM GAS  /var/folders/g3/s0qwt8r95936n9ghz4hhpdwm0000gn/T//ccNsK1ia.s 			page 11


 359              		.loc 1 232 1
 360 000a 00BF     		nop
 361 000c 80BD     		pop	{r7, pc}
 362              	.L20:
 363 000e 00BF     		.align	2
 364              	.L19:
 365 0010 00000000 		.word	hdma_usart2_tx
 366              		.cfi_endproc
 367              	.LFE75:
 369              		.section	.text.USB_LP_CAN1_RX0_IRQHandler,"ax",%progbits
 370              		.align	1
 371              		.global	USB_LP_CAN1_RX0_IRQHandler
 372              		.syntax unified
 373              		.thumb
 374              		.thumb_func
 376              	USB_LP_CAN1_RX0_IRQHandler:
 377              	.LFB76:
 233:Core/Src/stm32f1xx_it.c **** 
 234:Core/Src/stm32f1xx_it.c **** /**
 235:Core/Src/stm32f1xx_it.c ****   * @brief This function handles USB low priority or CAN RX0 interrupts.
 236:Core/Src/stm32f1xx_it.c ****   */
 237:Core/Src/stm32f1xx_it.c **** void USB_LP_CAN1_RX0_IRQHandler(void)
 238:Core/Src/stm32f1xx_it.c **** {
 378              		.loc 1 238 1
 379              		.cfi_startproc
 380              		@ args = 0, pretend = 0, frame = 0
 381              		@ frame_needed = 1, uses_anonymous_args = 0
 382 0000 80B5     		push	{r7, lr}
 383              	.LCFI28:
 384              		.cfi_def_cfa_offset 8
 385              		.cfi_offset 7, -8
 386              		.cfi_offset 14, -4
 387 0002 00AF     		add	r7, sp, #0
 388              	.LCFI29:
 389              		.cfi_def_cfa_register 7
 239:Core/Src/stm32f1xx_it.c ****   /* USER CODE BEGIN USB_LP_CAN1_RX0_IRQn 0 */
 240:Core/Src/stm32f1xx_it.c ****   
 241:Core/Src/stm32f1xx_it.c ****   /* USER CODE END USB_LP_CAN1_RX0_IRQn 0 */
 242:Core/Src/stm32f1xx_it.c ****   HAL_CAN_IRQHandler(&hcan);
 390              		.loc 1 242 3
 391 0004 0248     		ldr	r0, .L22
 392 0006 FFF7FEFF 		bl	HAL_CAN_IRQHandler
 243:Core/Src/stm32f1xx_it.c ****   /* USER CODE BEGIN USB_LP_CAN1_RX0_IRQn 1 */
 244:Core/Src/stm32f1xx_it.c **** 
 245:Core/Src/stm32f1xx_it.c ****   /* USER CODE END USB_LP_CAN1_RX0_IRQn 1 */
 246:Core/Src/stm32f1xx_it.c **** }
 393              		.loc 1 246 1
 394 000a 00BF     		nop
 395 000c 80BD     		pop	{r7, pc}
 396              	.L23:
 397 000e 00BF     		.align	2
 398              	.L22:
 399 0010 00000000 		.word	hcan
 400              		.cfi_endproc
 401              	.LFE76:
 403              		.section	.text.CAN1_RX1_IRQHandler,"ax",%progbits
 404              		.align	1
ARM GAS  /var/folders/g3/s0qwt8r95936n9ghz4hhpdwm0000gn/T//ccNsK1ia.s 			page 12


 405              		.global	CAN1_RX1_IRQHandler
 406              		.syntax unified
 407              		.thumb
 408              		.thumb_func
 410              	CAN1_RX1_IRQHandler:
 411              	.LFB77:
 247:Core/Src/stm32f1xx_it.c **** 
 248:Core/Src/stm32f1xx_it.c **** /**
 249:Core/Src/stm32f1xx_it.c ****   * @brief This function handles CAN RX1 interrupt.
 250:Core/Src/stm32f1xx_it.c ****   */
 251:Core/Src/stm32f1xx_it.c **** void CAN1_RX1_IRQHandler(void)
 252:Core/Src/stm32f1xx_it.c **** {
 412              		.loc 1 252 1
 413              		.cfi_startproc
 414              		@ args = 0, pretend = 0, frame = 0
 415              		@ frame_needed = 1, uses_anonymous_args = 0
 416 0000 80B5     		push	{r7, lr}
 417              	.LCFI30:
 418              		.cfi_def_cfa_offset 8
 419              		.cfi_offset 7, -8
 420              		.cfi_offset 14, -4
 421 0002 00AF     		add	r7, sp, #0
 422              	.LCFI31:
 423              		.cfi_def_cfa_register 7
 253:Core/Src/stm32f1xx_it.c ****   /* USER CODE BEGIN CAN1_RX1_IRQn 0 */
 254:Core/Src/stm32f1xx_it.c **** 
 255:Core/Src/stm32f1xx_it.c ****   /* USER CODE END CAN1_RX1_IRQn 0 */
 256:Core/Src/stm32f1xx_it.c ****   HAL_CAN_IRQHandler(&hcan);
 424              		.loc 1 256 3
 425 0004 0248     		ldr	r0, .L25
 426 0006 FFF7FEFF 		bl	HAL_CAN_IRQHandler
 257:Core/Src/stm32f1xx_it.c ****   /* USER CODE BEGIN CAN1_RX1_IRQn 1 */
 258:Core/Src/stm32f1xx_it.c **** 
 259:Core/Src/stm32f1xx_it.c ****   /* USER CODE END CAN1_RX1_IRQn 1 */
 260:Core/Src/stm32f1xx_it.c **** }
 427              		.loc 1 260 1
 428 000a 00BF     		nop
 429 000c 80BD     		pop	{r7, pc}
 430              	.L26:
 431 000e 00BF     		.align	2
 432              	.L25:
 433 0010 00000000 		.word	hcan
 434              		.cfi_endproc
 435              	.LFE77:
 437              		.section	.text.USART2_IRQHandler,"ax",%progbits
 438              		.align	1
 439              		.global	USART2_IRQHandler
 440              		.syntax unified
 441              		.thumb
 442              		.thumb_func
 444              	USART2_IRQHandler:
 445              	.LFB78:
 261:Core/Src/stm32f1xx_it.c **** 
 262:Core/Src/stm32f1xx_it.c **** /**
 263:Core/Src/stm32f1xx_it.c ****   * @brief This function handles USART2 global interrupt.
 264:Core/Src/stm32f1xx_it.c ****   */
 265:Core/Src/stm32f1xx_it.c **** void USART2_IRQHandler(void)
ARM GAS  /var/folders/g3/s0qwt8r95936n9ghz4hhpdwm0000gn/T//ccNsK1ia.s 			page 13


 266:Core/Src/stm32f1xx_it.c **** {
 446              		.loc 1 266 1
 447              		.cfi_startproc
 448              		@ args = 0, pretend = 0, frame = 0
 449              		@ frame_needed = 1, uses_anonymous_args = 0
 450 0000 80B5     		push	{r7, lr}
 451              	.LCFI32:
 452              		.cfi_def_cfa_offset 8
 453              		.cfi_offset 7, -8
 454              		.cfi_offset 14, -4
 455 0002 00AF     		add	r7, sp, #0
 456              	.LCFI33:
 457              		.cfi_def_cfa_register 7
 267:Core/Src/stm32f1xx_it.c ****   /* USER CODE BEGIN USART2_IRQn 0 */
 268:Core/Src/stm32f1xx_it.c ****   /* USER CODE END USART2_IRQn 0 */
 269:Core/Src/stm32f1xx_it.c ****   HAL_UART_IRQHandler(&huart2);
 458              		.loc 1 269 3
 459 0004 0248     		ldr	r0, .L28
 460 0006 FFF7FEFF 		bl	HAL_UART_IRQHandler
 270:Core/Src/stm32f1xx_it.c ****   /* USER CODE BEGIN USART2_IRQn 1 */
 271:Core/Src/stm32f1xx_it.c ****   /* USER CODE END USART2_IRQn 1 */
 272:Core/Src/stm32f1xx_it.c **** }
 461              		.loc 1 272 1
 462 000a 00BF     		nop
 463 000c 80BD     		pop	{r7, pc}
 464              	.L29:
 465 000e 00BF     		.align	2
 466              	.L28:
 467 0010 00000000 		.word	huart2
 468              		.cfi_endproc
 469              	.LFE78:
 471              		.text
 472              	.Letext0:
 473              		.file 2 "/Users/lr-2002/Applications/gcc-arm-none-eabi-10.3-2021.10/arm-none-eabi/include/machine/
 474              		.file 3 "/Users/lr-2002/Applications/gcc-arm-none-eabi-10.3-2021.10/arm-none-eabi/include/sys/_std
 475              		.file 4 "Drivers/CMSIS/Device/ST/STM32F1xx/Include/stm32f103xb.h"
 476              		.file 5 "Drivers/CMSIS/Device/ST/STM32F1xx/Include/stm32f1xx.h"
 477              		.file 6 "Drivers/STM32F1xx_HAL_Driver/Inc/stm32f1xx_hal_def.h"
 478              		.file 7 "Drivers/STM32F1xx_HAL_Driver/Inc/stm32f1xx_hal_dma.h"
 479              		.file 8 "Drivers/STM32F1xx_HAL_Driver/Inc/stm32f1xx_hal_can.h"
 480              		.file 9 "Drivers/STM32F1xx_HAL_Driver/Inc/stm32f1xx_hal_uart.h"
ARM GAS  /var/folders/g3/s0qwt8r95936n9ghz4hhpdwm0000gn/T//ccNsK1ia.s 			page 14


DEFINED SYMBOLS
                            *ABS*:0000000000000000 stm32f1xx_it.c
/var/folders/g3/s0qwt8r95936n9ghz4hhpdwm0000gn/T//ccNsK1ia.s:22     .bss.RxHeader:0000000000000000 RxHeader
/var/folders/g3/s0qwt8r95936n9ghz4hhpdwm0000gn/T//ccNsK1ia.s:19     .bss.RxHeader:0000000000000000 $d
/var/folders/g3/s0qwt8r95936n9ghz4hhpdwm0000gn/T//ccNsK1ia.s:29     .bss.RxData:0000000000000000 RxData
/var/folders/g3/s0qwt8r95936n9ghz4hhpdwm0000gn/T//ccNsK1ia.s:26     .bss.RxData:0000000000000000 $d
/var/folders/g3/s0qwt8r95936n9ghz4hhpdwm0000gn/T//ccNsK1ia.s:32     .text.NMI_Handler:0000000000000000 $t
/var/folders/g3/s0qwt8r95936n9ghz4hhpdwm0000gn/T//ccNsK1ia.s:38     .text.NMI_Handler:0000000000000000 NMI_Handler
/var/folders/g3/s0qwt8r95936n9ghz4hhpdwm0000gn/T//ccNsK1ia.s:60     .text.HardFault_Handler:0000000000000000 $t
/var/folders/g3/s0qwt8r95936n9ghz4hhpdwm0000gn/T//ccNsK1ia.s:66     .text.HardFault_Handler:0000000000000000 HardFault_Handler
/var/folders/g3/s0qwt8r95936n9ghz4hhpdwm0000gn/T//ccNsK1ia.s:87     .text.MemManage_Handler:0000000000000000 $t
/var/folders/g3/s0qwt8r95936n9ghz4hhpdwm0000gn/T//ccNsK1ia.s:93     .text.MemManage_Handler:0000000000000000 MemManage_Handler
/var/folders/g3/s0qwt8r95936n9ghz4hhpdwm0000gn/T//ccNsK1ia.s:114    .text.BusFault_Handler:0000000000000000 $t
/var/folders/g3/s0qwt8r95936n9ghz4hhpdwm0000gn/T//ccNsK1ia.s:120    .text.BusFault_Handler:0000000000000000 BusFault_Handler
/var/folders/g3/s0qwt8r95936n9ghz4hhpdwm0000gn/T//ccNsK1ia.s:141    .text.UsageFault_Handler:0000000000000000 $t
/var/folders/g3/s0qwt8r95936n9ghz4hhpdwm0000gn/T//ccNsK1ia.s:147    .text.UsageFault_Handler:0000000000000000 UsageFault_Handler
/var/folders/g3/s0qwt8r95936n9ghz4hhpdwm0000gn/T//ccNsK1ia.s:168    .text.SVC_Handler:0000000000000000 $t
/var/folders/g3/s0qwt8r95936n9ghz4hhpdwm0000gn/T//ccNsK1ia.s:174    .text.SVC_Handler:0000000000000000 SVC_Handler
/var/folders/g3/s0qwt8r95936n9ghz4hhpdwm0000gn/T//ccNsK1ia.s:203    .text.DebugMon_Handler:0000000000000000 $t
/var/folders/g3/s0qwt8r95936n9ghz4hhpdwm0000gn/T//ccNsK1ia.s:209    .text.DebugMon_Handler:0000000000000000 DebugMon_Handler
/var/folders/g3/s0qwt8r95936n9ghz4hhpdwm0000gn/T//ccNsK1ia.s:238    .text.PendSV_Handler:0000000000000000 $t
/var/folders/g3/s0qwt8r95936n9ghz4hhpdwm0000gn/T//ccNsK1ia.s:244    .text.PendSV_Handler:0000000000000000 PendSV_Handler
/var/folders/g3/s0qwt8r95936n9ghz4hhpdwm0000gn/T//ccNsK1ia.s:273    .text.SysTick_Handler:0000000000000000 $t
/var/folders/g3/s0qwt8r95936n9ghz4hhpdwm0000gn/T//ccNsK1ia.s:279    .text.SysTick_Handler:0000000000000000 SysTick_Handler
/var/folders/g3/s0qwt8r95936n9ghz4hhpdwm0000gn/T//ccNsK1ia.s:302    .text.DMA1_Channel6_IRQHandler:0000000000000000 $t
/var/folders/g3/s0qwt8r95936n9ghz4hhpdwm0000gn/T//ccNsK1ia.s:308    .text.DMA1_Channel6_IRQHandler:0000000000000000 DMA1_Channel6_IRQHandler
/var/folders/g3/s0qwt8r95936n9ghz4hhpdwm0000gn/T//ccNsK1ia.s:331    .text.DMA1_Channel6_IRQHandler:0000000000000010 $d
/var/folders/g3/s0qwt8r95936n9ghz4hhpdwm0000gn/T//ccNsK1ia.s:336    .text.DMA1_Channel7_IRQHandler:0000000000000000 $t
/var/folders/g3/s0qwt8r95936n9ghz4hhpdwm0000gn/T//ccNsK1ia.s:342    .text.DMA1_Channel7_IRQHandler:0000000000000000 DMA1_Channel7_IRQHandler
/var/folders/g3/s0qwt8r95936n9ghz4hhpdwm0000gn/T//ccNsK1ia.s:365    .text.DMA1_Channel7_IRQHandler:0000000000000010 $d
/var/folders/g3/s0qwt8r95936n9ghz4hhpdwm0000gn/T//ccNsK1ia.s:370    .text.USB_LP_CAN1_RX0_IRQHandler:0000000000000000 $t
/var/folders/g3/s0qwt8r95936n9ghz4hhpdwm0000gn/T//ccNsK1ia.s:376    .text.USB_LP_CAN1_RX0_IRQHandler:0000000000000000 USB_LP_CAN1_RX0_IRQHandler
/var/folders/g3/s0qwt8r95936n9ghz4hhpdwm0000gn/T//ccNsK1ia.s:399    .text.USB_LP_CAN1_RX0_IRQHandler:0000000000000010 $d
/var/folders/g3/s0qwt8r95936n9ghz4hhpdwm0000gn/T//ccNsK1ia.s:404    .text.CAN1_RX1_IRQHandler:0000000000000000 $t
/var/folders/g3/s0qwt8r95936n9ghz4hhpdwm0000gn/T//ccNsK1ia.s:410    .text.CAN1_RX1_IRQHandler:0000000000000000 CAN1_RX1_IRQHandler
/var/folders/g3/s0qwt8r95936n9ghz4hhpdwm0000gn/T//ccNsK1ia.s:433    .text.CAN1_RX1_IRQHandler:0000000000000010 $d
/var/folders/g3/s0qwt8r95936n9ghz4hhpdwm0000gn/T//ccNsK1ia.s:438    .text.USART2_IRQHandler:0000000000000000 $t
/var/folders/g3/s0qwt8r95936n9ghz4hhpdwm0000gn/T//ccNsK1ia.s:444    .text.USART2_IRQHandler:0000000000000000 USART2_IRQHandler
/var/folders/g3/s0qwt8r95936n9ghz4hhpdwm0000gn/T//ccNsK1ia.s:467    .text.USART2_IRQHandler:0000000000000010 $d

UNDEFINED SYMBOLS
HAL_IncTick
HAL_DMA_IRQHandler
hdma_usart2_rx
hdma_usart2_tx
HAL_CAN_IRQHandler
hcan
HAL_UART_IRQHandler
huart2
