ARM GAS  /var/folders/xf/tcndk8390ml5xdpfw93qkhpm0000gn/T//ccxCKBWa.s 			page 1


   1              		.cpu cortex-m3
   2              		.arch armv7-m
   3              		.fpu softvfp
   4              		.eabi_attribute 20, 1
   5              		.eabi_attribute 21, 1
   6              		.eabi_attribute 23, 3
   7              		.eabi_attribute 24, 1
   8              		.eabi_attribute 25, 1
   9              		.eabi_attribute 26, 1
  10              		.eabi_attribute 30, 6
  11              		.eabi_attribute 34, 1
  12              		.eabi_attribute 18, 4
  13              		.file	"STS_control.c"
  14              		.text
  15              	.Ltext0:
  16              		.cfi_sections	.debug_frame
  17              		.global	servo_ID
  18              		.section	.data.servo_ID,"aw"
  19              		.align	2
  22              	servo_ID:
  23 0000 01       		.ascii	"\001"
  24              		.global	servo_position
  25              		.section	.bss.servo_position,"aw",%nobits
  26              		.align	2
  29              	servo_position:
  30 0000 0000     		.space	2
  31              		.global	servo_speed
  32              		.section	.bss.servo_speed,"aw",%nobits
  33              		.align	2
  36              	servo_speed:
  37 0000 0000     		.space	2
  38              		.global	servo_rxPacket
  39              		.section	.bss.servo_rxPacket,"aw",%nobits
  40              		.align	2
  43              	servo_rxPacket:
  44 0000 00000000 		.space	4
  45              		.global	servo_set_position
  46              		.section	.bss.servo_set_position,"aw",%nobits
  47              		.align	2
  50              	servo_set_position:
  51 0000 0000     		.space	2
  52              		.global	servo_set_speed
  53              		.section	.bss.servo_set_speed,"aw",%nobits
  54              		.align	2
  57              	servo_set_speed:
  58 0000 0000     		.space	2
  59              		.global	servo_set_acc
  60              		.section	.bss.servo_set_acc,"aw",%nobits
  61              		.align	2
  64              	servo_set_acc:
  65 0000 0000     		.space	2
  66              		.global	default_speed
  67              		.section	.data.default_speed,"aw"
  68              		.align	1
  71              	default_speed:
  72 0000 7017     		.short	6000
  73              		.global	default_acc
ARM GAS  /var/folders/xf/tcndk8390ml5xdpfw93qkhpm0000gn/T//ccxCKBWa.s 			page 2


  74              		.section	.data.default_acc,"aw"
  75              		.align	1
  78              	default_acc:
  79 0000 8813     		.short	5000
  80              		.global	debug_message
  81              		.section	.bss.debug_message,"aw",%nobits
  82              		.align	2
  85              	debug_message:
  86 0000 00000000 		.space	32
  86      00000000 
  86      00000000 
  86      00000000 
  86      00000000 
  87              		.section	.text.STS_control_init,"ax",%progbits
  88              		.align	1
  89              		.global	STS_control_init
  90              		.syntax unified
  91              		.thumb
  92              		.thumb_func
  94              	STS_control_init:
  95              	.LFB68:
  96              		.file 1 "User/SMS_STS_lib/STS_control.c"
   1:User/SMS_STS_lib/STS_control.c **** #include "STS_control.h"
   2:User/SMS_STS_lib/STS_control.c **** 
   3:User/SMS_STS_lib/STS_control.c **** 
   4:User/SMS_STS_lib/STS_control.c **** 
   5:User/SMS_STS_lib/STS_control.c **** uint8_t servo_ID[1] = {1};
   6:User/SMS_STS_lib/STS_control.c **** uint16_t servo_position[sizeof(servo_ID)];
   7:User/SMS_STS_lib/STS_control.c **** uint16_t servo_speed[sizeof(servo_ID)];
   8:User/SMS_STS_lib/STS_control.c **** uint8_t servo_rxPacket[4];
   9:User/SMS_STS_lib/STS_control.c **** uint16_t servo_set_position[sizeof(servo_ID)];
  10:User/SMS_STS_lib/STS_control.c **** uint16_t servo_set_speed[sizeof(servo_ID)];
  11:User/SMS_STS_lib/STS_control.c **** uint16_t servo_set_acc[sizeof(servo_ID)];
  12:User/SMS_STS_lib/STS_control.c **** uint16_t default_speed = 6000;
  13:User/SMS_STS_lib/STS_control.c **** uint16_t default_acc = 5000;
  14:User/SMS_STS_lib/STS_control.c **** 
  15:User/SMS_STS_lib/STS_control.c **** char debug_message[32];
  16:User/SMS_STS_lib/STS_control.c **** void STS_control_init(void) {
  97              		.loc 1 16 29
  98              		.cfi_startproc
  99              		@ args = 0, pretend = 0, frame = 8
 100              		@ frame_needed = 1, uses_anonymous_args = 0
 101 0000 80B5     		push	{r7, lr}
 102              	.LCFI0:
 103              		.cfi_def_cfa_offset 8
 104              		.cfi_offset 7, -8
 105              		.cfi_offset 14, -4
 106 0002 82B0     		sub	sp, sp, #8
 107              	.LCFI1:
 108              		.cfi_def_cfa_offset 16
 109 0004 00AF     		add	r7, sp, #0
 110              	.LCFI2:
 111              		.cfi_def_cfa_register 7
  17:User/SMS_STS_lib/STS_control.c ****     // update read buffer length
  18:User/SMS_STS_lib/STS_control.c ****     syncReadBegin(sizeof(servo_ID), sizeof(servo_rxPacket));
 112              		.loc 1 18 5
 113 0006 0421     		movs	r1, #4
ARM GAS  /var/folders/xf/tcndk8390ml5xdpfw93qkhpm0000gn/T//ccxCKBWa.s 			page 3


 114 0008 0120     		movs	r0, #1
 115 000a FFF7FEFF 		bl	syncReadBegin
 116              	.LBB2:
  19:User/SMS_STS_lib/STS_control.c ****     // set default servo move speed and acc
  20:User/SMS_STS_lib/STS_control.c ****     for(uint8_t i = 0; i < sizeof(servo_ID); i++) {
 117              		.loc 1 20 17
 118 000e 0023     		movs	r3, #0
 119 0010 FB71     		strb	r3, [r7, #7]
 120              		.loc 1 20 5
 121 0012 0EE0     		b	.L2
 122              	.L3:
  21:User/SMS_STS_lib/STS_control.c ****         servo_set_speed[i] = default_speed;  // V = 60*0.732 = 43.92rpm
 123              		.loc 1 21 24 discriminator 3
 124 0014 FB79     		ldrb	r3, [r7, #7]	@ zero_extendqisi2
 125              		.loc 1 21 28 discriminator 3
 126 0016 0B4A     		ldr	r2, .L4
 127 0018 1188     		ldrh	r1, [r2]
 128 001a 0B4A     		ldr	r2, .L4+4
 129 001c 22F81310 		strh	r1, [r2, r3, lsl #1]	@ movhi
  22:User/SMS_STS_lib/STS_control.c ****         servo_set_acc[i] = default_acc;    // A = 50*8.7 = 435 deg/s^2
 130              		.loc 1 22 22 discriminator 3
 131 0020 FB79     		ldrb	r3, [r7, #7]	@ zero_extendqisi2
 132              		.loc 1 22 26 discriminator 3
 133 0022 0A4A     		ldr	r2, .L4+8
 134 0024 1188     		ldrh	r1, [r2]
 135 0026 0A4A     		ldr	r2, .L4+12
 136 0028 22F81310 		strh	r1, [r2, r3, lsl #1]	@ movhi
  20:User/SMS_STS_lib/STS_control.c ****         servo_set_speed[i] = default_speed;  // V = 60*0.732 = 43.92rpm
 137              		.loc 1 20 47 discriminator 3
 138 002c FB79     		ldrb	r3, [r7, #7]	@ zero_extendqisi2
 139 002e 0133     		adds	r3, r3, #1
 140 0030 FB71     		strb	r3, [r7, #7]
 141              	.L2:
  20:User/SMS_STS_lib/STS_control.c ****         servo_set_speed[i] = default_speed;  // V = 60*0.732 = 43.92rpm
 142              		.loc 1 20 5 discriminator 1
 143 0032 FB79     		ldrb	r3, [r7, #7]	@ zero_extendqisi2
 144 0034 002B     		cmp	r3, #0
 145 0036 EDD0     		beq	.L3
 146              	.LBE2:
  23:User/SMS_STS_lib/STS_control.c ****     }
  24:User/SMS_STS_lib/STS_control.c **** }
 147              		.loc 1 24 1
 148 0038 00BF     		nop
 149 003a 00BF     		nop
 150 003c 0837     		adds	r7, r7, #8
 151              	.LCFI3:
 152              		.cfi_def_cfa_offset 8
 153 003e BD46     		mov	sp, r7
 154              	.LCFI4:
 155              		.cfi_def_cfa_register 13
 156              		@ sp needed
 157 0040 80BD     		pop	{r7, pc}
 158              	.L5:
 159 0042 00BF     		.align	2
 160              	.L4:
 161 0044 00000000 		.word	default_speed
 162 0048 00000000 		.word	servo_set_speed
ARM GAS  /var/folders/xf/tcndk8390ml5xdpfw93qkhpm0000gn/T//ccxCKBWa.s 			page 4


 163 004c 00000000 		.word	default_acc
 164 0050 00000000 		.word	servo_set_acc
 165              		.cfi_endproc
 166              	.LFE68:
 168              		.section	.rodata
 169              		.align	2
 170              	.LC0:
 171 0000 49443A25 		.ascii	"ID:%d sync read error!\012\000"
 171      64207379 
 171      6E632072 
 171      65616420 
 171      6572726F 
 172              		.align	2
 173              	.LC1:
 174 0018 49443A25 		.ascii	"ID:%d Position:%d Speed:%d\000"
 174      6420506F 
 174      73697469 
 174      6F6E3A25 
 174      64205370 
 175              		.section	.text.STS_syn_read,"ax",%progbits
 176              		.align	1
 177              		.global	STS_syn_read
 178              		.syntax unified
 179              		.thumb
 180              		.thumb_func
 182              	STS_syn_read:
 183              	.LFB69:
  25:User/SMS_STS_lib/STS_control.c **** 
  26:User/SMS_STS_lib/STS_control.c **** void STS_syn_read(void) {
 184              		.loc 1 26 25
 185              		.cfi_startproc
 186              		@ args = 0, pretend = 0, frame = 8
 187              		@ frame_needed = 1, uses_anonymous_args = 0
 188 0000 80B5     		push	{r7, lr}
 189              	.LCFI5:
 190              		.cfi_def_cfa_offset 8
 191              		.cfi_offset 7, -8
 192              		.cfi_offset 14, -4
 193 0002 84B0     		sub	sp, sp, #16
 194              	.LCFI6:
 195              		.cfi_def_cfa_offset 24
 196 0004 02AF     		add	r7, sp, #8
 197              	.LCFI7:
 198              		.cfi_def_cfa 7, 16
  27:User/SMS_STS_lib/STS_control.c ****     syncReadPacketTx(servo_ID, sizeof(servo_ID), SMS_STS_PRESENT_POSITION_L, sizeof(servo_rxPacket)
 199              		.loc 1 27 5
 200 0006 0423     		movs	r3, #4
 201 0008 3822     		movs	r2, #56
 202 000a 0121     		movs	r1, #1
 203 000c 2848     		ldr	r0, .L11
 204 000e FFF7FEFF 		bl	syncReadPacketTx
 205              	.LBB3:
  28:User/SMS_STS_lib/STS_control.c ****     for(uint8_t i=0; i<sizeof(servo_ID); i++){
 206              		.loc 1 28 17
 207 0012 0023     		movs	r3, #0
 208 0014 FB71     		strb	r3, [r7, #7]
 209              		.loc 1 28 5
ARM GAS  /var/folders/xf/tcndk8390ml5xdpfw93qkhpm0000gn/T//ccxCKBWa.s 			page 5


 210 0016 42E0     		b	.L7
 211              	.L10:
 212              	.LBB4:
  29:User/SMS_STS_lib/STS_control.c **** 
  30:User/SMS_STS_lib/STS_control.c ****       if(!syncReadPacketRx(servo_ID[i], servo_rxPacket)){
 213              		.loc 1 30 11
 214 0018 FB79     		ldrb	r3, [r7, #7]	@ zero_extendqisi2
 215 001a 254A     		ldr	r2, .L11
 216 001c D35C     		ldrb	r3, [r2, r3]	@ zero_extendqisi2
 217 001e 2549     		ldr	r1, .L11+4
 218 0020 1846     		mov	r0, r3
 219 0022 FFF7FEFF 		bl	syncReadPacketRx
 220 0026 0346     		mov	r3, r0
 221              		.loc 1 30 9
 222 0028 002B     		cmp	r3, #0
 223 002a 07D1     		bne	.L8
  31:User/SMS_STS_lib/STS_control.c ****         printf("ID:%d sync read error!\n", servo_ID[i]);
 224              		.loc 1 31 52
 225 002c FB79     		ldrb	r3, [r7, #7]	@ zero_extendqisi2
 226 002e 204A     		ldr	r2, .L11
 227 0030 D35C     		ldrb	r3, [r2, r3]	@ zero_extendqisi2
 228              		.loc 1 31 9
 229 0032 1946     		mov	r1, r3
 230 0034 2048     		ldr	r0, .L11+8
 231 0036 FFF7FEFF 		bl	printf
  32:User/SMS_STS_lib/STS_control.c ****         continue;
 232              		.loc 1 32 9
 233 003a 2DE0     		b	.L9
 234              	.L8:
  33:User/SMS_STS_lib/STS_control.c ****       }
  34:User/SMS_STS_lib/STS_control.c ****       servo_position[i] = syncReadRxPacketToWrod(15);
 235              		.loc 1 34 27
 236 003c 0F20     		movs	r0, #15
 237 003e FFF7FEFF 		bl	syncReadRxPacketToWrod
 238 0042 0246     		mov	r2, r0
 239              		.loc 1 34 21
 240 0044 FB79     		ldrb	r3, [r7, #7]	@ zero_extendqisi2
 241              		.loc 1 34 25
 242 0046 91B2     		uxth	r1, r2
 243 0048 1C4A     		ldr	r2, .L11+12
 244 004a 22F81310 		strh	r1, [r2, r3, lsl #1]	@ movhi
  35:User/SMS_STS_lib/STS_control.c ****       servo_speed[i] = syncReadRxPacketToWrod(15);
 245              		.loc 1 35 24
 246 004e 0F20     		movs	r0, #15
 247 0050 FFF7FEFF 		bl	syncReadRxPacketToWrod
 248 0054 0246     		mov	r2, r0
 249              		.loc 1 35 18
 250 0056 FB79     		ldrb	r3, [r7, #7]	@ zero_extendqisi2
 251              		.loc 1 35 22
 252 0058 91B2     		uxth	r1, r2
 253 005a 194A     		ldr	r2, .L11+16
 254 005c 22F81310 		strh	r1, [r2, r3, lsl #1]	@ movhi
  36:User/SMS_STS_lib/STS_control.c ****       sprintf(debug_message, "ID:%d Position:%d Speed:%d", servo_ID[i], servo_position[i], servo_sp
 255              		.loc 1 36 68
 256 0060 FB79     		ldrb	r3, [r7, #7]	@ zero_extendqisi2
 257 0062 134A     		ldr	r2, .L11
 258 0064 D35C     		ldrb	r3, [r2, r3]	@ zero_extendqisi2
ARM GAS  /var/folders/xf/tcndk8390ml5xdpfw93qkhpm0000gn/T//ccxCKBWa.s 			page 6


 259              		.loc 1 36 7
 260 0066 1946     		mov	r1, r3
 261              		.loc 1 36 87
 262 0068 FB79     		ldrb	r3, [r7, #7]	@ zero_extendqisi2
 263 006a 144A     		ldr	r2, .L11+12
 264 006c 32F81330 		ldrh	r3, [r2, r3, lsl #1]
 265              		.loc 1 36 7
 266 0070 1846     		mov	r0, r3
 267              		.loc 1 36 103
 268 0072 FB79     		ldrb	r3, [r7, #7]	@ zero_extendqisi2
 269 0074 124A     		ldr	r2, .L11+16
 270 0076 32F81330 		ldrh	r3, [r2, r3, lsl #1]
 271              		.loc 1 36 7
 272 007a 0093     		str	r3, [sp]
 273 007c 0346     		mov	r3, r0
 274 007e 0A46     		mov	r2, r1
 275 0080 1049     		ldr	r1, .L11+20
 276 0082 1148     		ldr	r0, .L11+24
 277 0084 FFF7FEFF 		bl	sprintf
  37:User/SMS_STS_lib/STS_control.c ****       CDC_Transmit_FS((uint8_t*)debug_message, strlen(debug_message));
 278              		.loc 1 37 7
 279 0088 0F48     		ldr	r0, .L11+24
 280 008a FFF7FEFF 		bl	strlen
 281 008e 0346     		mov	r3, r0
 282 0090 1946     		mov	r1, r3
 283 0092 0D48     		ldr	r0, .L11+24
 284 0094 FFF7FEFF 		bl	CDC_Transmit_FS
 285              	.L9:
 286              	.LBE4:
  28:User/SMS_STS_lib/STS_control.c **** 
 287              		.loc 1 28 43 discriminator 2
 288 0098 FB79     		ldrb	r3, [r7, #7]	@ zero_extendqisi2
 289 009a 0133     		adds	r3, r3, #1
 290 009c FB71     		strb	r3, [r7, #7]
 291              	.L7:
  28:User/SMS_STS_lib/STS_control.c **** 
 292              		.loc 1 28 5 discriminator 1
 293 009e FB79     		ldrb	r3, [r7, #7]	@ zero_extendqisi2
 294 00a0 002B     		cmp	r3, #0
 295 00a2 B9D0     		beq	.L10
 296              	.LBE3:
  38:User/SMS_STS_lib/STS_control.c ****     }
  39:User/SMS_STS_lib/STS_control.c **** }
 297              		.loc 1 39 1
 298 00a4 00BF     		nop
 299 00a6 00BF     		nop
 300 00a8 0837     		adds	r7, r7, #8
 301              	.LCFI8:
 302              		.cfi_def_cfa_offset 8
 303 00aa BD46     		mov	sp, r7
 304              	.LCFI9:
 305              		.cfi_def_cfa_register 13
 306              		@ sp needed
 307 00ac 80BD     		pop	{r7, pc}
 308              	.L12:
 309 00ae 00BF     		.align	2
 310              	.L11:
ARM GAS  /var/folders/xf/tcndk8390ml5xdpfw93qkhpm0000gn/T//ccxCKBWa.s 			page 7


 311 00b0 00000000 		.word	servo_ID
 312 00b4 00000000 		.word	servo_rxPacket
 313 00b8 00000000 		.word	.LC0
 314 00bc 00000000 		.word	servo_position
 315 00c0 00000000 		.word	servo_speed
 316 00c4 18000000 		.word	.LC1
 317 00c8 00000000 		.word	debug_message
 318              		.cfi_endproc
 319              	.LFE69:
 321              		.section	.text.STS_syn_write,"ax",%progbits
 322              		.align	1
 323              		.global	STS_syn_write
 324              		.syntax unified
 325              		.thumb
 326              		.thumb_func
 328              	STS_syn_write:
 329              	.LFB70:
  40:User/SMS_STS_lib/STS_control.c **** 
  41:User/SMS_STS_lib/STS_control.c **** void STS_syn_write(void) { 
 330              		.loc 1 41 26
 331              		.cfi_startproc
 332              		@ args = 0, pretend = 0, frame = 0
 333              		@ frame_needed = 1, uses_anonymous_args = 0
 334 0000 80B5     		push	{r7, lr}
 335              	.LCFI10:
 336              		.cfi_def_cfa_offset 8
 337              		.cfi_offset 7, -8
 338              		.cfi_offset 14, -4
 339 0002 82B0     		sub	sp, sp, #8
 340              	.LCFI11:
 341              		.cfi_def_cfa_offset 16
 342 0004 02AF     		add	r7, sp, #8
 343              	.LCFI12:
 344              		.cfi_def_cfa 7, 8
  42:User/SMS_STS_lib/STS_control.c ****     SyncWritePosEx(servo_ID, sizeof(servo_ID), servo_set_position, servo_set_speed, servo_set_acc);
 345              		.loc 1 42 5
 346 0006 054B     		ldr	r3, .L14
 347 0008 0093     		str	r3, [sp]
 348 000a 054B     		ldr	r3, .L14+4
 349 000c 054A     		ldr	r2, .L14+8
 350 000e 0121     		movs	r1, #1
 351 0010 0548     		ldr	r0, .L14+12
 352 0012 FFF7FEFF 		bl	SyncWritePosEx
  43:User/SMS_STS_lib/STS_control.c **** }
 353              		.loc 1 43 1
 354 0016 00BF     		nop
 355 0018 BD46     		mov	sp, r7
 356              	.LCFI13:
 357              		.cfi_def_cfa_register 13
 358              		@ sp needed
 359 001a 80BD     		pop	{r7, pc}
 360              	.L15:
 361              		.align	2
 362              	.L14:
 363 001c 00000000 		.word	servo_set_acc
 364 0020 00000000 		.word	servo_set_speed
 365 0024 00000000 		.word	servo_set_position
ARM GAS  /var/folders/xf/tcndk8390ml5xdpfw93qkhpm0000gn/T//ccxCKBWa.s 			page 8


 366 0028 00000000 		.word	servo_ID
 367              		.cfi_endproc
 368              	.LFE70:
 370              		.section	.text.calc_move_time,"ax",%progbits
 371              		.align	1
 372              		.global	calc_move_time
 373              		.syntax unified
 374              		.thumb
 375              		.thumb_func
 377              	calc_move_time:
 378              	.LFB71:
  44:User/SMS_STS_lib/STS_control.c **** 
  45:User/SMS_STS_lib/STS_control.c **** 
  46:User/SMS_STS_lib/STS_control.c **** uint16_t calc_move_time(int16_t delta_position) {
 379              		.loc 1 46 49
 380              		.cfi_startproc
 381              		@ args = 0, pretend = 0, frame = 16
 382              		@ frame_needed = 1, uses_anonymous_args = 0
 383              		@ link register save eliminated.
 384 0000 80B4     		push	{r7}
 385              	.LCFI14:
 386              		.cfi_def_cfa_offset 4
 387              		.cfi_offset 7, -4
 388 0002 85B0     		sub	sp, sp, #20
 389              	.LCFI15:
 390              		.cfi_def_cfa_offset 24
 391 0004 00AF     		add	r7, sp, #0
 392              	.LCFI16:
 393              		.cfi_def_cfa_register 7
 394 0006 0346     		mov	r3, r0
 395 0008 FB80     		strh	r3, [r7, #6]	@ movhi
  47:User/SMS_STS_lib/STS_control.c ****     uint16_t abs_delta = abs(delta_position);
 396              		.loc 1 47 14
 397 000a B7F90630 		ldrsh	r3, [r7, #6]
 398 000e 002B     		cmp	r3, #0
 399 0010 B8BF     		it	lt
 400 0012 5B42     		rsblt	r3, r3, #0
 401 0014 FB81     		strh	r3, [r7, #14]	@ movhi
  48:User/SMS_STS_lib/STS_control.c ****     return (abs_delta * 1000 / (default_speed * 50) + (default_speed * 50) * 10 / default_acc + 50)
 402              		.loc 1 48 23
 403 0016 FB89     		ldrh	r3, [r7, #14]
 404 0018 4FF47A72 		mov	r2, #1000
 405 001c 03FB02F2 		mul	r2, r3, r2
 406              		.loc 1 48 47
 407 0020 0E4B     		ldr	r3, .L18
 408 0022 1B88     		ldrh	r3, [r3]
 409 0024 1946     		mov	r1, r3
 410 0026 3223     		movs	r3, #50
 411 0028 01FB03F3 		mul	r3, r1, r3
 412              		.loc 1 48 30
 413 002c 92FBF3F3 		sdiv	r3, r2, r3
 414              		.loc 1 48 53
 415 0030 9AB2     		uxth	r2, r3
 416              		.loc 1 48 76
 417 0032 0A4B     		ldr	r3, .L18
 418 0034 1B88     		ldrh	r3, [r3]
 419 0036 1946     		mov	r1, r3
ARM GAS  /var/folders/xf/tcndk8390ml5xdpfw93qkhpm0000gn/T//ccxCKBWa.s 			page 9


 420 0038 4FF4FA73 		mov	r3, #500
 421 003c 01FB03F3 		mul	r3, r1, r3
 422              		.loc 1 48 81
 423 0040 0749     		ldr	r1, .L18+4
 424 0042 0988     		ldrh	r1, [r1]
 425 0044 93FBF1F3 		sdiv	r3, r3, r1
 426              		.loc 1 48 53
 427 0048 9BB2     		uxth	r3, r3
 428 004a 1344     		add	r3, r3, r2
 429 004c 9BB2     		uxth	r3, r3
 430              		.loc 1 48 95
 431 004e 3233     		adds	r3, r3, #50
 432 0050 9BB2     		uxth	r3, r3
  49:User/SMS_STS_lib/STS_control.c **** }
 433              		.loc 1 49 1
 434 0052 1846     		mov	r0, r3
 435 0054 1437     		adds	r7, r7, #20
 436              	.LCFI17:
 437              		.cfi_def_cfa_offset 4
 438 0056 BD46     		mov	sp, r7
 439              	.LCFI18:
 440              		.cfi_def_cfa_register 13
 441              		@ sp needed
 442 0058 80BC     		pop	{r7}
 443              	.LCFI19:
 444              		.cfi_restore 7
 445              		.cfi_def_cfa_offset 0
 446 005a 7047     		bx	lr
 447              	.L19:
 448              		.align	2
 449              	.L18:
 450 005c 00000000 		.word	default_speed
 451 0060 00000000 		.word	default_acc
 452              		.cfi_endproc
 453              	.LFE71:
 455              		.section	.text.fputc,"ax",%progbits
 456              		.align	1
 457              		.global	fputc
 458              		.syntax unified
 459              		.thumb
 460              		.thumb_func
 462              	fputc:
 463              	.LFB72:
  50:User/SMS_STS_lib/STS_control.c **** 
  51:User/SMS_STS_lib/STS_control.c **** // FT servo communication interfaces
  52:User/SMS_STS_lib/STS_control.c **** int fputc(int c, FILE *f)
  53:User/SMS_STS_lib/STS_control.c **** {
 464              		.loc 1 53 1
 465              		.cfi_startproc
 466              		@ args = 0, pretend = 0, frame = 8
 467              		@ frame_needed = 1, uses_anonymous_args = 0
 468 0000 80B5     		push	{r7, lr}
 469              	.LCFI20:
 470              		.cfi_def_cfa_offset 8
 471              		.cfi_offset 7, -8
 472              		.cfi_offset 14, -4
 473 0002 82B0     		sub	sp, sp, #8
ARM GAS  /var/folders/xf/tcndk8390ml5xdpfw93qkhpm0000gn/T//ccxCKBWa.s 			page 10


 474              	.LCFI21:
 475              		.cfi_def_cfa_offset 16
 476 0004 00AF     		add	r7, sp, #0
 477              	.LCFI22:
 478              		.cfi_def_cfa_register 7
 479 0006 7860     		str	r0, [r7, #4]
 480 0008 3960     		str	r1, [r7]
  54:User/SMS_STS_lib/STS_control.c **** 	HAL_UART_Transmit(&huart2, (uint8_t *)&c, 1, 100);
 481              		.loc 1 54 2
 482 000a 391D     		adds	r1, r7, #4
 483 000c 6423     		movs	r3, #100
 484 000e 0122     		movs	r2, #1
 485 0010 0348     		ldr	r0, .L22
 486 0012 FFF7FEFF 		bl	HAL_UART_Transmit
  55:User/SMS_STS_lib/STS_control.c **** 	return c;
 487              		.loc 1 55 9
 488 0016 7B68     		ldr	r3, [r7, #4]
  56:User/SMS_STS_lib/STS_control.c **** }
 489              		.loc 1 56 1
 490 0018 1846     		mov	r0, r3
 491 001a 0837     		adds	r7, r7, #8
 492              	.LCFI23:
 493              		.cfi_def_cfa_offset 8
 494 001c BD46     		mov	sp, r7
 495              	.LCFI24:
 496              		.cfi_def_cfa_register 13
 497              		@ sp needed
 498 001e 80BD     		pop	{r7, pc}
 499              	.L23:
 500              		.align	2
 501              	.L22:
 502 0020 00000000 		.word	huart2
 503              		.cfi_endproc
 504              	.LFE72:
 506              		.section	.text.ftUart_Send,"ax",%progbits
 507              		.align	1
 508              		.global	ftUart_Send
 509              		.syntax unified
 510              		.thumb
 511              		.thumb_func
 513              	ftUart_Send:
 514              	.LFB73:
  57:User/SMS_STS_lib/STS_control.c **** 
  58:User/SMS_STS_lib/STS_control.c **** void ftUart_Send(uint8_t *nDat , int nLen)
  59:User/SMS_STS_lib/STS_control.c **** {
 515              		.loc 1 59 1
 516              		.cfi_startproc
 517              		@ args = 0, pretend = 0, frame = 8
 518              		@ frame_needed = 1, uses_anonymous_args = 0
 519 0000 80B5     		push	{r7, lr}
 520              	.LCFI25:
 521              		.cfi_def_cfa_offset 8
 522              		.cfi_offset 7, -8
 523              		.cfi_offset 14, -4
 524 0002 82B0     		sub	sp, sp, #8
 525              	.LCFI26:
 526              		.cfi_def_cfa_offset 16
ARM GAS  /var/folders/xf/tcndk8390ml5xdpfw93qkhpm0000gn/T//ccxCKBWa.s 			page 11


 527 0004 00AF     		add	r7, sp, #0
 528              	.LCFI27:
 529              		.cfi_def_cfa_register 7
 530 0006 7860     		str	r0, [r7, #4]
 531 0008 3960     		str	r1, [r7]
  60:User/SMS_STS_lib/STS_control.c **** 	HAL_UART_Transmit(&huart2, nDat, nLen, 100);
 532              		.loc 1 60 2
 533 000a 3B68     		ldr	r3, [r7]
 534 000c 9AB2     		uxth	r2, r3
 535 000e 6423     		movs	r3, #100
 536 0010 7968     		ldr	r1, [r7, #4]
 537 0012 0348     		ldr	r0, .L25
 538 0014 FFF7FEFF 		bl	HAL_UART_Transmit
  61:User/SMS_STS_lib/STS_control.c **** }
 539              		.loc 1 61 1
 540 0018 00BF     		nop
 541 001a 0837     		adds	r7, r7, #8
 542              	.LCFI28:
 543              		.cfi_def_cfa_offset 8
 544 001c BD46     		mov	sp, r7
 545              	.LCFI29:
 546              		.cfi_def_cfa_register 13
 547              		@ sp needed
 548 001e 80BD     		pop	{r7, pc}
 549              	.L26:
 550              		.align	2
 551              	.L25:
 552 0020 00000000 		.word	huart2
 553              		.cfi_endproc
 554              	.LFE73:
 556              		.section	.text.ftUart_Read,"ax",%progbits
 557              		.align	1
 558              		.global	ftUart_Read
 559              		.syntax unified
 560              		.thumb
 561              		.thumb_func
 563              	ftUart_Read:
 564              	.LFB74:
  62:User/SMS_STS_lib/STS_control.c **** 
  63:User/SMS_STS_lib/STS_control.c **** int ftUart_Read(uint8_t *nDat, int nLen)
  64:User/SMS_STS_lib/STS_control.c **** {
 565              		.loc 1 64 1
 566              		.cfi_startproc
 567              		@ args = 0, pretend = 0, frame = 8
 568              		@ frame_needed = 1, uses_anonymous_args = 0
 569 0000 80B5     		push	{r7, lr}
 570              	.LCFI30:
 571              		.cfi_def_cfa_offset 8
 572              		.cfi_offset 7, -8
 573              		.cfi_offset 14, -4
 574 0002 82B0     		sub	sp, sp, #8
 575              	.LCFI31:
 576              		.cfi_def_cfa_offset 16
 577 0004 00AF     		add	r7, sp, #0
 578              	.LCFI32:
 579              		.cfi_def_cfa_register 7
 580 0006 7860     		str	r0, [r7, #4]
ARM GAS  /var/folders/xf/tcndk8390ml5xdpfw93qkhpm0000gn/T//ccxCKBWa.s 			page 12


 581 0008 3960     		str	r1, [r7]
  65:User/SMS_STS_lib/STS_control.c **** 	if(HAL_OK!=HAL_UART_Receive(&huart2, nDat, nLen, 100)){
 582              		.loc 1 65 13
 583 000a 3B68     		ldr	r3, [r7]
 584 000c 9AB2     		uxth	r2, r3
 585 000e 6423     		movs	r3, #100
 586 0010 7968     		ldr	r1, [r7, #4]
 587 0012 0648     		ldr	r0, .L30
 588 0014 FFF7FEFF 		bl	HAL_UART_Receive
 589 0018 0346     		mov	r3, r0
 590              		.loc 1 65 4
 591 001a 002B     		cmp	r3, #0
 592 001c 01D0     		beq	.L28
  66:User/SMS_STS_lib/STS_control.c **** 		return 0;
 593              		.loc 1 66 10
 594 001e 0023     		movs	r3, #0
 595 0020 00E0     		b	.L29
 596              	.L28:
  67:User/SMS_STS_lib/STS_control.c **** 	}else{
  68:User/SMS_STS_lib/STS_control.c **** 		return nLen;
 597              		.loc 1 68 10
 598 0022 3B68     		ldr	r3, [r7]
 599              	.L29:
  69:User/SMS_STS_lib/STS_control.c **** 	}
  70:User/SMS_STS_lib/STS_control.c **** }
 600              		.loc 1 70 1
 601 0024 1846     		mov	r0, r3
 602 0026 0837     		adds	r7, r7, #8
 603              	.LCFI33:
 604              		.cfi_def_cfa_offset 8
 605 0028 BD46     		mov	sp, r7
 606              	.LCFI34:
 607              		.cfi_def_cfa_register 13
 608              		@ sp needed
 609 002a 80BD     		pop	{r7, pc}
 610              	.L31:
 611              		.align	2
 612              	.L30:
 613 002c 00000000 		.word	huart2
 614              		.cfi_endproc
 615              	.LFE74:
 617              		.section	.text.ftBus_Delay,"ax",%progbits
 618              		.align	1
 619              		.global	ftBus_Delay
 620              		.syntax unified
 621              		.thumb
 622              		.thumb_func
 624              	ftBus_Delay:
 625              	.LFB75:
  71:User/SMS_STS_lib/STS_control.c **** 
  72:User/SMS_STS_lib/STS_control.c **** void ftBus_Delay(void)
  73:User/SMS_STS_lib/STS_control.c **** {
 626              		.loc 1 73 1
 627              		.cfi_startproc
 628              		@ args = 0, pretend = 0, frame = 0
 629              		@ frame_needed = 1, uses_anonymous_args = 0
 630 0000 80B5     		push	{r7, lr}
ARM GAS  /var/folders/xf/tcndk8390ml5xdpfw93qkhpm0000gn/T//ccxCKBWa.s 			page 13


 631              	.LCFI35:
 632              		.cfi_def_cfa_offset 8
 633              		.cfi_offset 7, -8
 634              		.cfi_offset 14, -4
 635 0002 00AF     		add	r7, sp, #0
 636              	.LCFI36:
 637              		.cfi_def_cfa_register 7
  74:User/SMS_STS_lib/STS_control.c **** 	HAL_Delay(1);
 638              		.loc 1 74 2
 639 0004 0120     		movs	r0, #1
 640 0006 FFF7FEFF 		bl	HAL_Delay
  75:User/SMS_STS_lib/STS_control.c **** }
 641              		.loc 1 75 1
 642 000a 00BF     		nop
 643 000c 80BD     		pop	{r7, pc}
 644              		.cfi_endproc
 645              	.LFE75:
 647              		.text
 648              	.Letext0:
 649              		.file 2 "/Applications/ARM/arm-none-eabi/include/machine/_default_types.h"
 650              		.file 3 "/Applications/ARM/arm-none-eabi/include/sys/_stdint.h"
 651              		.file 4 "Drivers/CMSIS/Device/ST/STM32F1xx/Include/stm32f103xb.h"
 652              		.file 5 "Drivers/STM32F1xx_HAL_Driver/Inc/stm32f1xx_hal_def.h"
 653              		.file 6 "Drivers/STM32F1xx_HAL_Driver/Inc/stm32f1xx_hal_dma.h"
 654              		.file 7 "Drivers/STM32F1xx_HAL_Driver/Inc/stm32f1xx_hal_uart.h"
 655              		.file 8 "/Applications/ARM/lib/gcc/arm-none-eabi/10.3.1/include/stddef.h"
 656              		.file 9 "/Applications/ARM/arm-none-eabi/include/sys/_types.h"
 657              		.file 10 "/Applications/ARM/arm-none-eabi/include/sys/reent.h"
 658              		.file 11 "/Applications/ARM/arm-none-eabi/include/sys/lock.h"
 659              		.file 12 "/Applications/ARM/arm-none-eabi/include/stdio.h"
 660              		.file 13 "Core/Inc/usart.h"
 661              		.file 14 "User/SMS_STS_lib/STS_control.h"
ARM GAS  /var/folders/xf/tcndk8390ml5xdpfw93qkhpm0000gn/T//ccxCKBWa.s 			page 14


DEFINED SYMBOLS
                            *ABS*:0000000000000000 STS_control.c
/var/folders/xf/tcndk8390ml5xdpfw93qkhpm0000gn/T//ccxCKBWa.s:22     .data.servo_ID:0000000000000000 servo_ID
/var/folders/xf/tcndk8390ml5xdpfw93qkhpm0000gn/T//ccxCKBWa.s:19     .data.servo_ID:0000000000000000 $d
/var/folders/xf/tcndk8390ml5xdpfw93qkhpm0000gn/T//ccxCKBWa.s:29     .bss.servo_position:0000000000000000 servo_position
/var/folders/xf/tcndk8390ml5xdpfw93qkhpm0000gn/T//ccxCKBWa.s:26     .bss.servo_position:0000000000000000 $d
/var/folders/xf/tcndk8390ml5xdpfw93qkhpm0000gn/T//ccxCKBWa.s:36     .bss.servo_speed:0000000000000000 servo_speed
/var/folders/xf/tcndk8390ml5xdpfw93qkhpm0000gn/T//ccxCKBWa.s:33     .bss.servo_speed:0000000000000000 $d
/var/folders/xf/tcndk8390ml5xdpfw93qkhpm0000gn/T//ccxCKBWa.s:43     .bss.servo_rxPacket:0000000000000000 servo_rxPacket
/var/folders/xf/tcndk8390ml5xdpfw93qkhpm0000gn/T//ccxCKBWa.s:40     .bss.servo_rxPacket:0000000000000000 $d
/var/folders/xf/tcndk8390ml5xdpfw93qkhpm0000gn/T//ccxCKBWa.s:50     .bss.servo_set_position:0000000000000000 servo_set_position
/var/folders/xf/tcndk8390ml5xdpfw93qkhpm0000gn/T//ccxCKBWa.s:47     .bss.servo_set_position:0000000000000000 $d
/var/folders/xf/tcndk8390ml5xdpfw93qkhpm0000gn/T//ccxCKBWa.s:57     .bss.servo_set_speed:0000000000000000 servo_set_speed
/var/folders/xf/tcndk8390ml5xdpfw93qkhpm0000gn/T//ccxCKBWa.s:54     .bss.servo_set_speed:0000000000000000 $d
/var/folders/xf/tcndk8390ml5xdpfw93qkhpm0000gn/T//ccxCKBWa.s:64     .bss.servo_set_acc:0000000000000000 servo_set_acc
/var/folders/xf/tcndk8390ml5xdpfw93qkhpm0000gn/T//ccxCKBWa.s:61     .bss.servo_set_acc:0000000000000000 $d
/var/folders/xf/tcndk8390ml5xdpfw93qkhpm0000gn/T//ccxCKBWa.s:71     .data.default_speed:0000000000000000 default_speed
/var/folders/xf/tcndk8390ml5xdpfw93qkhpm0000gn/T//ccxCKBWa.s:68     .data.default_speed:0000000000000000 $d
/var/folders/xf/tcndk8390ml5xdpfw93qkhpm0000gn/T//ccxCKBWa.s:78     .data.default_acc:0000000000000000 default_acc
/var/folders/xf/tcndk8390ml5xdpfw93qkhpm0000gn/T//ccxCKBWa.s:75     .data.default_acc:0000000000000000 $d
/var/folders/xf/tcndk8390ml5xdpfw93qkhpm0000gn/T//ccxCKBWa.s:85     .bss.debug_message:0000000000000000 debug_message
/var/folders/xf/tcndk8390ml5xdpfw93qkhpm0000gn/T//ccxCKBWa.s:82     .bss.debug_message:0000000000000000 $d
/var/folders/xf/tcndk8390ml5xdpfw93qkhpm0000gn/T//ccxCKBWa.s:88     .text.STS_control_init:0000000000000000 $t
/var/folders/xf/tcndk8390ml5xdpfw93qkhpm0000gn/T//ccxCKBWa.s:94     .text.STS_control_init:0000000000000000 STS_control_init
/var/folders/xf/tcndk8390ml5xdpfw93qkhpm0000gn/T//ccxCKBWa.s:161    .text.STS_control_init:0000000000000044 $d
/var/folders/xf/tcndk8390ml5xdpfw93qkhpm0000gn/T//ccxCKBWa.s:169    .rodata:0000000000000000 $d
/var/folders/xf/tcndk8390ml5xdpfw93qkhpm0000gn/T//ccxCKBWa.s:176    .text.STS_syn_read:0000000000000000 $t
/var/folders/xf/tcndk8390ml5xdpfw93qkhpm0000gn/T//ccxCKBWa.s:182    .text.STS_syn_read:0000000000000000 STS_syn_read
/var/folders/xf/tcndk8390ml5xdpfw93qkhpm0000gn/T//ccxCKBWa.s:311    .text.STS_syn_read:00000000000000b0 $d
/var/folders/xf/tcndk8390ml5xdpfw93qkhpm0000gn/T//ccxCKBWa.s:322    .text.STS_syn_write:0000000000000000 $t
/var/folders/xf/tcndk8390ml5xdpfw93qkhpm0000gn/T//ccxCKBWa.s:328    .text.STS_syn_write:0000000000000000 STS_syn_write
/var/folders/xf/tcndk8390ml5xdpfw93qkhpm0000gn/T//ccxCKBWa.s:363    .text.STS_syn_write:000000000000001c $d
/var/folders/xf/tcndk8390ml5xdpfw93qkhpm0000gn/T//ccxCKBWa.s:371    .text.calc_move_time:0000000000000000 $t
/var/folders/xf/tcndk8390ml5xdpfw93qkhpm0000gn/T//ccxCKBWa.s:377    .text.calc_move_time:0000000000000000 calc_move_time
/var/folders/xf/tcndk8390ml5xdpfw93qkhpm0000gn/T//ccxCKBWa.s:450    .text.calc_move_time:000000000000005c $d
/var/folders/xf/tcndk8390ml5xdpfw93qkhpm0000gn/T//ccxCKBWa.s:456    .text.fputc:0000000000000000 $t
/var/folders/xf/tcndk8390ml5xdpfw93qkhpm0000gn/T//ccxCKBWa.s:462    .text.fputc:0000000000000000 fputc
/var/folders/xf/tcndk8390ml5xdpfw93qkhpm0000gn/T//ccxCKBWa.s:502    .text.fputc:0000000000000020 $d
/var/folders/xf/tcndk8390ml5xdpfw93qkhpm0000gn/T//ccxCKBWa.s:507    .text.ftUart_Send:0000000000000000 $t
/var/folders/xf/tcndk8390ml5xdpfw93qkhpm0000gn/T//ccxCKBWa.s:513    .text.ftUart_Send:0000000000000000 ftUart_Send
/var/folders/xf/tcndk8390ml5xdpfw93qkhpm0000gn/T//ccxCKBWa.s:552    .text.ftUart_Send:0000000000000020 $d
/var/folders/xf/tcndk8390ml5xdpfw93qkhpm0000gn/T//ccxCKBWa.s:557    .text.ftUart_Read:0000000000000000 $t
/var/folders/xf/tcndk8390ml5xdpfw93qkhpm0000gn/T//ccxCKBWa.s:563    .text.ftUart_Read:0000000000000000 ftUart_Read
/var/folders/xf/tcndk8390ml5xdpfw93qkhpm0000gn/T//ccxCKBWa.s:613    .text.ftUart_Read:000000000000002c $d
/var/folders/xf/tcndk8390ml5xdpfw93qkhpm0000gn/T//ccxCKBWa.s:618    .text.ftBus_Delay:0000000000000000 $t
/var/folders/xf/tcndk8390ml5xdpfw93qkhpm0000gn/T//ccxCKBWa.s:624    .text.ftBus_Delay:0000000000000000 ftBus_Delay

UNDEFINED SYMBOLS
syncReadBegin
syncReadPacketTx
syncReadPacketRx
printf
syncReadRxPacketToWrod
sprintf
strlen
CDC_Transmit_FS
SyncWritePosEx
ARM GAS  /var/folders/xf/tcndk8390ml5xdpfw93qkhpm0000gn/T//ccxCKBWa.s 			page 15


HAL_UART_Transmit
huart2
HAL_UART_Receive
HAL_Delay
