ARM GAS  /var/folders/xf/tcndk8390ml5xdpfw93qkhpm0000gn/T//ccu562jS.s 			page 1


   1              		.cpu cortex-m3
   2              		.arch armv7-m
   3              		.fpu softvfp
   4              		.eabi_attribute 20, 1
   5              		.eabi_attribute 21, 1
   6              		.eabi_attribute 23, 3
   7              		.eabi_attribute 24, 1
   8              		.eabi_attribute 25, 1
   9              		.eabi_attribute 26, 1
  10              		.eabi_attribute 30, 6
  11              		.eabi_attribute 34, 1
  12              		.eabi_attribute 18, 4
  13              		.file	"usart.c"
  14              		.text
  15              	.Ltext0:
  16              		.cfi_sections	.debug_frame
  17              		.global	huart2
  18              		.section	.bss.huart2,"aw",%nobits
  19              		.align	2
  22              	huart2:
  23 0000 00000000 		.space	72
  23      00000000 
  23      00000000 
  23      00000000 
  23      00000000 
  24              		.global	hdma_usart2_rx
  25              		.section	.bss.hdma_usart2_rx,"aw",%nobits
  26              		.align	2
  29              	hdma_usart2_rx:
  30 0000 00000000 		.space	68
  30      00000000 
  30      00000000 
  30      00000000 
  30      00000000 
  31              		.global	hdma_usart2_tx
  32              		.section	.bss.hdma_usart2_tx,"aw",%nobits
  33              		.align	2
  36              	hdma_usart2_tx:
  37 0000 00000000 		.space	68
  37      00000000 
  37      00000000 
  37      00000000 
  37      00000000 
  38              		.section	.text.MX_USART2_UART_Init,"ax",%progbits
  39              		.align	1
  40              		.global	MX_USART2_UART_Init
  41              		.syntax unified
  42              		.thumb
  43              		.thumb_func
  45              	MX_USART2_UART_Init:
  46              	.LFB65:
  47              		.file 1 "Core/Src/usart.c"
   1:Core/Src/usart.c **** /* USER CODE BEGIN Header */
   2:Core/Src/usart.c **** /**
   3:Core/Src/usart.c ****   ******************************************************************************
   4:Core/Src/usart.c ****   * @file    usart.c
   5:Core/Src/usart.c ****   * @brief   This file provides code for the configuration
ARM GAS  /var/folders/xf/tcndk8390ml5xdpfw93qkhpm0000gn/T//ccu562jS.s 			page 2


   6:Core/Src/usart.c ****   *          of the USART instances.
   7:Core/Src/usart.c ****   ******************************************************************************
   8:Core/Src/usart.c ****   * @attention
   9:Core/Src/usart.c ****   *
  10:Core/Src/usart.c ****   * Copyright (c) 2025 STMicroelectronics.
  11:Core/Src/usart.c ****   * All rights reserved.
  12:Core/Src/usart.c ****   *
  13:Core/Src/usart.c ****   * This software is licensed under terms that can be found in the LICENSE file
  14:Core/Src/usart.c ****   * in the root directory of this software component.
  15:Core/Src/usart.c ****   * If no LICENSE file comes with this software, it is provided AS-IS.
  16:Core/Src/usart.c ****   *
  17:Core/Src/usart.c ****   ******************************************************************************
  18:Core/Src/usart.c ****   */
  19:Core/Src/usart.c **** /* USER CODE END Header */
  20:Core/Src/usart.c **** /* Includes ------------------------------------------------------------------*/
  21:Core/Src/usart.c **** #include "usart.h"
  22:Core/Src/usart.c **** 
  23:Core/Src/usart.c **** /* USER CODE BEGIN 0 */
  24:Core/Src/usart.c **** 
  25:Core/Src/usart.c **** /* USER CODE END 0 */
  26:Core/Src/usart.c **** 
  27:Core/Src/usart.c **** UART_HandleTypeDef huart2;
  28:Core/Src/usart.c **** DMA_HandleTypeDef hdma_usart2_rx;
  29:Core/Src/usart.c **** DMA_HandleTypeDef hdma_usart2_tx;
  30:Core/Src/usart.c **** 
  31:Core/Src/usart.c **** /* USART2 init function */
  32:Core/Src/usart.c **** 
  33:Core/Src/usart.c **** void MX_USART2_UART_Init(void)
  34:Core/Src/usart.c **** {
  48              		.loc 1 34 1
  49              		.cfi_startproc
  50              		@ args = 0, pretend = 0, frame = 0
  51              		@ frame_needed = 1, uses_anonymous_args = 0
  52 0000 80B5     		push	{r7, lr}
  53              	.LCFI0:
  54              		.cfi_def_cfa_offset 8
  55              		.cfi_offset 7, -8
  56              		.cfi_offset 14, -4
  57 0002 00AF     		add	r7, sp, #0
  58              	.LCFI1:
  59              		.cfi_def_cfa_register 7
  35:Core/Src/usart.c **** 
  36:Core/Src/usart.c ****   /* USER CODE BEGIN USART2_Init 0 */
  37:Core/Src/usart.c **** 
  38:Core/Src/usart.c ****   /* USER CODE END USART2_Init 0 */
  39:Core/Src/usart.c **** 
  40:Core/Src/usart.c ****   /* USER CODE BEGIN USART2_Init 1 */
  41:Core/Src/usart.c **** 
  42:Core/Src/usart.c ****   /* USER CODE END USART2_Init 1 */
  43:Core/Src/usart.c ****   huart2.Instance = USART2;
  60              		.loc 1 43 19
  61 0004 104B     		ldr	r3, .L4
  62 0006 114A     		ldr	r2, .L4+4
  63 0008 1A60     		str	r2, [r3]
  44:Core/Src/usart.c ****   huart2.Init.BaudRate = 1000000;
  64              		.loc 1 44 24
  65 000a 0F4B     		ldr	r3, .L4
ARM GAS  /var/folders/xf/tcndk8390ml5xdpfw93qkhpm0000gn/T//ccu562jS.s 			page 3


  66 000c 104A     		ldr	r2, .L4+8
  67 000e 5A60     		str	r2, [r3, #4]
  45:Core/Src/usart.c ****   huart2.Init.WordLength = UART_WORDLENGTH_8B;
  68              		.loc 1 45 26
  69 0010 0D4B     		ldr	r3, .L4
  70 0012 0022     		movs	r2, #0
  71 0014 9A60     		str	r2, [r3, #8]
  46:Core/Src/usart.c ****   huart2.Init.StopBits = UART_STOPBITS_1;
  72              		.loc 1 46 24
  73 0016 0C4B     		ldr	r3, .L4
  74 0018 0022     		movs	r2, #0
  75 001a DA60     		str	r2, [r3, #12]
  47:Core/Src/usart.c ****   huart2.Init.Parity = UART_PARITY_NONE;
  76              		.loc 1 47 22
  77 001c 0A4B     		ldr	r3, .L4
  78 001e 0022     		movs	r2, #0
  79 0020 1A61     		str	r2, [r3, #16]
  48:Core/Src/usart.c ****   huart2.Init.Mode = UART_MODE_TX_RX;
  80              		.loc 1 48 20
  81 0022 094B     		ldr	r3, .L4
  82 0024 0C22     		movs	r2, #12
  83 0026 5A61     		str	r2, [r3, #20]
  49:Core/Src/usart.c ****   huart2.Init.HwFlowCtl = UART_HWCONTROL_NONE;
  84              		.loc 1 49 25
  85 0028 074B     		ldr	r3, .L4
  86 002a 0022     		movs	r2, #0
  87 002c 9A61     		str	r2, [r3, #24]
  50:Core/Src/usart.c ****   huart2.Init.OverSampling = UART_OVERSAMPLING_16;
  88              		.loc 1 50 28
  89 002e 064B     		ldr	r3, .L4
  90 0030 0022     		movs	r2, #0
  91 0032 DA61     		str	r2, [r3, #28]
  51:Core/Src/usart.c ****   if (HAL_UART_Init(&huart2) != HAL_OK)
  92              		.loc 1 51 7
  93 0034 0448     		ldr	r0, .L4
  94 0036 FFF7FEFF 		bl	HAL_UART_Init
  95 003a 0346     		mov	r3, r0
  96              		.loc 1 51 6
  97 003c 002B     		cmp	r3, #0
  98 003e 01D0     		beq	.L3
  52:Core/Src/usart.c ****   {
  53:Core/Src/usart.c ****     Error_Handler();
  99              		.loc 1 53 5
 100 0040 FFF7FEFF 		bl	Error_Handler
 101              	.L3:
  54:Core/Src/usart.c ****   }
  55:Core/Src/usart.c ****   /* USER CODE BEGIN USART2_Init 2 */
  56:Core/Src/usart.c **** 
  57:Core/Src/usart.c ****   /* USER CODE END USART2_Init 2 */
  58:Core/Src/usart.c **** 
  59:Core/Src/usart.c **** }
 102              		.loc 1 59 1
 103 0044 00BF     		nop
 104 0046 80BD     		pop	{r7, pc}
 105              	.L5:
 106              		.align	2
 107              	.L4:
ARM GAS  /var/folders/xf/tcndk8390ml5xdpfw93qkhpm0000gn/T//ccu562jS.s 			page 4


 108 0048 00000000 		.word	huart2
 109 004c 00440040 		.word	1073759232
 110 0050 40420F00 		.word	1000000
 111              		.cfi_endproc
 112              	.LFE65:
 114              		.section	.text.HAL_UART_MspInit,"ax",%progbits
 115              		.align	1
 116              		.global	HAL_UART_MspInit
 117              		.syntax unified
 118              		.thumb
 119              		.thumb_func
 121              	HAL_UART_MspInit:
 122              	.LFB66:
  60:Core/Src/usart.c **** 
  61:Core/Src/usart.c **** void HAL_UART_MspInit(UART_HandleTypeDef* uartHandle)
  62:Core/Src/usart.c **** {
 123              		.loc 1 62 1
 124              		.cfi_startproc
 125              		@ args = 0, pretend = 0, frame = 32
 126              		@ frame_needed = 1, uses_anonymous_args = 0
 127 0000 80B5     		push	{r7, lr}
 128              	.LCFI2:
 129              		.cfi_def_cfa_offset 8
 130              		.cfi_offset 7, -8
 131              		.cfi_offset 14, -4
 132 0002 88B0     		sub	sp, sp, #32
 133              	.LCFI3:
 134              		.cfi_def_cfa_offset 40
 135 0004 00AF     		add	r7, sp, #0
 136              	.LCFI4:
 137              		.cfi_def_cfa_register 7
 138 0006 7860     		str	r0, [r7, #4]
  63:Core/Src/usart.c **** 
  64:Core/Src/usart.c ****   GPIO_InitTypeDef GPIO_InitStruct = {0};
 139              		.loc 1 64 20
 140 0008 07F11003 		add	r3, r7, #16
 141 000c 0022     		movs	r2, #0
 142 000e 1A60     		str	r2, [r3]
 143 0010 5A60     		str	r2, [r3, #4]
 144 0012 9A60     		str	r2, [r3, #8]
 145 0014 DA60     		str	r2, [r3, #12]
  65:Core/Src/usart.c ****   if(uartHandle->Instance==USART2)
 146              		.loc 1 65 16
 147 0016 7B68     		ldr	r3, [r7, #4]
 148 0018 1B68     		ldr	r3, [r3]
 149              		.loc 1 65 5
 150 001a 464A     		ldr	r2, .L11
 151 001c 9342     		cmp	r3, r2
 152 001e 40F08480 		bne	.L10
 153              	.LBB2:
  66:Core/Src/usart.c ****   {
  67:Core/Src/usart.c ****   /* USER CODE BEGIN USART2_MspInit 0 */
  68:Core/Src/usart.c **** 
  69:Core/Src/usart.c ****   /* USER CODE END USART2_MspInit 0 */
  70:Core/Src/usart.c ****     /* USART2 clock enable */
  71:Core/Src/usart.c ****     __HAL_RCC_USART2_CLK_ENABLE();
 154              		.loc 1 71 5
ARM GAS  /var/folders/xf/tcndk8390ml5xdpfw93qkhpm0000gn/T//ccu562jS.s 			page 5


 155 0022 454B     		ldr	r3, .L11+4
 156 0024 DB69     		ldr	r3, [r3, #28]
 157 0026 444A     		ldr	r2, .L11+4
 158 0028 43F40033 		orr	r3, r3, #131072
 159 002c D361     		str	r3, [r2, #28]
 160 002e 424B     		ldr	r3, .L11+4
 161 0030 DB69     		ldr	r3, [r3, #28]
 162 0032 03F40033 		and	r3, r3, #131072
 163 0036 FB60     		str	r3, [r7, #12]
 164 0038 FB68     		ldr	r3, [r7, #12]
 165              	.LBE2:
 166              	.LBB3:
  72:Core/Src/usart.c **** 
  73:Core/Src/usart.c ****     __HAL_RCC_GPIOA_CLK_ENABLE();
 167              		.loc 1 73 5
 168 003a 3F4B     		ldr	r3, .L11+4
 169 003c 9B69     		ldr	r3, [r3, #24]
 170 003e 3E4A     		ldr	r2, .L11+4
 171 0040 43F00403 		orr	r3, r3, #4
 172 0044 9361     		str	r3, [r2, #24]
 173 0046 3C4B     		ldr	r3, .L11+4
 174 0048 9B69     		ldr	r3, [r3, #24]
 175 004a 03F00403 		and	r3, r3, #4
 176 004e BB60     		str	r3, [r7, #8]
 177 0050 BB68     		ldr	r3, [r7, #8]
 178              	.LBE3:
  74:Core/Src/usart.c ****     /**USART2 GPIO Configuration
  75:Core/Src/usart.c ****     PA2     ------> USART2_TX
  76:Core/Src/usart.c ****     PA3     ------> USART2_RX
  77:Core/Src/usart.c ****     */
  78:Core/Src/usart.c ****     GPIO_InitStruct.Pin = GPIO_PIN_2;
 179              		.loc 1 78 25
 180 0052 0423     		movs	r3, #4
 181 0054 3B61     		str	r3, [r7, #16]
  79:Core/Src/usart.c ****     GPIO_InitStruct.Mode = GPIO_MODE_AF_PP;
 182              		.loc 1 79 26
 183 0056 0223     		movs	r3, #2
 184 0058 7B61     		str	r3, [r7, #20]
  80:Core/Src/usart.c ****     GPIO_InitStruct.Speed = GPIO_SPEED_FREQ_HIGH;
 185              		.loc 1 80 27
 186 005a 0323     		movs	r3, #3
 187 005c FB61     		str	r3, [r7, #28]
  81:Core/Src/usart.c ****     HAL_GPIO_Init(GPIOA, &GPIO_InitStruct);
 188              		.loc 1 81 5
 189 005e 07F11003 		add	r3, r7, #16
 190 0062 1946     		mov	r1, r3
 191 0064 3548     		ldr	r0, .L11+8
 192 0066 FFF7FEFF 		bl	HAL_GPIO_Init
  82:Core/Src/usart.c **** 
  83:Core/Src/usart.c ****     GPIO_InitStruct.Pin = GPIO_PIN_3;
 193              		.loc 1 83 25
 194 006a 0823     		movs	r3, #8
 195 006c 3B61     		str	r3, [r7, #16]
  84:Core/Src/usart.c ****     GPIO_InitStruct.Mode = GPIO_MODE_INPUT;
 196              		.loc 1 84 26
 197 006e 0023     		movs	r3, #0
 198 0070 7B61     		str	r3, [r7, #20]
ARM GAS  /var/folders/xf/tcndk8390ml5xdpfw93qkhpm0000gn/T//ccu562jS.s 			page 6


  85:Core/Src/usart.c ****     GPIO_InitStruct.Pull = GPIO_NOPULL;
 199              		.loc 1 85 26
 200 0072 0023     		movs	r3, #0
 201 0074 BB61     		str	r3, [r7, #24]
  86:Core/Src/usart.c ****     HAL_GPIO_Init(GPIOA, &GPIO_InitStruct);
 202              		.loc 1 86 5
 203 0076 07F11003 		add	r3, r7, #16
 204 007a 1946     		mov	r1, r3
 205 007c 2F48     		ldr	r0, .L11+8
 206 007e FFF7FEFF 		bl	HAL_GPIO_Init
  87:Core/Src/usart.c **** 
  88:Core/Src/usart.c ****     /* USART2 DMA Init */
  89:Core/Src/usart.c ****     /* USART2_RX Init */
  90:Core/Src/usart.c ****     hdma_usart2_rx.Instance = DMA1_Channel6;
 207              		.loc 1 90 29
 208 0082 2F4B     		ldr	r3, .L11+12
 209 0084 2F4A     		ldr	r2, .L11+16
 210 0086 1A60     		str	r2, [r3]
  91:Core/Src/usart.c ****     hdma_usart2_rx.Init.Direction = DMA_PERIPH_TO_MEMORY;
 211              		.loc 1 91 35
 212 0088 2D4B     		ldr	r3, .L11+12
 213 008a 0022     		movs	r2, #0
 214 008c 5A60     		str	r2, [r3, #4]
  92:Core/Src/usart.c ****     hdma_usart2_rx.Init.PeriphInc = DMA_PINC_DISABLE;
 215              		.loc 1 92 35
 216 008e 2C4B     		ldr	r3, .L11+12
 217 0090 0022     		movs	r2, #0
 218 0092 9A60     		str	r2, [r3, #8]
  93:Core/Src/usart.c ****     hdma_usart2_rx.Init.MemInc = DMA_MINC_ENABLE;
 219              		.loc 1 93 32
 220 0094 2A4B     		ldr	r3, .L11+12
 221 0096 8022     		movs	r2, #128
 222 0098 DA60     		str	r2, [r3, #12]
  94:Core/Src/usart.c ****     hdma_usart2_rx.Init.PeriphDataAlignment = DMA_PDATAALIGN_BYTE;
 223              		.loc 1 94 45
 224 009a 294B     		ldr	r3, .L11+12
 225 009c 0022     		movs	r2, #0
 226 009e 1A61     		str	r2, [r3, #16]
  95:Core/Src/usart.c ****     hdma_usart2_rx.Init.MemDataAlignment = DMA_MDATAALIGN_BYTE;
 227              		.loc 1 95 42
 228 00a0 274B     		ldr	r3, .L11+12
 229 00a2 0022     		movs	r2, #0
 230 00a4 5A61     		str	r2, [r3, #20]
  96:Core/Src/usart.c ****     hdma_usart2_rx.Init.Mode = DMA_NORMAL;
 231              		.loc 1 96 30
 232 00a6 264B     		ldr	r3, .L11+12
 233 00a8 0022     		movs	r2, #0
 234 00aa 9A61     		str	r2, [r3, #24]
  97:Core/Src/usart.c ****     hdma_usart2_rx.Init.Priority = DMA_PRIORITY_LOW;
 235              		.loc 1 97 34
 236 00ac 244B     		ldr	r3, .L11+12
 237 00ae 0022     		movs	r2, #0
 238 00b0 DA61     		str	r2, [r3, #28]
  98:Core/Src/usart.c ****     if (HAL_DMA_Init(&hdma_usart2_rx) != HAL_OK)
 239              		.loc 1 98 9
 240 00b2 2348     		ldr	r0, .L11+12
 241 00b4 FFF7FEFF 		bl	HAL_DMA_Init
ARM GAS  /var/folders/xf/tcndk8390ml5xdpfw93qkhpm0000gn/T//ccu562jS.s 			page 7


 242 00b8 0346     		mov	r3, r0
 243              		.loc 1 98 8
 244 00ba 002B     		cmp	r3, #0
 245 00bc 01D0     		beq	.L8
  99:Core/Src/usart.c ****     {
 100:Core/Src/usart.c ****       Error_Handler();
 246              		.loc 1 100 7
 247 00be FFF7FEFF 		bl	Error_Handler
 248              	.L8:
 101:Core/Src/usart.c ****     }
 102:Core/Src/usart.c **** 
 103:Core/Src/usart.c ****     __HAL_LINKDMA(uartHandle,hdmarx,hdma_usart2_rx);
 249              		.loc 1 103 5
 250 00c2 7B68     		ldr	r3, [r7, #4]
 251 00c4 1E4A     		ldr	r2, .L11+12
 252 00c6 DA63     		str	r2, [r3, #60]
 253 00c8 1D4A     		ldr	r2, .L11+12
 254 00ca 7B68     		ldr	r3, [r7, #4]
 255 00cc 5362     		str	r3, [r2, #36]
 104:Core/Src/usart.c **** 
 105:Core/Src/usart.c ****     /* USART2_TX Init */
 106:Core/Src/usart.c ****     hdma_usart2_tx.Instance = DMA1_Channel7;
 256              		.loc 1 106 29
 257 00ce 1E4B     		ldr	r3, .L11+20
 258 00d0 1E4A     		ldr	r2, .L11+24
 259 00d2 1A60     		str	r2, [r3]
 107:Core/Src/usart.c ****     hdma_usart2_tx.Init.Direction = DMA_MEMORY_TO_PERIPH;
 260              		.loc 1 107 35
 261 00d4 1C4B     		ldr	r3, .L11+20
 262 00d6 1022     		movs	r2, #16
 263 00d8 5A60     		str	r2, [r3, #4]
 108:Core/Src/usart.c ****     hdma_usart2_tx.Init.PeriphInc = DMA_PINC_DISABLE;
 264              		.loc 1 108 35
 265 00da 1B4B     		ldr	r3, .L11+20
 266 00dc 0022     		movs	r2, #0
 267 00de 9A60     		str	r2, [r3, #8]
 109:Core/Src/usart.c ****     hdma_usart2_tx.Init.MemInc = DMA_MINC_ENABLE;
 268              		.loc 1 109 32
 269 00e0 194B     		ldr	r3, .L11+20
 270 00e2 8022     		movs	r2, #128
 271 00e4 DA60     		str	r2, [r3, #12]
 110:Core/Src/usart.c ****     hdma_usart2_tx.Init.PeriphDataAlignment = DMA_PDATAALIGN_BYTE;
 272              		.loc 1 110 45
 273 00e6 184B     		ldr	r3, .L11+20
 274 00e8 0022     		movs	r2, #0
 275 00ea 1A61     		str	r2, [r3, #16]
 111:Core/Src/usart.c ****     hdma_usart2_tx.Init.MemDataAlignment = DMA_MDATAALIGN_BYTE;
 276              		.loc 1 111 42
 277 00ec 164B     		ldr	r3, .L11+20
 278 00ee 0022     		movs	r2, #0
 279 00f0 5A61     		str	r2, [r3, #20]
 112:Core/Src/usart.c ****     hdma_usart2_tx.Init.Mode = DMA_NORMAL;
 280              		.loc 1 112 30
 281 00f2 154B     		ldr	r3, .L11+20
 282 00f4 0022     		movs	r2, #0
 283 00f6 9A61     		str	r2, [r3, #24]
 113:Core/Src/usart.c ****     hdma_usart2_tx.Init.Priority = DMA_PRIORITY_LOW;
ARM GAS  /var/folders/xf/tcndk8390ml5xdpfw93qkhpm0000gn/T//ccu562jS.s 			page 8


 284              		.loc 1 113 34
 285 00f8 134B     		ldr	r3, .L11+20
 286 00fa 0022     		movs	r2, #0
 287 00fc DA61     		str	r2, [r3, #28]
 114:Core/Src/usart.c ****     if (HAL_DMA_Init(&hdma_usart2_tx) != HAL_OK)
 288              		.loc 1 114 9
 289 00fe 1248     		ldr	r0, .L11+20
 290 0100 FFF7FEFF 		bl	HAL_DMA_Init
 291 0104 0346     		mov	r3, r0
 292              		.loc 1 114 8
 293 0106 002B     		cmp	r3, #0
 294 0108 01D0     		beq	.L9
 115:Core/Src/usart.c ****     {
 116:Core/Src/usart.c ****       Error_Handler();
 295              		.loc 1 116 7
 296 010a FFF7FEFF 		bl	Error_Handler
 297              	.L9:
 117:Core/Src/usart.c ****     }
 118:Core/Src/usart.c **** 
 119:Core/Src/usart.c ****     __HAL_LINKDMA(uartHandle,hdmatx,hdma_usart2_tx);
 298              		.loc 1 119 5
 299 010e 7B68     		ldr	r3, [r7, #4]
 300 0110 0D4A     		ldr	r2, .L11+20
 301 0112 9A63     		str	r2, [r3, #56]
 302 0114 0C4A     		ldr	r2, .L11+20
 303 0116 7B68     		ldr	r3, [r7, #4]
 304 0118 5362     		str	r3, [r2, #36]
 120:Core/Src/usart.c **** 
 121:Core/Src/usart.c ****     /* USART2 interrupt Init */
 122:Core/Src/usart.c ****     HAL_NVIC_SetPriority(USART2_IRQn, 0, 0);
 305              		.loc 1 122 5
 306 011a 0022     		movs	r2, #0
 307 011c 0021     		movs	r1, #0
 308 011e 2620     		movs	r0, #38
 309 0120 FFF7FEFF 		bl	HAL_NVIC_SetPriority
 123:Core/Src/usart.c ****     HAL_NVIC_EnableIRQ(USART2_IRQn);
 310              		.loc 1 123 5
 311 0124 2620     		movs	r0, #38
 312 0126 FFF7FEFF 		bl	HAL_NVIC_EnableIRQ
 313              	.L10:
 124:Core/Src/usart.c ****   /* USER CODE BEGIN USART2_MspInit 1 */
 125:Core/Src/usart.c **** 
 126:Core/Src/usart.c ****   /* USER CODE END USART2_MspInit 1 */
 127:Core/Src/usart.c ****   }
 128:Core/Src/usart.c **** }
 314              		.loc 1 128 1
 315 012a 00BF     		nop
 316 012c 2037     		adds	r7, r7, #32
 317              	.LCFI5:
 318              		.cfi_def_cfa_offset 8
 319 012e BD46     		mov	sp, r7
 320              	.LCFI6:
 321              		.cfi_def_cfa_register 13
 322              		@ sp needed
 323 0130 80BD     		pop	{r7, pc}
 324              	.L12:
 325 0132 00BF     		.align	2
ARM GAS  /var/folders/xf/tcndk8390ml5xdpfw93qkhpm0000gn/T//ccu562jS.s 			page 9


 326              	.L11:
 327 0134 00440040 		.word	1073759232
 328 0138 00100240 		.word	1073876992
 329 013c 00080140 		.word	1073809408
 330 0140 00000000 		.word	hdma_usart2_rx
 331 0144 6C000240 		.word	1073873004
 332 0148 00000000 		.word	hdma_usart2_tx
 333 014c 80000240 		.word	1073873024
 334              		.cfi_endproc
 335              	.LFE66:
 337              		.section	.text.HAL_UART_MspDeInit,"ax",%progbits
 338              		.align	1
 339              		.global	HAL_UART_MspDeInit
 340              		.syntax unified
 341              		.thumb
 342              		.thumb_func
 344              	HAL_UART_MspDeInit:
 345              	.LFB67:
 129:Core/Src/usart.c **** 
 130:Core/Src/usart.c **** void HAL_UART_MspDeInit(UART_HandleTypeDef* uartHandle)
 131:Core/Src/usart.c **** {
 346              		.loc 1 131 1
 347              		.cfi_startproc
 348              		@ args = 0, pretend = 0, frame = 8
 349              		@ frame_needed = 1, uses_anonymous_args = 0
 350 0000 80B5     		push	{r7, lr}
 351              	.LCFI7:
 352              		.cfi_def_cfa_offset 8
 353              		.cfi_offset 7, -8
 354              		.cfi_offset 14, -4
 355 0002 82B0     		sub	sp, sp, #8
 356              	.LCFI8:
 357              		.cfi_def_cfa_offset 16
 358 0004 00AF     		add	r7, sp, #0
 359              	.LCFI9:
 360              		.cfi_def_cfa_register 7
 361 0006 7860     		str	r0, [r7, #4]
 132:Core/Src/usart.c **** 
 133:Core/Src/usart.c ****   if(uartHandle->Instance==USART2)
 362              		.loc 1 133 16
 363 0008 7B68     		ldr	r3, [r7, #4]
 364 000a 1B68     		ldr	r3, [r3]
 365              		.loc 1 133 5
 366 000c 0E4A     		ldr	r2, .L16
 367 000e 9342     		cmp	r3, r2
 368 0010 16D1     		bne	.L15
 134:Core/Src/usart.c ****   {
 135:Core/Src/usart.c ****   /* USER CODE BEGIN USART2_MspDeInit 0 */
 136:Core/Src/usart.c **** 
 137:Core/Src/usart.c ****   /* USER CODE END USART2_MspDeInit 0 */
 138:Core/Src/usart.c ****     /* Peripheral clock disable */
 139:Core/Src/usart.c ****     __HAL_RCC_USART2_CLK_DISABLE();
 369              		.loc 1 139 5
 370 0012 0E4B     		ldr	r3, .L16+4
 371 0014 DB69     		ldr	r3, [r3, #28]
 372 0016 0D4A     		ldr	r2, .L16+4
 373 0018 23F40033 		bic	r3, r3, #131072
ARM GAS  /var/folders/xf/tcndk8390ml5xdpfw93qkhpm0000gn/T//ccu562jS.s 			page 10


 374 001c D361     		str	r3, [r2, #28]
 140:Core/Src/usart.c **** 
 141:Core/Src/usart.c ****     /**USART2 GPIO Configuration
 142:Core/Src/usart.c ****     PA2     ------> USART2_TX
 143:Core/Src/usart.c ****     PA3     ------> USART2_RX
 144:Core/Src/usart.c ****     */
 145:Core/Src/usart.c ****     HAL_GPIO_DeInit(GPIOA, GPIO_PIN_2|GPIO_PIN_3);
 375              		.loc 1 145 5
 376 001e 0C21     		movs	r1, #12
 377 0020 0B48     		ldr	r0, .L16+8
 378 0022 FFF7FEFF 		bl	HAL_GPIO_DeInit
 146:Core/Src/usart.c **** 
 147:Core/Src/usart.c ****     /* USART2 DMA DeInit */
 148:Core/Src/usart.c ****     HAL_DMA_DeInit(uartHandle->hdmarx);
 379              		.loc 1 148 5
 380 0026 7B68     		ldr	r3, [r7, #4]
 381 0028 DB6B     		ldr	r3, [r3, #60]
 382 002a 1846     		mov	r0, r3
 383 002c FFF7FEFF 		bl	HAL_DMA_DeInit
 149:Core/Src/usart.c ****     HAL_DMA_DeInit(uartHandle->hdmatx);
 384              		.loc 1 149 5
 385 0030 7B68     		ldr	r3, [r7, #4]
 386 0032 9B6B     		ldr	r3, [r3, #56]
 387 0034 1846     		mov	r0, r3
 388 0036 FFF7FEFF 		bl	HAL_DMA_DeInit
 150:Core/Src/usart.c **** 
 151:Core/Src/usart.c ****     /* USART2 interrupt Deinit */
 152:Core/Src/usart.c ****     HAL_NVIC_DisableIRQ(USART2_IRQn);
 389              		.loc 1 152 5
 390 003a 2620     		movs	r0, #38
 391 003c FFF7FEFF 		bl	HAL_NVIC_DisableIRQ
 392              	.L15:
 153:Core/Src/usart.c ****   /* USER CODE BEGIN USART2_MspDeInit 1 */
 154:Core/Src/usart.c **** 
 155:Core/Src/usart.c ****   /* USER CODE END USART2_MspDeInit 1 */
 156:Core/Src/usart.c ****   }
 157:Core/Src/usart.c **** }
 393              		.loc 1 157 1
 394 0040 00BF     		nop
 395 0042 0837     		adds	r7, r7, #8
 396              	.LCFI10:
 397              		.cfi_def_cfa_offset 8
 398 0044 BD46     		mov	sp, r7
 399              	.LCFI11:
 400              		.cfi_def_cfa_register 13
 401              		@ sp needed
 402 0046 80BD     		pop	{r7, pc}
 403              	.L17:
 404              		.align	2
 405              	.L16:
 406 0048 00440040 		.word	1073759232
 407 004c 00100240 		.word	1073876992
 408 0050 00080140 		.word	1073809408
 409              		.cfi_endproc
 410              	.LFE67:
 412              		.text
 413              	.Letext0:
ARM GAS  /var/folders/xf/tcndk8390ml5xdpfw93qkhpm0000gn/T//ccu562jS.s 			page 11


 414              		.file 2 "/Applications/ARM/arm-none-eabi/include/machine/_default_types.h"
 415              		.file 3 "/Applications/ARM/arm-none-eabi/include/sys/_stdint.h"
 416              		.file 4 "Drivers/CMSIS/Device/ST/STM32F1xx/Include/stm32f103xb.h"
 417              		.file 5 "Drivers/STM32F1xx_HAL_Driver/Inc/stm32f1xx_hal_def.h"
 418              		.file 6 "Drivers/STM32F1xx_HAL_Driver/Inc/stm32f1xx_hal_gpio.h"
 419              		.file 7 "Drivers/STM32F1xx_HAL_Driver/Inc/stm32f1xx_hal_dma.h"
 420              		.file 8 "Drivers/STM32F1xx_HAL_Driver/Inc/stm32f1xx_hal_uart.h"
 421              		.file 9 "Core/Inc/usart.h"
ARM GAS  /var/folders/xf/tcndk8390ml5xdpfw93qkhpm0000gn/T//ccu562jS.s 			page 12


DEFINED SYMBOLS
                            *ABS*:0000000000000000 usart.c
/var/folders/xf/tcndk8390ml5xdpfw93qkhpm0000gn/T//ccu562jS.s:22     .bss.huart2:0000000000000000 huart2
/var/folders/xf/tcndk8390ml5xdpfw93qkhpm0000gn/T//ccu562jS.s:19     .bss.huart2:0000000000000000 $d
/var/folders/xf/tcndk8390ml5xdpfw93qkhpm0000gn/T//ccu562jS.s:29     .bss.hdma_usart2_rx:0000000000000000 hdma_usart2_rx
/var/folders/xf/tcndk8390ml5xdpfw93qkhpm0000gn/T//ccu562jS.s:26     .bss.hdma_usart2_rx:0000000000000000 $d
/var/folders/xf/tcndk8390ml5xdpfw93qkhpm0000gn/T//ccu562jS.s:36     .bss.hdma_usart2_tx:0000000000000000 hdma_usart2_tx
/var/folders/xf/tcndk8390ml5xdpfw93qkhpm0000gn/T//ccu562jS.s:33     .bss.hdma_usart2_tx:0000000000000000 $d
/var/folders/xf/tcndk8390ml5xdpfw93qkhpm0000gn/T//ccu562jS.s:39     .text.MX_USART2_UART_Init:0000000000000000 $t
/var/folders/xf/tcndk8390ml5xdpfw93qkhpm0000gn/T//ccu562jS.s:45     .text.MX_USART2_UART_Init:0000000000000000 MX_USART2_UART_Init
/var/folders/xf/tcndk8390ml5xdpfw93qkhpm0000gn/T//ccu562jS.s:108    .text.MX_USART2_UART_Init:0000000000000048 $d
/var/folders/xf/tcndk8390ml5xdpfw93qkhpm0000gn/T//ccu562jS.s:115    .text.HAL_UART_MspInit:0000000000000000 $t
/var/folders/xf/tcndk8390ml5xdpfw93qkhpm0000gn/T//ccu562jS.s:121    .text.HAL_UART_MspInit:0000000000000000 HAL_UART_MspInit
/var/folders/xf/tcndk8390ml5xdpfw93qkhpm0000gn/T//ccu562jS.s:327    .text.HAL_UART_MspInit:0000000000000134 $d
/var/folders/xf/tcndk8390ml5xdpfw93qkhpm0000gn/T//ccu562jS.s:338    .text.HAL_UART_MspDeInit:0000000000000000 $t
/var/folders/xf/tcndk8390ml5xdpfw93qkhpm0000gn/T//ccu562jS.s:344    .text.HAL_UART_MspDeInit:0000000000000000 HAL_UART_MspDeInit
/var/folders/xf/tcndk8390ml5xdpfw93qkhpm0000gn/T//ccu562jS.s:406    .text.HAL_UART_MspDeInit:0000000000000048 $d

UNDEFINED SYMBOLS
HAL_UART_Init
Error_Handler
HAL_GPIO_Init
HAL_DMA_Init
HAL_NVIC_SetPriority
HAL_NVIC_EnableIRQ
HAL_GPIO_DeInit
HAL_DMA_DeInit
HAL_NVIC_DisableIRQ
