ARM GAS  /var/folders/xf/tcndk8390ml5xdpfw93qkhpm0000gn/T//ccupvcMV.s 			page 1


   1              		.cpu cortex-m3
   2              		.arch armv7-m
   3              		.fpu softvfp
   4              		.eabi_attribute 20, 1
   5              		.eabi_attribute 21, 1
   6              		.eabi_attribute 23, 3
   7              		.eabi_attribute 24, 1
   8              		.eabi_attribute 25, 1
   9              		.eabi_attribute 26, 1
  10              		.eabi_attribute 30, 6
  11              		.eabi_attribute 34, 1
  12              		.eabi_attribute 18, 4
  13              		.file	"usbd_cdc_if.c"
  14              		.text
  15              	.Ltext0:
  16              		.cfi_sections	.debug_frame
  17              		.global	UserRxBufferFS
  18              		.section	.bss.UserRxBufferFS,"aw",%nobits
  19              		.align	2
  22              	UserRxBufferFS:
  23 0000 00000000 		.space	1024
  23      00000000 
  23      00000000 
  23      00000000 
  23      00000000 
  24              		.global	UserTxBufferFS
  25              		.section	.bss.UserTxBufferFS,"aw",%nobits
  26              		.align	2
  29              	UserTxBufferFS:
  30 0000 00000000 		.space	1024
  30      00000000 
  30      00000000 
  30      00000000 
  30      00000000 
  31              		.global	USBD_Interface_fops_FS
  32              		.section	.data.USBD_Interface_fops_FS,"aw"
  33              		.align	2
  36              	USBD_Interface_fops_FS:
  37 0000 00000000 		.word	CDC_Init_FS
  38 0004 00000000 		.word	CDC_DeInit_FS
  39 0008 00000000 		.word	CDC_Control_FS
  40 000c 00000000 		.word	CDC_Receive_FS
  41              		.section	.text.CDC_Init_FS,"ax",%progbits
  42              		.align	1
  43              		.syntax unified
  44              		.thumb
  45              		.thumb_func
  47              	CDC_Init_FS:
  48              	.LFB68:
  49              		.file 1 "USB_DEVICE/App/usbd_cdc_if.c"
   1:USB_DEVICE/App/usbd_cdc_if.c **** /* USER CODE BEGIN Header */
   2:USB_DEVICE/App/usbd_cdc_if.c **** /**
   3:USB_DEVICE/App/usbd_cdc_if.c ****   ******************************************************************************
   4:USB_DEVICE/App/usbd_cdc_if.c ****   * @file           : usbd_cdc_if.c
   5:USB_DEVICE/App/usbd_cdc_if.c ****   * @version        : v2.0_Cube
   6:USB_DEVICE/App/usbd_cdc_if.c ****   * @brief          : Usb device for Virtual Com Port.
   7:USB_DEVICE/App/usbd_cdc_if.c ****   ******************************************************************************
ARM GAS  /var/folders/xf/tcndk8390ml5xdpfw93qkhpm0000gn/T//ccupvcMV.s 			page 2


   8:USB_DEVICE/App/usbd_cdc_if.c ****   * @attention
   9:USB_DEVICE/App/usbd_cdc_if.c ****   *
  10:USB_DEVICE/App/usbd_cdc_if.c ****   * Copyright (c) 2025 STMicroelectronics.
  11:USB_DEVICE/App/usbd_cdc_if.c ****   * All rights reserved.
  12:USB_DEVICE/App/usbd_cdc_if.c ****   *
  13:USB_DEVICE/App/usbd_cdc_if.c ****   * This software is licensed under terms that can be found in the LICENSE file
  14:USB_DEVICE/App/usbd_cdc_if.c ****   * in the root directory of this software component.
  15:USB_DEVICE/App/usbd_cdc_if.c ****   * If no LICENSE file comes with this software, it is provided AS-IS.
  16:USB_DEVICE/App/usbd_cdc_if.c ****   *
  17:USB_DEVICE/App/usbd_cdc_if.c ****   ******************************************************************************
  18:USB_DEVICE/App/usbd_cdc_if.c ****   */
  19:USB_DEVICE/App/usbd_cdc_if.c **** /* USER CODE END Header */
  20:USB_DEVICE/App/usbd_cdc_if.c **** 
  21:USB_DEVICE/App/usbd_cdc_if.c **** /* Includes ------------------------------------------------------------------*/
  22:USB_DEVICE/App/usbd_cdc_if.c **** #include "usbd_cdc_if.h"
  23:USB_DEVICE/App/usbd_cdc_if.c **** 
  24:USB_DEVICE/App/usbd_cdc_if.c **** /* USER CODE BEGIN INCLUDE */
  25:USB_DEVICE/App/usbd_cdc_if.c **** 
  26:USB_DEVICE/App/usbd_cdc_if.c **** /* USER CODE END INCLUDE */
  27:USB_DEVICE/App/usbd_cdc_if.c **** 
  28:USB_DEVICE/App/usbd_cdc_if.c **** /* Private typedef -----------------------------------------------------------*/
  29:USB_DEVICE/App/usbd_cdc_if.c **** /* Private define ------------------------------------------------------------*/
  30:USB_DEVICE/App/usbd_cdc_if.c **** /* Private macro -------------------------------------------------------------*/
  31:USB_DEVICE/App/usbd_cdc_if.c **** 
  32:USB_DEVICE/App/usbd_cdc_if.c **** /* USER CODE BEGIN PV */
  33:USB_DEVICE/App/usbd_cdc_if.c **** /* Private variables ---------------------------------------------------------*/
  34:USB_DEVICE/App/usbd_cdc_if.c **** 
  35:USB_DEVICE/App/usbd_cdc_if.c **** /* USER CODE END PV */
  36:USB_DEVICE/App/usbd_cdc_if.c **** 
  37:USB_DEVICE/App/usbd_cdc_if.c **** /** @addtogroup STM32_USB_OTG_DEVICE_LIBRARY
  38:USB_DEVICE/App/usbd_cdc_if.c ****   * @brief Usb device library.
  39:USB_DEVICE/App/usbd_cdc_if.c ****   * @{
  40:USB_DEVICE/App/usbd_cdc_if.c ****   */
  41:USB_DEVICE/App/usbd_cdc_if.c **** 
  42:USB_DEVICE/App/usbd_cdc_if.c **** /** @addtogroup USBD_CDC_IF
  43:USB_DEVICE/App/usbd_cdc_if.c ****   * @{
  44:USB_DEVICE/App/usbd_cdc_if.c ****   */
  45:USB_DEVICE/App/usbd_cdc_if.c **** 
  46:USB_DEVICE/App/usbd_cdc_if.c **** /** @defgroup USBD_CDC_IF_Private_TypesDefinitions USBD_CDC_IF_Private_TypesDefinitions
  47:USB_DEVICE/App/usbd_cdc_if.c ****   * @brief Private types.
  48:USB_DEVICE/App/usbd_cdc_if.c ****   * @{
  49:USB_DEVICE/App/usbd_cdc_if.c ****   */
  50:USB_DEVICE/App/usbd_cdc_if.c **** 
  51:USB_DEVICE/App/usbd_cdc_if.c **** /* USER CODE BEGIN PRIVATE_TYPES */
  52:USB_DEVICE/App/usbd_cdc_if.c **** 
  53:USB_DEVICE/App/usbd_cdc_if.c **** /* USER CODE END PRIVATE_TYPES */
  54:USB_DEVICE/App/usbd_cdc_if.c **** 
  55:USB_DEVICE/App/usbd_cdc_if.c **** /**
  56:USB_DEVICE/App/usbd_cdc_if.c ****   * @}
  57:USB_DEVICE/App/usbd_cdc_if.c ****   */
  58:USB_DEVICE/App/usbd_cdc_if.c **** 
  59:USB_DEVICE/App/usbd_cdc_if.c **** /** @defgroup USBD_CDC_IF_Private_Defines USBD_CDC_IF_Private_Defines
  60:USB_DEVICE/App/usbd_cdc_if.c ****   * @brief Private defines.
  61:USB_DEVICE/App/usbd_cdc_if.c ****   * @{
  62:USB_DEVICE/App/usbd_cdc_if.c ****   */
  63:USB_DEVICE/App/usbd_cdc_if.c **** 
  64:USB_DEVICE/App/usbd_cdc_if.c **** /* USER CODE BEGIN PRIVATE_DEFINES */
ARM GAS  /var/folders/xf/tcndk8390ml5xdpfw93qkhpm0000gn/T//ccupvcMV.s 			page 3


  65:USB_DEVICE/App/usbd_cdc_if.c **** /* USER CODE END PRIVATE_DEFINES */
  66:USB_DEVICE/App/usbd_cdc_if.c **** 
  67:USB_DEVICE/App/usbd_cdc_if.c **** /**
  68:USB_DEVICE/App/usbd_cdc_if.c ****   * @}
  69:USB_DEVICE/App/usbd_cdc_if.c ****   */
  70:USB_DEVICE/App/usbd_cdc_if.c **** 
  71:USB_DEVICE/App/usbd_cdc_if.c **** /** @defgroup USBD_CDC_IF_Private_Macros USBD_CDC_IF_Private_Macros
  72:USB_DEVICE/App/usbd_cdc_if.c ****   * @brief Private macros.
  73:USB_DEVICE/App/usbd_cdc_if.c ****   * @{
  74:USB_DEVICE/App/usbd_cdc_if.c ****   */
  75:USB_DEVICE/App/usbd_cdc_if.c **** 
  76:USB_DEVICE/App/usbd_cdc_if.c **** /* USER CODE BEGIN PRIVATE_MACRO */
  77:USB_DEVICE/App/usbd_cdc_if.c **** 
  78:USB_DEVICE/App/usbd_cdc_if.c **** /* USER CODE END PRIVATE_MACRO */
  79:USB_DEVICE/App/usbd_cdc_if.c **** 
  80:USB_DEVICE/App/usbd_cdc_if.c **** /**
  81:USB_DEVICE/App/usbd_cdc_if.c ****   * @}
  82:USB_DEVICE/App/usbd_cdc_if.c ****   */
  83:USB_DEVICE/App/usbd_cdc_if.c **** 
  84:USB_DEVICE/App/usbd_cdc_if.c **** /** @defgroup USBD_CDC_IF_Private_Variables USBD_CDC_IF_Private_Variables
  85:USB_DEVICE/App/usbd_cdc_if.c ****   * @brief Private variables.
  86:USB_DEVICE/App/usbd_cdc_if.c ****   * @{
  87:USB_DEVICE/App/usbd_cdc_if.c ****   */
  88:USB_DEVICE/App/usbd_cdc_if.c **** /* Create buffer for reception and transmission           */
  89:USB_DEVICE/App/usbd_cdc_if.c **** /* It's up to user to redefine and/or remove those define */
  90:USB_DEVICE/App/usbd_cdc_if.c **** /** Received data over USB are stored in this buffer      */
  91:USB_DEVICE/App/usbd_cdc_if.c **** uint8_t UserRxBufferFS[APP_RX_DATA_SIZE];
  92:USB_DEVICE/App/usbd_cdc_if.c **** 
  93:USB_DEVICE/App/usbd_cdc_if.c **** /** Data to send over USB CDC are stored in this buffer   */
  94:USB_DEVICE/App/usbd_cdc_if.c **** uint8_t UserTxBufferFS[APP_TX_DATA_SIZE];
  95:USB_DEVICE/App/usbd_cdc_if.c **** 
  96:USB_DEVICE/App/usbd_cdc_if.c **** /* USER CODE BEGIN PRIVATE_VARIABLES */
  97:USB_DEVICE/App/usbd_cdc_if.c **** 
  98:USB_DEVICE/App/usbd_cdc_if.c **** /* USER CODE END PRIVATE_VARIABLES */
  99:USB_DEVICE/App/usbd_cdc_if.c **** 
 100:USB_DEVICE/App/usbd_cdc_if.c **** /**
 101:USB_DEVICE/App/usbd_cdc_if.c ****   * @}
 102:USB_DEVICE/App/usbd_cdc_if.c ****   */
 103:USB_DEVICE/App/usbd_cdc_if.c **** 
 104:USB_DEVICE/App/usbd_cdc_if.c **** /** @defgroup USBD_CDC_IF_Exported_Variables USBD_CDC_IF_Exported_Variables
 105:USB_DEVICE/App/usbd_cdc_if.c ****   * @brief Public variables.
 106:USB_DEVICE/App/usbd_cdc_if.c ****   * @{
 107:USB_DEVICE/App/usbd_cdc_if.c ****   */
 108:USB_DEVICE/App/usbd_cdc_if.c **** 
 109:USB_DEVICE/App/usbd_cdc_if.c **** extern USBD_HandleTypeDef hUsbDeviceFS;
 110:USB_DEVICE/App/usbd_cdc_if.c **** 
 111:USB_DEVICE/App/usbd_cdc_if.c **** /* USER CODE BEGIN EXPORTED_VARIABLES */
 112:USB_DEVICE/App/usbd_cdc_if.c **** 
 113:USB_DEVICE/App/usbd_cdc_if.c **** /* USER CODE END EXPORTED_VARIABLES */
 114:USB_DEVICE/App/usbd_cdc_if.c **** 
 115:USB_DEVICE/App/usbd_cdc_if.c **** /**
 116:USB_DEVICE/App/usbd_cdc_if.c ****   * @}
 117:USB_DEVICE/App/usbd_cdc_if.c ****   */
 118:USB_DEVICE/App/usbd_cdc_if.c **** 
 119:USB_DEVICE/App/usbd_cdc_if.c **** /** @defgroup USBD_CDC_IF_Private_FunctionPrototypes USBD_CDC_IF_Private_FunctionPrototypes
 120:USB_DEVICE/App/usbd_cdc_if.c ****   * @brief Private functions declaration.
 121:USB_DEVICE/App/usbd_cdc_if.c ****   * @{
ARM GAS  /var/folders/xf/tcndk8390ml5xdpfw93qkhpm0000gn/T//ccupvcMV.s 			page 4


 122:USB_DEVICE/App/usbd_cdc_if.c ****   */
 123:USB_DEVICE/App/usbd_cdc_if.c **** 
 124:USB_DEVICE/App/usbd_cdc_if.c **** static int8_t CDC_Init_FS(void);
 125:USB_DEVICE/App/usbd_cdc_if.c **** static int8_t CDC_DeInit_FS(void);
 126:USB_DEVICE/App/usbd_cdc_if.c **** static int8_t CDC_Control_FS(uint8_t cmd, uint8_t* pbuf, uint16_t length);
 127:USB_DEVICE/App/usbd_cdc_if.c **** static int8_t CDC_Receive_FS(uint8_t* pbuf, uint32_t *Len);
 128:USB_DEVICE/App/usbd_cdc_if.c **** 
 129:USB_DEVICE/App/usbd_cdc_if.c **** /* USER CODE BEGIN PRIVATE_FUNCTIONS_DECLARATION */
 130:USB_DEVICE/App/usbd_cdc_if.c **** 
 131:USB_DEVICE/App/usbd_cdc_if.c **** /* USER CODE END PRIVATE_FUNCTIONS_DECLARATION */
 132:USB_DEVICE/App/usbd_cdc_if.c **** 
 133:USB_DEVICE/App/usbd_cdc_if.c **** /**
 134:USB_DEVICE/App/usbd_cdc_if.c ****   * @}
 135:USB_DEVICE/App/usbd_cdc_if.c ****   */
 136:USB_DEVICE/App/usbd_cdc_if.c **** 
 137:USB_DEVICE/App/usbd_cdc_if.c **** USBD_CDC_ItfTypeDef USBD_Interface_fops_FS =
 138:USB_DEVICE/App/usbd_cdc_if.c **** {
 139:USB_DEVICE/App/usbd_cdc_if.c ****   CDC_Init_FS,
 140:USB_DEVICE/App/usbd_cdc_if.c ****   CDC_DeInit_FS,
 141:USB_DEVICE/App/usbd_cdc_if.c ****   CDC_Control_FS,
 142:USB_DEVICE/App/usbd_cdc_if.c ****   CDC_Receive_FS
 143:USB_DEVICE/App/usbd_cdc_if.c **** };
 144:USB_DEVICE/App/usbd_cdc_if.c **** 
 145:USB_DEVICE/App/usbd_cdc_if.c **** /* Private functions ---------------------------------------------------------*/
 146:USB_DEVICE/App/usbd_cdc_if.c **** /**
 147:USB_DEVICE/App/usbd_cdc_if.c ****   * @brief  Initializes the CDC media low layer over the FS USB IP
 148:USB_DEVICE/App/usbd_cdc_if.c ****   * @retval USBD_OK if all operations are OK else USBD_FAIL
 149:USB_DEVICE/App/usbd_cdc_if.c ****   */
 150:USB_DEVICE/App/usbd_cdc_if.c **** static int8_t CDC_Init_FS(void)
 151:USB_DEVICE/App/usbd_cdc_if.c **** {
  50              		.loc 1 151 1
  51              		.cfi_startproc
  52              		@ args = 0, pretend = 0, frame = 0
  53              		@ frame_needed = 1, uses_anonymous_args = 0
  54 0000 80B5     		push	{r7, lr}
  55              	.LCFI0:
  56              		.cfi_def_cfa_offset 8
  57              		.cfi_offset 7, -8
  58              		.cfi_offset 14, -4
  59 0002 00AF     		add	r7, sp, #0
  60              	.LCFI1:
  61              		.cfi_def_cfa_register 7
 152:USB_DEVICE/App/usbd_cdc_if.c ****   /* USER CODE BEGIN 3 */
 153:USB_DEVICE/App/usbd_cdc_if.c ****   /* Set Application Buffers */
 154:USB_DEVICE/App/usbd_cdc_if.c ****   USBD_CDC_SetTxBuffer(&hUsbDeviceFS, UserTxBufferFS, 0);
  62              		.loc 1 154 3
  63 0004 0022     		movs	r2, #0
  64 0006 0549     		ldr	r1, .L3
  65 0008 0548     		ldr	r0, .L3+4
  66 000a FFF7FEFF 		bl	USBD_CDC_SetTxBuffer
 155:USB_DEVICE/App/usbd_cdc_if.c ****   USBD_CDC_SetRxBuffer(&hUsbDeviceFS, UserRxBufferFS);
  67              		.loc 1 155 3
  68 000e 0549     		ldr	r1, .L3+8
  69 0010 0348     		ldr	r0, .L3+4
  70 0012 FFF7FEFF 		bl	USBD_CDC_SetRxBuffer
 156:USB_DEVICE/App/usbd_cdc_if.c ****   return (USBD_OK);
  71              		.loc 1 156 10
ARM GAS  /var/folders/xf/tcndk8390ml5xdpfw93qkhpm0000gn/T//ccupvcMV.s 			page 5


  72 0016 0023     		movs	r3, #0
 157:USB_DEVICE/App/usbd_cdc_if.c ****   /* USER CODE END 3 */
 158:USB_DEVICE/App/usbd_cdc_if.c **** }
  73              		.loc 1 158 1
  74 0018 1846     		mov	r0, r3
  75 001a 80BD     		pop	{r7, pc}
  76              	.L4:
  77              		.align	2
  78              	.L3:
  79 001c 00000000 		.word	UserTxBufferFS
  80 0020 00000000 		.word	hUsbDeviceFS
  81 0024 00000000 		.word	UserRxBufferFS
  82              		.cfi_endproc
  83              	.LFE68:
  85              		.section	.text.CDC_DeInit_FS,"ax",%progbits
  86              		.align	1
  87              		.syntax unified
  88              		.thumb
  89              		.thumb_func
  91              	CDC_DeInit_FS:
  92              	.LFB69:
 159:USB_DEVICE/App/usbd_cdc_if.c **** 
 160:USB_DEVICE/App/usbd_cdc_if.c **** /**
 161:USB_DEVICE/App/usbd_cdc_if.c ****   * @brief  DeInitializes the CDC media low layer
 162:USB_DEVICE/App/usbd_cdc_if.c ****   * @retval USBD_OK if all operations are OK else USBD_FAIL
 163:USB_DEVICE/App/usbd_cdc_if.c ****   */
 164:USB_DEVICE/App/usbd_cdc_if.c **** static int8_t CDC_DeInit_FS(void)
 165:USB_DEVICE/App/usbd_cdc_if.c **** {
  93              		.loc 1 165 1
  94              		.cfi_startproc
  95              		@ args = 0, pretend = 0, frame = 0
  96              		@ frame_needed = 1, uses_anonymous_args = 0
  97              		@ link register save eliminated.
  98 0000 80B4     		push	{r7}
  99              	.LCFI2:
 100              		.cfi_def_cfa_offset 4
 101              		.cfi_offset 7, -4
 102 0002 00AF     		add	r7, sp, #0
 103              	.LCFI3:
 104              		.cfi_def_cfa_register 7
 166:USB_DEVICE/App/usbd_cdc_if.c ****   /* USER CODE BEGIN 4 */
 167:USB_DEVICE/App/usbd_cdc_if.c ****   return (USBD_OK);
 105              		.loc 1 167 10
 106 0004 0023     		movs	r3, #0
 168:USB_DEVICE/App/usbd_cdc_if.c ****   /* USER CODE END 4 */
 169:USB_DEVICE/App/usbd_cdc_if.c **** }
 107              		.loc 1 169 1
 108 0006 1846     		mov	r0, r3
 109 0008 BD46     		mov	sp, r7
 110              	.LCFI4:
 111              		.cfi_def_cfa_register 13
 112              		@ sp needed
 113 000a 80BC     		pop	{r7}
 114              	.LCFI5:
 115              		.cfi_restore 7
 116              		.cfi_def_cfa_offset 0
 117 000c 7047     		bx	lr
ARM GAS  /var/folders/xf/tcndk8390ml5xdpfw93qkhpm0000gn/T//ccupvcMV.s 			page 6


 118              		.cfi_endproc
 119              	.LFE69:
 121              		.section	.text.CDC_Control_FS,"ax",%progbits
 122              		.align	1
 123              		.syntax unified
 124              		.thumb
 125              		.thumb_func
 127              	CDC_Control_FS:
 128              	.LFB70:
 170:USB_DEVICE/App/usbd_cdc_if.c **** 
 171:USB_DEVICE/App/usbd_cdc_if.c **** /**
 172:USB_DEVICE/App/usbd_cdc_if.c ****   * @brief  Manage the CDC class requests
 173:USB_DEVICE/App/usbd_cdc_if.c ****   * @param  cmd: Command code
 174:USB_DEVICE/App/usbd_cdc_if.c ****   * @param  pbuf: Buffer containing command data (request parameters)
 175:USB_DEVICE/App/usbd_cdc_if.c ****   * @param  length: Number of data to be sent (in bytes)
 176:USB_DEVICE/App/usbd_cdc_if.c ****   * @retval Result of the operation: USBD_OK if all operations are OK else USBD_FAIL
 177:USB_DEVICE/App/usbd_cdc_if.c ****   */
 178:USB_DEVICE/App/usbd_cdc_if.c **** static int8_t CDC_Control_FS(uint8_t cmd, uint8_t* pbuf, uint16_t length)
 179:USB_DEVICE/App/usbd_cdc_if.c **** {
 129              		.loc 1 179 1
 130              		.cfi_startproc
 131              		@ args = 0, pretend = 0, frame = 8
 132              		@ frame_needed = 1, uses_anonymous_args = 0
 133              		@ link register save eliminated.
 134 0000 80B4     		push	{r7}
 135              	.LCFI6:
 136              		.cfi_def_cfa_offset 4
 137              		.cfi_offset 7, -4
 138 0002 83B0     		sub	sp, sp, #12
 139              	.LCFI7:
 140              		.cfi_def_cfa_offset 16
 141 0004 00AF     		add	r7, sp, #0
 142              	.LCFI8:
 143              		.cfi_def_cfa_register 7
 144 0006 0346     		mov	r3, r0
 145 0008 3960     		str	r1, [r7]
 146 000a FB71     		strb	r3, [r7, #7]
 147 000c 1346     		mov	r3, r2	@ movhi
 148 000e BB80     		strh	r3, [r7, #4]	@ movhi
 180:USB_DEVICE/App/usbd_cdc_if.c ****   /* USER CODE BEGIN 5 */
 181:USB_DEVICE/App/usbd_cdc_if.c ****   switch(cmd)
 149              		.loc 1 181 3
 150 0010 FB79     		ldrb	r3, [r7, #7]	@ zero_extendqisi2
 151 0012 232B     		cmp	r3, #35
 152 0014 4AD8     		bhi	.L21
 153 0016 01A2     		adr	r2, .L10
 154 0018 52F823F0 		ldr	pc, [r2, r3, lsl #2]
 155              		.p2align 2
 156              	.L10:
 157 001c AD000000 		.word	.L21+1
 158 0020 AD000000 		.word	.L21+1
 159 0024 AD000000 		.word	.L21+1
 160 0028 AD000000 		.word	.L21+1
 161 002c AD000000 		.word	.L21+1
 162 0030 AD000000 		.word	.L21+1
 163 0034 AD000000 		.word	.L21+1
 164 0038 AD000000 		.word	.L21+1
ARM GAS  /var/folders/xf/tcndk8390ml5xdpfw93qkhpm0000gn/T//ccupvcMV.s 			page 7


 165 003c AD000000 		.word	.L21+1
 166 0040 AD000000 		.word	.L21+1
 167 0044 AD000000 		.word	.L21+1
 168 0048 AD000000 		.word	.L21+1
 169 004c AD000000 		.word	.L21+1
 170 0050 AD000000 		.word	.L21+1
 171 0054 AD000000 		.word	.L21+1
 172 0058 AD000000 		.word	.L21+1
 173 005c AD000000 		.word	.L21+1
 174 0060 AD000000 		.word	.L21+1
 175 0064 AD000000 		.word	.L21+1
 176 0068 AD000000 		.word	.L21+1
 177 006c AD000000 		.word	.L21+1
 178 0070 AD000000 		.word	.L21+1
 179 0074 AD000000 		.word	.L21+1
 180 0078 AD000000 		.word	.L21+1
 181 007c AD000000 		.word	.L21+1
 182 0080 AD000000 		.word	.L21+1
 183 0084 AD000000 		.word	.L21+1
 184 0088 AD000000 		.word	.L21+1
 185 008c AD000000 		.word	.L21+1
 186 0090 AD000000 		.word	.L21+1
 187 0094 AD000000 		.word	.L21+1
 188 0098 AD000000 		.word	.L21+1
 189 009c AD000000 		.word	.L21+1
 190 00a0 AD000000 		.word	.L21+1
 191 00a4 AD000000 		.word	.L21+1
 192 00a8 AD000000 		.word	.L21+1
 193              		.p2align 1
 194              	.L21:
 182:USB_DEVICE/App/usbd_cdc_if.c ****   {
 183:USB_DEVICE/App/usbd_cdc_if.c ****     case CDC_SEND_ENCAPSULATED_COMMAND:
 184:USB_DEVICE/App/usbd_cdc_if.c **** 
 185:USB_DEVICE/App/usbd_cdc_if.c ****     break;
 186:USB_DEVICE/App/usbd_cdc_if.c **** 
 187:USB_DEVICE/App/usbd_cdc_if.c ****     case CDC_GET_ENCAPSULATED_RESPONSE:
 188:USB_DEVICE/App/usbd_cdc_if.c **** 
 189:USB_DEVICE/App/usbd_cdc_if.c ****     break;
 190:USB_DEVICE/App/usbd_cdc_if.c **** 
 191:USB_DEVICE/App/usbd_cdc_if.c ****     case CDC_SET_COMM_FEATURE:
 192:USB_DEVICE/App/usbd_cdc_if.c **** 
 193:USB_DEVICE/App/usbd_cdc_if.c ****     break;
 194:USB_DEVICE/App/usbd_cdc_if.c **** 
 195:USB_DEVICE/App/usbd_cdc_if.c ****     case CDC_GET_COMM_FEATURE:
 196:USB_DEVICE/App/usbd_cdc_if.c **** 
 197:USB_DEVICE/App/usbd_cdc_if.c ****     break;
 198:USB_DEVICE/App/usbd_cdc_if.c **** 
 199:USB_DEVICE/App/usbd_cdc_if.c ****     case CDC_CLEAR_COMM_FEATURE:
 200:USB_DEVICE/App/usbd_cdc_if.c **** 
 201:USB_DEVICE/App/usbd_cdc_if.c ****     break;
 202:USB_DEVICE/App/usbd_cdc_if.c **** 
 203:USB_DEVICE/App/usbd_cdc_if.c ****   /*******************************************************************************/
 204:USB_DEVICE/App/usbd_cdc_if.c ****   /* Line Coding Structure                                                       */
 205:USB_DEVICE/App/usbd_cdc_if.c ****   /*-----------------------------------------------------------------------------*/
 206:USB_DEVICE/App/usbd_cdc_if.c ****   /* Offset | Field       | Size | Value  | Description                          */
 207:USB_DEVICE/App/usbd_cdc_if.c ****   /* 0      | dwDTERate   |   4  | Number |Data terminal rate, in bits per second*/
 208:USB_DEVICE/App/usbd_cdc_if.c ****   /* 4      | bCharFormat |   1  | Number | Stop bits                            */
ARM GAS  /var/folders/xf/tcndk8390ml5xdpfw93qkhpm0000gn/T//ccupvcMV.s 			page 8


 209:USB_DEVICE/App/usbd_cdc_if.c ****   /*                                        0 - 1 Stop bit                       */
 210:USB_DEVICE/App/usbd_cdc_if.c ****   /*                                        1 - 1.5 Stop bits                    */
 211:USB_DEVICE/App/usbd_cdc_if.c ****   /*                                        2 - 2 Stop bits                      */
 212:USB_DEVICE/App/usbd_cdc_if.c ****   /* 5      | bParityType |  1   | Number | Parity                               */
 213:USB_DEVICE/App/usbd_cdc_if.c ****   /*                                        0 - None                             */
 214:USB_DEVICE/App/usbd_cdc_if.c ****   /*                                        1 - Odd                              */
 215:USB_DEVICE/App/usbd_cdc_if.c ****   /*                                        2 - Even                             */
 216:USB_DEVICE/App/usbd_cdc_if.c ****   /*                                        3 - Mark                             */
 217:USB_DEVICE/App/usbd_cdc_if.c ****   /*                                        4 - Space                            */
 218:USB_DEVICE/App/usbd_cdc_if.c ****   /* 6      | bDataBits  |   1   | Number Data bits (5, 6, 7, 8 or 16).          */
 219:USB_DEVICE/App/usbd_cdc_if.c ****   /*******************************************************************************/
 220:USB_DEVICE/App/usbd_cdc_if.c ****     case CDC_SET_LINE_CODING:
 221:USB_DEVICE/App/usbd_cdc_if.c **** 
 222:USB_DEVICE/App/usbd_cdc_if.c ****     break;
 223:USB_DEVICE/App/usbd_cdc_if.c **** 
 224:USB_DEVICE/App/usbd_cdc_if.c ****     case CDC_GET_LINE_CODING:
 225:USB_DEVICE/App/usbd_cdc_if.c **** 
 226:USB_DEVICE/App/usbd_cdc_if.c ****     break;
 227:USB_DEVICE/App/usbd_cdc_if.c **** 
 228:USB_DEVICE/App/usbd_cdc_if.c ****     case CDC_SET_CONTROL_LINE_STATE:
 229:USB_DEVICE/App/usbd_cdc_if.c **** 
 230:USB_DEVICE/App/usbd_cdc_if.c ****     break;
 231:USB_DEVICE/App/usbd_cdc_if.c **** 
 232:USB_DEVICE/App/usbd_cdc_if.c ****     case CDC_SEND_BREAK:
 233:USB_DEVICE/App/usbd_cdc_if.c **** 
 234:USB_DEVICE/App/usbd_cdc_if.c ****     break;
 235:USB_DEVICE/App/usbd_cdc_if.c **** 
 236:USB_DEVICE/App/usbd_cdc_if.c ****   default:
 237:USB_DEVICE/App/usbd_cdc_if.c ****     break;
 195              		.loc 1 237 5
 196 00ac 00BF     		nop
 238:USB_DEVICE/App/usbd_cdc_if.c ****   }
 239:USB_DEVICE/App/usbd_cdc_if.c **** 
 240:USB_DEVICE/App/usbd_cdc_if.c ****   return (USBD_OK);
 197              		.loc 1 240 10
 198 00ae 0023     		movs	r3, #0
 241:USB_DEVICE/App/usbd_cdc_if.c ****   /* USER CODE END 5 */
 242:USB_DEVICE/App/usbd_cdc_if.c **** }
 199              		.loc 1 242 1
 200 00b0 1846     		mov	r0, r3
 201 00b2 0C37     		adds	r7, r7, #12
 202              	.LCFI9:
 203              		.cfi_def_cfa_offset 4
 204 00b4 BD46     		mov	sp, r7
 205              	.LCFI10:
 206              		.cfi_def_cfa_register 13
 207              		@ sp needed
 208 00b6 80BC     		pop	{r7}
 209              	.LCFI11:
 210              		.cfi_restore 7
 211              		.cfi_def_cfa_offset 0
 212 00b8 7047     		bx	lr
 213              		.cfi_endproc
 214              	.LFE70:
 216 00ba 00BF     		.section	.text.CDC_Receive_FS,"ax",%progbits
 217              		.align	1
 218              		.syntax unified
ARM GAS  /var/folders/xf/tcndk8390ml5xdpfw93qkhpm0000gn/T//ccupvcMV.s 			page 9


 219              		.thumb
 220              		.thumb_func
 222              	CDC_Receive_FS:
 223              	.LFB71:
 243:USB_DEVICE/App/usbd_cdc_if.c **** 
 244:USB_DEVICE/App/usbd_cdc_if.c **** /**
 245:USB_DEVICE/App/usbd_cdc_if.c ****   * @brief  Data received over USB OUT endpoint are sent over CDC interface
 246:USB_DEVICE/App/usbd_cdc_if.c ****   *         through this function.
 247:USB_DEVICE/App/usbd_cdc_if.c ****   *
 248:USB_DEVICE/App/usbd_cdc_if.c ****   *         @note
 249:USB_DEVICE/App/usbd_cdc_if.c ****   *         This function will issue a NAK packet on any OUT packet received on
 250:USB_DEVICE/App/usbd_cdc_if.c ****   *         USB endpoint until exiting this function. If you exit this function
 251:USB_DEVICE/App/usbd_cdc_if.c ****   *         before transfer is complete on CDC interface (ie. using DMA controller)
 252:USB_DEVICE/App/usbd_cdc_if.c ****   *         it will result in receiving more data while previous ones are still
 253:USB_DEVICE/App/usbd_cdc_if.c ****   *         not sent.
 254:USB_DEVICE/App/usbd_cdc_if.c ****   *
 255:USB_DEVICE/App/usbd_cdc_if.c ****   * @param  Buf: Buffer of data to be received
 256:USB_DEVICE/App/usbd_cdc_if.c ****   * @param  Len: Number of data received (in bytes)
 257:USB_DEVICE/App/usbd_cdc_if.c ****   * @retval Result of the operation: USBD_OK if all operations are OK else USBD_FAIL
 258:USB_DEVICE/App/usbd_cdc_if.c ****   */
 259:USB_DEVICE/App/usbd_cdc_if.c **** static int8_t CDC_Receive_FS(uint8_t* Buf, uint32_t *Len)
 260:USB_DEVICE/App/usbd_cdc_if.c **** {
 224              		.loc 1 260 1
 225              		.cfi_startproc
 226              		@ args = 0, pretend = 0, frame = 8
 227              		@ frame_needed = 1, uses_anonymous_args = 0
 228 0000 80B5     		push	{r7, lr}
 229              	.LCFI12:
 230              		.cfi_def_cfa_offset 8
 231              		.cfi_offset 7, -8
 232              		.cfi_offset 14, -4
 233 0002 82B0     		sub	sp, sp, #8
 234              	.LCFI13:
 235              		.cfi_def_cfa_offset 16
 236 0004 00AF     		add	r7, sp, #0
 237              	.LCFI14:
 238              		.cfi_def_cfa_register 7
 239 0006 7860     		str	r0, [r7, #4]
 240 0008 3960     		str	r1, [r7]
 261:USB_DEVICE/App/usbd_cdc_if.c ****   /* USER CODE BEGIN 6 */
 262:USB_DEVICE/App/usbd_cdc_if.c ****   USBD_CDC_SetRxBuffer(&hUsbDeviceFS, &Buf[0]);
 241              		.loc 1 262 3
 242 000a 7968     		ldr	r1, [r7, #4]
 243 000c 0548     		ldr	r0, .L24
 244 000e FFF7FEFF 		bl	USBD_CDC_SetRxBuffer
 263:USB_DEVICE/App/usbd_cdc_if.c ****   USBD_CDC_ReceivePacket(&hUsbDeviceFS);
 245              		.loc 1 263 3
 246 0012 0448     		ldr	r0, .L24
 247 0014 FFF7FEFF 		bl	USBD_CDC_ReceivePacket
 264:USB_DEVICE/App/usbd_cdc_if.c ****   return (USBD_OK);
 248              		.loc 1 264 10
 249 0018 0023     		movs	r3, #0
 265:USB_DEVICE/App/usbd_cdc_if.c ****   /* USER CODE END 6 */
 266:USB_DEVICE/App/usbd_cdc_if.c **** }
 250              		.loc 1 266 1
 251 001a 1846     		mov	r0, r3
 252 001c 0837     		adds	r7, r7, #8
ARM GAS  /var/folders/xf/tcndk8390ml5xdpfw93qkhpm0000gn/T//ccupvcMV.s 			page 10


 253              	.LCFI15:
 254              		.cfi_def_cfa_offset 8
 255 001e BD46     		mov	sp, r7
 256              	.LCFI16:
 257              		.cfi_def_cfa_register 13
 258              		@ sp needed
 259 0020 80BD     		pop	{r7, pc}
 260              	.L25:
 261 0022 00BF     		.align	2
 262              	.L24:
 263 0024 00000000 		.word	hUsbDeviceFS
 264              		.cfi_endproc
 265              	.LFE71:
 267              		.section	.text.CDC_Transmit_FS,"ax",%progbits
 268              		.align	1
 269              		.global	CDC_Transmit_FS
 270              		.syntax unified
 271              		.thumb
 272              		.thumb_func
 274              	CDC_Transmit_FS:
 275              	.LFB72:
 267:USB_DEVICE/App/usbd_cdc_if.c **** 
 268:USB_DEVICE/App/usbd_cdc_if.c **** /**
 269:USB_DEVICE/App/usbd_cdc_if.c ****   * @brief  CDC_Transmit_FS
 270:USB_DEVICE/App/usbd_cdc_if.c ****   *         Data to send over USB IN endpoint are sent over CDC interface
 271:USB_DEVICE/App/usbd_cdc_if.c ****   *         through this function.
 272:USB_DEVICE/App/usbd_cdc_if.c ****   *         @note
 273:USB_DEVICE/App/usbd_cdc_if.c ****   *
 274:USB_DEVICE/App/usbd_cdc_if.c ****   *
 275:USB_DEVICE/App/usbd_cdc_if.c ****   * @param  Buf: Buffer of data to be sent
 276:USB_DEVICE/App/usbd_cdc_if.c ****   * @param  Len: Number of data to be sent (in bytes)
 277:USB_DEVICE/App/usbd_cdc_if.c ****   * @retval USBD_OK if all operations are OK else USBD_FAIL or USBD_BUSY
 278:USB_DEVICE/App/usbd_cdc_if.c ****   */
 279:USB_DEVICE/App/usbd_cdc_if.c **** uint8_t CDC_Transmit_FS(uint8_t* Buf, uint16_t Len)
 280:USB_DEVICE/App/usbd_cdc_if.c **** {
 276              		.loc 1 280 1
 277              		.cfi_startproc
 278              		@ args = 0, pretend = 0, frame = 16
 279              		@ frame_needed = 1, uses_anonymous_args = 0
 280 0000 80B5     		push	{r7, lr}
 281              	.LCFI17:
 282              		.cfi_def_cfa_offset 8
 283              		.cfi_offset 7, -8
 284              		.cfi_offset 14, -4
 285 0002 84B0     		sub	sp, sp, #16
 286              	.LCFI18:
 287              		.cfi_def_cfa_offset 24
 288 0004 00AF     		add	r7, sp, #0
 289              	.LCFI19:
 290              		.cfi_def_cfa_register 7
 291 0006 7860     		str	r0, [r7, #4]
 292 0008 0B46     		mov	r3, r1
 293 000a 7B80     		strh	r3, [r7, #2]	@ movhi
 281:USB_DEVICE/App/usbd_cdc_if.c ****   uint8_t result = USBD_OK;
 294              		.loc 1 281 11
 295 000c 0023     		movs	r3, #0
 296 000e FB73     		strb	r3, [r7, #15]
ARM GAS  /var/folders/xf/tcndk8390ml5xdpfw93qkhpm0000gn/T//ccupvcMV.s 			page 11


 282:USB_DEVICE/App/usbd_cdc_if.c ****   /* USER CODE BEGIN 7 */
 283:USB_DEVICE/App/usbd_cdc_if.c ****   USBD_CDC_HandleTypeDef *hcdc = (USBD_CDC_HandleTypeDef*)hUsbDeviceFS.pClassData;
 297              		.loc 1 283 27
 298 0010 0D4B     		ldr	r3, .L29
 299 0012 D3F8B832 		ldr	r3, [r3, #696]
 300 0016 BB60     		str	r3, [r7, #8]
 284:USB_DEVICE/App/usbd_cdc_if.c ****   if (hcdc->TxState != 0){
 301              		.loc 1 284 11
 302 0018 BB68     		ldr	r3, [r7, #8]
 303 001a D3F81432 		ldr	r3, [r3, #532]
 304              		.loc 1 284 6
 305 001e 002B     		cmp	r3, #0
 306 0020 01D0     		beq	.L27
 285:USB_DEVICE/App/usbd_cdc_if.c ****     return USBD_BUSY;
 307              		.loc 1 285 12
 308 0022 0123     		movs	r3, #1
 309 0024 0BE0     		b	.L28
 310              	.L27:
 286:USB_DEVICE/App/usbd_cdc_if.c ****   }
 287:USB_DEVICE/App/usbd_cdc_if.c ****   USBD_CDC_SetTxBuffer(&hUsbDeviceFS, Buf, Len);
 311              		.loc 1 287 3
 312 0026 7B88     		ldrh	r3, [r7, #2]
 313 0028 1A46     		mov	r2, r3
 314 002a 7968     		ldr	r1, [r7, #4]
 315 002c 0648     		ldr	r0, .L29
 316 002e FFF7FEFF 		bl	USBD_CDC_SetTxBuffer
 288:USB_DEVICE/App/usbd_cdc_if.c ****   result = USBD_CDC_TransmitPacket(&hUsbDeviceFS);
 317              		.loc 1 288 12
 318 0032 0548     		ldr	r0, .L29
 319 0034 FFF7FEFF 		bl	USBD_CDC_TransmitPacket
 320 0038 0346     		mov	r3, r0
 321 003a FB73     		strb	r3, [r7, #15]
 289:USB_DEVICE/App/usbd_cdc_if.c ****   /* USER CODE END 7 */
 290:USB_DEVICE/App/usbd_cdc_if.c ****   return result;
 322              		.loc 1 290 10
 323 003c FB7B     		ldrb	r3, [r7, #15]	@ zero_extendqisi2
 324              	.L28:
 291:USB_DEVICE/App/usbd_cdc_if.c **** }
 325              		.loc 1 291 1
 326 003e 1846     		mov	r0, r3
 327 0040 1037     		adds	r7, r7, #16
 328              	.LCFI20:
 329              		.cfi_def_cfa_offset 8
 330 0042 BD46     		mov	sp, r7
 331              	.LCFI21:
 332              		.cfi_def_cfa_register 13
 333              		@ sp needed
 334 0044 80BD     		pop	{r7, pc}
 335              	.L30:
 336 0046 00BF     		.align	2
 337              	.L29:
 338 0048 00000000 		.word	hUsbDeviceFS
 339              		.cfi_endproc
 340              	.LFE72:
 342              		.text
 343              	.Letext0:
 344              		.file 2 "/Applications/ARM/arm-none-eabi/include/machine/_default_types.h"
ARM GAS  /var/folders/xf/tcndk8390ml5xdpfw93qkhpm0000gn/T//ccupvcMV.s 			page 12


 345              		.file 3 "/Applications/ARM/arm-none-eabi/include/sys/_stdint.h"
 346              		.file 4 "Middlewares/ST/STM32_USB_Device_Library/Core/Inc/usbd_def.h"
 347              		.file 5 "Middlewares/ST/STM32_USB_Device_Library/Class/CDC/Inc/usbd_cdc.h"
 348              		.file 6 "USB_DEVICE/App/usbd_cdc_if.h"
ARM GAS  /var/folders/xf/tcndk8390ml5xdpfw93qkhpm0000gn/T//ccupvcMV.s 			page 13


DEFINED SYMBOLS
                            *ABS*:0000000000000000 usbd_cdc_if.c
/var/folders/xf/tcndk8390ml5xdpfw93qkhpm0000gn/T//ccupvcMV.s:22     .bss.UserRxBufferFS:0000000000000000 UserRxBufferFS
/var/folders/xf/tcndk8390ml5xdpfw93qkhpm0000gn/T//ccupvcMV.s:19     .bss.UserRxBufferFS:0000000000000000 $d
/var/folders/xf/tcndk8390ml5xdpfw93qkhpm0000gn/T//ccupvcMV.s:29     .bss.UserTxBufferFS:0000000000000000 UserTxBufferFS
/var/folders/xf/tcndk8390ml5xdpfw93qkhpm0000gn/T//ccupvcMV.s:26     .bss.UserTxBufferFS:0000000000000000 $d
/var/folders/xf/tcndk8390ml5xdpfw93qkhpm0000gn/T//ccupvcMV.s:36     .data.USBD_Interface_fops_FS:0000000000000000 USBD_Interface_fops_FS
/var/folders/xf/tcndk8390ml5xdpfw93qkhpm0000gn/T//ccupvcMV.s:33     .data.USBD_Interface_fops_FS:0000000000000000 $d
/var/folders/xf/tcndk8390ml5xdpfw93qkhpm0000gn/T//ccupvcMV.s:47     .text.CDC_Init_FS:0000000000000000 CDC_Init_FS
/var/folders/xf/tcndk8390ml5xdpfw93qkhpm0000gn/T//ccupvcMV.s:91     .text.CDC_DeInit_FS:0000000000000000 CDC_DeInit_FS
/var/folders/xf/tcndk8390ml5xdpfw93qkhpm0000gn/T//ccupvcMV.s:127    .text.CDC_Control_FS:0000000000000000 CDC_Control_FS
/var/folders/xf/tcndk8390ml5xdpfw93qkhpm0000gn/T//ccupvcMV.s:222    .text.CDC_Receive_FS:0000000000000000 CDC_Receive_FS
/var/folders/xf/tcndk8390ml5xdpfw93qkhpm0000gn/T//ccupvcMV.s:42     .text.CDC_Init_FS:0000000000000000 $t
/var/folders/xf/tcndk8390ml5xdpfw93qkhpm0000gn/T//ccupvcMV.s:79     .text.CDC_Init_FS:000000000000001c $d
/var/folders/xf/tcndk8390ml5xdpfw93qkhpm0000gn/T//ccupvcMV.s:86     .text.CDC_DeInit_FS:0000000000000000 $t
/var/folders/xf/tcndk8390ml5xdpfw93qkhpm0000gn/T//ccupvcMV.s:122    .text.CDC_Control_FS:0000000000000000 $t
/var/folders/xf/tcndk8390ml5xdpfw93qkhpm0000gn/T//ccupvcMV.s:157    .text.CDC_Control_FS:000000000000001c $d
/var/folders/xf/tcndk8390ml5xdpfw93qkhpm0000gn/T//ccupvcMV.s:193    .text.CDC_Control_FS:00000000000000ac $t
/var/folders/xf/tcndk8390ml5xdpfw93qkhpm0000gn/T//ccupvcMV.s:217    .text.CDC_Receive_FS:0000000000000000 $t
/var/folders/xf/tcndk8390ml5xdpfw93qkhpm0000gn/T//ccupvcMV.s:263    .text.CDC_Receive_FS:0000000000000024 $d
/var/folders/xf/tcndk8390ml5xdpfw93qkhpm0000gn/T//ccupvcMV.s:268    .text.CDC_Transmit_FS:0000000000000000 $t
/var/folders/xf/tcndk8390ml5xdpfw93qkhpm0000gn/T//ccupvcMV.s:274    .text.CDC_Transmit_FS:0000000000000000 CDC_Transmit_FS
/var/folders/xf/tcndk8390ml5xdpfw93qkhpm0000gn/T//ccupvcMV.s:338    .text.CDC_Transmit_FS:0000000000000048 $d

UNDEFINED SYMBOLS
USBD_CDC_SetTxBuffer
USBD_CDC_SetRxBuffer
hUsbDeviceFS
USBD_CDC_ReceivePacket
USBD_CDC_TransmitPacket
