ARM GAS  /var/folders/xf/tcndk8390ml5xdpfw93qkhpm0000gn/T//ccawZkgJ.s 			page 1


   1              		.cpu cortex-m3
   2              		.arch armv7-m
   3              		.fpu softvfp
   4              		.eabi_attribute 20, 1
   5              		.eabi_attribute 21, 1
   6              		.eabi_attribute 23, 3
   7              		.eabi_attribute 24, 1
   8              		.eabi_attribute 25, 1
   9              		.eabi_attribute 26, 1
  10              		.eabi_attribute 30, 6
  11              		.eabi_attribute 34, 1
  12              		.eabi_attribute 18, 4
  13              		.file	"usbd_desc.c"
  14              		.text
  15              	.Ltext0:
  16              		.cfi_sections	.debug_frame
  17              		.global	FS_Desc
  18              		.section	.data.FS_Desc,"aw"
  19              		.align	2
  22              	FS_Desc:
  23 0000 00000000 		.word	USBD_FS_DeviceDescriptor
  24 0004 00000000 		.word	USBD_FS_LangIDStrDescriptor
  25 0008 00000000 		.word	USBD_FS_ManufacturerStrDescriptor
  26 000c 00000000 		.word	USBD_FS_ProductStrDescriptor
  27 0010 00000000 		.word	USBD_FS_SerialStrDescriptor
  28 0014 00000000 		.word	USBD_FS_ConfigStrDescriptor
  29 0018 00000000 		.word	USBD_FS_InterfaceStrDescriptor
  30              		.global	USBD_FS_DeviceDesc
  31              		.section	.data.USBD_FS_DeviceDesc,"aw"
  32              		.align	2
  35              	USBD_FS_DeviceDesc:
  36 0000 12010002 		.ascii	"\022\001\000\002\002\002\000@\203\004@W\000\002\001"
  36      02020040 
  36      83044057 
  36      000201
  37 000f 020301   		.ascii	"\002\003\001"
  38              		.global	USBD_LangIDDesc
  39              		.section	.data.USBD_LangIDDesc,"aw"
  40              		.align	2
  43              	USBD_LangIDDesc:
  44 0000 04030904 		.ascii	"\004\003\011\004"
  45              		.global	USBD_StrDesc
  46              		.section	.bss.USBD_StrDesc,"aw",%nobits
  47              		.align	2
  50              	USBD_StrDesc:
  51 0000 00000000 		.space	512
  51      00000000 
  51      00000000 
  51      00000000 
  51      00000000 
  52              		.global	USBD_StringSerial
  53              		.section	.data.USBD_StringSerial,"aw"
  54              		.align	2
  57              	USBD_StringSerial:
  58 0000 1A0300   		.ascii	"\032\003\000"
  59 0003 00000000 		.space	23
  59      00000000 
ARM GAS  /var/folders/xf/tcndk8390ml5xdpfw93qkhpm0000gn/T//ccawZkgJ.s 			page 2


  59      00000000 
  59      00000000 
  59      00000000 
  60              		.section	.text.USBD_FS_DeviceDescriptor,"ax",%progbits
  61              		.align	1
  62              		.global	USBD_FS_DeviceDescriptor
  63              		.syntax unified
  64              		.thumb
  65              		.thumb_func
  67              	USBD_FS_DeviceDescriptor:
  68              	.LFB68:
  69              		.file 1 "USB_DEVICE/App/usbd_desc.c"
   1:USB_DEVICE/App/usbd_desc.c **** /* USER CODE BEGIN Header */
   2:USB_DEVICE/App/usbd_desc.c **** /**
   3:USB_DEVICE/App/usbd_desc.c ****   ******************************************************************************
   4:USB_DEVICE/App/usbd_desc.c ****   * @file           : App/usbd_desc.c
   5:USB_DEVICE/App/usbd_desc.c ****   * @version        : v2.0_Cube
   6:USB_DEVICE/App/usbd_desc.c ****   * @brief          : This file implements the USB device descriptors.
   7:USB_DEVICE/App/usbd_desc.c ****   ******************************************************************************
   8:USB_DEVICE/App/usbd_desc.c ****   * @attention
   9:USB_DEVICE/App/usbd_desc.c ****   *
  10:USB_DEVICE/App/usbd_desc.c ****   * Copyright (c) 2025 STMicroelectronics.
  11:USB_DEVICE/App/usbd_desc.c ****   * All rights reserved.
  12:USB_DEVICE/App/usbd_desc.c ****   *
  13:USB_DEVICE/App/usbd_desc.c ****   * This software is licensed under terms that can be found in the LICENSE file
  14:USB_DEVICE/App/usbd_desc.c ****   * in the root directory of this software component.
  15:USB_DEVICE/App/usbd_desc.c ****   * If no LICENSE file comes with this software, it is provided AS-IS.
  16:USB_DEVICE/App/usbd_desc.c ****   *
  17:USB_DEVICE/App/usbd_desc.c ****   ******************************************************************************
  18:USB_DEVICE/App/usbd_desc.c ****   */
  19:USB_DEVICE/App/usbd_desc.c **** /* USER CODE END Header */
  20:USB_DEVICE/App/usbd_desc.c **** 
  21:USB_DEVICE/App/usbd_desc.c **** /* Includes ------------------------------------------------------------------*/
  22:USB_DEVICE/App/usbd_desc.c **** #include "usbd_core.h"
  23:USB_DEVICE/App/usbd_desc.c **** #include "usbd_desc.h"
  24:USB_DEVICE/App/usbd_desc.c **** #include "usbd_conf.h"
  25:USB_DEVICE/App/usbd_desc.c **** 
  26:USB_DEVICE/App/usbd_desc.c **** /* USER CODE BEGIN INCLUDE */
  27:USB_DEVICE/App/usbd_desc.c **** 
  28:USB_DEVICE/App/usbd_desc.c **** /* USER CODE END INCLUDE */
  29:USB_DEVICE/App/usbd_desc.c **** 
  30:USB_DEVICE/App/usbd_desc.c **** /* Private typedef -----------------------------------------------------------*/
  31:USB_DEVICE/App/usbd_desc.c **** /* Private define ------------------------------------------------------------*/
  32:USB_DEVICE/App/usbd_desc.c **** /* Private macro -------------------------------------------------------------*/
  33:USB_DEVICE/App/usbd_desc.c **** 
  34:USB_DEVICE/App/usbd_desc.c **** /* USER CODE BEGIN PV */
  35:USB_DEVICE/App/usbd_desc.c **** /* Private variables ---------------------------------------------------------*/
  36:USB_DEVICE/App/usbd_desc.c **** 
  37:USB_DEVICE/App/usbd_desc.c **** /* USER CODE END PV */
  38:USB_DEVICE/App/usbd_desc.c **** 
  39:USB_DEVICE/App/usbd_desc.c **** /** @addtogroup STM32_USB_OTG_DEVICE_LIBRARY
  40:USB_DEVICE/App/usbd_desc.c ****   * @{
  41:USB_DEVICE/App/usbd_desc.c ****   */
  42:USB_DEVICE/App/usbd_desc.c **** 
  43:USB_DEVICE/App/usbd_desc.c **** /** @addtogroup USBD_DESC
  44:USB_DEVICE/App/usbd_desc.c ****   * @{
  45:USB_DEVICE/App/usbd_desc.c ****   */
ARM GAS  /var/folders/xf/tcndk8390ml5xdpfw93qkhpm0000gn/T//ccawZkgJ.s 			page 3


  46:USB_DEVICE/App/usbd_desc.c **** 
  47:USB_DEVICE/App/usbd_desc.c **** /** @defgroup USBD_DESC_Private_TypesDefinitions USBD_DESC_Private_TypesDefinitions
  48:USB_DEVICE/App/usbd_desc.c ****   * @brief Private types.
  49:USB_DEVICE/App/usbd_desc.c ****   * @{
  50:USB_DEVICE/App/usbd_desc.c ****   */
  51:USB_DEVICE/App/usbd_desc.c **** 
  52:USB_DEVICE/App/usbd_desc.c **** /* USER CODE BEGIN PRIVATE_TYPES */
  53:USB_DEVICE/App/usbd_desc.c **** 
  54:USB_DEVICE/App/usbd_desc.c **** /* USER CODE END PRIVATE_TYPES */
  55:USB_DEVICE/App/usbd_desc.c **** 
  56:USB_DEVICE/App/usbd_desc.c **** /**
  57:USB_DEVICE/App/usbd_desc.c ****   * @}
  58:USB_DEVICE/App/usbd_desc.c ****   */
  59:USB_DEVICE/App/usbd_desc.c **** 
  60:USB_DEVICE/App/usbd_desc.c **** /** @defgroup USBD_DESC_Private_Defines USBD_DESC_Private_Defines
  61:USB_DEVICE/App/usbd_desc.c ****   * @brief Private defines.
  62:USB_DEVICE/App/usbd_desc.c ****   * @{
  63:USB_DEVICE/App/usbd_desc.c ****   */
  64:USB_DEVICE/App/usbd_desc.c **** 
  65:USB_DEVICE/App/usbd_desc.c **** #define USBD_VID     1155
  66:USB_DEVICE/App/usbd_desc.c **** #define USBD_LANGID_STRING     1033
  67:USB_DEVICE/App/usbd_desc.c **** #define USBD_MANUFACTURER_STRING     "STMicroelectronics"
  68:USB_DEVICE/App/usbd_desc.c **** #define USBD_PID_FS     22336
  69:USB_DEVICE/App/usbd_desc.c **** #define USBD_PRODUCT_STRING_FS     "STM32 Virtual ComPort"
  70:USB_DEVICE/App/usbd_desc.c **** #define USBD_CONFIGURATION_STRING_FS     "CDC Config"
  71:USB_DEVICE/App/usbd_desc.c **** #define USBD_INTERFACE_STRING_FS     "CDC Interface"
  72:USB_DEVICE/App/usbd_desc.c **** 
  73:USB_DEVICE/App/usbd_desc.c **** /* USER CODE BEGIN PRIVATE_DEFINES */
  74:USB_DEVICE/App/usbd_desc.c **** 
  75:USB_DEVICE/App/usbd_desc.c **** /* USER CODE END PRIVATE_DEFINES */
  76:USB_DEVICE/App/usbd_desc.c **** 
  77:USB_DEVICE/App/usbd_desc.c **** /**
  78:USB_DEVICE/App/usbd_desc.c ****   * @}
  79:USB_DEVICE/App/usbd_desc.c ****   */
  80:USB_DEVICE/App/usbd_desc.c **** 
  81:USB_DEVICE/App/usbd_desc.c **** /* USER CODE BEGIN 0 */
  82:USB_DEVICE/App/usbd_desc.c **** 
  83:USB_DEVICE/App/usbd_desc.c **** /* USER CODE END 0 */
  84:USB_DEVICE/App/usbd_desc.c **** 
  85:USB_DEVICE/App/usbd_desc.c **** /** @defgroup USBD_DESC_Private_Macros USBD_DESC_Private_Macros
  86:USB_DEVICE/App/usbd_desc.c ****   * @brief Private macros.
  87:USB_DEVICE/App/usbd_desc.c ****   * @{
  88:USB_DEVICE/App/usbd_desc.c ****   */
  89:USB_DEVICE/App/usbd_desc.c **** 
  90:USB_DEVICE/App/usbd_desc.c **** /* USER CODE BEGIN PRIVATE_MACRO */
  91:USB_DEVICE/App/usbd_desc.c **** 
  92:USB_DEVICE/App/usbd_desc.c **** /* USER CODE END PRIVATE_MACRO */
  93:USB_DEVICE/App/usbd_desc.c **** 
  94:USB_DEVICE/App/usbd_desc.c **** /**
  95:USB_DEVICE/App/usbd_desc.c ****   * @}
  96:USB_DEVICE/App/usbd_desc.c ****   */
  97:USB_DEVICE/App/usbd_desc.c **** 
  98:USB_DEVICE/App/usbd_desc.c **** /** @defgroup USBD_DESC_Private_FunctionPrototypes USBD_DESC_Private_FunctionPrototypes
  99:USB_DEVICE/App/usbd_desc.c ****   * @brief Private functions declaration.
 100:USB_DEVICE/App/usbd_desc.c ****   * @{
 101:USB_DEVICE/App/usbd_desc.c ****   */
 102:USB_DEVICE/App/usbd_desc.c **** 
ARM GAS  /var/folders/xf/tcndk8390ml5xdpfw93qkhpm0000gn/T//ccawZkgJ.s 			page 4


 103:USB_DEVICE/App/usbd_desc.c **** static void Get_SerialNum(void);
 104:USB_DEVICE/App/usbd_desc.c **** static void IntToUnicode(uint32_t value, uint8_t * pbuf, uint8_t len);
 105:USB_DEVICE/App/usbd_desc.c **** 
 106:USB_DEVICE/App/usbd_desc.c **** /**
 107:USB_DEVICE/App/usbd_desc.c ****   * @}
 108:USB_DEVICE/App/usbd_desc.c ****   */
 109:USB_DEVICE/App/usbd_desc.c **** 
 110:USB_DEVICE/App/usbd_desc.c **** /** @defgroup USBD_DESC_Private_FunctionPrototypes USBD_DESC_Private_FunctionPrototypes
 111:USB_DEVICE/App/usbd_desc.c ****   * @brief Private functions declaration for FS.
 112:USB_DEVICE/App/usbd_desc.c ****   * @{
 113:USB_DEVICE/App/usbd_desc.c ****   */
 114:USB_DEVICE/App/usbd_desc.c **** 
 115:USB_DEVICE/App/usbd_desc.c **** uint8_t * USBD_FS_DeviceDescriptor(USBD_SpeedTypeDef speed, uint16_t *length);
 116:USB_DEVICE/App/usbd_desc.c **** uint8_t * USBD_FS_LangIDStrDescriptor(USBD_SpeedTypeDef speed, uint16_t *length);
 117:USB_DEVICE/App/usbd_desc.c **** uint8_t * USBD_FS_ManufacturerStrDescriptor(USBD_SpeedTypeDef speed, uint16_t *length);
 118:USB_DEVICE/App/usbd_desc.c **** uint8_t * USBD_FS_ProductStrDescriptor(USBD_SpeedTypeDef speed, uint16_t *length);
 119:USB_DEVICE/App/usbd_desc.c **** uint8_t * USBD_FS_SerialStrDescriptor(USBD_SpeedTypeDef speed, uint16_t *length);
 120:USB_DEVICE/App/usbd_desc.c **** uint8_t * USBD_FS_ConfigStrDescriptor(USBD_SpeedTypeDef speed, uint16_t *length);
 121:USB_DEVICE/App/usbd_desc.c **** uint8_t * USBD_FS_InterfaceStrDescriptor(USBD_SpeedTypeDef speed, uint16_t *length);
 122:USB_DEVICE/App/usbd_desc.c **** 
 123:USB_DEVICE/App/usbd_desc.c **** /**
 124:USB_DEVICE/App/usbd_desc.c ****   * @}
 125:USB_DEVICE/App/usbd_desc.c ****   */
 126:USB_DEVICE/App/usbd_desc.c **** 
 127:USB_DEVICE/App/usbd_desc.c **** /** @defgroup USBD_DESC_Private_Variables USBD_DESC_Private_Variables
 128:USB_DEVICE/App/usbd_desc.c ****   * @brief Private variables.
 129:USB_DEVICE/App/usbd_desc.c ****   * @{
 130:USB_DEVICE/App/usbd_desc.c ****   */
 131:USB_DEVICE/App/usbd_desc.c **** 
 132:USB_DEVICE/App/usbd_desc.c **** USBD_DescriptorsTypeDef FS_Desc =
 133:USB_DEVICE/App/usbd_desc.c **** {
 134:USB_DEVICE/App/usbd_desc.c ****   USBD_FS_DeviceDescriptor
 135:USB_DEVICE/App/usbd_desc.c **** , USBD_FS_LangIDStrDescriptor
 136:USB_DEVICE/App/usbd_desc.c **** , USBD_FS_ManufacturerStrDescriptor
 137:USB_DEVICE/App/usbd_desc.c **** , USBD_FS_ProductStrDescriptor
 138:USB_DEVICE/App/usbd_desc.c **** , USBD_FS_SerialStrDescriptor
 139:USB_DEVICE/App/usbd_desc.c **** , USBD_FS_ConfigStrDescriptor
 140:USB_DEVICE/App/usbd_desc.c **** , USBD_FS_InterfaceStrDescriptor
 141:USB_DEVICE/App/usbd_desc.c **** };
 142:USB_DEVICE/App/usbd_desc.c **** 
 143:USB_DEVICE/App/usbd_desc.c **** #if defined ( __ICCARM__ ) /* IAR Compiler */
 144:USB_DEVICE/App/usbd_desc.c ****   #pragma data_alignment=4
 145:USB_DEVICE/App/usbd_desc.c **** #endif /* defined ( __ICCARM__ ) */
 146:USB_DEVICE/App/usbd_desc.c **** /** USB standard device descriptor. */
 147:USB_DEVICE/App/usbd_desc.c **** __ALIGN_BEGIN uint8_t USBD_FS_DeviceDesc[USB_LEN_DEV_DESC] __ALIGN_END =
 148:USB_DEVICE/App/usbd_desc.c **** {
 149:USB_DEVICE/App/usbd_desc.c ****   0x12,                       /*bLength */
 150:USB_DEVICE/App/usbd_desc.c ****   USB_DESC_TYPE_DEVICE,       /*bDescriptorType*/
 151:USB_DEVICE/App/usbd_desc.c ****   0x00,                       /*bcdUSB */
 152:USB_DEVICE/App/usbd_desc.c ****   0x02,
 153:USB_DEVICE/App/usbd_desc.c ****   0x02,                       /*bDeviceClass*/
 154:USB_DEVICE/App/usbd_desc.c ****   0x02,                       /*bDeviceSubClass*/
 155:USB_DEVICE/App/usbd_desc.c ****   0x00,                       /*bDeviceProtocol*/
 156:USB_DEVICE/App/usbd_desc.c ****   USB_MAX_EP0_SIZE,           /*bMaxPacketSize*/
 157:USB_DEVICE/App/usbd_desc.c ****   LOBYTE(USBD_VID),           /*idVendor*/
 158:USB_DEVICE/App/usbd_desc.c ****   HIBYTE(USBD_VID),           /*idVendor*/
 159:USB_DEVICE/App/usbd_desc.c ****   LOBYTE(USBD_PID_FS),        /*idProduct*/
ARM GAS  /var/folders/xf/tcndk8390ml5xdpfw93qkhpm0000gn/T//ccawZkgJ.s 			page 5


 160:USB_DEVICE/App/usbd_desc.c ****   HIBYTE(USBD_PID_FS),        /*idProduct*/
 161:USB_DEVICE/App/usbd_desc.c ****   0x00,                       /*bcdDevice rel. 2.00*/
 162:USB_DEVICE/App/usbd_desc.c ****   0x02,
 163:USB_DEVICE/App/usbd_desc.c ****   USBD_IDX_MFC_STR,           /*Index of manufacturer  string*/
 164:USB_DEVICE/App/usbd_desc.c ****   USBD_IDX_PRODUCT_STR,       /*Index of product string*/
 165:USB_DEVICE/App/usbd_desc.c ****   USBD_IDX_SERIAL_STR,        /*Index of serial number string*/
 166:USB_DEVICE/App/usbd_desc.c ****   USBD_MAX_NUM_CONFIGURATION  /*bNumConfigurations*/
 167:USB_DEVICE/App/usbd_desc.c **** };
 168:USB_DEVICE/App/usbd_desc.c **** 
 169:USB_DEVICE/App/usbd_desc.c **** /* USB_DeviceDescriptor */
 170:USB_DEVICE/App/usbd_desc.c **** 
 171:USB_DEVICE/App/usbd_desc.c **** /**
 172:USB_DEVICE/App/usbd_desc.c ****   * @}
 173:USB_DEVICE/App/usbd_desc.c ****   */
 174:USB_DEVICE/App/usbd_desc.c **** 
 175:USB_DEVICE/App/usbd_desc.c **** /** @defgroup USBD_DESC_Private_Variables USBD_DESC_Private_Variables
 176:USB_DEVICE/App/usbd_desc.c ****   * @brief Private variables.
 177:USB_DEVICE/App/usbd_desc.c ****   * @{
 178:USB_DEVICE/App/usbd_desc.c ****   */
 179:USB_DEVICE/App/usbd_desc.c **** 
 180:USB_DEVICE/App/usbd_desc.c **** #if defined ( __ICCARM__ ) /* IAR Compiler */
 181:USB_DEVICE/App/usbd_desc.c ****   #pragma data_alignment=4
 182:USB_DEVICE/App/usbd_desc.c **** #endif /* defined ( __ICCARM__ ) */
 183:USB_DEVICE/App/usbd_desc.c **** 
 184:USB_DEVICE/App/usbd_desc.c **** /** USB lang identifier descriptor. */
 185:USB_DEVICE/App/usbd_desc.c **** __ALIGN_BEGIN uint8_t USBD_LangIDDesc[USB_LEN_LANGID_STR_DESC] __ALIGN_END =
 186:USB_DEVICE/App/usbd_desc.c **** {
 187:USB_DEVICE/App/usbd_desc.c ****      USB_LEN_LANGID_STR_DESC,
 188:USB_DEVICE/App/usbd_desc.c ****      USB_DESC_TYPE_STRING,
 189:USB_DEVICE/App/usbd_desc.c ****      LOBYTE(USBD_LANGID_STRING),
 190:USB_DEVICE/App/usbd_desc.c ****      HIBYTE(USBD_LANGID_STRING)
 191:USB_DEVICE/App/usbd_desc.c **** };
 192:USB_DEVICE/App/usbd_desc.c **** 
 193:USB_DEVICE/App/usbd_desc.c **** #if defined ( __ICCARM__ ) /* IAR Compiler */
 194:USB_DEVICE/App/usbd_desc.c ****   #pragma data_alignment=4
 195:USB_DEVICE/App/usbd_desc.c **** #endif /* defined ( __ICCARM__ ) */
 196:USB_DEVICE/App/usbd_desc.c **** /* Internal string descriptor. */
 197:USB_DEVICE/App/usbd_desc.c **** __ALIGN_BEGIN uint8_t USBD_StrDesc[USBD_MAX_STR_DESC_SIZ] __ALIGN_END;
 198:USB_DEVICE/App/usbd_desc.c **** 
 199:USB_DEVICE/App/usbd_desc.c **** #if defined ( __ICCARM__ ) /*!< IAR Compiler */
 200:USB_DEVICE/App/usbd_desc.c ****   #pragma data_alignment=4
 201:USB_DEVICE/App/usbd_desc.c **** #endif
 202:USB_DEVICE/App/usbd_desc.c **** __ALIGN_BEGIN uint8_t USBD_StringSerial[USB_SIZ_STRING_SERIAL] __ALIGN_END = {
 203:USB_DEVICE/App/usbd_desc.c ****   USB_SIZ_STRING_SERIAL,
 204:USB_DEVICE/App/usbd_desc.c ****   USB_DESC_TYPE_STRING,
 205:USB_DEVICE/App/usbd_desc.c **** };
 206:USB_DEVICE/App/usbd_desc.c **** 
 207:USB_DEVICE/App/usbd_desc.c **** /**
 208:USB_DEVICE/App/usbd_desc.c ****   * @}
 209:USB_DEVICE/App/usbd_desc.c ****   */
 210:USB_DEVICE/App/usbd_desc.c **** 
 211:USB_DEVICE/App/usbd_desc.c **** /** @defgroup USBD_DESC_Private_Functions USBD_DESC_Private_Functions
 212:USB_DEVICE/App/usbd_desc.c ****   * @brief Private functions.
 213:USB_DEVICE/App/usbd_desc.c ****   * @{
 214:USB_DEVICE/App/usbd_desc.c ****   */
 215:USB_DEVICE/App/usbd_desc.c **** 
 216:USB_DEVICE/App/usbd_desc.c **** /**
ARM GAS  /var/folders/xf/tcndk8390ml5xdpfw93qkhpm0000gn/T//ccawZkgJ.s 			page 6


 217:USB_DEVICE/App/usbd_desc.c ****   * @brief  Return the device descriptor
 218:USB_DEVICE/App/usbd_desc.c ****   * @param  speed : Current device speed
 219:USB_DEVICE/App/usbd_desc.c ****   * @param  length : Pointer to data length variable
 220:USB_DEVICE/App/usbd_desc.c ****   * @retval Pointer to descriptor buffer
 221:USB_DEVICE/App/usbd_desc.c ****   */
 222:USB_DEVICE/App/usbd_desc.c **** uint8_t * USBD_FS_DeviceDescriptor(USBD_SpeedTypeDef speed, uint16_t *length)
 223:USB_DEVICE/App/usbd_desc.c **** {
  70              		.loc 1 223 1
  71              		.cfi_startproc
  72              		@ args = 0, pretend = 0, frame = 8
  73              		@ frame_needed = 1, uses_anonymous_args = 0
  74              		@ link register save eliminated.
  75 0000 80B4     		push	{r7}
  76              	.LCFI0:
  77              		.cfi_def_cfa_offset 4
  78              		.cfi_offset 7, -4
  79 0002 83B0     		sub	sp, sp, #12
  80              	.LCFI1:
  81              		.cfi_def_cfa_offset 16
  82 0004 00AF     		add	r7, sp, #0
  83              	.LCFI2:
  84              		.cfi_def_cfa_register 7
  85 0006 0346     		mov	r3, r0
  86 0008 3960     		str	r1, [r7]
  87 000a FB71     		strb	r3, [r7, #7]
 224:USB_DEVICE/App/usbd_desc.c ****   UNUSED(speed);
 225:USB_DEVICE/App/usbd_desc.c ****   *length = sizeof(USBD_FS_DeviceDesc);
  88              		.loc 1 225 11
  89 000c 3B68     		ldr	r3, [r7]
  90 000e 1222     		movs	r2, #18
  91 0010 1A80     		strh	r2, [r3]	@ movhi
 226:USB_DEVICE/App/usbd_desc.c ****   return USBD_FS_DeviceDesc;
  92              		.loc 1 226 10
  93 0012 034B     		ldr	r3, .L3
 227:USB_DEVICE/App/usbd_desc.c **** }
  94              		.loc 1 227 1
  95 0014 1846     		mov	r0, r3
  96 0016 0C37     		adds	r7, r7, #12
  97              	.LCFI3:
  98              		.cfi_def_cfa_offset 4
  99 0018 BD46     		mov	sp, r7
 100              	.LCFI4:
 101              		.cfi_def_cfa_register 13
 102              		@ sp needed
 103 001a 80BC     		pop	{r7}
 104              	.LCFI5:
 105              		.cfi_restore 7
 106              		.cfi_def_cfa_offset 0
 107 001c 7047     		bx	lr
 108              	.L4:
 109 001e 00BF     		.align	2
 110              	.L3:
 111 0020 00000000 		.word	USBD_FS_DeviceDesc
 112              		.cfi_endproc
 113              	.LFE68:
 115              		.section	.text.USBD_FS_LangIDStrDescriptor,"ax",%progbits
 116              		.align	1
ARM GAS  /var/folders/xf/tcndk8390ml5xdpfw93qkhpm0000gn/T//ccawZkgJ.s 			page 7


 117              		.global	USBD_FS_LangIDStrDescriptor
 118              		.syntax unified
 119              		.thumb
 120              		.thumb_func
 122              	USBD_FS_LangIDStrDescriptor:
 123              	.LFB69:
 228:USB_DEVICE/App/usbd_desc.c **** 
 229:USB_DEVICE/App/usbd_desc.c **** /**
 230:USB_DEVICE/App/usbd_desc.c ****   * @brief  Return the LangID string descriptor
 231:USB_DEVICE/App/usbd_desc.c ****   * @param  speed : Current device speed
 232:USB_DEVICE/App/usbd_desc.c ****   * @param  length : Pointer to data length variable
 233:USB_DEVICE/App/usbd_desc.c ****   * @retval Pointer to descriptor buffer
 234:USB_DEVICE/App/usbd_desc.c ****   */
 235:USB_DEVICE/App/usbd_desc.c **** uint8_t * USBD_FS_LangIDStrDescriptor(USBD_SpeedTypeDef speed, uint16_t *length)
 236:USB_DEVICE/App/usbd_desc.c **** {
 124              		.loc 1 236 1
 125              		.cfi_startproc
 126              		@ args = 0, pretend = 0, frame = 8
 127              		@ frame_needed = 1, uses_anonymous_args = 0
 128              		@ link register save eliminated.
 129 0000 80B4     		push	{r7}
 130              	.LCFI6:
 131              		.cfi_def_cfa_offset 4
 132              		.cfi_offset 7, -4
 133 0002 83B0     		sub	sp, sp, #12
 134              	.LCFI7:
 135              		.cfi_def_cfa_offset 16
 136 0004 00AF     		add	r7, sp, #0
 137              	.LCFI8:
 138              		.cfi_def_cfa_register 7
 139 0006 0346     		mov	r3, r0
 140 0008 3960     		str	r1, [r7]
 141 000a FB71     		strb	r3, [r7, #7]
 237:USB_DEVICE/App/usbd_desc.c ****   UNUSED(speed);
 238:USB_DEVICE/App/usbd_desc.c ****   *length = sizeof(USBD_LangIDDesc);
 142              		.loc 1 238 11
 143 000c 3B68     		ldr	r3, [r7]
 144 000e 0422     		movs	r2, #4
 145 0010 1A80     		strh	r2, [r3]	@ movhi
 239:USB_DEVICE/App/usbd_desc.c ****   return USBD_LangIDDesc;
 146              		.loc 1 239 10
 147 0012 034B     		ldr	r3, .L7
 240:USB_DEVICE/App/usbd_desc.c **** }
 148              		.loc 1 240 1
 149 0014 1846     		mov	r0, r3
 150 0016 0C37     		adds	r7, r7, #12
 151              	.LCFI9:
 152              		.cfi_def_cfa_offset 4
 153 0018 BD46     		mov	sp, r7
 154              	.LCFI10:
 155              		.cfi_def_cfa_register 13
 156              		@ sp needed
 157 001a 80BC     		pop	{r7}
 158              	.LCFI11:
 159              		.cfi_restore 7
 160              		.cfi_def_cfa_offset 0
 161 001c 7047     		bx	lr
ARM GAS  /var/folders/xf/tcndk8390ml5xdpfw93qkhpm0000gn/T//ccawZkgJ.s 			page 8


 162              	.L8:
 163 001e 00BF     		.align	2
 164              	.L7:
 165 0020 00000000 		.word	USBD_LangIDDesc
 166              		.cfi_endproc
 167              	.LFE69:
 169              		.section	.rodata
 170              		.align	2
 171              	.LC0:
 172 0000 53544D33 		.ascii	"STM32 Virtual ComPort\000"
 172      32205669 
 172      72747561 
 172      6C20436F 
 172      6D506F72 
 173              		.section	.text.USBD_FS_ProductStrDescriptor,"ax",%progbits
 174              		.align	1
 175              		.global	USBD_FS_ProductStrDescriptor
 176              		.syntax unified
 177              		.thumb
 178              		.thumb_func
 180              	USBD_FS_ProductStrDescriptor:
 181              	.LFB70:
 241:USB_DEVICE/App/usbd_desc.c **** 
 242:USB_DEVICE/App/usbd_desc.c **** /**
 243:USB_DEVICE/App/usbd_desc.c ****   * @brief  Return the product string descriptor
 244:USB_DEVICE/App/usbd_desc.c ****   * @param  speed : Current device speed
 245:USB_DEVICE/App/usbd_desc.c ****   * @param  length : Pointer to data length variable
 246:USB_DEVICE/App/usbd_desc.c ****   * @retval Pointer to descriptor buffer
 247:USB_DEVICE/App/usbd_desc.c ****   */
 248:USB_DEVICE/App/usbd_desc.c **** uint8_t * USBD_FS_ProductStrDescriptor(USBD_SpeedTypeDef speed, uint16_t *length)
 249:USB_DEVICE/App/usbd_desc.c **** {
 182              		.loc 1 249 1
 183              		.cfi_startproc
 184              		@ args = 0, pretend = 0, frame = 8
 185              		@ frame_needed = 1, uses_anonymous_args = 0
 186 0000 80B5     		push	{r7, lr}
 187              	.LCFI12:
 188              		.cfi_def_cfa_offset 8
 189              		.cfi_offset 7, -8
 190              		.cfi_offset 14, -4
 191 0002 82B0     		sub	sp, sp, #8
 192              	.LCFI13:
 193              		.cfi_def_cfa_offset 16
 194 0004 00AF     		add	r7, sp, #0
 195              	.LCFI14:
 196              		.cfi_def_cfa_register 7
 197 0006 0346     		mov	r3, r0
 198 0008 3960     		str	r1, [r7]
 199 000a FB71     		strb	r3, [r7, #7]
 250:USB_DEVICE/App/usbd_desc.c ****   if(speed == 0)
 200              		.loc 1 250 5
 201 000c FB79     		ldrb	r3, [r7, #7]	@ zero_extendqisi2
 202 000e 002B     		cmp	r3, #0
 203 0010 05D1     		bne	.L10
 251:USB_DEVICE/App/usbd_desc.c ****   {
 252:USB_DEVICE/App/usbd_desc.c ****     USBD_GetString((uint8_t *)USBD_PRODUCT_STRING_FS, USBD_StrDesc, length);
 204              		.loc 1 252 5
ARM GAS  /var/folders/xf/tcndk8390ml5xdpfw93qkhpm0000gn/T//ccawZkgJ.s 			page 9


 205 0012 3A68     		ldr	r2, [r7]
 206 0014 0749     		ldr	r1, .L13
 207 0016 0848     		ldr	r0, .L13+4
 208 0018 FFF7FEFF 		bl	USBD_GetString
 209 001c 04E0     		b	.L11
 210              	.L10:
 253:USB_DEVICE/App/usbd_desc.c ****   }
 254:USB_DEVICE/App/usbd_desc.c ****   else
 255:USB_DEVICE/App/usbd_desc.c ****   {
 256:USB_DEVICE/App/usbd_desc.c ****     USBD_GetString((uint8_t *)USBD_PRODUCT_STRING_FS, USBD_StrDesc, length);
 211              		.loc 1 256 5
 212 001e 3A68     		ldr	r2, [r7]
 213 0020 0449     		ldr	r1, .L13
 214 0022 0548     		ldr	r0, .L13+4
 215 0024 FFF7FEFF 		bl	USBD_GetString
 216              	.L11:
 257:USB_DEVICE/App/usbd_desc.c ****   }
 258:USB_DEVICE/App/usbd_desc.c ****   return USBD_StrDesc;
 217              		.loc 1 258 10
 218 0028 024B     		ldr	r3, .L13
 259:USB_DEVICE/App/usbd_desc.c **** }
 219              		.loc 1 259 1
 220 002a 1846     		mov	r0, r3
 221 002c 0837     		adds	r7, r7, #8
 222              	.LCFI15:
 223              		.cfi_def_cfa_offset 8
 224 002e BD46     		mov	sp, r7
 225              	.LCFI16:
 226              		.cfi_def_cfa_register 13
 227              		@ sp needed
 228 0030 80BD     		pop	{r7, pc}
 229              	.L14:
 230 0032 00BF     		.align	2
 231              	.L13:
 232 0034 00000000 		.word	USBD_StrDesc
 233 0038 00000000 		.word	.LC0
 234              		.cfi_endproc
 235              	.LFE70:
 237              		.section	.rodata
 238 0016 0000     		.align	2
 239              	.LC1:
 240 0018 53544D69 		.ascii	"STMicroelectronics\000"
 240      63726F65 
 240      6C656374 
 240      726F6E69 
 240      637300
 241              		.section	.text.USBD_FS_ManufacturerStrDescriptor,"ax",%progbits
 242              		.align	1
 243              		.global	USBD_FS_ManufacturerStrDescriptor
 244              		.syntax unified
 245              		.thumb
 246              		.thumb_func
 248              	USBD_FS_ManufacturerStrDescriptor:
 249              	.LFB71:
 260:USB_DEVICE/App/usbd_desc.c **** 
 261:USB_DEVICE/App/usbd_desc.c **** /**
 262:USB_DEVICE/App/usbd_desc.c ****   * @brief  Return the manufacturer string descriptor
ARM GAS  /var/folders/xf/tcndk8390ml5xdpfw93qkhpm0000gn/T//ccawZkgJ.s 			page 10


 263:USB_DEVICE/App/usbd_desc.c ****   * @param  speed : Current device speed
 264:USB_DEVICE/App/usbd_desc.c ****   * @param  length : Pointer to data length variable
 265:USB_DEVICE/App/usbd_desc.c ****   * @retval Pointer to descriptor buffer
 266:USB_DEVICE/App/usbd_desc.c ****   */
 267:USB_DEVICE/App/usbd_desc.c **** uint8_t * USBD_FS_ManufacturerStrDescriptor(USBD_SpeedTypeDef speed, uint16_t *length)
 268:USB_DEVICE/App/usbd_desc.c **** {
 250              		.loc 1 268 1
 251              		.cfi_startproc
 252              		@ args = 0, pretend = 0, frame = 8
 253              		@ frame_needed = 1, uses_anonymous_args = 0
 254 0000 80B5     		push	{r7, lr}
 255              	.LCFI17:
 256              		.cfi_def_cfa_offset 8
 257              		.cfi_offset 7, -8
 258              		.cfi_offset 14, -4
 259 0002 82B0     		sub	sp, sp, #8
 260              	.LCFI18:
 261              		.cfi_def_cfa_offset 16
 262 0004 00AF     		add	r7, sp, #0
 263              	.LCFI19:
 264              		.cfi_def_cfa_register 7
 265 0006 0346     		mov	r3, r0
 266 0008 3960     		str	r1, [r7]
 267 000a FB71     		strb	r3, [r7, #7]
 269:USB_DEVICE/App/usbd_desc.c ****   UNUSED(speed);
 270:USB_DEVICE/App/usbd_desc.c ****   USBD_GetString((uint8_t *)USBD_MANUFACTURER_STRING, USBD_StrDesc, length);
 268              		.loc 1 270 3
 269 000c 3A68     		ldr	r2, [r7]
 270 000e 0449     		ldr	r1, .L17
 271 0010 0448     		ldr	r0, .L17+4
 272 0012 FFF7FEFF 		bl	USBD_GetString
 271:USB_DEVICE/App/usbd_desc.c ****   return USBD_StrDesc;
 273              		.loc 1 271 10
 274 0016 024B     		ldr	r3, .L17
 272:USB_DEVICE/App/usbd_desc.c **** }
 275              		.loc 1 272 1
 276 0018 1846     		mov	r0, r3
 277 001a 0837     		adds	r7, r7, #8
 278              	.LCFI20:
 279              		.cfi_def_cfa_offset 8
 280 001c BD46     		mov	sp, r7
 281              	.LCFI21:
 282              		.cfi_def_cfa_register 13
 283              		@ sp needed
 284 001e 80BD     		pop	{r7, pc}
 285              	.L18:
 286              		.align	2
 287              	.L17:
 288 0020 00000000 		.word	USBD_StrDesc
 289 0024 18000000 		.word	.LC1
 290              		.cfi_endproc
 291              	.LFE71:
 293              		.section	.text.USBD_FS_SerialStrDescriptor,"ax",%progbits
 294              		.align	1
 295              		.global	USBD_FS_SerialStrDescriptor
 296              		.syntax unified
 297              		.thumb
ARM GAS  /var/folders/xf/tcndk8390ml5xdpfw93qkhpm0000gn/T//ccawZkgJ.s 			page 11


 298              		.thumb_func
 300              	USBD_FS_SerialStrDescriptor:
 301              	.LFB72:
 273:USB_DEVICE/App/usbd_desc.c **** 
 274:USB_DEVICE/App/usbd_desc.c **** /**
 275:USB_DEVICE/App/usbd_desc.c ****   * @brief  Return the serial number string descriptor
 276:USB_DEVICE/App/usbd_desc.c ****   * @param  speed : Current device speed
 277:USB_DEVICE/App/usbd_desc.c ****   * @param  length : Pointer to data length variable
 278:USB_DEVICE/App/usbd_desc.c ****   * @retval Pointer to descriptor buffer
 279:USB_DEVICE/App/usbd_desc.c ****   */
 280:USB_DEVICE/App/usbd_desc.c **** uint8_t * USBD_FS_SerialStrDescriptor(USBD_SpeedTypeDef speed, uint16_t *length)
 281:USB_DEVICE/App/usbd_desc.c **** {
 302              		.loc 1 281 1
 303              		.cfi_startproc
 304              		@ args = 0, pretend = 0, frame = 8
 305              		@ frame_needed = 1, uses_anonymous_args = 0
 306 0000 80B5     		push	{r7, lr}
 307              	.LCFI22:
 308              		.cfi_def_cfa_offset 8
 309              		.cfi_offset 7, -8
 310              		.cfi_offset 14, -4
 311 0002 82B0     		sub	sp, sp, #8
 312              	.LCFI23:
 313              		.cfi_def_cfa_offset 16
 314 0004 00AF     		add	r7, sp, #0
 315              	.LCFI24:
 316              		.cfi_def_cfa_register 7
 317 0006 0346     		mov	r3, r0
 318 0008 3960     		str	r1, [r7]
 319 000a FB71     		strb	r3, [r7, #7]
 282:USB_DEVICE/App/usbd_desc.c ****   UNUSED(speed);
 283:USB_DEVICE/App/usbd_desc.c ****   *length = USB_SIZ_STRING_SERIAL;
 320              		.loc 1 283 11
 321 000c 3B68     		ldr	r3, [r7]
 322 000e 1A22     		movs	r2, #26
 323 0010 1A80     		strh	r2, [r3]	@ movhi
 284:USB_DEVICE/App/usbd_desc.c **** 
 285:USB_DEVICE/App/usbd_desc.c ****   /* Update the serial number string descriptor with the data from the unique
 286:USB_DEVICE/App/usbd_desc.c ****    * ID */
 287:USB_DEVICE/App/usbd_desc.c ****   Get_SerialNum();
 324              		.loc 1 287 3
 325 0012 FFF7FEFF 		bl	Get_SerialNum
 288:USB_DEVICE/App/usbd_desc.c ****   /* USER CODE BEGIN USBD_FS_SerialStrDescriptor */
 289:USB_DEVICE/App/usbd_desc.c **** 
 290:USB_DEVICE/App/usbd_desc.c ****   /* USER CODE END USBD_FS_SerialStrDescriptor */
 291:USB_DEVICE/App/usbd_desc.c ****   return (uint8_t *) USBD_StringSerial;
 326              		.loc 1 291 10
 327 0016 024B     		ldr	r3, .L21
 292:USB_DEVICE/App/usbd_desc.c **** }
 328              		.loc 1 292 1
 329 0018 1846     		mov	r0, r3
 330 001a 0837     		adds	r7, r7, #8
 331              	.LCFI25:
 332              		.cfi_def_cfa_offset 8
 333 001c BD46     		mov	sp, r7
 334              	.LCFI26:
 335              		.cfi_def_cfa_register 13
ARM GAS  /var/folders/xf/tcndk8390ml5xdpfw93qkhpm0000gn/T//ccawZkgJ.s 			page 12


 336              		@ sp needed
 337 001e 80BD     		pop	{r7, pc}
 338              	.L22:
 339              		.align	2
 340              	.L21:
 341 0020 00000000 		.word	USBD_StringSerial
 342              		.cfi_endproc
 343              	.LFE72:
 345              		.section	.rodata
 346 002b 00       		.align	2
 347              	.LC2:
 348 002c 43444320 		.ascii	"CDC Config\000"
 348      436F6E66 
 348      696700
 349              		.section	.text.USBD_FS_ConfigStrDescriptor,"ax",%progbits
 350              		.align	1
 351              		.global	USBD_FS_ConfigStrDescriptor
 352              		.syntax unified
 353              		.thumb
 354              		.thumb_func
 356              	USBD_FS_ConfigStrDescriptor:
 357              	.LFB73:
 293:USB_DEVICE/App/usbd_desc.c **** 
 294:USB_DEVICE/App/usbd_desc.c **** /**
 295:USB_DEVICE/App/usbd_desc.c ****   * @brief  Return the configuration string descriptor
 296:USB_DEVICE/App/usbd_desc.c ****   * @param  speed : Current device speed
 297:USB_DEVICE/App/usbd_desc.c ****   * @param  length : Pointer to data length variable
 298:USB_DEVICE/App/usbd_desc.c ****   * @retval Pointer to descriptor buffer
 299:USB_DEVICE/App/usbd_desc.c ****   */
 300:USB_DEVICE/App/usbd_desc.c **** uint8_t * USBD_FS_ConfigStrDescriptor(USBD_SpeedTypeDef speed, uint16_t *length)
 301:USB_DEVICE/App/usbd_desc.c **** {
 358              		.loc 1 301 1
 359              		.cfi_startproc
 360              		@ args = 0, pretend = 0, frame = 8
 361              		@ frame_needed = 1, uses_anonymous_args = 0
 362 0000 80B5     		push	{r7, lr}
 363              	.LCFI27:
 364              		.cfi_def_cfa_offset 8
 365              		.cfi_offset 7, -8
 366              		.cfi_offset 14, -4
 367 0002 82B0     		sub	sp, sp, #8
 368              	.LCFI28:
 369              		.cfi_def_cfa_offset 16
 370 0004 00AF     		add	r7, sp, #0
 371              	.LCFI29:
 372              		.cfi_def_cfa_register 7
 373 0006 0346     		mov	r3, r0
 374 0008 3960     		str	r1, [r7]
 375 000a FB71     		strb	r3, [r7, #7]
 302:USB_DEVICE/App/usbd_desc.c ****   if(speed == USBD_SPEED_HIGH)
 376              		.loc 1 302 5
 377 000c FB79     		ldrb	r3, [r7, #7]	@ zero_extendqisi2
 378 000e 002B     		cmp	r3, #0
 379 0010 05D1     		bne	.L24
 303:USB_DEVICE/App/usbd_desc.c ****   {
 304:USB_DEVICE/App/usbd_desc.c ****     USBD_GetString((uint8_t *)USBD_CONFIGURATION_STRING_FS, USBD_StrDesc, length);
 380              		.loc 1 304 5
ARM GAS  /var/folders/xf/tcndk8390ml5xdpfw93qkhpm0000gn/T//ccawZkgJ.s 			page 13


 381 0012 3A68     		ldr	r2, [r7]
 382 0014 0749     		ldr	r1, .L27
 383 0016 0848     		ldr	r0, .L27+4
 384 0018 FFF7FEFF 		bl	USBD_GetString
 385 001c 04E0     		b	.L25
 386              	.L24:
 305:USB_DEVICE/App/usbd_desc.c ****   }
 306:USB_DEVICE/App/usbd_desc.c ****   else
 307:USB_DEVICE/App/usbd_desc.c ****   {
 308:USB_DEVICE/App/usbd_desc.c ****     USBD_GetString((uint8_t *)USBD_CONFIGURATION_STRING_FS, USBD_StrDesc, length);
 387              		.loc 1 308 5
 388 001e 3A68     		ldr	r2, [r7]
 389 0020 0449     		ldr	r1, .L27
 390 0022 0548     		ldr	r0, .L27+4
 391 0024 FFF7FEFF 		bl	USBD_GetString
 392              	.L25:
 309:USB_DEVICE/App/usbd_desc.c ****   }
 310:USB_DEVICE/App/usbd_desc.c ****   return USBD_StrDesc;
 393              		.loc 1 310 10
 394 0028 024B     		ldr	r3, .L27
 311:USB_DEVICE/App/usbd_desc.c **** }
 395              		.loc 1 311 1
 396 002a 1846     		mov	r0, r3
 397 002c 0837     		adds	r7, r7, #8
 398              	.LCFI30:
 399              		.cfi_def_cfa_offset 8
 400 002e BD46     		mov	sp, r7
 401              	.LCFI31:
 402              		.cfi_def_cfa_register 13
 403              		@ sp needed
 404 0030 80BD     		pop	{r7, pc}
 405              	.L28:
 406 0032 00BF     		.align	2
 407              	.L27:
 408 0034 00000000 		.word	USBD_StrDesc
 409 0038 2C000000 		.word	.LC2
 410              		.cfi_endproc
 411              	.LFE73:
 413              		.section	.rodata
 414 0037 00       		.align	2
 415              	.LC3:
 416 0038 43444320 		.ascii	"CDC Interface\000"
 416      496E7465 
 416      72666163 
 416      6500
 417              		.section	.text.USBD_FS_InterfaceStrDescriptor,"ax",%progbits
 418              		.align	1
 419              		.global	USBD_FS_InterfaceStrDescriptor
 420              		.syntax unified
 421              		.thumb
 422              		.thumb_func
 424              	USBD_FS_InterfaceStrDescriptor:
 425              	.LFB74:
 312:USB_DEVICE/App/usbd_desc.c **** 
 313:USB_DEVICE/App/usbd_desc.c **** /**
 314:USB_DEVICE/App/usbd_desc.c ****   * @brief  Return the interface string descriptor
 315:USB_DEVICE/App/usbd_desc.c ****   * @param  speed : Current device speed
ARM GAS  /var/folders/xf/tcndk8390ml5xdpfw93qkhpm0000gn/T//ccawZkgJ.s 			page 14


 316:USB_DEVICE/App/usbd_desc.c ****   * @param  length : Pointer to data length variable
 317:USB_DEVICE/App/usbd_desc.c ****   * @retval Pointer to descriptor buffer
 318:USB_DEVICE/App/usbd_desc.c ****   */
 319:USB_DEVICE/App/usbd_desc.c **** uint8_t * USBD_FS_InterfaceStrDescriptor(USBD_SpeedTypeDef speed, uint16_t *length)
 320:USB_DEVICE/App/usbd_desc.c **** {
 426              		.loc 1 320 1
 427              		.cfi_startproc
 428              		@ args = 0, pretend = 0, frame = 8
 429              		@ frame_needed = 1, uses_anonymous_args = 0
 430 0000 80B5     		push	{r7, lr}
 431              	.LCFI32:
 432              		.cfi_def_cfa_offset 8
 433              		.cfi_offset 7, -8
 434              		.cfi_offset 14, -4
 435 0002 82B0     		sub	sp, sp, #8
 436              	.LCFI33:
 437              		.cfi_def_cfa_offset 16
 438 0004 00AF     		add	r7, sp, #0
 439              	.LCFI34:
 440              		.cfi_def_cfa_register 7
 441 0006 0346     		mov	r3, r0
 442 0008 3960     		str	r1, [r7]
 443 000a FB71     		strb	r3, [r7, #7]
 321:USB_DEVICE/App/usbd_desc.c ****   if(speed == 0)
 444              		.loc 1 321 5
 445 000c FB79     		ldrb	r3, [r7, #7]	@ zero_extendqisi2
 446 000e 002B     		cmp	r3, #0
 447 0010 05D1     		bne	.L30
 322:USB_DEVICE/App/usbd_desc.c ****   {
 323:USB_DEVICE/App/usbd_desc.c ****     USBD_GetString((uint8_t *)USBD_INTERFACE_STRING_FS, USBD_StrDesc, length);
 448              		.loc 1 323 5
 449 0012 3A68     		ldr	r2, [r7]
 450 0014 0749     		ldr	r1, .L33
 451 0016 0848     		ldr	r0, .L33+4
 452 0018 FFF7FEFF 		bl	USBD_GetString
 453 001c 04E0     		b	.L31
 454              	.L30:
 324:USB_DEVICE/App/usbd_desc.c ****   }
 325:USB_DEVICE/App/usbd_desc.c ****   else
 326:USB_DEVICE/App/usbd_desc.c ****   {
 327:USB_DEVICE/App/usbd_desc.c ****     USBD_GetString((uint8_t *)USBD_INTERFACE_STRING_FS, USBD_StrDesc, length);
 455              		.loc 1 327 5
 456 001e 3A68     		ldr	r2, [r7]
 457 0020 0449     		ldr	r1, .L33
 458 0022 0548     		ldr	r0, .L33+4
 459 0024 FFF7FEFF 		bl	USBD_GetString
 460              	.L31:
 328:USB_DEVICE/App/usbd_desc.c ****   }
 329:USB_DEVICE/App/usbd_desc.c ****   return USBD_StrDesc;
 461              		.loc 1 329 10
 462 0028 024B     		ldr	r3, .L33
 330:USB_DEVICE/App/usbd_desc.c **** }
 463              		.loc 1 330 1
 464 002a 1846     		mov	r0, r3
 465 002c 0837     		adds	r7, r7, #8
 466              	.LCFI35:
 467              		.cfi_def_cfa_offset 8
ARM GAS  /var/folders/xf/tcndk8390ml5xdpfw93qkhpm0000gn/T//ccawZkgJ.s 			page 15


 468 002e BD46     		mov	sp, r7
 469              	.LCFI36:
 470              		.cfi_def_cfa_register 13
 471              		@ sp needed
 472 0030 80BD     		pop	{r7, pc}
 473              	.L34:
 474 0032 00BF     		.align	2
 475              	.L33:
 476 0034 00000000 		.word	USBD_StrDesc
 477 0038 38000000 		.word	.LC3
 478              		.cfi_endproc
 479              	.LFE74:
 481              		.section	.text.Get_SerialNum,"ax",%progbits
 482              		.align	1
 483              		.syntax unified
 484              		.thumb
 485              		.thumb_func
 487              	Get_SerialNum:
 488              	.LFB75:
 331:USB_DEVICE/App/usbd_desc.c **** 
 332:USB_DEVICE/App/usbd_desc.c **** /**
 333:USB_DEVICE/App/usbd_desc.c ****   * @brief  Create the serial number string descriptor
 334:USB_DEVICE/App/usbd_desc.c ****   * @param  None
 335:USB_DEVICE/App/usbd_desc.c ****   * @retval None
 336:USB_DEVICE/App/usbd_desc.c ****   */
 337:USB_DEVICE/App/usbd_desc.c **** static void Get_SerialNum(void)
 338:USB_DEVICE/App/usbd_desc.c **** {
 489              		.loc 1 338 1
 490              		.cfi_startproc
 491              		@ args = 0, pretend = 0, frame = 16
 492              		@ frame_needed = 1, uses_anonymous_args = 0
 493 0000 80B5     		push	{r7, lr}
 494              	.LCFI37:
 495              		.cfi_def_cfa_offset 8
 496              		.cfi_offset 7, -8
 497              		.cfi_offset 14, -4
 498 0002 84B0     		sub	sp, sp, #16
 499              	.LCFI38:
 500              		.cfi_def_cfa_offset 24
 501 0004 00AF     		add	r7, sp, #0
 502              	.LCFI39:
 503              		.cfi_def_cfa_register 7
 339:USB_DEVICE/App/usbd_desc.c ****   uint32_t deviceserial0;
 340:USB_DEVICE/App/usbd_desc.c ****   uint32_t deviceserial1;
 341:USB_DEVICE/App/usbd_desc.c ****   uint32_t deviceserial2;
 342:USB_DEVICE/App/usbd_desc.c **** 
 343:USB_DEVICE/App/usbd_desc.c ****   deviceserial0 = *(uint32_t *) DEVICE_ID1;
 504              		.loc 1 343 19
 505 0006 0F4B     		ldr	r3, .L38
 506              		.loc 1 343 17
 507 0008 1B68     		ldr	r3, [r3]
 508 000a FB60     		str	r3, [r7, #12]
 344:USB_DEVICE/App/usbd_desc.c ****   deviceserial1 = *(uint32_t *) DEVICE_ID2;
 509              		.loc 1 344 19
 510 000c 0E4B     		ldr	r3, .L38+4
 511              		.loc 1 344 17
 512 000e 1B68     		ldr	r3, [r3]
ARM GAS  /var/folders/xf/tcndk8390ml5xdpfw93qkhpm0000gn/T//ccawZkgJ.s 			page 16


 513 0010 BB60     		str	r3, [r7, #8]
 345:USB_DEVICE/App/usbd_desc.c ****   deviceserial2 = *(uint32_t *) DEVICE_ID3;
 514              		.loc 1 345 19
 515 0012 0E4B     		ldr	r3, .L38+8
 516              		.loc 1 345 17
 517 0014 1B68     		ldr	r3, [r3]
 518 0016 7B60     		str	r3, [r7, #4]
 346:USB_DEVICE/App/usbd_desc.c **** 
 347:USB_DEVICE/App/usbd_desc.c ****   deviceserial0 += deviceserial2;
 519              		.loc 1 347 17
 520 0018 FA68     		ldr	r2, [r7, #12]
 521 001a 7B68     		ldr	r3, [r7, #4]
 522 001c 1344     		add	r3, r3, r2
 523 001e FB60     		str	r3, [r7, #12]
 348:USB_DEVICE/App/usbd_desc.c **** 
 349:USB_DEVICE/App/usbd_desc.c ****   if (deviceserial0 != 0)
 524              		.loc 1 349 6
 525 0020 FB68     		ldr	r3, [r7, #12]
 526 0022 002B     		cmp	r3, #0
 527 0024 09D0     		beq	.L37
 350:USB_DEVICE/App/usbd_desc.c ****   {
 351:USB_DEVICE/App/usbd_desc.c ****     IntToUnicode(deviceserial0, &USBD_StringSerial[2], 8);
 528              		.loc 1 351 5
 529 0026 0822     		movs	r2, #8
 530 0028 0949     		ldr	r1, .L38+12
 531 002a F868     		ldr	r0, [r7, #12]
 532 002c FFF7FEFF 		bl	IntToUnicode
 352:USB_DEVICE/App/usbd_desc.c ****     IntToUnicode(deviceserial1, &USBD_StringSerial[18], 4);
 533              		.loc 1 352 5
 534 0030 0422     		movs	r2, #4
 535 0032 0849     		ldr	r1, .L38+16
 536 0034 B868     		ldr	r0, [r7, #8]
 537 0036 FFF7FEFF 		bl	IntToUnicode
 538              	.L37:
 353:USB_DEVICE/App/usbd_desc.c ****   }
 354:USB_DEVICE/App/usbd_desc.c **** }
 539              		.loc 1 354 1
 540 003a 00BF     		nop
 541 003c 1037     		adds	r7, r7, #16
 542              	.LCFI40:
 543              		.cfi_def_cfa_offset 8
 544 003e BD46     		mov	sp, r7
 545              	.LCFI41:
 546              		.cfi_def_cfa_register 13
 547              		@ sp needed
 548 0040 80BD     		pop	{r7, pc}
 549              	.L39:
 550 0042 00BF     		.align	2
 551              	.L38:
 552 0044 E8F7FF1F 		.word	536868840
 553 0048 ECF7FF1F 		.word	536868844
 554 004c F0F7FF1F 		.word	536868848
 555 0050 02000000 		.word	USBD_StringSerial+2
 556 0054 12000000 		.word	USBD_StringSerial+18
 557              		.cfi_endproc
 558              	.LFE75:
 560              		.section	.text.IntToUnicode,"ax",%progbits
ARM GAS  /var/folders/xf/tcndk8390ml5xdpfw93qkhpm0000gn/T//ccawZkgJ.s 			page 17


 561              		.align	1
 562              		.syntax unified
 563              		.thumb
 564              		.thumb_func
 566              	IntToUnicode:
 567              	.LFB76:
 355:USB_DEVICE/App/usbd_desc.c **** 
 356:USB_DEVICE/App/usbd_desc.c **** /**
 357:USB_DEVICE/App/usbd_desc.c ****   * @brief  Convert Hex 32Bits value into char
 358:USB_DEVICE/App/usbd_desc.c ****   * @param  value: value to convert
 359:USB_DEVICE/App/usbd_desc.c ****   * @param  pbuf: pointer to the buffer
 360:USB_DEVICE/App/usbd_desc.c ****   * @param  len: buffer length
 361:USB_DEVICE/App/usbd_desc.c ****   * @retval None
 362:USB_DEVICE/App/usbd_desc.c ****   */
 363:USB_DEVICE/App/usbd_desc.c **** static void IntToUnicode(uint32_t value, uint8_t * pbuf, uint8_t len)
 364:USB_DEVICE/App/usbd_desc.c **** {
 568              		.loc 1 364 1
 569              		.cfi_startproc
 570              		@ args = 0, pretend = 0, frame = 24
 571              		@ frame_needed = 1, uses_anonymous_args = 0
 572              		@ link register save eliminated.
 573 0000 80B4     		push	{r7}
 574              	.LCFI42:
 575              		.cfi_def_cfa_offset 4
 576              		.cfi_offset 7, -4
 577 0002 87B0     		sub	sp, sp, #28
 578              	.LCFI43:
 579              		.cfi_def_cfa_offset 32
 580 0004 00AF     		add	r7, sp, #0
 581              	.LCFI44:
 582              		.cfi_def_cfa_register 7
 583 0006 F860     		str	r0, [r7, #12]
 584 0008 B960     		str	r1, [r7, #8]
 585 000a 1346     		mov	r3, r2
 586 000c FB71     		strb	r3, [r7, #7]
 365:USB_DEVICE/App/usbd_desc.c ****   uint8_t idx = 0;
 587              		.loc 1 365 11
 588 000e 0023     		movs	r3, #0
 589 0010 FB75     		strb	r3, [r7, #23]
 366:USB_DEVICE/App/usbd_desc.c **** 
 367:USB_DEVICE/App/usbd_desc.c ****   for (idx = 0; idx < len; idx++)
 590              		.loc 1 367 12
 591 0012 0023     		movs	r3, #0
 592 0014 FB75     		strb	r3, [r7, #23]
 593              		.loc 1 367 3
 594 0016 27E0     		b	.L41
 595              	.L44:
 368:USB_DEVICE/App/usbd_desc.c ****   {
 369:USB_DEVICE/App/usbd_desc.c ****     if (((value >> 28)) < 0xA)
 596              		.loc 1 369 17
 597 0018 FB68     		ldr	r3, [r7, #12]
 598 001a 1B0F     		lsrs	r3, r3, #28
 599              		.loc 1 369 8
 600 001c 092B     		cmp	r3, #9
 601 001e 0BD8     		bhi	.L42
 370:USB_DEVICE/App/usbd_desc.c ****     {
 371:USB_DEVICE/App/usbd_desc.c ****       pbuf[2 * idx] = (value >> 28) + '0';
ARM GAS  /var/folders/xf/tcndk8390ml5xdpfw93qkhpm0000gn/T//ccawZkgJ.s 			page 18


 602              		.loc 1 371 30
 603 0020 FB68     		ldr	r3, [r7, #12]
 604 0022 1B0F     		lsrs	r3, r3, #28
 605              		.loc 1 371 37
 606 0024 DAB2     		uxtb	r2, r3
 607              		.loc 1 371 14
 608 0026 FB7D     		ldrb	r3, [r7, #23]	@ zero_extendqisi2
 609 0028 5B00     		lsls	r3, r3, #1
 610 002a 1946     		mov	r1, r3
 611              		.loc 1 371 11
 612 002c BB68     		ldr	r3, [r7, #8]
 613 002e 0B44     		add	r3, r3, r1
 614              		.loc 1 371 37
 615 0030 3032     		adds	r2, r2, #48
 616 0032 D2B2     		uxtb	r2, r2
 617              		.loc 1 371 21
 618 0034 1A70     		strb	r2, [r3]
 619 0036 0AE0     		b	.L43
 620              	.L42:
 372:USB_DEVICE/App/usbd_desc.c ****     }
 373:USB_DEVICE/App/usbd_desc.c ****     else
 374:USB_DEVICE/App/usbd_desc.c ****     {
 375:USB_DEVICE/App/usbd_desc.c ****       pbuf[2 * idx] = (value >> 28) + 'A' - 10;
 621              		.loc 1 375 30
 622 0038 FB68     		ldr	r3, [r7, #12]
 623 003a 1B0F     		lsrs	r3, r3, #28
 624              		.loc 1 375 43
 625 003c DAB2     		uxtb	r2, r3
 626              		.loc 1 375 14
 627 003e FB7D     		ldrb	r3, [r7, #23]	@ zero_extendqisi2
 628 0040 5B00     		lsls	r3, r3, #1
 629 0042 1946     		mov	r1, r3
 630              		.loc 1 375 11
 631 0044 BB68     		ldr	r3, [r7, #8]
 632 0046 0B44     		add	r3, r3, r1
 633              		.loc 1 375 43
 634 0048 3732     		adds	r2, r2, #55
 635 004a D2B2     		uxtb	r2, r2
 636              		.loc 1 375 21
 637 004c 1A70     		strb	r2, [r3]
 638              	.L43:
 376:USB_DEVICE/App/usbd_desc.c ****     }
 377:USB_DEVICE/App/usbd_desc.c **** 
 378:USB_DEVICE/App/usbd_desc.c ****     value = value << 4;
 639              		.loc 1 378 11 discriminator 2
 640 004e FB68     		ldr	r3, [r7, #12]
 641 0050 1B01     		lsls	r3, r3, #4
 642 0052 FB60     		str	r3, [r7, #12]
 379:USB_DEVICE/App/usbd_desc.c **** 
 380:USB_DEVICE/App/usbd_desc.c ****     pbuf[2 * idx + 1] = 0;
 643              		.loc 1 380 12 discriminator 2
 644 0054 FB7D     		ldrb	r3, [r7, #23]	@ zero_extendqisi2
 645 0056 5B00     		lsls	r3, r3, #1
 646              		.loc 1 380 9 discriminator 2
 647 0058 0133     		adds	r3, r3, #1
 648 005a BA68     		ldr	r2, [r7, #8]
 649 005c 1344     		add	r3, r3, r2
ARM GAS  /var/folders/xf/tcndk8390ml5xdpfw93qkhpm0000gn/T//ccawZkgJ.s 			page 19


 650              		.loc 1 380 23 discriminator 2
 651 005e 0022     		movs	r2, #0
 652 0060 1A70     		strb	r2, [r3]
 367:USB_DEVICE/App/usbd_desc.c ****   {
 653              		.loc 1 367 31 discriminator 2
 654 0062 FB7D     		ldrb	r3, [r7, #23]	@ zero_extendqisi2
 655 0064 0133     		adds	r3, r3, #1
 656 0066 FB75     		strb	r3, [r7, #23]
 657              	.L41:
 367:USB_DEVICE/App/usbd_desc.c ****   {
 658              		.loc 1 367 3 discriminator 1
 659 0068 FA7D     		ldrb	r2, [r7, #23]	@ zero_extendqisi2
 660 006a FB79     		ldrb	r3, [r7, #7]	@ zero_extendqisi2
 661 006c 9A42     		cmp	r2, r3
 662 006e D3D3     		bcc	.L44
 381:USB_DEVICE/App/usbd_desc.c ****   }
 382:USB_DEVICE/App/usbd_desc.c **** }
 663              		.loc 1 382 1
 664 0070 00BF     		nop
 665 0072 00BF     		nop
 666 0074 1C37     		adds	r7, r7, #28
 667              	.LCFI45:
 668              		.cfi_def_cfa_offset 4
 669 0076 BD46     		mov	sp, r7
 670              	.LCFI46:
 671              		.cfi_def_cfa_register 13
 672              		@ sp needed
 673 0078 80BC     		pop	{r7}
 674              	.LCFI47:
 675              		.cfi_restore 7
 676              		.cfi_def_cfa_offset 0
 677 007a 7047     		bx	lr
 678              		.cfi_endproc
 679              	.LFE76:
 681              		.text
 682              	.Letext0:
 683              		.file 2 "/Applications/ARM/arm-none-eabi/include/machine/_default_types.h"
 684              		.file 3 "/Applications/ARM/arm-none-eabi/include/sys/_stdint.h"
 685              		.file 4 "Middlewares/ST/STM32_USB_Device_Library/Core/Inc/usbd_def.h"
 686              		.file 5 "USB_DEVICE/App/usbd_desc.h"
ARM GAS  /var/folders/xf/tcndk8390ml5xdpfw93qkhpm0000gn/T//ccawZkgJ.s 			page 20


DEFINED SYMBOLS
                            *ABS*:0000000000000000 usbd_desc.c
/var/folders/xf/tcndk8390ml5xdpfw93qkhpm0000gn/T//ccawZkgJ.s:22     .data.FS_Desc:0000000000000000 FS_Desc
/var/folders/xf/tcndk8390ml5xdpfw93qkhpm0000gn/T//ccawZkgJ.s:19     .data.FS_Desc:0000000000000000 $d
/var/folders/xf/tcndk8390ml5xdpfw93qkhpm0000gn/T//ccawZkgJ.s:67     .text.USBD_FS_DeviceDescriptor:0000000000000000 USBD_FS_DeviceDescriptor
/var/folders/xf/tcndk8390ml5xdpfw93qkhpm0000gn/T//ccawZkgJ.s:122    .text.USBD_FS_LangIDStrDescriptor:0000000000000000 USBD_FS_LangIDStrDescriptor
/var/folders/xf/tcndk8390ml5xdpfw93qkhpm0000gn/T//ccawZkgJ.s:248    .text.USBD_FS_ManufacturerStrDescriptor:0000000000000000 USBD_FS_ManufacturerStrDescriptor
/var/folders/xf/tcndk8390ml5xdpfw93qkhpm0000gn/T//ccawZkgJ.s:180    .text.USBD_FS_ProductStrDescriptor:0000000000000000 USBD_FS_ProductStrDescriptor
/var/folders/xf/tcndk8390ml5xdpfw93qkhpm0000gn/T//ccawZkgJ.s:300    .text.USBD_FS_SerialStrDescriptor:0000000000000000 USBD_FS_SerialStrDescriptor
/var/folders/xf/tcndk8390ml5xdpfw93qkhpm0000gn/T//ccawZkgJ.s:356    .text.USBD_FS_ConfigStrDescriptor:0000000000000000 USBD_FS_ConfigStrDescriptor
/var/folders/xf/tcndk8390ml5xdpfw93qkhpm0000gn/T//ccawZkgJ.s:424    .text.USBD_FS_InterfaceStrDescriptor:0000000000000000 USBD_FS_InterfaceStrDescriptor
/var/folders/xf/tcndk8390ml5xdpfw93qkhpm0000gn/T//ccawZkgJ.s:35     .data.USBD_FS_DeviceDesc:0000000000000000 USBD_FS_DeviceDesc
/var/folders/xf/tcndk8390ml5xdpfw93qkhpm0000gn/T//ccawZkgJ.s:32     .data.USBD_FS_DeviceDesc:0000000000000000 $d
/var/folders/xf/tcndk8390ml5xdpfw93qkhpm0000gn/T//ccawZkgJ.s:43     .data.USBD_LangIDDesc:0000000000000000 USBD_LangIDDesc
/var/folders/xf/tcndk8390ml5xdpfw93qkhpm0000gn/T//ccawZkgJ.s:40     .data.USBD_LangIDDesc:0000000000000000 $d
/var/folders/xf/tcndk8390ml5xdpfw93qkhpm0000gn/T//ccawZkgJ.s:50     .bss.USBD_StrDesc:0000000000000000 USBD_StrDesc
/var/folders/xf/tcndk8390ml5xdpfw93qkhpm0000gn/T//ccawZkgJ.s:47     .bss.USBD_StrDesc:0000000000000000 $d
/var/folders/xf/tcndk8390ml5xdpfw93qkhpm0000gn/T//ccawZkgJ.s:57     .data.USBD_StringSerial:0000000000000000 USBD_StringSerial
/var/folders/xf/tcndk8390ml5xdpfw93qkhpm0000gn/T//ccawZkgJ.s:54     .data.USBD_StringSerial:0000000000000000 $d
/var/folders/xf/tcndk8390ml5xdpfw93qkhpm0000gn/T//ccawZkgJ.s:61     .text.USBD_FS_DeviceDescriptor:0000000000000000 $t
/var/folders/xf/tcndk8390ml5xdpfw93qkhpm0000gn/T//ccawZkgJ.s:111    .text.USBD_FS_DeviceDescriptor:0000000000000020 $d
/var/folders/xf/tcndk8390ml5xdpfw93qkhpm0000gn/T//ccawZkgJ.s:116    .text.USBD_FS_LangIDStrDescriptor:0000000000000000 $t
/var/folders/xf/tcndk8390ml5xdpfw93qkhpm0000gn/T//ccawZkgJ.s:165    .text.USBD_FS_LangIDStrDescriptor:0000000000000020 $d
/var/folders/xf/tcndk8390ml5xdpfw93qkhpm0000gn/T//ccawZkgJ.s:170    .rodata:0000000000000000 $d
/var/folders/xf/tcndk8390ml5xdpfw93qkhpm0000gn/T//ccawZkgJ.s:174    .text.USBD_FS_ProductStrDescriptor:0000000000000000 $t
/var/folders/xf/tcndk8390ml5xdpfw93qkhpm0000gn/T//ccawZkgJ.s:232    .text.USBD_FS_ProductStrDescriptor:0000000000000034 $d
/var/folders/xf/tcndk8390ml5xdpfw93qkhpm0000gn/T//ccawZkgJ.s:242    .text.USBD_FS_ManufacturerStrDescriptor:0000000000000000 $t
/var/folders/xf/tcndk8390ml5xdpfw93qkhpm0000gn/T//ccawZkgJ.s:288    .text.USBD_FS_ManufacturerStrDescriptor:0000000000000020 $d
/var/folders/xf/tcndk8390ml5xdpfw93qkhpm0000gn/T//ccawZkgJ.s:294    .text.USBD_FS_SerialStrDescriptor:0000000000000000 $t
/var/folders/xf/tcndk8390ml5xdpfw93qkhpm0000gn/T//ccawZkgJ.s:487    .text.Get_SerialNum:0000000000000000 Get_SerialNum
/var/folders/xf/tcndk8390ml5xdpfw93qkhpm0000gn/T//ccawZkgJ.s:341    .text.USBD_FS_SerialStrDescriptor:0000000000000020 $d
/var/folders/xf/tcndk8390ml5xdpfw93qkhpm0000gn/T//ccawZkgJ.s:350    .text.USBD_FS_ConfigStrDescriptor:0000000000000000 $t
/var/folders/xf/tcndk8390ml5xdpfw93qkhpm0000gn/T//ccawZkgJ.s:408    .text.USBD_FS_ConfigStrDescriptor:0000000000000034 $d
/var/folders/xf/tcndk8390ml5xdpfw93qkhpm0000gn/T//ccawZkgJ.s:418    .text.USBD_FS_InterfaceStrDescriptor:0000000000000000 $t
/var/folders/xf/tcndk8390ml5xdpfw93qkhpm0000gn/T//ccawZkgJ.s:476    .text.USBD_FS_InterfaceStrDescriptor:0000000000000034 $d
/var/folders/xf/tcndk8390ml5xdpfw93qkhpm0000gn/T//ccawZkgJ.s:482    .text.Get_SerialNum:0000000000000000 $t
/var/folders/xf/tcndk8390ml5xdpfw93qkhpm0000gn/T//ccawZkgJ.s:566    .text.IntToUnicode:0000000000000000 IntToUnicode
/var/folders/xf/tcndk8390ml5xdpfw93qkhpm0000gn/T//ccawZkgJ.s:552    .text.Get_SerialNum:0000000000000044 $d
/var/folders/xf/tcndk8390ml5xdpfw93qkhpm0000gn/T//ccawZkgJ.s:561    .text.IntToUnicode:0000000000000000 $t

UNDEFINED SYMBOLS
USBD_GetString
