ARM GAS  /var/folders/xf/tcndk8390ml5xdpfw93qkhpm0000gn/T//ccFgp99T.s 			page 1


   1              		.cpu cortex-m3
   2              		.arch armv7-m
   3              		.fpu softvfp
   4              		.eabi_attribute 20, 1
   5              		.eabi_attribute 21, 1
   6              		.eabi_attribute 23, 3
   7              		.eabi_attribute 24, 1
   8              		.eabi_attribute 25, 1
   9              		.eabi_attribute 26, 1
  10              		.eabi_attribute 30, 6
  11              		.eabi_attribute 34, 1
  12              		.eabi_attribute 18, 4
  13              		.file	"usbd_ioreq.c"
  14              		.text
  15              	.Ltext0:
  16              		.cfi_sections	.debug_frame
  17              		.section	.text.USBD_CtlSendData,"ax",%progbits
  18              		.align	1
  19              		.global	USBD_CtlSendData
  20              		.syntax unified
  21              		.thumb
  22              		.thumb_func
  24              	USBD_CtlSendData:
  25              	.LFB68:
  26              		.file 1 "Middlewares/ST/STM32_USB_Device_Library/Core/Src/usbd_ioreq.c"
   1:Middlewares/ST/STM32_USB_Device_Library/Core/Src/usbd_ioreq.c **** /**
   2:Middlewares/ST/STM32_USB_Device_Library/Core/Src/usbd_ioreq.c ****   ******************************************************************************
   3:Middlewares/ST/STM32_USB_Device_Library/Core/Src/usbd_ioreq.c ****   * @file    usbd_ioreq.c
   4:Middlewares/ST/STM32_USB_Device_Library/Core/Src/usbd_ioreq.c ****   * @author  MCD Application Team
   5:Middlewares/ST/STM32_USB_Device_Library/Core/Src/usbd_ioreq.c ****   * @brief   This file provides the IO requests APIs for control endpoints.
   6:Middlewares/ST/STM32_USB_Device_Library/Core/Src/usbd_ioreq.c ****   ******************************************************************************
   7:Middlewares/ST/STM32_USB_Device_Library/Core/Src/usbd_ioreq.c ****   * @attention
   8:Middlewares/ST/STM32_USB_Device_Library/Core/Src/usbd_ioreq.c ****   *
   9:Middlewares/ST/STM32_USB_Device_Library/Core/Src/usbd_ioreq.c ****   * <h2><center>&copy; Copyright (c) 2015 STMicroelectronics.
  10:Middlewares/ST/STM32_USB_Device_Library/Core/Src/usbd_ioreq.c ****   * All rights reserved.</center></h2>
  11:Middlewares/ST/STM32_USB_Device_Library/Core/Src/usbd_ioreq.c ****   *
  12:Middlewares/ST/STM32_USB_Device_Library/Core/Src/usbd_ioreq.c ****   * This software component is licensed by ST under Ultimate Liberty license
  13:Middlewares/ST/STM32_USB_Device_Library/Core/Src/usbd_ioreq.c ****   * SLA0044, the "License"; You may not use this file except in compliance with
  14:Middlewares/ST/STM32_USB_Device_Library/Core/Src/usbd_ioreq.c ****   * the License. You may obtain a copy of the License at:
  15:Middlewares/ST/STM32_USB_Device_Library/Core/Src/usbd_ioreq.c ****   *                      www.st.com/SLA0044
  16:Middlewares/ST/STM32_USB_Device_Library/Core/Src/usbd_ioreq.c ****   *
  17:Middlewares/ST/STM32_USB_Device_Library/Core/Src/usbd_ioreq.c ****   ******************************************************************************
  18:Middlewares/ST/STM32_USB_Device_Library/Core/Src/usbd_ioreq.c ****   */
  19:Middlewares/ST/STM32_USB_Device_Library/Core/Src/usbd_ioreq.c **** 
  20:Middlewares/ST/STM32_USB_Device_Library/Core/Src/usbd_ioreq.c **** /* Includes ------------------------------------------------------------------*/
  21:Middlewares/ST/STM32_USB_Device_Library/Core/Src/usbd_ioreq.c **** #include "usbd_ioreq.h"
  22:Middlewares/ST/STM32_USB_Device_Library/Core/Src/usbd_ioreq.c **** 
  23:Middlewares/ST/STM32_USB_Device_Library/Core/Src/usbd_ioreq.c **** /** @addtogroup STM32_USB_DEVICE_LIBRARY
  24:Middlewares/ST/STM32_USB_Device_Library/Core/Src/usbd_ioreq.c ****   * @{
  25:Middlewares/ST/STM32_USB_Device_Library/Core/Src/usbd_ioreq.c ****   */
  26:Middlewares/ST/STM32_USB_Device_Library/Core/Src/usbd_ioreq.c **** 
  27:Middlewares/ST/STM32_USB_Device_Library/Core/Src/usbd_ioreq.c **** 
  28:Middlewares/ST/STM32_USB_Device_Library/Core/Src/usbd_ioreq.c **** /** @defgroup USBD_IOREQ
  29:Middlewares/ST/STM32_USB_Device_Library/Core/Src/usbd_ioreq.c ****   * @brief control I/O requests module
  30:Middlewares/ST/STM32_USB_Device_Library/Core/Src/usbd_ioreq.c ****   * @{
  31:Middlewares/ST/STM32_USB_Device_Library/Core/Src/usbd_ioreq.c ****   */
  32:Middlewares/ST/STM32_USB_Device_Library/Core/Src/usbd_ioreq.c **** 
ARM GAS  /var/folders/xf/tcndk8390ml5xdpfw93qkhpm0000gn/T//ccFgp99T.s 			page 2


  33:Middlewares/ST/STM32_USB_Device_Library/Core/Src/usbd_ioreq.c **** /** @defgroup USBD_IOREQ_Private_TypesDefinitions
  34:Middlewares/ST/STM32_USB_Device_Library/Core/Src/usbd_ioreq.c ****   * @{
  35:Middlewares/ST/STM32_USB_Device_Library/Core/Src/usbd_ioreq.c ****   */
  36:Middlewares/ST/STM32_USB_Device_Library/Core/Src/usbd_ioreq.c **** /**
  37:Middlewares/ST/STM32_USB_Device_Library/Core/Src/usbd_ioreq.c ****   * @}
  38:Middlewares/ST/STM32_USB_Device_Library/Core/Src/usbd_ioreq.c ****   */
  39:Middlewares/ST/STM32_USB_Device_Library/Core/Src/usbd_ioreq.c **** 
  40:Middlewares/ST/STM32_USB_Device_Library/Core/Src/usbd_ioreq.c **** 
  41:Middlewares/ST/STM32_USB_Device_Library/Core/Src/usbd_ioreq.c **** /** @defgroup USBD_IOREQ_Private_Defines
  42:Middlewares/ST/STM32_USB_Device_Library/Core/Src/usbd_ioreq.c ****   * @{
  43:Middlewares/ST/STM32_USB_Device_Library/Core/Src/usbd_ioreq.c ****   */
  44:Middlewares/ST/STM32_USB_Device_Library/Core/Src/usbd_ioreq.c **** 
  45:Middlewares/ST/STM32_USB_Device_Library/Core/Src/usbd_ioreq.c **** /**
  46:Middlewares/ST/STM32_USB_Device_Library/Core/Src/usbd_ioreq.c ****   * @}
  47:Middlewares/ST/STM32_USB_Device_Library/Core/Src/usbd_ioreq.c ****   */
  48:Middlewares/ST/STM32_USB_Device_Library/Core/Src/usbd_ioreq.c **** 
  49:Middlewares/ST/STM32_USB_Device_Library/Core/Src/usbd_ioreq.c **** 
  50:Middlewares/ST/STM32_USB_Device_Library/Core/Src/usbd_ioreq.c **** /** @defgroup USBD_IOREQ_Private_Macros
  51:Middlewares/ST/STM32_USB_Device_Library/Core/Src/usbd_ioreq.c ****   * @{
  52:Middlewares/ST/STM32_USB_Device_Library/Core/Src/usbd_ioreq.c ****   */
  53:Middlewares/ST/STM32_USB_Device_Library/Core/Src/usbd_ioreq.c **** /**
  54:Middlewares/ST/STM32_USB_Device_Library/Core/Src/usbd_ioreq.c ****   * @}
  55:Middlewares/ST/STM32_USB_Device_Library/Core/Src/usbd_ioreq.c ****   */
  56:Middlewares/ST/STM32_USB_Device_Library/Core/Src/usbd_ioreq.c **** 
  57:Middlewares/ST/STM32_USB_Device_Library/Core/Src/usbd_ioreq.c **** 
  58:Middlewares/ST/STM32_USB_Device_Library/Core/Src/usbd_ioreq.c **** /** @defgroup USBD_IOREQ_Private_Variables
  59:Middlewares/ST/STM32_USB_Device_Library/Core/Src/usbd_ioreq.c ****   * @{
  60:Middlewares/ST/STM32_USB_Device_Library/Core/Src/usbd_ioreq.c ****   */
  61:Middlewares/ST/STM32_USB_Device_Library/Core/Src/usbd_ioreq.c **** 
  62:Middlewares/ST/STM32_USB_Device_Library/Core/Src/usbd_ioreq.c **** /**
  63:Middlewares/ST/STM32_USB_Device_Library/Core/Src/usbd_ioreq.c ****   * @}
  64:Middlewares/ST/STM32_USB_Device_Library/Core/Src/usbd_ioreq.c ****   */
  65:Middlewares/ST/STM32_USB_Device_Library/Core/Src/usbd_ioreq.c **** 
  66:Middlewares/ST/STM32_USB_Device_Library/Core/Src/usbd_ioreq.c **** 
  67:Middlewares/ST/STM32_USB_Device_Library/Core/Src/usbd_ioreq.c **** /** @defgroup USBD_IOREQ_Private_FunctionPrototypes
  68:Middlewares/ST/STM32_USB_Device_Library/Core/Src/usbd_ioreq.c ****   * @{
  69:Middlewares/ST/STM32_USB_Device_Library/Core/Src/usbd_ioreq.c ****   */
  70:Middlewares/ST/STM32_USB_Device_Library/Core/Src/usbd_ioreq.c **** /**
  71:Middlewares/ST/STM32_USB_Device_Library/Core/Src/usbd_ioreq.c ****   * @}
  72:Middlewares/ST/STM32_USB_Device_Library/Core/Src/usbd_ioreq.c ****   */
  73:Middlewares/ST/STM32_USB_Device_Library/Core/Src/usbd_ioreq.c **** 
  74:Middlewares/ST/STM32_USB_Device_Library/Core/Src/usbd_ioreq.c **** 
  75:Middlewares/ST/STM32_USB_Device_Library/Core/Src/usbd_ioreq.c **** /** @defgroup USBD_IOREQ_Private_Functions
  76:Middlewares/ST/STM32_USB_Device_Library/Core/Src/usbd_ioreq.c ****   * @{
  77:Middlewares/ST/STM32_USB_Device_Library/Core/Src/usbd_ioreq.c ****   */
  78:Middlewares/ST/STM32_USB_Device_Library/Core/Src/usbd_ioreq.c **** 
  79:Middlewares/ST/STM32_USB_Device_Library/Core/Src/usbd_ioreq.c **** /**
  80:Middlewares/ST/STM32_USB_Device_Library/Core/Src/usbd_ioreq.c **** * @brief  USBD_CtlSendData
  81:Middlewares/ST/STM32_USB_Device_Library/Core/Src/usbd_ioreq.c **** *         send data on the ctl pipe
  82:Middlewares/ST/STM32_USB_Device_Library/Core/Src/usbd_ioreq.c **** * @param  pdev: device instance
  83:Middlewares/ST/STM32_USB_Device_Library/Core/Src/usbd_ioreq.c **** * @param  buff: pointer to data buffer
  84:Middlewares/ST/STM32_USB_Device_Library/Core/Src/usbd_ioreq.c **** * @param  len: length of data to be sent
  85:Middlewares/ST/STM32_USB_Device_Library/Core/Src/usbd_ioreq.c **** * @retval status
  86:Middlewares/ST/STM32_USB_Device_Library/Core/Src/usbd_ioreq.c **** */
  87:Middlewares/ST/STM32_USB_Device_Library/Core/Src/usbd_ioreq.c **** USBD_StatusTypeDef USBD_CtlSendData(USBD_HandleTypeDef *pdev,
  88:Middlewares/ST/STM32_USB_Device_Library/Core/Src/usbd_ioreq.c ****                                     uint8_t *pbuf, uint16_t len)
  89:Middlewares/ST/STM32_USB_Device_Library/Core/Src/usbd_ioreq.c **** {
ARM GAS  /var/folders/xf/tcndk8390ml5xdpfw93qkhpm0000gn/T//ccFgp99T.s 			page 3


  27              		.loc 1 89 1
  28              		.cfi_startproc
  29              		@ args = 0, pretend = 0, frame = 16
  30              		@ frame_needed = 1, uses_anonymous_args = 0
  31 0000 80B5     		push	{r7, lr}
  32              	.LCFI0:
  33              		.cfi_def_cfa_offset 8
  34              		.cfi_offset 7, -8
  35              		.cfi_offset 14, -4
  36 0002 84B0     		sub	sp, sp, #16
  37              	.LCFI1:
  38              		.cfi_def_cfa_offset 24
  39 0004 00AF     		add	r7, sp, #0
  40              	.LCFI2:
  41              		.cfi_def_cfa_register 7
  42 0006 F860     		str	r0, [r7, #12]
  43 0008 B960     		str	r1, [r7, #8]
  44 000a 1346     		mov	r3, r2
  45 000c FB80     		strh	r3, [r7, #6]	@ movhi
  90:Middlewares/ST/STM32_USB_Device_Library/Core/Src/usbd_ioreq.c ****   /* Set EP0 State */
  91:Middlewares/ST/STM32_USB_Device_Library/Core/Src/usbd_ioreq.c ****   pdev->ep0_state = USBD_EP0_DATA_IN;
  46              		.loc 1 91 19
  47 000e FB68     		ldr	r3, [r7, #12]
  48 0010 0222     		movs	r2, #2
  49 0012 C3F89422 		str	r2, [r3, #660]
  92:Middlewares/ST/STM32_USB_Device_Library/Core/Src/usbd_ioreq.c ****   pdev->ep_in[0].total_length = len;
  50              		.loc 1 92 31
  51 0016 FA88     		ldrh	r2, [r7, #6]
  52 0018 FB68     		ldr	r3, [r7, #12]
  53 001a DA61     		str	r2, [r3, #28]
  93:Middlewares/ST/STM32_USB_Device_Library/Core/Src/usbd_ioreq.c ****   pdev->ep_in[0].rem_length   = len;
  54              		.loc 1 93 31
  55 001c FA88     		ldrh	r2, [r7, #6]
  56 001e FB68     		ldr	r3, [r7, #12]
  57 0020 1A62     		str	r2, [r3, #32]
  94:Middlewares/ST/STM32_USB_Device_Library/Core/Src/usbd_ioreq.c **** 
  95:Middlewares/ST/STM32_USB_Device_Library/Core/Src/usbd_ioreq.c ****   /* Start the transfer */
  96:Middlewares/ST/STM32_USB_Device_Library/Core/Src/usbd_ioreq.c ****   USBD_LL_Transmit(pdev, 0x00U, pbuf, len);
  58              		.loc 1 96 3
  59 0022 FB88     		ldrh	r3, [r7, #6]
  60 0024 BA68     		ldr	r2, [r7, #8]
  61 0026 0021     		movs	r1, #0
  62 0028 F868     		ldr	r0, [r7, #12]
  63 002a FFF7FEFF 		bl	USBD_LL_Transmit
  97:Middlewares/ST/STM32_USB_Device_Library/Core/Src/usbd_ioreq.c **** 
  98:Middlewares/ST/STM32_USB_Device_Library/Core/Src/usbd_ioreq.c ****   return USBD_OK;
  64              		.loc 1 98 10
  65 002e 0023     		movs	r3, #0
  99:Middlewares/ST/STM32_USB_Device_Library/Core/Src/usbd_ioreq.c **** }
  66              		.loc 1 99 1
  67 0030 1846     		mov	r0, r3
  68 0032 1037     		adds	r7, r7, #16
  69              	.LCFI3:
  70              		.cfi_def_cfa_offset 8
  71 0034 BD46     		mov	sp, r7
  72              	.LCFI4:
  73              		.cfi_def_cfa_register 13
ARM GAS  /var/folders/xf/tcndk8390ml5xdpfw93qkhpm0000gn/T//ccFgp99T.s 			page 4


  74              		@ sp needed
  75 0036 80BD     		pop	{r7, pc}
  76              		.cfi_endproc
  77              	.LFE68:
  79              		.section	.text.USBD_CtlContinueSendData,"ax",%progbits
  80              		.align	1
  81              		.global	USBD_CtlContinueSendData
  82              		.syntax unified
  83              		.thumb
  84              		.thumb_func
  86              	USBD_CtlContinueSendData:
  87              	.LFB69:
 100:Middlewares/ST/STM32_USB_Device_Library/Core/Src/usbd_ioreq.c **** 
 101:Middlewares/ST/STM32_USB_Device_Library/Core/Src/usbd_ioreq.c **** /**
 102:Middlewares/ST/STM32_USB_Device_Library/Core/Src/usbd_ioreq.c **** * @brief  USBD_CtlContinueSendData
 103:Middlewares/ST/STM32_USB_Device_Library/Core/Src/usbd_ioreq.c **** *         continue sending data on the ctl pipe
 104:Middlewares/ST/STM32_USB_Device_Library/Core/Src/usbd_ioreq.c **** * @param  pdev: device instance
 105:Middlewares/ST/STM32_USB_Device_Library/Core/Src/usbd_ioreq.c **** * @param  buff: pointer to data buffer
 106:Middlewares/ST/STM32_USB_Device_Library/Core/Src/usbd_ioreq.c **** * @param  len: length of data to be sent
 107:Middlewares/ST/STM32_USB_Device_Library/Core/Src/usbd_ioreq.c **** * @retval status
 108:Middlewares/ST/STM32_USB_Device_Library/Core/Src/usbd_ioreq.c **** */
 109:Middlewares/ST/STM32_USB_Device_Library/Core/Src/usbd_ioreq.c **** USBD_StatusTypeDef USBD_CtlContinueSendData(USBD_HandleTypeDef *pdev,
 110:Middlewares/ST/STM32_USB_Device_Library/Core/Src/usbd_ioreq.c ****                                             uint8_t *pbuf, uint16_t len)
 111:Middlewares/ST/STM32_USB_Device_Library/Core/Src/usbd_ioreq.c **** {
  88              		.loc 1 111 1
  89              		.cfi_startproc
  90              		@ args = 0, pretend = 0, frame = 16
  91              		@ frame_needed = 1, uses_anonymous_args = 0
  92 0000 80B5     		push	{r7, lr}
  93              	.LCFI5:
  94              		.cfi_def_cfa_offset 8
  95              		.cfi_offset 7, -8
  96              		.cfi_offset 14, -4
  97 0002 84B0     		sub	sp, sp, #16
  98              	.LCFI6:
  99              		.cfi_def_cfa_offset 24
 100 0004 00AF     		add	r7, sp, #0
 101              	.LCFI7:
 102              		.cfi_def_cfa_register 7
 103 0006 F860     		str	r0, [r7, #12]
 104 0008 B960     		str	r1, [r7, #8]
 105 000a 1346     		mov	r3, r2
 106 000c FB80     		strh	r3, [r7, #6]	@ movhi
 112:Middlewares/ST/STM32_USB_Device_Library/Core/Src/usbd_ioreq.c ****   /* Start the next transfer */
 113:Middlewares/ST/STM32_USB_Device_Library/Core/Src/usbd_ioreq.c ****   USBD_LL_Transmit(pdev, 0x00U, pbuf, len);
 107              		.loc 1 113 3
 108 000e FB88     		ldrh	r3, [r7, #6]
 109 0010 BA68     		ldr	r2, [r7, #8]
 110 0012 0021     		movs	r1, #0
 111 0014 F868     		ldr	r0, [r7, #12]
 112 0016 FFF7FEFF 		bl	USBD_LL_Transmit
 114:Middlewares/ST/STM32_USB_Device_Library/Core/Src/usbd_ioreq.c **** 
 115:Middlewares/ST/STM32_USB_Device_Library/Core/Src/usbd_ioreq.c ****   return USBD_OK;
 113              		.loc 1 115 10
 114 001a 0023     		movs	r3, #0
 116:Middlewares/ST/STM32_USB_Device_Library/Core/Src/usbd_ioreq.c **** }
 115              		.loc 1 116 1
ARM GAS  /var/folders/xf/tcndk8390ml5xdpfw93qkhpm0000gn/T//ccFgp99T.s 			page 5


 116 001c 1846     		mov	r0, r3
 117 001e 1037     		adds	r7, r7, #16
 118              	.LCFI8:
 119              		.cfi_def_cfa_offset 8
 120 0020 BD46     		mov	sp, r7
 121              	.LCFI9:
 122              		.cfi_def_cfa_register 13
 123              		@ sp needed
 124 0022 80BD     		pop	{r7, pc}
 125              		.cfi_endproc
 126              	.LFE69:
 128              		.section	.text.USBD_CtlPrepareRx,"ax",%progbits
 129              		.align	1
 130              		.global	USBD_CtlPrepareRx
 131              		.syntax unified
 132              		.thumb
 133              		.thumb_func
 135              	USBD_CtlPrepareRx:
 136              	.LFB70:
 117:Middlewares/ST/STM32_USB_Device_Library/Core/Src/usbd_ioreq.c **** 
 118:Middlewares/ST/STM32_USB_Device_Library/Core/Src/usbd_ioreq.c **** /**
 119:Middlewares/ST/STM32_USB_Device_Library/Core/Src/usbd_ioreq.c **** * @brief  USBD_CtlPrepareRx
 120:Middlewares/ST/STM32_USB_Device_Library/Core/Src/usbd_ioreq.c **** *         receive data on the ctl pipe
 121:Middlewares/ST/STM32_USB_Device_Library/Core/Src/usbd_ioreq.c **** * @param  pdev: device instance
 122:Middlewares/ST/STM32_USB_Device_Library/Core/Src/usbd_ioreq.c **** * @param  buff: pointer to data buffer
 123:Middlewares/ST/STM32_USB_Device_Library/Core/Src/usbd_ioreq.c **** * @param  len: length of data to be received
 124:Middlewares/ST/STM32_USB_Device_Library/Core/Src/usbd_ioreq.c **** * @retval status
 125:Middlewares/ST/STM32_USB_Device_Library/Core/Src/usbd_ioreq.c **** */
 126:Middlewares/ST/STM32_USB_Device_Library/Core/Src/usbd_ioreq.c **** USBD_StatusTypeDef USBD_CtlPrepareRx(USBD_HandleTypeDef *pdev,
 127:Middlewares/ST/STM32_USB_Device_Library/Core/Src/usbd_ioreq.c ****                                      uint8_t *pbuf, uint16_t len)
 128:Middlewares/ST/STM32_USB_Device_Library/Core/Src/usbd_ioreq.c **** {
 137              		.loc 1 128 1
 138              		.cfi_startproc
 139              		@ args = 0, pretend = 0, frame = 16
 140              		@ frame_needed = 1, uses_anonymous_args = 0
 141 0000 80B5     		push	{r7, lr}
 142              	.LCFI10:
 143              		.cfi_def_cfa_offset 8
 144              		.cfi_offset 7, -8
 145              		.cfi_offset 14, -4
 146 0002 84B0     		sub	sp, sp, #16
 147              	.LCFI11:
 148              		.cfi_def_cfa_offset 24
 149 0004 00AF     		add	r7, sp, #0
 150              	.LCFI12:
 151              		.cfi_def_cfa_register 7
 152 0006 F860     		str	r0, [r7, #12]
 153 0008 B960     		str	r1, [r7, #8]
 154 000a 1346     		mov	r3, r2
 155 000c FB80     		strh	r3, [r7, #6]	@ movhi
 129:Middlewares/ST/STM32_USB_Device_Library/Core/Src/usbd_ioreq.c ****   /* Set EP0 State */
 130:Middlewares/ST/STM32_USB_Device_Library/Core/Src/usbd_ioreq.c ****   pdev->ep0_state = USBD_EP0_DATA_OUT;
 156              		.loc 1 130 19
 157 000e FB68     		ldr	r3, [r7, #12]
 158 0010 0322     		movs	r2, #3
 159 0012 C3F89422 		str	r2, [r3, #660]
 131:Middlewares/ST/STM32_USB_Device_Library/Core/Src/usbd_ioreq.c ****   pdev->ep_out[0].total_length = len;
ARM GAS  /var/folders/xf/tcndk8390ml5xdpfw93qkhpm0000gn/T//ccFgp99T.s 			page 6


 160              		.loc 1 131 32
 161 0016 FA88     		ldrh	r2, [r7, #6]
 162 0018 FB68     		ldr	r3, [r7, #12]
 163 001a C3F85C21 		str	r2, [r3, #348]
 132:Middlewares/ST/STM32_USB_Device_Library/Core/Src/usbd_ioreq.c ****   pdev->ep_out[0].rem_length   = len;
 164              		.loc 1 132 32
 165 001e FA88     		ldrh	r2, [r7, #6]
 166 0020 FB68     		ldr	r3, [r7, #12]
 167 0022 C3F86021 		str	r2, [r3, #352]
 133:Middlewares/ST/STM32_USB_Device_Library/Core/Src/usbd_ioreq.c **** 
 134:Middlewares/ST/STM32_USB_Device_Library/Core/Src/usbd_ioreq.c ****   /* Start the transfer */
 135:Middlewares/ST/STM32_USB_Device_Library/Core/Src/usbd_ioreq.c ****   USBD_LL_PrepareReceive(pdev, 0U, pbuf, len);
 168              		.loc 1 135 3
 169 0026 FB88     		ldrh	r3, [r7, #6]
 170 0028 BA68     		ldr	r2, [r7, #8]
 171 002a 0021     		movs	r1, #0
 172 002c F868     		ldr	r0, [r7, #12]
 173 002e FFF7FEFF 		bl	USBD_LL_PrepareReceive
 136:Middlewares/ST/STM32_USB_Device_Library/Core/Src/usbd_ioreq.c **** 
 137:Middlewares/ST/STM32_USB_Device_Library/Core/Src/usbd_ioreq.c ****   return USBD_OK;
 174              		.loc 1 137 10
 175 0032 0023     		movs	r3, #0
 138:Middlewares/ST/STM32_USB_Device_Library/Core/Src/usbd_ioreq.c **** }
 176              		.loc 1 138 1
 177 0034 1846     		mov	r0, r3
 178 0036 1037     		adds	r7, r7, #16
 179              	.LCFI13:
 180              		.cfi_def_cfa_offset 8
 181 0038 BD46     		mov	sp, r7
 182              	.LCFI14:
 183              		.cfi_def_cfa_register 13
 184              		@ sp needed
 185 003a 80BD     		pop	{r7, pc}
 186              		.cfi_endproc
 187              	.LFE70:
 189              		.section	.text.USBD_CtlContinueRx,"ax",%progbits
 190              		.align	1
 191              		.global	USBD_CtlContinueRx
 192              		.syntax unified
 193              		.thumb
 194              		.thumb_func
 196              	USBD_CtlContinueRx:
 197              	.LFB71:
 139:Middlewares/ST/STM32_USB_Device_Library/Core/Src/usbd_ioreq.c **** 
 140:Middlewares/ST/STM32_USB_Device_Library/Core/Src/usbd_ioreq.c **** /**
 141:Middlewares/ST/STM32_USB_Device_Library/Core/Src/usbd_ioreq.c **** * @brief  USBD_CtlContinueRx
 142:Middlewares/ST/STM32_USB_Device_Library/Core/Src/usbd_ioreq.c **** *         continue receive data on the ctl pipe
 143:Middlewares/ST/STM32_USB_Device_Library/Core/Src/usbd_ioreq.c **** * @param  pdev: device instance
 144:Middlewares/ST/STM32_USB_Device_Library/Core/Src/usbd_ioreq.c **** * @param  buff: pointer to data buffer
 145:Middlewares/ST/STM32_USB_Device_Library/Core/Src/usbd_ioreq.c **** * @param  len: length of data to be received
 146:Middlewares/ST/STM32_USB_Device_Library/Core/Src/usbd_ioreq.c **** * @retval status
 147:Middlewares/ST/STM32_USB_Device_Library/Core/Src/usbd_ioreq.c **** */
 148:Middlewares/ST/STM32_USB_Device_Library/Core/Src/usbd_ioreq.c **** USBD_StatusTypeDef USBD_CtlContinueRx(USBD_HandleTypeDef *pdev,
 149:Middlewares/ST/STM32_USB_Device_Library/Core/Src/usbd_ioreq.c ****                                       uint8_t *pbuf, uint16_t len)
 150:Middlewares/ST/STM32_USB_Device_Library/Core/Src/usbd_ioreq.c **** {
 198              		.loc 1 150 1
 199              		.cfi_startproc
ARM GAS  /var/folders/xf/tcndk8390ml5xdpfw93qkhpm0000gn/T//ccFgp99T.s 			page 7


 200              		@ args = 0, pretend = 0, frame = 16
 201              		@ frame_needed = 1, uses_anonymous_args = 0
 202 0000 80B5     		push	{r7, lr}
 203              	.LCFI15:
 204              		.cfi_def_cfa_offset 8
 205              		.cfi_offset 7, -8
 206              		.cfi_offset 14, -4
 207 0002 84B0     		sub	sp, sp, #16
 208              	.LCFI16:
 209              		.cfi_def_cfa_offset 24
 210 0004 00AF     		add	r7, sp, #0
 211              	.LCFI17:
 212              		.cfi_def_cfa_register 7
 213 0006 F860     		str	r0, [r7, #12]
 214 0008 B960     		str	r1, [r7, #8]
 215 000a 1346     		mov	r3, r2
 216 000c FB80     		strh	r3, [r7, #6]	@ movhi
 151:Middlewares/ST/STM32_USB_Device_Library/Core/Src/usbd_ioreq.c ****   USBD_LL_PrepareReceive(pdev, 0U, pbuf, len);
 217              		.loc 1 151 3
 218 000e FB88     		ldrh	r3, [r7, #6]
 219 0010 BA68     		ldr	r2, [r7, #8]
 220 0012 0021     		movs	r1, #0
 221 0014 F868     		ldr	r0, [r7, #12]
 222 0016 FFF7FEFF 		bl	USBD_LL_PrepareReceive
 152:Middlewares/ST/STM32_USB_Device_Library/Core/Src/usbd_ioreq.c **** 
 153:Middlewares/ST/STM32_USB_Device_Library/Core/Src/usbd_ioreq.c ****   return USBD_OK;
 223              		.loc 1 153 10
 224 001a 0023     		movs	r3, #0
 154:Middlewares/ST/STM32_USB_Device_Library/Core/Src/usbd_ioreq.c **** }
 225              		.loc 1 154 1
 226 001c 1846     		mov	r0, r3
 227 001e 1037     		adds	r7, r7, #16
 228              	.LCFI18:
 229              		.cfi_def_cfa_offset 8
 230 0020 BD46     		mov	sp, r7
 231              	.LCFI19:
 232              		.cfi_def_cfa_register 13
 233              		@ sp needed
 234 0022 80BD     		pop	{r7, pc}
 235              		.cfi_endproc
 236              	.LFE71:
 238              		.section	.text.USBD_CtlSendStatus,"ax",%progbits
 239              		.align	1
 240              		.global	USBD_CtlSendStatus
 241              		.syntax unified
 242              		.thumb
 243              		.thumb_func
 245              	USBD_CtlSendStatus:
 246              	.LFB72:
 155:Middlewares/ST/STM32_USB_Device_Library/Core/Src/usbd_ioreq.c **** 
 156:Middlewares/ST/STM32_USB_Device_Library/Core/Src/usbd_ioreq.c **** /**
 157:Middlewares/ST/STM32_USB_Device_Library/Core/Src/usbd_ioreq.c **** * @brief  USBD_CtlSendStatus
 158:Middlewares/ST/STM32_USB_Device_Library/Core/Src/usbd_ioreq.c **** *         send zero lzngth packet on the ctl pipe
 159:Middlewares/ST/STM32_USB_Device_Library/Core/Src/usbd_ioreq.c **** * @param  pdev: device instance
 160:Middlewares/ST/STM32_USB_Device_Library/Core/Src/usbd_ioreq.c **** * @retval status
 161:Middlewares/ST/STM32_USB_Device_Library/Core/Src/usbd_ioreq.c **** */
 162:Middlewares/ST/STM32_USB_Device_Library/Core/Src/usbd_ioreq.c **** USBD_StatusTypeDef USBD_CtlSendStatus(USBD_HandleTypeDef *pdev)
ARM GAS  /var/folders/xf/tcndk8390ml5xdpfw93qkhpm0000gn/T//ccFgp99T.s 			page 8


 163:Middlewares/ST/STM32_USB_Device_Library/Core/Src/usbd_ioreq.c **** {
 247              		.loc 1 163 1
 248              		.cfi_startproc
 249              		@ args = 0, pretend = 0, frame = 8
 250              		@ frame_needed = 1, uses_anonymous_args = 0
 251 0000 80B5     		push	{r7, lr}
 252              	.LCFI20:
 253              		.cfi_def_cfa_offset 8
 254              		.cfi_offset 7, -8
 255              		.cfi_offset 14, -4
 256 0002 82B0     		sub	sp, sp, #8
 257              	.LCFI21:
 258              		.cfi_def_cfa_offset 16
 259 0004 00AF     		add	r7, sp, #0
 260              	.LCFI22:
 261              		.cfi_def_cfa_register 7
 262 0006 7860     		str	r0, [r7, #4]
 164:Middlewares/ST/STM32_USB_Device_Library/Core/Src/usbd_ioreq.c ****   /* Set EP0 State */
 165:Middlewares/ST/STM32_USB_Device_Library/Core/Src/usbd_ioreq.c ****   pdev->ep0_state = USBD_EP0_STATUS_IN;
 263              		.loc 1 165 19
 264 0008 7B68     		ldr	r3, [r7, #4]
 265 000a 0422     		movs	r2, #4
 266 000c C3F89422 		str	r2, [r3, #660]
 166:Middlewares/ST/STM32_USB_Device_Library/Core/Src/usbd_ioreq.c **** 
 167:Middlewares/ST/STM32_USB_Device_Library/Core/Src/usbd_ioreq.c ****   /* Start the transfer */
 168:Middlewares/ST/STM32_USB_Device_Library/Core/Src/usbd_ioreq.c ****   USBD_LL_Transmit(pdev, 0x00U, NULL, 0U);
 267              		.loc 1 168 3
 268 0010 0023     		movs	r3, #0
 269 0012 0022     		movs	r2, #0
 270 0014 0021     		movs	r1, #0
 271 0016 7868     		ldr	r0, [r7, #4]
 272 0018 FFF7FEFF 		bl	USBD_LL_Transmit
 169:Middlewares/ST/STM32_USB_Device_Library/Core/Src/usbd_ioreq.c **** 
 170:Middlewares/ST/STM32_USB_Device_Library/Core/Src/usbd_ioreq.c ****   return USBD_OK;
 273              		.loc 1 170 10
 274 001c 0023     		movs	r3, #0
 171:Middlewares/ST/STM32_USB_Device_Library/Core/Src/usbd_ioreq.c **** }
 275              		.loc 1 171 1
 276 001e 1846     		mov	r0, r3
 277 0020 0837     		adds	r7, r7, #8
 278              	.LCFI23:
 279              		.cfi_def_cfa_offset 8
 280 0022 BD46     		mov	sp, r7
 281              	.LCFI24:
 282              		.cfi_def_cfa_register 13
 283              		@ sp needed
 284 0024 80BD     		pop	{r7, pc}
 285              		.cfi_endproc
 286              	.LFE72:
 288              		.section	.text.USBD_CtlReceiveStatus,"ax",%progbits
 289              		.align	1
 290              		.global	USBD_CtlReceiveStatus
 291              		.syntax unified
 292              		.thumb
 293              		.thumb_func
 295              	USBD_CtlReceiveStatus:
 296              	.LFB73:
ARM GAS  /var/folders/xf/tcndk8390ml5xdpfw93qkhpm0000gn/T//ccFgp99T.s 			page 9


 172:Middlewares/ST/STM32_USB_Device_Library/Core/Src/usbd_ioreq.c **** 
 173:Middlewares/ST/STM32_USB_Device_Library/Core/Src/usbd_ioreq.c **** /**
 174:Middlewares/ST/STM32_USB_Device_Library/Core/Src/usbd_ioreq.c **** * @brief  USBD_CtlReceiveStatus
 175:Middlewares/ST/STM32_USB_Device_Library/Core/Src/usbd_ioreq.c **** *         receive zero lzngth packet on the ctl pipe
 176:Middlewares/ST/STM32_USB_Device_Library/Core/Src/usbd_ioreq.c **** * @param  pdev: device instance
 177:Middlewares/ST/STM32_USB_Device_Library/Core/Src/usbd_ioreq.c **** * @retval status
 178:Middlewares/ST/STM32_USB_Device_Library/Core/Src/usbd_ioreq.c **** */
 179:Middlewares/ST/STM32_USB_Device_Library/Core/Src/usbd_ioreq.c **** USBD_StatusTypeDef USBD_CtlReceiveStatus(USBD_HandleTypeDef *pdev)
 180:Middlewares/ST/STM32_USB_Device_Library/Core/Src/usbd_ioreq.c **** {
 297              		.loc 1 180 1
 298              		.cfi_startproc
 299              		@ args = 0, pretend = 0, frame = 8
 300              		@ frame_needed = 1, uses_anonymous_args = 0
 301 0000 80B5     		push	{r7, lr}
 302              	.LCFI25:
 303              		.cfi_def_cfa_offset 8
 304              		.cfi_offset 7, -8
 305              		.cfi_offset 14, -4
 306 0002 82B0     		sub	sp, sp, #8
 307              	.LCFI26:
 308              		.cfi_def_cfa_offset 16
 309 0004 00AF     		add	r7, sp, #0
 310              	.LCFI27:
 311              		.cfi_def_cfa_register 7
 312 0006 7860     		str	r0, [r7, #4]
 181:Middlewares/ST/STM32_USB_Device_Library/Core/Src/usbd_ioreq.c ****   /* Set EP0 State */
 182:Middlewares/ST/STM32_USB_Device_Library/Core/Src/usbd_ioreq.c ****   pdev->ep0_state = USBD_EP0_STATUS_OUT;
 313              		.loc 1 182 19
 314 0008 7B68     		ldr	r3, [r7, #4]
 315 000a 0522     		movs	r2, #5
 316 000c C3F89422 		str	r2, [r3, #660]
 183:Middlewares/ST/STM32_USB_Device_Library/Core/Src/usbd_ioreq.c **** 
 184:Middlewares/ST/STM32_USB_Device_Library/Core/Src/usbd_ioreq.c ****   /* Start the transfer */
 185:Middlewares/ST/STM32_USB_Device_Library/Core/Src/usbd_ioreq.c ****   USBD_LL_PrepareReceive(pdev, 0U, NULL, 0U);
 317              		.loc 1 185 3
 318 0010 0023     		movs	r3, #0
 319 0012 0022     		movs	r2, #0
 320 0014 0021     		movs	r1, #0
 321 0016 7868     		ldr	r0, [r7, #4]
 322 0018 FFF7FEFF 		bl	USBD_LL_PrepareReceive
 186:Middlewares/ST/STM32_USB_Device_Library/Core/Src/usbd_ioreq.c **** 
 187:Middlewares/ST/STM32_USB_Device_Library/Core/Src/usbd_ioreq.c ****   return USBD_OK;
 323              		.loc 1 187 10
 324 001c 0023     		movs	r3, #0
 188:Middlewares/ST/STM32_USB_Device_Library/Core/Src/usbd_ioreq.c **** }
 325              		.loc 1 188 1
 326 001e 1846     		mov	r0, r3
 327 0020 0837     		adds	r7, r7, #8
 328              	.LCFI28:
 329              		.cfi_def_cfa_offset 8
 330 0022 BD46     		mov	sp, r7
 331              	.LCFI29:
 332              		.cfi_def_cfa_register 13
 333              		@ sp needed
 334 0024 80BD     		pop	{r7, pc}
 335              		.cfi_endproc
 336              	.LFE73:
ARM GAS  /var/folders/xf/tcndk8390ml5xdpfw93qkhpm0000gn/T//ccFgp99T.s 			page 10


 338              		.section	.text.USBD_GetRxCount,"ax",%progbits
 339              		.align	1
 340              		.global	USBD_GetRxCount
 341              		.syntax unified
 342              		.thumb
 343              		.thumb_func
 345              	USBD_GetRxCount:
 346              	.LFB74:
 189:Middlewares/ST/STM32_USB_Device_Library/Core/Src/usbd_ioreq.c **** 
 190:Middlewares/ST/STM32_USB_Device_Library/Core/Src/usbd_ioreq.c **** /**
 191:Middlewares/ST/STM32_USB_Device_Library/Core/Src/usbd_ioreq.c **** * @brief  USBD_GetRxCount
 192:Middlewares/ST/STM32_USB_Device_Library/Core/Src/usbd_ioreq.c **** *         returns the received data length
 193:Middlewares/ST/STM32_USB_Device_Library/Core/Src/usbd_ioreq.c **** * @param  pdev: device instance
 194:Middlewares/ST/STM32_USB_Device_Library/Core/Src/usbd_ioreq.c **** * @param  ep_addr: endpoint address
 195:Middlewares/ST/STM32_USB_Device_Library/Core/Src/usbd_ioreq.c **** * @retval Rx Data blength
 196:Middlewares/ST/STM32_USB_Device_Library/Core/Src/usbd_ioreq.c **** */
 197:Middlewares/ST/STM32_USB_Device_Library/Core/Src/usbd_ioreq.c **** uint32_t USBD_GetRxCount(USBD_HandleTypeDef *pdev, uint8_t ep_addr)
 198:Middlewares/ST/STM32_USB_Device_Library/Core/Src/usbd_ioreq.c **** {
 347              		.loc 1 198 1
 348              		.cfi_startproc
 349              		@ args = 0, pretend = 0, frame = 8
 350              		@ frame_needed = 1, uses_anonymous_args = 0
 351 0000 80B5     		push	{r7, lr}
 352              	.LCFI30:
 353              		.cfi_def_cfa_offset 8
 354              		.cfi_offset 7, -8
 355              		.cfi_offset 14, -4
 356 0002 82B0     		sub	sp, sp, #8
 357              	.LCFI31:
 358              		.cfi_def_cfa_offset 16
 359 0004 00AF     		add	r7, sp, #0
 360              	.LCFI32:
 361              		.cfi_def_cfa_register 7
 362 0006 7860     		str	r0, [r7, #4]
 363 0008 0B46     		mov	r3, r1
 364 000a FB70     		strb	r3, [r7, #3]
 199:Middlewares/ST/STM32_USB_Device_Library/Core/Src/usbd_ioreq.c ****   return USBD_LL_GetRxDataSize(pdev, ep_addr);
 365              		.loc 1 199 10
 366 000c FB78     		ldrb	r3, [r7, #3]	@ zero_extendqisi2
 367 000e 1946     		mov	r1, r3
 368 0010 7868     		ldr	r0, [r7, #4]
 369 0012 FFF7FEFF 		bl	USBD_LL_GetRxDataSize
 370 0016 0346     		mov	r3, r0
 200:Middlewares/ST/STM32_USB_Device_Library/Core/Src/usbd_ioreq.c **** }
 371              		.loc 1 200 1
 372 0018 1846     		mov	r0, r3
 373 001a 0837     		adds	r7, r7, #8
 374              	.LCFI33:
 375              		.cfi_def_cfa_offset 8
 376 001c BD46     		mov	sp, r7
 377              	.LCFI34:
 378              		.cfi_def_cfa_register 13
 379              		@ sp needed
 380 001e 80BD     		pop	{r7, pc}
 381              		.cfi_endproc
 382              	.LFE74:
 384              		.text
ARM GAS  /var/folders/xf/tcndk8390ml5xdpfw93qkhpm0000gn/T//ccFgp99T.s 			page 11


 385              	.Letext0:
 386              		.file 2 "/Applications/ARM/arm-none-eabi/include/machine/_default_types.h"
 387              		.file 3 "/Applications/ARM/arm-none-eabi/include/sys/_stdint.h"
 388              		.file 4 "Middlewares/ST/STM32_USB_Device_Library/Core/Inc/usbd_def.h"
ARM GAS  /var/folders/xf/tcndk8390ml5xdpfw93qkhpm0000gn/T//ccFgp99T.s 			page 12


DEFINED SYMBOLS
                            *ABS*:0000000000000000 usbd_ioreq.c
/var/folders/xf/tcndk8390ml5xdpfw93qkhpm0000gn/T//ccFgp99T.s:18     .text.USBD_CtlSendData:0000000000000000 $t
/var/folders/xf/tcndk8390ml5xdpfw93qkhpm0000gn/T//ccFgp99T.s:24     .text.USBD_CtlSendData:0000000000000000 USBD_CtlSendData
/var/folders/xf/tcndk8390ml5xdpfw93qkhpm0000gn/T//ccFgp99T.s:80     .text.USBD_CtlContinueSendData:0000000000000000 $t
/var/folders/xf/tcndk8390ml5xdpfw93qkhpm0000gn/T//ccFgp99T.s:86     .text.USBD_CtlContinueSendData:0000000000000000 USBD_CtlContinueSendData
/var/folders/xf/tcndk8390ml5xdpfw93qkhpm0000gn/T//ccFgp99T.s:129    .text.USBD_CtlPrepareRx:0000000000000000 $t
/var/folders/xf/tcndk8390ml5xdpfw93qkhpm0000gn/T//ccFgp99T.s:135    .text.USBD_CtlPrepareRx:0000000000000000 USBD_CtlPrepareRx
/var/folders/xf/tcndk8390ml5xdpfw93qkhpm0000gn/T//ccFgp99T.s:190    .text.USBD_CtlContinueRx:0000000000000000 $t
/var/folders/xf/tcndk8390ml5xdpfw93qkhpm0000gn/T//ccFgp99T.s:196    .text.USBD_CtlContinueRx:0000000000000000 USBD_CtlContinueRx
/var/folders/xf/tcndk8390ml5xdpfw93qkhpm0000gn/T//ccFgp99T.s:239    .text.USBD_CtlSendStatus:0000000000000000 $t
/var/folders/xf/tcndk8390ml5xdpfw93qkhpm0000gn/T//ccFgp99T.s:245    .text.USBD_CtlSendStatus:0000000000000000 USBD_CtlSendStatus
/var/folders/xf/tcndk8390ml5xdpfw93qkhpm0000gn/T//ccFgp99T.s:289    .text.USBD_CtlReceiveStatus:0000000000000000 $t
/var/folders/xf/tcndk8390ml5xdpfw93qkhpm0000gn/T//ccFgp99T.s:295    .text.USBD_CtlReceiveStatus:0000000000000000 USBD_CtlReceiveStatus
/var/folders/xf/tcndk8390ml5xdpfw93qkhpm0000gn/T//ccFgp99T.s:339    .text.USBD_GetRxCount:0000000000000000 $t
/var/folders/xf/tcndk8390ml5xdpfw93qkhpm0000gn/T//ccFgp99T.s:345    .text.USBD_GetRxCount:0000000000000000 USBD_GetRxCount

UNDEFINED SYMBOLS
USBD_LL_Transmit
USBD_LL_PrepareReceive
USBD_LL_GetRxDataSize
