2025-07-21 22:08:44,557 [INFO] Activator:176 - 


2025-07-21 22:08:44,558 [INFO] Activator:177 - !SESSION log4j initialized
2025-07-21 22:08:46,775 [INFO] LogOutputStream:77 - [STDOUT_REDIRECT] 
2025-07-21 22:09:15,410 [INFO] ApplicationProperties:184 - Using Application install path: E:\ST\STM32CubeIDE_1.18.1\STM32CubeIDE\plugins\com.st.stm32cube.common.mx_6.14.1.202504091515
2025-07-21 22:09:15,428 [INFO] DbMcusXml:78 - Set database path to: E:\ST\STM32CubeIDE_1.18.1\STM32CubeIDE\plugins\com.st.stm32cube.common.mx_6.14.1.202504091515\\db\/mcu/
2025-07-21 22:09:15,428 [INFO] ApiDb:274 - Set plugin database path to: E:\ST\STM32CubeIDE_1.18.1\STM32CubeIDE\plugins\com.st.stm32cube.common.mx_6.14.1.202504091515\\db\/plugins/boardmanager/
2025-07-21 22:09:15,428 [WARN] ApiDb:259 - Overriding images path with different value:  => E:\ST\STM32CubeIDE_1.18.1\STM32CubeIDE\plugins\com.st.stm32cube.common.mx_6.14.1.202504091515\\db\/plugins/mcufinder/images/
2025-07-21 22:09:15,436 [INFO] ApiDb:250 - Set database path to: C:\Users\Su\.stmcufinder\plugins\mcufinder//mcu/
2025-07-21 22:09:15,437 [INFO] DbMcusAds:125 - Set database path to: C:\Users\Su\.stmcufinder\plugins\mcufinder//mcu/
2025-07-21 22:09:15,600 [INFO] CrossReferenceDbSqlite:203 - Set database path to: C:\Users\Su\.stmcufinder\plugins\mcufinder//mcu/cs/
2025-07-21 22:09:15,692 [INFO] RulesReader:64 - Compatibility file has been processed (302 Rules)
2025-07-21 22:09:15,783 [INFO] DbMcusXml:78 - Set database path to: E:\ST\STM32CubeIDE_1.18.1\STM32CubeIDE\plugins\com.st.stm32cube.common.mx_6.14.1.202504091515\\db\/mcu/
2025-07-21 22:09:15,783 [INFO] ApiDb:274 - Set plugin database path to: E:\ST\STM32CubeIDE_1.18.1\STM32CubeIDE\plugins\com.st.stm32cube.common.mx_6.14.1.202504091515\\db\/plugins/boardmanager/
2025-07-21 22:09:15,783 [INFO] ApiDb:261 - Set plugin images path to: E:\ST\STM32CubeIDE_1.18.1\STM32CubeIDE\plugins\com.st.stm32cube.common.mx_6.14.1.202504091515\\db\/plugins/mcufinder/images/
2025-07-21 22:09:15,783 [WARN] DbFile:41 - Overriding database path with different value: C:\Users\Su\.stmcufinder\plugins\mcufinder/ => C:\Users\Su\.stmcufinder\plugins\mcufinder
2025-07-21 22:09:15,784 [INFO] ApiDb:250 - Set database path to: C:\Users\Su\.stmcufinder\plugins\mcufinder//mcu/
2025-07-21 22:09:15,784 [WARN] DbFile:41 - Overriding database path with different value: C:\Users\Su\.stmcufinder\plugins\mcufinder/ => C:\Users\Su\.stmcufinder\plugins\mcufinder
2025-07-21 22:09:15,784 [INFO] DbMcusAds:125 - Set database path to: C:\Users\Su\.stmcufinder\plugins\mcufinder//mcu/
2025-07-21 22:09:15,784 [WARN] DbFile:41 - Overriding database path with different value: C:\Users\Su\.stmcufinder\plugins\mcufinder/ => C:\Users\Su\.stmcufinder\plugins\mcufinder
2025-07-21 22:09:15,784 [WARN] DbFile:41 - Overriding database path with different value: C:\Users\Su\.stmcufinder\plugins\mcufinder/ => C:\Users\Su\.stmcufinder\plugins\mcufinder
2025-07-21 22:09:15,784 [INFO] CrossReferenceDbSqlite:203 - Set database path to: C:\Users\Su\.stmcufinder\plugins\mcufinder//mcu/cs/
2025-07-21 22:09:15,843 [INFO] MainPanel:272 - HeapMemory: 268435456
2025-07-21 22:09:15,921 [INFO] DbMcusXml:78 - Set database path to: E:\ST\STM32CubeIDE_1.18.1\STM32CubeIDE\plugins\com.st.stm32cube.common.mx_6.14.1.202504091515\\db\/mcu/
2025-07-21 22:09:15,922 [INFO] ApiDb:274 - Set plugin database path to: E:\ST\STM32CubeIDE_1.18.1\STM32CubeIDE\plugins\com.st.stm32cube.common.mx_6.14.1.202504091515\\db\/plugins/boardmanager/
2025-07-21 22:09:15,922 [INFO] ApiDb:261 - Set plugin images path to: E:\ST\STM32CubeIDE_1.18.1\STM32CubeIDE\plugins\com.st.stm32cube.common.mx_6.14.1.202504091515\\db\/plugins/mcufinder/images/
2025-07-21 22:09:15,922 [WARN] DbFile:41 - Overriding database path with different value: C:\Users\Su\.stmcufinder\plugins\mcufinder/ => C:\Users\Su\.stmcufinder\plugins\mcufinder
2025-07-21 22:09:15,922 [INFO] ApiDb:250 - Set database path to: C:\Users\Su\.stmcufinder\plugins\mcufinder//mcu/
2025-07-21 22:09:15,922 [WARN] DbFile:41 - Overriding database path with different value: C:\Users\Su\.stmcufinder\plugins\mcufinder/ => C:\Users\Su\.stmcufinder\plugins\mcufinder
2025-07-21 22:09:15,922 [INFO] DbMcusAds:125 - Set database path to: C:\Users\Su\.stmcufinder\plugins\mcufinder//mcu/
2025-07-21 22:09:15,922 [WARN] DbFile:41 - Overriding database path with different value: C:\Users\Su\.stmcufinder\plugins\mcufinder/ => C:\Users\Su\.stmcufinder\plugins\mcufinder
2025-07-21 22:09:15,922 [WARN] DbFile:41 - Overriding database path with different value: C:\Users\Su\.stmcufinder\plugins\mcufinder/ => C:\Users\Su\.stmcufinder\plugins\mcufinder
2025-07-21 22:09:15,922 [INFO] CrossReferenceDbSqlite:203 - Set database path to: C:\Users\Su\.stmcufinder\plugins\mcufinder//mcu/cs/
2025-07-21 22:09:15,940 [INFO] ApplicationProperties:184 - Using Application install path: E:\ST\STM32CubeIDE_1.18.1\STM32CubeIDE\plugins\com.st.stm32cube.common.mx_6.14.1.202504091515
2025-07-21 22:09:15,941 [INFO] PluginManage:196 - Search for loadable plugins [exclusion list=, ]
2025-07-21 22:09:15,942 [INFO] PluginManage:310 - Check plugin analytics
2025-07-21 22:09:16,175 [INFO] AnalyticsPlugin:253 - Accepted Software Licenses: STM32CubeMX.6.6.1
2025-07-21 22:09:16,176 [INFO] AnalyticsPlugin:255 - Accepted CMSIS Pack Licenses: 
2025-07-21 22:09:16,176 [INFO] AnalyticsPlugin:257 - Accepted Firmware Licenses: FW.F4.1.27.0,FW.H7.1.10.0
2025-07-21 22:09:16,179 [INFO] PluginManage:359 - Loaded plugin analytics (category:tool,tabindex:-1)
2025-07-21 22:09:16,180 [INFO] PluginManage:310 - Check plugin cadmodel
2025-07-21 22:09:16,185 [INFO] CADModel:105 - Init CAD model plugin
2025-07-21 22:09:16,185 [INFO] PluginManage:359 - Loaded plugin cadmodel (category:power,tabindex:5)
2025-07-21 22:09:16,185 [INFO] PluginManage:310 - Check plugin clock
2025-07-21 22:09:16,194 [INFO] PluginManage:359 - Loaded plugin clock (category:base,tabindex:2)
2025-07-21 22:09:16,195 [INFO] PluginManage:310 - Check plugin ddr
2025-07-21 22:09:16,197 [INFO] PluginManage:359 - Loaded plugin ddr (category:tool,tabindex:6)
2025-07-21 22:09:16,198 [INFO] PluginManage:310 - Check plugin filemanager
2025-07-21 22:09:16,328 [INFO] PluginManage:359 - Loaded plugin filemanager (category:base,tabindex:10)
2025-07-21 22:09:16,328 [INFO] PluginManage:310 - Check plugin ipmanager
2025-07-21 22:09:16,336 [INFO] PluginManage:359 - Loaded plugin ipmanager (category:base,tabindex:5)
2025-07-21 22:09:16,336 [INFO] PluginManage:310 - Check plugin lpbam
2025-07-21 22:09:16,342 [INFO] PluginManage:359 - Loaded plugin lpbam (category:base,tabindex:0)
2025-07-21 22:09:16,342 [INFO] PluginManage:310 - Check plugin memorymap
2025-07-21 22:09:16,356 [INFO] PluginManage:359 - Loaded plugin memorymap (category:base,tabindex:4)
2025-07-21 22:09:16,356 [INFO] PluginManage:310 - Check plugin pinoutandconfiguration
2025-07-21 22:09:16,363 [INFO] PluginManage:359 - Loaded plugin pinoutandconfiguration (category:base,tabindex:1)
2025-07-21 22:09:16,363 [INFO] PluginManage:310 - Check plugin pinoutconfig
2025-07-21 22:09:16,445 [WARN] SupportedApi:132 - Cannot load RTOS API schema: s4s-elt-must-match.1: The content of 'definitions' must match (annotation?, (simpleType | complexType)?, (unique | key | keyref)*)). A problem was found starting at: attribute.
2025-07-21 22:09:16,579 [INFO] PluginManage:359 - Loaded plugin pinoutconfig (category:base,tabindex:0)
2025-07-21 22:09:16,579 [INFO] PluginManage:310 - Check plugin power
2025-07-21 22:09:16,587 [INFO] PluginManage:359 - Loaded plugin power (category:power,tabindex:4)
2025-07-21 22:09:16,587 [INFO] PluginManage:310 - Check plugin projectmanager
2025-07-21 22:09:16,601 [INFO] PluginManage:359 - Loaded plugin projectmanager (category:projectmanager,tabindex:4)
2025-07-21 22:09:16,602 [INFO] PluginManage:310 - Check plugin rif
2025-07-21 22:09:16,608 [INFO] PluginManage:359 - Loaded plugin rif (category:base,tabindex:3)
2025-07-21 22:09:16,608 [INFO] PluginManage:310 - Check plugin thirdparty
2025-07-21 22:09:16,741 [INFO] PluginManage:359 - Loaded plugin thirdparty (category:base,tabindex:-1)
2025-07-21 22:09:16,741 [INFO] PluginManage:310 - Check plugin tools
2025-07-21 22:09:16,741 [WARN] IntegrityCheckThread:84 - waiting for thirdparty lock release [integrity check]
2025-07-21 22:09:16,742 [INFO] IntegrityCheckThread:86 - entering critical section [integrity check]
2025-07-21 22:09:16,742 [INFO] ThirdPartyUpdaterWithRetryManager:70 - Updater plugin not ready yet. [1/15]
2025-07-21 22:09:16,744 [INFO] PluginManage:359 - Loaded plugin tools (category:base,tabindex:7)
2025-07-21 22:09:16,744 [INFO] PluginManage:310 - Check plugin tutovideos
2025-07-21 22:09:16,893 [INFO] PluginManage:359 - Loaded plugin tutovideos (category:base,tabindex:-1)
2025-07-21 22:09:16,893 [INFO] PluginManage:310 - Check plugin updater
2025-07-21 22:09:16,910 [INFO] PluginManage:359 - Loaded plugin updater (category:base,tabindex:12)
2025-07-21 22:09:16,910 [INFO] PluginManage:310 - Check plugin userauth
2025-07-21 22:09:16,913 [INFO] UserAuth:118 - Init User Auth plugin
2025-07-21 22:09:16,913 [INFO] PluginManage:359 - Loaded plugin userauth (category:base,tabindex:14)
2025-07-21 22:09:16,914 [INFO] PluginManage:283 - PluginManage : Loaded plugins [18]
2025-07-21 22:09:17,078 [INFO] PinOutPanel:1589 - setPackage(No Configuration,No Configuration)
2025-07-21 22:09:17,146 [INFO] CADModel:165 - CPN selected for project level
2025-07-21 22:09:17,146 [INFO] CADModel:114 - Register for checkConnection events
2025-07-21 22:09:17,164 [INFO] IPUIPlugin:80 - create IPUIPlugin
2025-07-21 22:09:17,164 [INFO] PluginManager:220 - loadIPPluginJar : add adc
2025-07-21 22:09:17,167 [INFO] IPUIPlugin:80 - create IPUIPlugin
2025-07-21 22:09:17,167 [INFO] PluginManager:220 - loadIPPluginJar : add aes
2025-07-21 22:09:17,170 [INFO] IPUIPlugin:80 - create IPUIPlugin
2025-07-21 22:09:17,170 [INFO] PluginManager:220 - loadIPPluginJar : add can
2025-07-21 22:09:17,174 [INFO] IPUIPlugin:80 - create IPUIPlugin
2025-07-21 22:09:17,174 [INFO] PluginManager:220 - loadIPPluginJar : add comp
2025-07-21 22:09:17,177 [INFO] IPUIPlugin:80 - create IPUIPlugin
2025-07-21 22:09:17,177 [INFO] PluginManager:220 - loadIPPluginJar : add cryp
2025-07-21 22:09:17,180 [INFO] IPUIPlugin:80 - create IPUIPlugin
2025-07-21 22:09:17,180 [INFO] PluginManager:220 - loadIPPluginJar : add ddr_ctrl_phy
2025-07-21 22:09:17,182 [INFO] IPUIPlugin:80 - create IPUIPlugin
2025-07-21 22:09:17,183 [INFO] PluginManager:220 - loadIPPluginJar : add dfsdm
2025-07-21 22:09:17,187 [INFO] IPUIPlugin:80 - create IPUIPlugin
2025-07-21 22:09:17,187 [INFO] PluginManager:220 - loadIPPluginJar : add dma
2025-07-21 22:09:17,191 [INFO] IPUIPlugin:80 - create IPUIPlugin
2025-07-21 22:09:17,191 [INFO] PluginManager:220 - loadIPPluginJar : add dma3
2025-07-21 22:09:17,193 [INFO] IPUIPlugin:80 - create IPUIPlugin
2025-07-21 22:09:17,193 [INFO] PluginManager:220 - loadIPPluginJar : add extmemmanager
2025-07-21 22:09:17,195 [INFO] IPUIPlugin:80 - create IPUIPlugin
2025-07-21 22:09:17,195 [INFO] PluginManager:220 - loadIPPluginJar : add fatfs
2025-07-21 22:09:17,199 [INFO] IPUIPlugin:80 - create IPUIPlugin
2025-07-21 22:09:17,199 [INFO] PluginManager:220 - loadIPPluginJar : add fmc
2025-07-21 22:09:17,203 [INFO] IPUIPlugin:80 - create IPUIPlugin
2025-07-21 22:09:17,203 [INFO] PluginManager:220 - loadIPPluginJar : add freertos
2025-07-21 22:09:17,205 [INFO] IPUIPlugin:80 - create IPUIPlugin
2025-07-21 22:09:17,205 [INFO] PluginManager:220 - loadIPPluginJar : add genericplugin
2025-07-21 22:09:17,207 [INFO] IPUIPlugin:80 - create IPUIPlugin
2025-07-21 22:09:17,207 [INFO] PluginManager:220 - loadIPPluginJar : add gfxmmu
2025-07-21 22:09:17,210 [INFO] IPUIPlugin:80 - create IPUIPlugin
2025-07-21 22:09:17,210 [INFO] PluginManager:220 - loadIPPluginJar : add gic
2025-07-21 22:09:17,214 [INFO] IPUIPlugin:80 - create IPUIPlugin
2025-07-21 22:09:17,214 [INFO] PluginManager:220 - loadIPPluginJar : add gpio
2025-07-21 22:09:17,217 [INFO] IPUIPlugin:80 - create IPUIPlugin
2025-07-21 22:09:17,217 [INFO] PluginManager:220 - loadIPPluginJar : add gtzc
2025-07-21 22:09:17,219 [INFO] IPUIPlugin:80 - create IPUIPlugin
2025-07-21 22:09:17,219 [INFO] PluginManager:220 - loadIPPluginJar : add hash
2025-07-21 22:09:17,220 [INFO] IPUIPlugin:80 - create IPUIPlugin
2025-07-21 22:09:17,222 [INFO] PluginManager:220 - loadIPPluginJar : add i2c
2025-07-21 22:09:17,224 [INFO] IPUIPlugin:80 - create IPUIPlugin
2025-07-21 22:09:17,224 [INFO] PluginManager:220 - loadIPPluginJar : add i2s
2025-07-21 22:09:17,226 [INFO] IPUIPlugin:80 - create IPUIPlugin
2025-07-21 22:09:17,226 [INFO] PluginManager:220 - loadIPPluginJar : add i3c
2025-07-21 22:09:17,228 [INFO] IPUIPlugin:80 - create IPUIPlugin
2025-07-21 22:09:17,228 [INFO] PluginManager:220 - loadIPPluginJar : add ipddr
2025-07-21 22:09:17,234 [INFO] IPUIPlugin:80 - create IPUIPlugin
2025-07-21 22:09:17,234 [INFO] PluginManager:220 - loadIPPluginJar : add linkedlist
2025-07-21 22:09:17,238 [INFO] IPUIPlugin:80 - create IPUIPlugin
2025-07-21 22:09:17,238 [INFO] PluginManager:220 - loadIPPluginJar : add lorawan
2025-07-21 22:09:17,240 [INFO] IPUIPlugin:80 - create IPUIPlugin
2025-07-21 22:09:17,240 [INFO] PluginManager:220 - loadIPPluginJar : add ltdc
2025-07-21 22:09:17,244 [INFO] IPUIPlugin:80 - create IPUIPlugin
2025-07-21 22:09:17,244 [INFO] PluginManager:220 - loadIPPluginJar : add mdma
2025-07-21 22:09:17,247 [INFO] IPUIPlugin:80 - create IPUIPlugin
2025-07-21 22:09:17,247 [INFO] PluginManager:220 - loadIPPluginJar : add nvic
2025-07-21 22:09:17,249 [INFO] IPUIPlugin:80 - create IPUIPlugin
2025-07-21 22:09:17,249 [INFO] PluginManager:220 - loadIPPluginJar : add opamp
2025-07-21 22:09:17,252 [INFO] IPUIPlugin:80 - create IPUIPlugin
2025-07-21 22:09:17,252 [INFO] PluginManager:220 - loadIPPluginJar : add openamp
2025-07-21 22:09:17,255 [INFO] IPUIPlugin:80 - create IPUIPlugin
2025-07-21 22:09:17,255 [INFO] PluginManager:220 - loadIPPluginJar : add pdm2pcm
2025-07-21 22:09:17,260 [INFO] IPUIPlugin:80 - create IPUIPlugin
2025-07-21 22:09:17,262 [INFO] PluginManager:220 - loadIPPluginJar : add plateformsettings
2025-07-21 22:09:17,263 [INFO] IPUIPlugin:80 - create IPUIPlugin
2025-07-21 22:09:17,263 [INFO] PluginManager:220 - loadIPPluginJar : add quadspi
2025-07-21 22:09:17,265 [INFO] IPUIPlugin:80 - create IPUIPlugin
2025-07-21 22:09:17,265 [INFO] PluginManager:220 - loadIPPluginJar : add radio
2025-07-21 22:09:17,268 [INFO] IPUIPlugin:80 - create IPUIPlugin
2025-07-21 22:09:17,268 [INFO] PluginManager:220 - loadIPPluginJar : add resmgrutility
2025-07-21 22:09:17,271 [INFO] IPUIPlugin:80 - create IPUIPlugin
2025-07-21 22:09:17,271 [INFO] PluginManager:220 - loadIPPluginJar : add sai
2025-07-21 22:09:17,273 [INFO] IPUIPlugin:80 - create IPUIPlugin
2025-07-21 22:09:17,273 [INFO] PluginManager:220 - loadIPPluginJar : add spi
2025-07-21 22:09:17,277 [INFO] IPUIPlugin:80 - create IPUIPlugin
2025-07-21 22:09:17,277 [INFO] PluginManager:220 - loadIPPluginJar : add stm32_wpan
2025-07-21 22:09:17,279 [INFO] IPUIPlugin:80 - create IPUIPlugin
2025-07-21 22:09:17,279 [INFO] PluginManager:220 - loadIPPluginJar : add tim
2025-07-21 22:09:17,281 [INFO] IPUIPlugin:80 - create IPUIPlugin
2025-07-21 22:09:17,281 [INFO] PluginManager:220 - loadIPPluginJar : add touchsensing
2025-07-21 22:09:17,283 [INFO] IPUIPlugin:80 - create IPUIPlugin
2025-07-21 22:09:17,283 [INFO] PluginManager:220 - loadIPPluginJar : add tracer_emb
2025-07-21 22:09:17,285 [INFO] IPUIPlugin:80 - create IPUIPlugin
2025-07-21 22:09:17,285 [INFO] PluginManager:220 - loadIPPluginJar : add ts
2025-07-21 22:09:17,286 [INFO] IPUIPlugin:80 - create IPUIPlugin
2025-07-21 22:09:17,286 [INFO] PluginManager:220 - loadIPPluginJar : add tsc
2025-07-21 22:09:17,287 [INFO] IPUIPlugin:80 - create IPUIPlugin
2025-07-21 22:09:17,287 [INFO] PluginManager:220 - loadIPPluginJar : add ucpd
2025-07-21 22:09:17,289 [INFO] IPUIPlugin:80 - create IPUIPlugin
2025-07-21 22:09:17,289 [INFO] PluginManager:220 - loadIPPluginJar : add usart
2025-07-21 22:09:17,293 [INFO] IPUIPlugin:80 - create IPUIPlugin
2025-07-21 22:09:17,293 [INFO] PluginManager:220 - loadIPPluginJar : add usbx
2025-07-21 22:09:17,396 [FATAL] Updater:351 - Updater called before beeing initialized
2025-07-21 22:09:17,417 [INFO] RulesReader:64 - Compatibility file has been processed (302 Rules)
2025-07-21 22:09:17,424 [INFO] RulesReader:64 - Compatibility file has been processed (302 Rules)
2025-07-21 22:09:17,431 [INFO] CADModel:165 - CPN selected for project level
2025-07-21 22:09:17,431 [INFO] CADModel:114 - Register for checkConnection events
2025-07-21 22:09:17,431 [FATAL] Updater:351 - Updater called before beeing initialized
2025-07-21 22:09:17,431 [ERROR] CADModel:125 - Updater not yet initialized, retry later 
2025-07-21 22:09:17,537 [FATAL] Updater:351 - Updater called before beeing initialized
2025-07-21 22:09:17,538 [INFO] CADModel:165 - CPN selected for project level
2025-07-21 22:09:17,538 [INFO] CADModel:114 - Register for checkConnection events
2025-07-21 22:09:17,538 [FATAL] Updater:351 - Updater called before beeing initialized
2025-07-21 22:09:17,538 [ERROR] CADModel:125 - Updater not yet initialized, retry later 
2025-07-21 22:09:17,542 [FATAL] Updater:351 - Updater called before beeing initialized
2025-07-21 22:09:17,613 [FATAL] Updater:351 - Updater called before beeing initialized
2025-07-21 22:09:17,617 [INFO] DbMcusAds:53 - JSON generation date=Tue Jul 08 16:14:23 CST 2025 (1751962463562)
2025-07-21 22:09:17,617 [FATAL] Updater:351 - Updater called before beeing initialized
2025-07-21 22:09:17,647 [WARN] DetailPanel:346 - Failed to get advertising image, set to default
2025-07-21 22:09:17,813 [FATAL] Updater:351 - Updater called before beeing initialized
2025-07-21 22:09:17,815 [FATAL] Updater:351 - Updater called before beeing initialized
2025-07-21 22:09:17,815 [FATAL] Updater:351 - Updater called before beeing initialized
2025-07-21 22:09:17,816 [WARN] DetailPanel:346 - Failed to get advertising image, set to default
2025-07-21 22:09:17,816 [FATAL] Updater:351 - Updater called before beeing initialized
2025-07-21 22:09:17,855 [ERROR] Updater:1198 - MainUpdater not yet initialized. External WinMGr cannot be set.
2025-07-21 22:09:17,858 [INFO] Updater:1134 - Updater Version found : 6.14.1
2025-07-21 22:09:17,872 [INFO] ApplicationProperties:184 - Using Application install path: E:\ST\STM32CubeIDE_1.18.1\STM32CubeIDE\plugins\com.st.stm32cube.common.mx_6.14.1.202504091515
2025-07-21 22:09:17,924 [INFO] MainUpdater:525 - Copy updater definitions from MX database
2025-07-21 22:09:19,062 [INFO] MainUpdater:2872 - connection check result : 10
2025-07-21 22:09:19,062 [INFO] MainUpdater:3566 - Updater definition file requires update
2025-07-21 22:09:19,063 [INFO] MainUpdater:289 - Updater Check For Update Now.
2025-07-21 22:09:19,063 [INFO] MicroXplorer:498 - Change Database Version : DB.6.0.141
2025-07-21 22:09:19,067 [INFO] McuFinderGlobals:63 - Set McuFinder mode to 2 (CubeIDE integrated)
2025-07-21 22:09:19,067 [INFO] UserAuth:171 - activating auth plugin
2025-07-21 22:09:19,070 [INFO] UserAuth:484 - Internet connection configuration mode: 1
2025-07-21 22:09:19,087 [INFO] JxBrowserEngine:152 - Initiate JxBrowser Engine with user profile folder
2025-07-21 22:09:19,742 [WARN] MainUpdater:1193 - Updater busy. Cannot search thirdparties
2025-07-21 22:09:19,742 [INFO] ThirdPartyUpdaterWithRetryManager:96 - Updater plugin is busy. [1/15]
2025-07-21 22:09:19,928 [INFO] ServerAccessManage:473 - Download File updaters.zip
2025-07-21 22:09:20,781 [INFO] WebApp:169 - Instantiating new browser for Auth
2025-07-21 22:09:20,801 [INFO] FileExtend:242 - Unzip File : updaters.zip
2025-07-21 22:09:20,801 [INFO] FileExtend:257 - Standard Zip Deflate
2025-07-21 22:09:21,416 [INFO] WebApp:463 - Apply proxy settings
2025-07-21 22:09:21,416 [INFO] WebApp:548 - Chromium requires no authentication
2025-07-21 22:09:21,416 [INFO] ServerAccessManage:473 - Download File PacksControlFlags.xml
2025-07-21 22:09:21,425 [INFO] WebApp:491 - Direct internet connection detected
2025-07-21 22:09:21,443 [INFO] WebApp:894 - Register for checkConnection events
2025-07-21 22:09:21,443 [INFO] WebApp:463 - Apply proxy settings
2025-07-21 22:09:21,443 [INFO] WebApp:548 - Chromium requires no authentication
2025-07-21 22:09:21,444 [INFO] WebApp:491 - Direct internet connection detected
2025-07-21 22:09:21,596 [INFO] WebApp:225 - Starting web application
2025-07-21 22:09:21,596 [INFO] WebApp:593 - Web application path used E:\ST\STM32CubeIDE_1.18.1\STM32CubeIDE\plugins\com.st.stm32cube.common.mx_6.14.1.202504091515\db\plugins\mcufinder\reactClient1\index.html
2025-07-21 22:09:21,753 [INFO] ServerAccessManage:473 - Download File cubemx.pidx
2025-07-21 22:09:21,833 [INFO] LoadServerUpdatesThread:375 - End of LoadServerUpdate Thread
2025-07-21 22:09:21,993 [INFO] CheckServerUpdateThread:120 - End of CheckServer Thread
2025-07-21 22:09:22,983 [WARN] PackLoader:240 - Cannot read IP mode file for STMicroelectronics.FP-SNS-MOTENVWB1.1.4.0
2025-07-21 22:09:22,990 [WARN] PackLoader:240 - Cannot read IP mode file for STMicroelectronics.FP-ATR-ASTRA1.2.0.2
2025-07-21 22:09:22,995 [WARN] PackLoader:240 - Cannot read IP mode file for STMicroelectronics.X-CUBE-SMBUS.2.1.0
2025-07-21 22:09:22,999 [WARN] PackLoader:240 - Cannot read IP mode file for STMicroelectronics.X-CUBE-ST60.1.0.0
2025-07-21 22:09:23,035 [WARN] PackLoader:240 - Cannot read IP mode file for STMicroelectronics.X-CUBE-MEMS1.9.2.0
2025-07-21 22:09:23,119 [WARN] PackLoader:240 - Cannot read IP mode file for STMicroelectronics.X-CUBE-AZRTOS-F7.1.1.0
2025-07-21 22:09:23,123 [ERROR] RealEvaluatedCondition:428 - Found unsupported composite condition: CLASS='Data Exchange' GROUP='STM32_MetaDataManager'
2025-07-21 22:09:23,124 [ERROR] RealEvaluatedCondition:428 - Found unsupported composite condition: CLASS='Data Exchange' GROUP='STM32_MetaDataManager'
2025-07-21 22:09:23,124 [WARN] PackLoader:240 - Cannot read IP mode file for STMicroelectronics.FP-SNS-MOTENV1.4.3.0
2025-07-21 22:09:23,127 [WARN] PackLoader:240 - Cannot read IP mode file for STMicroelectronics.FP-SNS-MOTENV1.4.3.2
2025-07-21 22:09:23,131 [WARN] PackLoader:240 - Cannot read IP mode file for STMicroelectronics.FP-SNS-FLIGHT1.5.0.0
2025-07-21 22:09:23,134 [WARN] PackLoader:240 - Cannot read IP mode file for STMicroelectronics.FP-SNS-FLIGHT1.5.0.1
2025-07-21 22:09:23,140 [WARN] PackLoader:240 - Cannot read IP mode file for STMicroelectronics.X-CUBE-BLE1.6.2.3
2025-07-21 22:09:23,142 [WARN] PackLoader:240 - Cannot read IP mode file for STMicroelectronics.X-CUBE-BLE1.6.2.4
2025-07-21 22:09:23,145 [WARN] PackLoader:240 - Cannot read IP mode file for STMicroelectronics.FP-SNS-FLIGHT1.5.0.2
2025-07-21 22:09:23,156 [WARN] PackLoader:240 - Cannot read IP mode file for Infineon.AIROC-Wi-Fi-Bluetooth-STM32.1.7.0
2025-07-21 22:09:23,158 [INFO] WebApp:191 - Connection restablished
2025-07-21 22:09:23,163 [WARN] PackLoader:240 - Cannot read IP mode file for STMicroelectronics.X-CUBE-TOF1.3.1.0
2025-07-21 22:09:23,175 [WARN] PackLoader:240 - Cannot read IP mode file for STMicroelectronics.X-CUBE-AZRTOS-H7.3.4.0
2025-07-21 22:09:23,181 [WARN] PackLoader:240 - Cannot read IP mode file for STMicroelectronics.X-CUBE-DISPLAY.3.0.0
2025-07-21 22:09:23,187 [WARN] PackLoader:240 - Cannot read IP mode file for STMicroelectronics.X-CUBE-BLE1.7.0.0
2025-07-21 22:09:23,196 [WARN] PackLoader:240 - Cannot read IP mode file for STMicroelectronics.X-CUBE-NFC10.1.0.0
2025-07-21 22:09:23,208 [WARN] PackLoader:240 - Cannot read IP mode file for STMicroelectronics.X-CUBE-BLEMGR.4.0.0
2025-07-21 22:09:23,216 [WARN] PackLoader:240 - Cannot read IP mode file for STMicroelectronics.X-CUBE-TOUCHGFX.4.22.0
2025-07-21 22:09:23,242 [WARN] PackLoader:240 - Cannot read IP mode file for STMicroelectronics.X-CUBE-MEMS1.9.3.0
2025-07-21 22:09:23,286 [WARN] PackLoader:240 - Cannot read IP mode file for STMicroelectronics.X-CUBE-AI.7.2.0
2025-07-21 22:09:23,291 [WARN] ConditionMgr:438 - getConditionDescription Invalid condition id : Cortex-A Device cause : null
2025-07-21 22:09:23,302 [WARN] ConditionMgr:1044 - genDependencies : Invalid condition id : Cortex-A Device cause : null
2025-07-21 22:09:23,302 [WARN] ConditionMgr:1044 - genDependencies : Invalid condition id : Cortex-A Device cause : null
2025-07-21 22:09:23,302 [WARN] ConditionMgr:1044 - genDependencies : Invalid condition id : Cortex-A Device cause : null
2025-07-21 22:09:23,306 [WARN] PackLoader:240 - Cannot read IP mode file for STMicroelectronics.FP-SNS-SMARTAG2.1.2.0
2025-07-21 22:09:23,309 [WARN] PackLoader:240 - Cannot read IP mode file for STMicroelectronics.FP-SNS-FLIGHT1.5.1.0
2025-07-21 22:09:23,315 [INFO] LogOutputStream:77 - [STDOUT_REDIRECT] 1 : Invalid condition id : UX_CORESTACK_Condition cause : null
2025-07-21 22:09:23,317 [INFO] LogOutputStream:77 - [STDOUT_REDIRECT] 1 : Invalid condition id : UX_CORESTACK_Condition cause : null
2025-07-21 22:09:23,317 [INFO] LogOutputStream:77 - [STDOUT_REDIRECT] 1 : Invalid condition id : UX_CORESTACK_Condition cause : null
2025-07-21 22:09:23,318 [INFO] LogOutputStream:77 - [STDOUT_REDIRECT] 1 : Invalid condition id : UX_CORESTACK_Condition cause : null
2025-07-21 22:09:23,320 [INFO] LogOutputStream:77 - [STDOUT_REDIRECT] 1 : Invalid condition id : UX_CORESTACK_Condition cause : null
2025-07-21 22:09:23,322 [WARN] PackLoader:240 - Cannot read IP mode file for STMicroelectronics.X-CUBE-AZRTOS-WL.2.0.0
2025-07-21 22:09:23,325 [WARN] PackLoader:240 - Cannot read IP mode file for STMicroelectronics.FP-SNS-MOTENV1.5.0.0
2025-07-21 22:09:23,334 [WARN] PackLoader:240 - Cannot read IP mode file for WES.I-CUBE-Cesium.1.3.0
2025-07-21 22:09:23,340 [WARN] PackLoader:240 - Cannot read IP mode file for STMicroelectronics.X-CUBE-BLE2.3.3.0
2025-07-21 22:09:23,344 [WARN] PackLoader:240 - Cannot read IP mode file for STMicroelectronics.X-CUBE-DISPLAY.2.2.0
2025-07-21 22:09:23,356 [WARN] PackLoader:240 - Cannot read IP mode file for STMicroelectronics.X-CUBE-TOF1.3.2.0
2025-07-21 22:09:23,367 [WARN] PackLoader:240 - Cannot read IP mode file for STMicroelectronics.X-CUBE-ISPU.1.0.0
2025-07-21 22:09:23,376 [WARN] PackLoader:240 - Cannot read IP mode file for STMicroelectronics.X-CUBE-NFC9.1.0.0
2025-07-21 22:09:23,396 [WARN] PackLoader:240 - Cannot read IP mode file for STMicroelectronics.X-CUBE-AZRTOS-H7.2.1.0
2025-07-21 22:09:23,404 [WARN] PackLoader:240 - Cannot read IP mode file for STMicroelectronics.X-CUBE-BLE1.7.1.0
2025-07-21 22:09:23,412 [WARN] PackLoader:240 - Cannot read IP mode file for wolfSSL.I-CUBE-wolfMQTT.1.19.2
2025-07-21 22:09:23,420 [WARN] PackLoader:240 - Cannot read IP mode file for STMicroelectronics.X-CUBE-EEPRMA1.5.2.0
2025-07-21 22:09:23,424 [WARN] PackLoader:240 - Cannot read IP mode file for STMicroelectronics.X-CUBE-TOUCHGFX.4.21.0
2025-07-21 22:09:23,428 [WARN] PackLoader:240 - Cannot read IP mode file for STMicroelectronics.X-CUBE-TOUCHGFX.4.21.4
2025-07-21 22:09:23,453 [WARN] PackLoader:240 - Cannot read IP mode file for STMicroelectronics.X-CUBE-MEMS1.9.4.0
2025-07-21 22:09:23,528 [WARN] PackLoader:240 - Cannot read IP mode file for STMicroelectronics.X-CUBE-AI.7.3.0
2025-07-21 22:09:23,530 [WARN] PackLoader:240 - Cannot read IP mode file for STMicroelectronics.X-CUBE-AI.10.1.0
2025-07-21 22:09:23,535 [WARN] PackLoader:240 - Cannot read IP mode file for STMicroelectronics.X-CUBE-ALGOBUILD.1.3.0
2025-07-21 22:09:23,543 [WARN] PackLoader:240 - Cannot read IP mode file for STMicroelectronics.X-CUBE-AZRTOS-G0.1.1.0
2025-07-21 22:09:23,548 [WARN] PackLoader:240 - Cannot read IP mode file for STMicroelectronics.X-CUBE-SAFEA1.1.2.2
2025-07-21 22:09:23,553 [WARN] PackLoader:240 - Cannot read IP mode file for STMicroelectronics.X-CUBE-NFC4.3.0.0
2025-07-21 22:09:23,567 [WARN] PackLoader:240 - Cannot read IP mode file for SEGGER.I-CUBE-embOS.1.2.0
2025-07-21 22:09:23,593 [WARN] PackLoader:240 - Cannot read IP mode file for EmbeddedOffice.I-CUBE-FS-RTOS.1.0.1
2025-07-21 22:09:23,599 [WARN] PackLoader:240 - Cannot read IP mode file for STMicroelectronics.X-CUBE-WB05N.2.0.0
2025-07-21 22:09:23,603 [WARN] PackLoader:240 - Cannot read IP mode file for wolfSSL.I-CUBE-wolfTPM.3.8.0
2025-07-21 22:09:23,607 [WARN] PackLoader:240 - Cannot read IP mode file for STMicroelectronics.X-CUBE-BLEMGR.1.3.0
2025-07-21 22:09:23,613 [WARN] PackLoader:240 - Cannot read IP mode file for STMicroelectronics.X-CUBE-TCPP.4.2.0
2025-07-21 22:09:23,619 [WARN] PackLoader:240 - Cannot read IP mode file for RealThread.X-CUBE-RT-Thread_Nano.4.1.1
2025-07-21 22:09:23,625 [WARN] PackLoader:240 - Cannot read IP mode file for STMicroelectronics.FP-ATR-SIGFOX1.3.2.0
2025-07-21 22:09:23,631 [WARN] PackLoader:240 - Cannot read IP mode file for STMicroelectronics.X-CUBE-EEPRMA1.5.1.0
2025-07-21 22:09:23,638 [WARN] PackLoader:240 - Cannot read IP mode file for emotas.I-CUBE-CANOPEN.1.1.2
2025-07-21 22:09:23,641 [WARN] PackLoader:240 - Cannot read IP mode file for STMicroelectronics.X-CUBE-TOUCHGFX.4.20.0
2025-07-21 22:09:23,647 [WARN] PackLoader:240 - Cannot read IP mode file for ITTIA_DB.I-CUBE-ITTIADB.8.9.0
2025-07-21 22:09:23,652 [WARN] PackLoader:240 - Cannot read IP mode file for STMicroelectronics.X-CUBE-ST67W61.1.0.0
2025-07-21 22:09:23,668 [WARN] PackLoader:240 - Cannot read IP mode file for SEGGER.I-CUBE-embOS.1.3.1
2025-07-21 22:09:23,694 [WARN] PackLoader:240 - Cannot read IP mode file for STMicroelectronics.X-CUBE-ALGOBUILD.1.4.0
2025-07-21 22:09:23,715 [WARN] PackLoader:240 - Cannot read IP mode file for STMicroelectronics.X-CUBE-MEMS1.11.3.0
2025-07-21 22:09:23,758 [WARN] PackLoader:240 - Cannot read IP mode file for STMicroelectronics.X-CUBE-PM33A1.1.0.0
2025-07-21 22:09:23,787 [WARN] PackLoader:240 - Cannot read IP mode file for STMicroelectronics.X-CUBE-GNSS1.6.0.0
2025-07-21 22:09:23,795 [WARN] PackLoader:240 - Cannot read IP mode file for STMicroelectronics.X-CUBE-AZRTOS-F4.1.1.0
2025-07-21 22:09:23,800 [WARN] PackLoader:240 - Cannot read IP mode file for Avnet-IotConnect.X-CUBE-IoTC-DA16k-PMOD.1.0.0
2025-07-21 22:09:23,802 [WARN] PackLoader:240 - Cannot read IP mode file for STMicroelectronics.X-CUBE-ISPU.2.1.0
2025-07-21 22:09:23,806 [WARN] PackLoader:240 - Cannot read IP mode file for STMicroelectronics.X-CUBE-NFC12.1.0.0
2025-07-21 22:09:23,812 [WARN] PackLoader:240 - Cannot read IP mode file for STMicroelectronics.X-CUBE-BLEMGR.1.2.0
2025-07-21 22:09:23,820 [WARN] PackLoader:240 - Cannot read IP mode file for STMicroelectronics.X-CUBE-AZRTOS-L5.2.0.0
2025-07-21 22:09:23,837 [WARN] PackLoader:240 - Cannot read IP mode file for STMicroelectronics.X-CUBE-MEMS1.9.6.0
2025-07-21 22:09:23,896 [WARN] PackLoader:240 - Cannot read IP mode file for STMicroelectronics.X-CUBE-NFC6.3.1.0
2025-07-21 22:09:23,903 [WARN] PackLoader:240 - Cannot read IP mode file for STMicroelectronics.X-CUBE-BLEMGR.2.0.0
2025-07-21 22:09:23,906 [WARN] PackLoader:240 - Cannot read IP mode file for STMicroelectronics.X-CUBE-NFC4.2.0.5
2025-07-21 22:09:23,909 [WARN] PackLoader:240 - Cannot read IP mode file for STMicroelectronics.X-CUBE-NFC4.2.0.4
2025-07-21 22:09:23,916 [WARN] ConditionMgr:438 - getConditionDescription Invalid condition id : UX DEVICE CLASS RTOS Condition cause : null
2025-07-21 22:09:23,916 [WARN] ConditionMgr:438 - getConditionDescription Invalid condition id : UX DEVICE CLASS RTOS Condition cause : null
2025-07-21 22:09:23,918 [WARN] PackLoader:240 - Cannot read IP mode file for STMicroelectronics.X-CUBE-AZRTOS-H7.3.1.0
2025-07-21 22:09:23,919 [WARN] ConditionMgr:1044 - genDependencies : Invalid condition id : UX DEVICE CLASS RTOS Condition cause : null
2025-07-21 22:09:23,919 [WARN] ConditionMgr:1044 - genDependencies : Invalid condition id : UX DEVICE CLASS RTOS Condition cause : null
2025-07-21 22:09:23,919 [WARN] ConditionMgr:1044 - genDependencies : Invalid condition id : UX DEVICE CLASS RTOS Condition cause : null
2025-07-21 22:09:23,919 [WARN] ConditionMgr:1044 - genDependencies : Invalid condition id : UX DEVICE CLASS RTOS Condition cause : null
2025-07-21 22:09:23,919 [WARN] ConditionMgr:1044 - genDependencies : Invalid condition id : UX DEVICE CLASS RTOS Condition cause : null
2025-07-21 22:09:23,926 [WARN] PackLoader:240 - Cannot read IP mode file for STMicroelectronics.X-CUBE-AZRTOS-F4.1.0.0
2025-07-21 22:09:23,932 [WARN] PackLoader:240 - Cannot read IP mode file for STMicroelectronics.X-CUBE-FREERTOS.1.3.1
2025-07-21 22:09:23,939 [WARN] PackLoader:240 - Cannot read IP mode file for STMicroelectronics.X-CUBE-NFC7.1.0.1
2025-07-21 22:09:23,942 [WARN] PackLoader:240 - Cannot read IP mode file for STMicroelectronics.X-CUBE-NFC7.1.0.0
2025-07-21 22:09:23,945 [WARN] PackLoader:240 - Cannot read IP mode file for STMicroelectronics.X-CUBE-NFC6.3.0.0
2025-07-21 22:09:23,949 [WARN] PackLoader:240 - Cannot read IP mode file for STMicroelectronics.X-CUBE-EEPRMA1.4.1.0
2025-07-21 22:09:23,954 [WARN] PackLoader:240 - Cannot read IP mode file for STMicroelectronics.FP-SNS-STAIOTCFT.1.0.0
2025-07-21 22:09:23,958 [WARN] PackLoader:240 - Cannot read IP mode file for STMicroelectronics.X-CUBE-DPower.1.3.0
2025-07-21 22:09:23,962 [WARN] PackLoader:240 - Cannot read IP mode file for STMicroelectronics.X-CUBE-AI.8.1.0
2025-07-21 22:09:23,973 [WARN] ConditionMgr:438 - getConditionDescription Invalid condition id : LAN8742 Phy interface Condition cause : null
2025-07-21 22:09:23,974 [WARN] PackLoader:240 - Cannot read IP mode file for STMicroelectronics.X-CUBE-AZRTOS-L4.2.0.0
2025-07-21 22:09:23,975 [WARN] ConditionMgr:1044 - genDependencies : Invalid condition id : LAN8742 Phy interface Condition cause : null
2025-07-21 22:09:23,975 [WARN] ConditionMgr:1044 - genDependencies : Invalid condition id : LAN8742 Phy interface Condition cause : null
2025-07-21 22:09:23,975 [WARN] ConditionMgr:1044 - genDependencies : Invalid condition id : LAN8742 Phy interface Condition cause : null
2025-07-21 22:09:23,981 [WARN] PackLoader:240 - Cannot read IP mode file for STMicroelectronics.X-CUBE-SFXS2LP1.4.0.0
2025-07-21 22:09:23,989 [WARN] PackLoader:240 - Cannot read IP mode file for STMicroelectronics.X-CUBE-AZRTOS-H7.3.0.0
2025-07-21 22:09:23,992 [WARN] PackLoader:240 - Cannot read IP mode file for STMicroelectronics.X-CUBE-ISPU.1.1.0
2025-07-21 22:09:24,001 [WARN] PackLoader:240 - Cannot read IP mode file for STMicroelectronics.X-CUBE-AZRTOS-H7.3.3.0
2025-07-21 22:09:24,009 [WARN] PackLoader:240 - Cannot read IP mode file for RoweBots.I-CUBE-UNISONRTOS.5.5.0-4
2025-07-21 22:09:24,014 [WARN] PackLoader:240 - Cannot read IP mode file for STMicroelectronics.X-CUBE-BLEMGR.4.1.0
2025-07-21 22:09:24,024 [WARN] ConditionMgr:438 - getConditionDescription Invalid condition id : UX DEVICE CLASS RTOS Condition cause : null
2025-07-21 22:09:24,024 [WARN] ConditionMgr:438 - getConditionDescription Invalid condition id : UX DEVICE CLASS RTOS Condition cause : null
2025-07-21 22:09:24,025 [WARN] PackLoader:240 - Cannot read IP mode file for STMicroelectronics.X-CUBE-AZRTOS-WB.2.0.0
2025-07-21 22:09:24,026 [WARN] ConditionMgr:1044 - genDependencies : Invalid condition id : UX DEVICE CLASS RTOS Condition cause : null
2025-07-21 22:09:24,026 [WARN] ConditionMgr:1044 - genDependencies : Invalid condition id : UX DEVICE CLASS RTOS Condition cause : null
2025-07-21 22:09:24,026 [WARN] ConditionMgr:1044 - genDependencies : Invalid condition id : UX DEVICE CLASS RTOS Condition cause : null
2025-07-21 22:09:24,026 [WARN] ConditionMgr:1044 - genDependencies : Invalid condition id : UX DEVICE CLASS RTOS Condition cause : null
2025-07-21 22:09:24,026 [WARN] ConditionMgr:1044 - genDependencies : Invalid condition id : UX DEVICE CLASS RTOS Condition cause : null
2025-07-21 22:09:24,030 [WARN] PackLoader:240 - Cannot read IP mode file for STMicroelectronics.X-CUBE-FREERTOS.1.0.1
2025-07-21 22:09:24,034 [WARN] PackLoader:240 - Cannot read IP mode file for STMicroelectronics.X-CUBE-GNSS1.7.0.1
2025-07-21 22:09:24,038 [WARN] PackLoader:240 - Cannot read IP mode file for STMicroelectronics.X-CUBE-BLEMGR.1.0.0
2025-07-21 22:09:24,041 [WARN] PackLoader:240 - Cannot read IP mode file for STMicroelectronics.X-CUBE-TOUCHGFX.4.25.0
2025-07-21 22:09:24,047 [WARN] PackLoader:240 - Cannot read IP mode file for STMicroelectronics.FP-SNS-STBOX1.2.0.0
2025-07-21 22:09:24,053 [WARN] PackLoader:240 - Cannot read IP mode file for STMicroelectronics.X-CUBE-AZRTOS-L5.1.1.0
2025-07-21 22:09:24,057 [WARN] PackLoader:240 - Cannot read IP mode file for STMicroelectronics.X-CUBE-AI.8.0.1
2025-07-21 22:09:24,067 [WARN] PackLoader:240 - Cannot read IP mode file for STMicroelectronics.X-CUBE-SUBG2.5.0.0
2025-07-21 22:09:24,081 [WARN] PackLoader:240 - Cannot read IP mode file for STMicroelectronics.X-CUBE-AZRTOS-H7RS.1.1.0
2025-07-21 22:09:24,088 [WARN] PackLoader:240 - Cannot read IP mode file for Cesanta.I-CUBE-Mongoose.7.13.0
2025-07-21 22:09:24,092 [WARN] PackLoader:240 - Cannot read IP mode file for STMicroelectronics.X-CUBE-TOF1.3.3.1
2025-07-21 22:09:24,102 [WARN] PackLoader:240 - Cannot read IP mode file for STMicroelectronics.X-CUBE-AZRTOS-G4.2.0.0
2025-07-21 22:09:24,106 [WARN] PackLoader:240 - Cannot read IP mode file for STMicroelectronics.X-CUBE-TOF1.3.3.0
2025-07-21 22:09:24,110 [WARN] PackLoader:240 - Cannot read IP mode file for STMicroelectronics.FP-ATR-ASTRA1.1.1.1
2025-07-21 22:09:24,113 [WARN] PackLoader:240 - Cannot read IP mode file for STMicroelectronics.FP-ATR-ASTRA1.1.1.0
2025-07-21 22:09:24,118 [WARN] PackLoader:240 - Cannot read IP mode file for wolfSSL.I-CUBE-wolfSSH.1.4.20
2025-07-21 22:09:24,121 [WARN] PackLoader:240 - Cannot read IP mode file for STMicroelectronics.X-CUBE-NFC7.2.0.0
2025-07-21 22:09:24,130 [WARN] PackLoader:240 - Cannot read IP mode file for STMicroelectronics.X-CUBE-AZRTOS-G4.1.0.0
2025-07-21 22:09:24,136 [WARN] PackLoader:240 - Cannot read IP mode file for wolfSSL.I-CUBE-wolfSSL.5.3.0
2025-07-21 22:09:24,147 [WARN] PackLoader:240 - Cannot read IP mode file for STMicroelectronics.X-CUBE-AZRTOS-L4.1.0.0
2025-07-21 22:09:24,166 [WARN] PackLoader:240 - Cannot read IP mode file for STMicroelectronics.X-CUBE-IPS.3.1.0
2025-07-21 22:09:24,174 [WARN] PackLoader:240 - Cannot read IP mode file for STMicroelectronics.X-CUBE-ALS.1.0.2
2025-07-21 22:09:24,176 [WARN] PackLoader:240 - Cannot read IP mode file for STMicroelectronics.X-CUBE-FREERTOS.1.1.0
2025-07-21 22:09:24,183 [WARN] PackLoader:240 - Cannot read IP mode file for STMicroelectronics.X-CUBE-AZRTOS-F7.1.0.0
2025-07-21 22:09:24,188 [WARN] PackLoader:240 - Cannot read IP mode file for STMicroelectronics.X-CUBE-AZRTOS-WL.1.0.0
2025-07-21 22:09:24,191 [WARN] PackLoader:240 - Cannot read IP mode file for portGmbH.I-Cube-SoM-uGOAL.1.1.0
2025-07-21 22:09:24,195 [WARN] PackLoader:240 - Cannot read IP mode file for STMicroelectronics.X-CUBE-ALS.1.0.1
2025-07-21 22:09:24,199 [WARN] PackLoader:240 - Cannot read IP mode file for STMicroelectronics.X-CUBE-AZRTOS-WB.1.1.0
2025-07-21 22:09:24,205 [WARN] PackLoader:240 - Cannot read IP mode file for STMicroelectronics.X-CUBE-AZRTOS-L5.1.0.0
2025-07-21 22:09:24,208 [WARN] PackLoader:240 - Cannot read IP mode file for STMicroelectronics.X-CUBE-EEPRMA1.3.1.1
2025-07-21 22:09:24,209 [WARN] PackLoader:240 - Cannot read IP mode file for STMicroelectronics.FP-ATR-ASTRA1.2.0.0
2025-07-21 22:09:24,213 [WARN] PackLoader:240 - Cannot read IP mode file for STMicroelectronics.X-CUBE-TOF1.3.4.3
2025-07-21 22:09:24,217 [INFO] ThirdParty:978 - Integrity check success = true
2025-07-21 22:09:24,217 [INFO] IntegrityCheckThread:100 - exiting critical section [integrity check]
2025-07-21 22:09:24,217 [INFO] IntegrityCheckThread:103 - End integrity checks thread
2025-07-21 22:09:58,478 [ERROR] ConfigurationRetriever:142 - IOException on connection: Read timed out
2025-07-21 22:10:00,558 [ERROR] LogOutputStream:75 - [STDERR_REDIRECT] 
